main.c:119:6:delay	16	static
main.c:124:6:HAL_TIM_IC_CaptureCallback	16	static
main.c:159:10:HCSR04_Read	8	static
main.c:169:6:ultraDistCheck	8	static
main.c:189:6:irLeft	16	static
main.c:203:6:irRight	16	static
main.c:217:6:waitCmd	8	static
main.c:224:5:motorControl	56	static
main.c:330:6:Fleft	32	static
main.c:338:6:Rleft	40	static
main.c:347:6:Fright	32	static
main.c:355:6:Rright	32	static
main.c:375:5:main	8	static
main.c:466:6:SystemClock_Config	88	static
main.c:506:13:MX_ADC1_Init	24	static
main.c:556:13:MX_ADC2_Init	24	static
main.c:606:13:MX_TIM1_Init	96	static
main.c:680:13:MX_TIM2_Init	56	static
main.c:729:13:MX_TIM3_Init	56	static
main.c:778:13:MX_TIM4_Init	32	static
main.c:826:13:MX_TIM8_Init	80	static
main.c:894:13:MX_USART3_UART_Init	8	static
main.c:927:13:MX_GPIO_Init	48	static
main.c:980:6:HAL_UART_RxCpltCallback	16	static
main.c:995:6:StartDefaultTask	64	static
main.c:1039:6:motor	24	static
main.c:1116:6:Error_Handler	4	static,ignoring_inline_asm
