main.c:178:6:delay	16	static
main.c:183:6:HAL_TIM_IC_CaptureCallback	16	static
main.c:218:10:HCSR04_Read	8	static
main.c:228:6:ultraDistCheck	8	static
main.c:243:10:irLeft	16	static
main.c:258:10:irRight	16	static
main.c:273:6:waitCmd	8	static
main.c:282:6:fastestCar	16	static
main.c:348:6:preCorr	8	static
main.c:363:6:corrMotor	16	static
main.c:393:6:correction	16	static
main.c:471:6:motorSpeed	16	static
main.c:497:6:readEncoder	4	static
main.c:506:7:getTime	4	static
main.c:510:6:timeStart	8	static
main.c:514:7:timeNow	8	static
main.c:519:7:forwardFeed	16	static
main.c:524:6:PIDmotor	264	static
main.c:600:7:calculateTurn	16	static
main.c:606:6:readEncoderTurn	4	static
main.c:614:6:PIDturn	264	static
main.c:706:5:motorCont	40	static
main.c:774:6:degTurn	16	static
main.c:792:6:forward	16	static
main.c:818:6:reverse	16	static
main.c:845:6:spotTurn	40	static
main.c:893:5:main	8	static
main.c:986:6:SystemClock_Config	88	static
main.c:1027:13:MX_ADC1_Init	24	static
main.c:1077:13:MX_ADC2_Init	24	static
main.c:1127:13:MX_RTC_Init	8	static
main.c:1167:13:MX_TIM1_Init	96	static
main.c:1241:13:MX_TIM2_Init	56	static
main.c:1290:13:MX_TIM3_Init	56	static
main.c:1339:13:MX_TIM4_Init	32	static
main.c:1387:13:MX_TIM5_Init	32	static
main.c:1432:13:MX_TIM8_Init	80	static
main.c:1500:13:MX_USART3_UART_Init	8	static
main.c:1533:13:MX_GPIO_Init	48	static
main.c:1586:6:HAL_UART_RxCpltCallback	16	static
main.c:1601:6:StartDefaultTask	64	static
main.c:1651:6:motor	32	static
main.c:1834:6:Error_Handler	4	static,ignoring_inline_asm
