main.c:122:6:delay	16	static
main.c:127:6:HAL_TIM_IC_CaptureCallback	16	static
main.c:162:10:HCSR04_Read	8	static
main.c:172:6:ultraDistCheck	8	static
main.c:187:6:irLeft	16	static
main.c:201:6:irRight	16	static
main.c:215:6:waitCmd	8	static
main.c:222:5:motorControl	56	static
main.c:330:6:Fleft	32	static
main.c:338:6:Rleft	40	static
main.c:347:6:Fright	32	static
main.c:355:6:Rright	32	static
main.c:368:5:motorCont	56	static
main.c:446:6:degTurn	24	static
main.c:463:6:forward	24	static
main.c:491:6:spotTurn	24	static
main.c:527:5:main	8	static
main.c:618:6:SystemClock_Config	88	static
main.c:658:13:MX_ADC1_Init	24	static
main.c:708:13:MX_ADC2_Init	24	static
main.c:758:13:MX_TIM1_Init	96	static
main.c:832:13:MX_TIM2_Init	56	static
main.c:881:13:MX_TIM3_Init	56	static
main.c:930:13:MX_TIM4_Init	32	static
main.c:978:13:MX_TIM8_Init	80	static
main.c:1046:13:MX_USART3_UART_Init	8	static
main.c:1079:13:MX_GPIO_Init	48	static
main.c:1132:6:HAL_UART_RxCpltCallback	16	static
main.c:1147:6:StartDefaultTask	64	static
main.c:1198:6:motor	40	static
main.c:1337:6:Error_Handler	4	static,ignoring_inline_asm
