main.c:149:6:delay	16	static
main.c:154:6:HAL_TIM_IC_CaptureCallback	16	static
main.c:189:10:HCSR04_Read	8	static
main.c:199:6:ultraDistCheck	8	static
main.c:214:10:irLeft	16	static
main.c:229:10:irRight	16	static
main.c:244:6:waitCmd	8	static
main.c:253:6:fastestCar	16	static
main.c:319:6:preCorr	8	static
main.c:334:6:corrMotor	16	static
main.c:364:6:correction	16	static
main.c:440:6:motorSpeed	16	static
main.c:463:6:readEncoder	4	static
main.c:482:7:getTime	4	static
main.c:486:6:timeStart	8	static
main.c:490:7:timeNow	8	static
main.c:495:6:PIDmotor	128	static
main.c:535:6:pidForward	16	static
main.c:544:5:motorCont	40	static
main.c:612:6:degTurn	16	static
main.c:630:6:forward	16	static
main.c:656:6:reverse	16	static
main.c:683:6:spotTurn	40	static
main.c:731:5:main	8	static
main.c:824:6:SystemClock_Config	88	static
main.c:865:13:MX_ADC1_Init	24	static
main.c:915:13:MX_ADC2_Init	24	static
main.c:965:13:MX_RTC_Init	8	static
main.c:1005:13:MX_TIM1_Init	96	static
main.c:1079:13:MX_TIM2_Init	56	static
main.c:1128:13:MX_TIM3_Init	56	static
main.c:1177:13:MX_TIM4_Init	32	static
main.c:1225:13:MX_TIM5_Init	32	static
main.c:1270:13:MX_TIM8_Init	80	static
main.c:1338:13:MX_USART3_UART_Init	8	static
main.c:1371:13:MX_GPIO_Init	48	static
main.c:1424:6:HAL_UART_RxCpltCallback	16	static
main.c:1439:6:StartDefaultTask	64	static
main.c:1489:6:motor	32	static
main.c:1639:6:Error_Handler	4	static,ignoring_inline_asm
