main.c:105:6:delay	16	static
main.c:110:6:HAL_TIM_IC_CaptureCallback	16	static
main.c:145:10:HCSR04_Read	8	static
main.c:155:6:ultraDistCheck	8	static
main.c:176:5:motorControl	48	static
main.c:275:6:left	40	static
main.c:281:6:right	40	static
main.c:294:5:main	8	static
main.c:383:6:SystemClock_Config	88	static
main.c:423:13:MX_TIM1_Init	96	static
main.c:497:13:MX_TIM2_Init	56	static
main.c:546:13:MX_TIM3_Init	56	static
main.c:595:13:MX_TIM4_Init	32	static
main.c:643:13:MX_TIM8_Init	80	static
main.c:711:13:MX_USART3_UART_Init	8	static
main.c:744:13:MX_GPIO_Init	48	static
main.c:791:6:HAL_UART_RxCpltCallback	16	static
main.c:806:6:StartDefaultTask	40	static
main.c:841:6:motor	16	static
main.c:868:6:Error_Handler	4	static,ignoring_inline_asm
