main.c:110:6:delay	16	static
main.c:115:6:HAL_TIM_IC_CaptureCallback	16	static
main.c:150:10:HCSR04_Read	8	static
main.c:160:6:ultraDistCheck	8	static
main.c:180:6:waitCmd	8	static
main.c:187:5:motorControl	56	static
main.c:293:6:Fleft	32	static
main.c:301:6:Rleft	40	static
main.c:310:6:Fright	32	static
main.c:318:6:Rright	32	static
main.c:338:5:main	8	static
main.c:427:6:SystemClock_Config	88	static
main.c:467:13:MX_TIM1_Init	96	static
main.c:541:13:MX_TIM2_Init	56	static
main.c:590:13:MX_TIM3_Init	56	static
main.c:639:13:MX_TIM4_Init	32	static
main.c:687:13:MX_TIM8_Init	80	static
main.c:755:13:MX_USART3_UART_Init	8	static
main.c:788:13:MX_GPIO_Init	48	static
main.c:841:6:HAL_UART_RxCpltCallback	16	static
main.c:856:6:StartDefaultTask	48	static
main.c:899:6:motor	48	static
main.c:975:6:Error_Handler	4	static,ignoring_inline_asm
