main.c:178:6:delay	16	static
main.c:183:6:HAL_TIM_IC_CaptureCallback	16	static
main.c:218:10:HCSR04_Read	8	static
main.c:228:10:ultraDistCheck	8	static
main.c:244:10:irLeft	16	static
main.c:258:10:irRight	16	static
main.c:272:6:waitCmd	8	static
main.c:280:6:fastestCar	16	static
main.c:346:6:corrMotor	16	static
main.c:357:6:correctAngle	16	static
main.c:388:6:correction	32	static
main.c:433:6:motorSpeed	16	static
main.c:459:6:readEncoder	4	static
main.c:468:7:getTime	4	static
main.c:472:6:timeStart	8	static
main.c:476:7:timeNow	8	static
main.c:481:7:forwardFeed	16	static
main.c:486:6:PIDmotor	264	static
main.c:562:7:calculateTurn	16	static
main.c:568:6:readEncoderTurn	4	static
main.c:576:6:PIDturn	264	static
main.c:663:5:motorCont	40	static
main.c:731:6:degTurn	16	static
main.c:749:6:forward	16	static
main.c:775:6:reverse	16	static
main.c:802:6:spotTurn	40	static
main.c:850:5:main	8	static
main.c:943:6:SystemClock_Config	88	static
main.c:984:13:MX_ADC1_Init	24	static
main.c:1034:13:MX_ADC2_Init	24	static
main.c:1084:13:MX_RTC_Init	8	static
main.c:1124:13:MX_TIM1_Init	96	static
main.c:1198:13:MX_TIM2_Init	56	static
main.c:1247:13:MX_TIM3_Init	56	static
main.c:1296:13:MX_TIM4_Init	32	static
main.c:1344:13:MX_TIM5_Init	32	static
main.c:1389:13:MX_TIM8_Init	80	static
main.c:1457:13:MX_USART3_UART_Init	8	static
main.c:1490:13:MX_GPIO_Init	48	static
main.c:1543:6:HAL_UART_RxCpltCallback	16	static
main.c:1558:6:StartDefaultTask	64	static
main.c:1602:6:motor	32	static
main.c:1766:6:Error_Handler	4	static,ignoring_inline_asm
