main.c:98:6:delay	16	static
main.c:103:6:HAL_TIM_IC_CaptureCallback	16	static
main.c:138:10:HCSR04_Read	8	static
main.c:149:5:motorControl	48	static
main.c:251:6:left	40	static
main.c:257:6:right	40	static
main.c:271:5:main	8	static
main.c:358:6:SystemClock_Config	88	static
main.c:398:13:MX_TIM1_Init	96	static
main.c:472:13:MX_TIM2_Init	56	static
main.c:521:13:MX_TIM3_Init	56	static
main.c:570:13:MX_TIM4_Init	32	static
main.c:618:13:MX_TIM8_Init	80	static
main.c:686:13:MX_GPIO_Init	48	static
main.c:743:6:StartDefaultTask	56	static
main.c:772:6:motor	16	static
main.c:795:6:Error_Handler	4	static,ignoring_inline_asm
