main.c:106:6:delay	16	static
main.c:111:6:HAL_TIM_IC_CaptureCallback	16	static
main.c:146:10:HCSR04_Read	8	static
main.c:156:6:ultraDistCheck	8	static
main.c:177:5:motorControl	48	static
main.c:280:6:left	40	static
main.c:286:6:right	40	static
main.c:299:5:main	8	static
main.c:388:6:SystemClock_Config	88	static
main.c:428:13:MX_TIM1_Init	96	static
main.c:502:13:MX_TIM2_Init	56	static
main.c:551:13:MX_TIM3_Init	56	static
main.c:600:13:MX_TIM4_Init	32	static
main.c:648:13:MX_TIM8_Init	80	static
main.c:716:13:MX_USART3_UART_Init	8	static
main.c:749:13:MX_GPIO_Init	48	static
main.c:802:6:HAL_UART_RxCpltCallback	16	static
main.c:817:6:StartDefaultTask	40	static
main.c:852:6:motor	40	static
main.c:889:6:Error_Handler	4	static,ignoring_inline_asm
