main.c:98:6:delay	16	static
main.c:103:6:HAL_TIM_IC_CaptureCallback	16	static
main.c:138:10:HCSR04_Read	8	static
main.c:148:6:ultraDistCheck	8	static
main.c:169:5:motorControl	48	static
main.c:271:6:left	40	static
main.c:277:6:right	40	static
main.c:291:5:main	8	static
main.c:378:6:SystemClock_Config	88	static
main.c:418:13:MX_TIM1_Init	96	static
main.c:492:13:MX_TIM2_Init	56	static
main.c:541:13:MX_TIM3_Init	56	static
main.c:590:13:MX_TIM4_Init	32	static
main.c:638:13:MX_TIM8_Init	80	static
main.c:706:13:MX_GPIO_Init	48	static
main.c:763:6:StartDefaultTask	56	static
main.c:792:6:motor	32	static
main.c:815:6:Error_Handler	4	static,ignoring_inline_asm
