main.c:109:6:delay	16	static
main.c:114:6:HAL_TIM_IC_CaptureCallback	16	static
main.c:149:10:HCSR04_Read	8	static
main.c:159:6:ultraDistCheck	8	static
main.c:180:5:motorControl	56	static
main.c:286:6:Fleft	32	static
main.c:294:6:Rleft	40	static
main.c:303:6:Fright	32	static
main.c:311:6:Rright	32	static
main.c:331:5:main	8	static
main.c:420:6:SystemClock_Config	88	static
main.c:460:13:MX_TIM1_Init	96	static
main.c:534:13:MX_TIM2_Init	56	static
main.c:583:13:MX_TIM3_Init	56	static
main.c:632:13:MX_TIM4_Init	32	static
main.c:680:13:MX_TIM8_Init	80	static
main.c:748:13:MX_USART3_UART_Init	8	static
main.c:781:13:MX_GPIO_Init	48	static
main.c:834:6:HAL_UART_RxCpltCallback	16	static
main.c:849:6:StartDefaultTask	40	static
main.c:884:6:motor	24	static
main.c:907:6:Error_Handler	4	static,ignoring_inline_asm
