main.c:171:6:delay	16	static
main.c:176:6:HAL_TIM_IC_CaptureCallback	16	static
main.c:211:10:HCSR04_Read	8	static
main.c:221:6:ultraDistCheck	8	static
main.c:236:10:irLeft	16	static
main.c:251:10:irRight	16	static
main.c:266:6:waitCmd	8	static
main.c:275:6:fastestCar	16	static
main.c:341:6:preCorr	8	static
main.c:356:6:corrMotor	16	static
main.c:386:6:correction	16	static
main.c:464:6:motorSpeed	16	static
main.c:490:6:readEncoder	4	static
main.c:499:7:getTime	4	static
main.c:503:6:timeStart	8	static
main.c:507:7:timeNow	8	static
main.c:512:7:forwardFeed	16	static
main.c:517:6:PIDmotor	264	static
main.c:590:7:calculateTurn	16	static
main.c:596:6:readEncoderTurn	4	static
main.c:604:6:PIDturn	264	static
main.c:688:5:motorCont	40	static
main.c:756:6:degTurn	16	static
main.c:774:6:forward	16	static
main.c:800:6:reverse	16	static
main.c:827:6:spotTurn	40	static
main.c:875:5:main	8	static
main.c:968:6:SystemClock_Config	88	static
main.c:1009:13:MX_ADC1_Init	24	static
main.c:1059:13:MX_ADC2_Init	24	static
main.c:1109:13:MX_RTC_Init	8	static
main.c:1149:13:MX_TIM1_Init	96	static
main.c:1223:13:MX_TIM2_Init	56	static
main.c:1272:13:MX_TIM3_Init	56	static
main.c:1321:13:MX_TIM4_Init	32	static
main.c:1369:13:MX_TIM5_Init	32	static
main.c:1414:13:MX_TIM8_Init	80	static
main.c:1482:13:MX_USART3_UART_Init	8	static
main.c:1515:13:MX_GPIO_Init	48	static
main.c:1568:6:HAL_UART_RxCpltCallback	16	static
main.c:1583:6:StartDefaultTask	64	static
main.c:1633:6:motor	32	static
main.c:1814:6:Error_Handler	4	static,ignoring_inline_asm
