main.c:127:6:delay	16	static
main.c:132:6:HAL_TIM_IC_CaptureCallback	16	static
main.c:167:10:HCSR04_Read	8	static
main.c:177:6:ultraDistCheck	8	static
main.c:192:10:irLeft	16	static
main.c:207:10:irRight	16	static
main.c:222:6:waitCmd	8	static
main.c:228:6:fastestCar	16	static
main.c:295:6:PIDmotor	128	static
main.c:339:5:motorCont	48	static
main.c:414:6:degTurn	16	static
main.c:431:6:forward	16	static
main.c:457:6:reverse	16	static
main.c:484:6:spotTurn	16	static
main.c:522:5:main	8	static
main.c:613:6:SystemClock_Config	88	static
main.c:653:13:MX_ADC1_Init	24	static
main.c:703:13:MX_ADC2_Init	24	static
main.c:753:13:MX_TIM1_Init	96	static
main.c:827:13:MX_TIM2_Init	56	static
main.c:876:13:MX_TIM3_Init	56	static
main.c:925:13:MX_TIM4_Init	32	static
main.c:973:13:MX_TIM8_Init	80	static
main.c:1041:13:MX_USART3_UART_Init	8	static
main.c:1074:13:MX_GPIO_Init	48	static
main.c:1127:6:HAL_UART_RxCpltCallback	16	static
main.c:1142:6:StartDefaultTask	64	static
main.c:1193:6:motor	32	static
main.c:1328:6:Error_Handler	4	static,ignoring_inline_asm
