Archive member included to satisfy reference by file (symbol)

/Applications/STM32CubeIDE.app/Contents/Eclipse/plugins/com.st.stm32cube.ide.mcu.externaltools.gnu-tools-for-stm32.9-2020-q2-update.macos64_2.0.0.202105311346/tools/bin/../lib/gcc/arm-none-eabi/9.3.1/../../../../arm-none-eabi/lib/thumb/v7e-m+fp/hard/libc_nano.a(lib_a-errno.o)
                              ./Core/Src/syscalls.o (__errno)
/Applications/STM32CubeIDE.app/Contents/Eclipse/plugins/com.st.stm32cube.ide.mcu.externaltools.gnu-tools-for-stm32.9-2020-q2-update.macos64_2.0.0.202105311346/tools/bin/../lib/gcc/arm-none-eabi/9.3.1/../../../../arm-none-eabi/lib/thumb/v7e-m+fp/hard/libc_nano.a(lib_a-exit.o)
                              /Applications/STM32CubeIDE.app/Contents/Eclipse/plugins/com.st.stm32cube.ide.mcu.externaltools.gnu-tools-for-stm32.9-2020-q2-update.macos64_2.0.0.202105311346/tools/bin/../lib/gcc/arm-none-eabi/9.3.1/../../../../arm-none-eabi/lib/thumb/v7e-m+fp/hard/crt0.o (exit)
/Applications/STM32CubeIDE.app/Contents/Eclipse/plugins/com.st.stm32cube.ide.mcu.externaltools.gnu-tools-for-stm32.9-2020-q2-update.macos64_2.0.0.202105311346/tools/bin/../lib/gcc/arm-none-eabi/9.3.1/../../../../arm-none-eabi/lib/thumb/v7e-m+fp/hard/libc_nano.a(lib_a-impure.o)
                              /Applications/STM32CubeIDE.app/Contents/Eclipse/plugins/com.st.stm32cube.ide.mcu.externaltools.gnu-tools-for-stm32.9-2020-q2-update.macos64_2.0.0.202105311346/tools/bin/../lib/gcc/arm-none-eabi/9.3.1/../../../../arm-none-eabi/lib/thumb/v7e-m+fp/hard/libc_nano.a(lib_a-exit.o) (_global_impure_ptr)
/Applications/STM32CubeIDE.app/Contents/Eclipse/plugins/com.st.stm32cube.ide.mcu.externaltools.gnu-tools-for-stm32.9-2020-q2-update.macos64_2.0.0.202105311346/tools/bin/../lib/gcc/arm-none-eabi/9.3.1/../../../../arm-none-eabi/lib/thumb/v7e-m+fp/hard/libc_nano.a(lib_a-init.o)
                              /Applications/STM32CubeIDE.app/Contents/Eclipse/plugins/com.st.stm32cube.ide.mcu.externaltools.gnu-tools-for-stm32.9-2020-q2-update.macos64_2.0.0.202105311346/tools/bin/../lib/gcc/arm-none-eabi/9.3.1/../../../../arm-none-eabi/lib/thumb/v7e-m+fp/hard/crt0.o (__libc_init_array)
/Applications/STM32CubeIDE.app/Contents/Eclipse/plugins/com.st.stm32cube.ide.mcu.externaltools.gnu-tools-for-stm32.9-2020-q2-update.macos64_2.0.0.202105311346/tools/bin/../lib/gcc/arm-none-eabi/9.3.1/../../../../arm-none-eabi/lib/thumb/v7e-m+fp/hard/libc_nano.a(lib_a-memcpy-stub.o)
                              ./Middlewares/Third_Party/FreeRTOS/Source/CMSIS_RTOS_V2/cmsis_os2.o (memcpy)
/Applications/STM32CubeIDE.app/Contents/Eclipse/plugins/com.st.stm32cube.ide.mcu.externaltools.gnu-tools-for-stm32.9-2020-q2-update.macos64_2.0.0.202105311346/tools/bin/../lib/gcc/arm-none-eabi/9.3.1/../../../../arm-none-eabi/lib/thumb/v7e-m+fp/hard/libc_nano.a(lib_a-memset.o)
                              /Applications/STM32CubeIDE.app/Contents/Eclipse/plugins/com.st.stm32cube.ide.mcu.externaltools.gnu-tools-for-stm32.9-2020-q2-update.macos64_2.0.0.202105311346/tools/bin/../lib/gcc/arm-none-eabi/9.3.1/../../../../arm-none-eabi/lib/thumb/v7e-m+fp/hard/crt0.o (memset)
/Applications/STM32CubeIDE.app/Contents/Eclipse/plugins/com.st.stm32cube.ide.mcu.externaltools.gnu-tools-for-stm32.9-2020-q2-update.macos64_2.0.0.202105311346/tools/bin/../lib/gcc/arm-none-eabi/9.3.1/../../../../arm-none-eabi/lib/thumb/v7e-m+fp/hard/libc_nano.a(lib_a-sprintf.o)
                              ./Core/Src/main.o (sprintf)
/Applications/STM32CubeIDE.app/Contents/Eclipse/plugins/com.st.stm32cube.ide.mcu.externaltools.gnu-tools-for-stm32.9-2020-q2-update.macos64_2.0.0.202105311346/tools/bin/../lib/gcc/arm-none-eabi/9.3.1/../../../../arm-none-eabi/lib/thumb/v7e-m+fp/hard/libc_nano.a(lib_a-strlen.o)
                              ./Core/Src/main.o (strlen)
/Applications/STM32CubeIDE.app/Contents/Eclipse/plugins/com.st.stm32cube.ide.mcu.externaltools.gnu-tools-for-stm32.9-2020-q2-update.macos64_2.0.0.202105311346/tools/bin/../lib/gcc/arm-none-eabi/9.3.1/../../../../arm-none-eabi/lib/thumb/v7e-m+fp/hard/libc_nano.a(lib_a-nano-svfprintf.o)
                              /Applications/STM32CubeIDE.app/Contents/Eclipse/plugins/com.st.stm32cube.ide.mcu.externaltools.gnu-tools-for-stm32.9-2020-q2-update.macos64_2.0.0.202105311346/tools/bin/../lib/gcc/arm-none-eabi/9.3.1/../../../../arm-none-eabi/lib/thumb/v7e-m+fp/hard/libc_nano.a(lib_a-sprintf.o) (_svfprintf_r)
/Applications/STM32CubeIDE.app/Contents/Eclipse/plugins/com.st.stm32cube.ide.mcu.externaltools.gnu-tools-for-stm32.9-2020-q2-update.macos64_2.0.0.202105311346/tools/bin/../lib/gcc/arm-none-eabi/9.3.1/../../../../arm-none-eabi/lib/thumb/v7e-m+fp/hard/libc_nano.a(lib_a-nano-vfprintf_i.o)
[...]
Memory Configuration

Name             Origin             Length             Attributes
CCMRAM           0x0000000010000000 0x0000000000010000 xrw
RAM              0x0000000020000000 0x0000000000020000 xrw
FLASH            0x0000000008000000 0x0000000000080000 xr
*default*        0x0000000000000000 0xffffffffffffffff

Linker script and memory map

LOAD /Applications/STM32CubeIDE.app/Contents/Eclipse/plugins/com.st.stm32cube.ide.mcu.externaltools.gnu-tools-for-stm32.9-2020-q2-update.macos64_2.0.0.202105311346/tools/bin/../lib/gcc/arm-none-eabi/9.3.1/thumb/v7e-m+fp/hard/crti.o
LOAD /Applications/STM32CubeIDE.app/Contents/Eclipse/plugins/com.st.stm32cube.ide.mcu.externaltools.gnu-tools-for-stm32.9-2020-q2-update.macos64_2.0.0.202105311346/tools/bin/../lib/gcc/arm-none-eabi/9.3.1/thumb/v7e-m+fp/hard/crtbegin.o
LOAD /Applications/STM32CubeIDE.app/Contents/Eclipse/plugins/com.st.stm32cube.ide.mcu.externaltools.gnu-tools-for-stm32.9-2020-q2-update.macos64_2.0.0.202105311346/tools/bin/../lib/gcc/arm-none-eabi/9.3.1/../../../../arm-none-eabi/lib/thumb/v7e-m+fp/hard/crt0.o
LOAD ./Core/Src/PID.o
LOAD ./Core/Src/freertos.o
LOAD ./Core/Src/main.o
LOAD ./Core/Src/profile.o
LOAD ./Core/Src/stm32f4xx_hal_msp.o
LOAD ./Core/Src/stm32f4xx_it.o
LOAD ./Core/Src/syscalls.o
LOAD ./Core/Src/sysmem.o
LOAD ./Core/Src/system_stm32f4xx.o
LOAD ./Core/Startup/startup_stm32f407vetx.o
LOAD ./Drivers/STM32F4xx_HAL_Driver/Src/stm32f4xx_hal.o
LOAD ./Drivers/STM32F4xx_HAL_Driver/Src/stm32f4xx_hal_adc.o
LOAD ./Drivers/STM32F4xx_HAL_Driver/Src/stm32f4xx_hal_adc_ex.o
LOAD ./Drivers/STM32F4xx_HAL_Driver/Src/stm32f4xx_hal_cortex.o
LOAD ./Drivers/STM32F4xx_HAL_Driver/Src/stm32f4xx_hal_dma.o
LOAD ./Drivers/STM32F4xx_HAL_Driver/Src/stm32f4xx_hal_dma_ex.o
LOAD ./Drivers/STM32F4xx_HAL_Driver/Src/stm32f4xx_hal_exti.o
LOAD ./Drivers/STM32F4xx_HAL_Driver/Src/stm32f4xx_hal_flash.o
LOAD ./Drivers/STM32F4xx_HAL_Driver/Src/stm32f4xx_hal_flash_ex.o
LOAD ./Drivers/STM32F4xx_HAL_Driver/Src/stm32f4xx_hal_flash_ramfunc.o
LOAD ./Drivers/STM32F4xx_HAL_Driver/Src/stm32f4xx_hal_gpio.o
LOAD ./Drivers/STM32F4xx_HAL_Driver/Src/stm32f4xx_hal_pwr.o
LOAD ./Drivers/STM32F4xx_HAL_Driver/Src/stm32f4xx_hal_pwr_ex.o
LOAD ./Drivers/STM32F4xx_HAL_Driver/Src/stm32f4xx_hal_rcc.o
LOAD ./Drivers/STM32F4xx_HAL_Driver/Src/stm32f4xx_hal_rcc_ex.o
LOAD ./Drivers/STM32F4xx_HAL_Driver/Src/stm32f4xx_hal_rtc.o
LOAD ./Drivers/STM32F4xx_HAL_Driver/Src/stm32f4xx_hal_rtc_ex.o
LOAD ./Drivers/STM32F4xx_HAL_Driver/Src/stm32f4xx_hal_tim.o
LOAD ./Drivers/STM32F4xx_HAL_Driver/Src/stm32f4xx_hal_tim_ex.o
LOAD ./Drivers/STM32F4xx_HAL_Driver/Src/stm32f4xx_hal_uart.o
LOAD ./Drivers/STM32F4xx_HAL_Driver/Src/stm32f4xx_ll_adc.o
LOAD ./Middlewares/Third_Party/FreeRTOS/Source/CMSIS_RTOS_V2/cmsis_os2.o
LOAD ./Middlewares/Third_Party/FreeRTOS/Source/croutine.o
LOAD ./Middlewares/Third_Party/FreeRTOS/Source/event_groups.o
LOAD ./Middlewares/Third_Party/FreeRTOS/Source/list.o
LOAD ./Middlewares/Third_Party/FreeRTOS/Source/queue.o
LOAD ./Middlewares/Third_Party/FreeRTOS/Source/stream_buffer.o
LOAD ./Middlewares/Third_Party/FreeRTOS/Source/tasks.o
LOAD ./Middlewares/Third_Party/FreeRTOS/Source/timers.o
LOAD ./Middlewares/Third_Party/FreeRTOS/Source/portable/GCC/ARM_CM4F/port.o
LOAD ./Middlewares/Third_Party/FreeRTOS/Source/portable/MemMang/heap_4.o
LOAD ./PeripheralDrivers/src/oled.o
START GROUP
LOAD /Applications/STM32CubeIDE.app/Contents/Eclipse/plugins/com.st.stm32cube.ide.mcu.externaltools.gnu-tools-for-stm32.9-2020-q2-update.macos64_2.0.0.202105311346/tools/bin/../lib/gcc/arm-none-eabi/9.3.1/../../../../arm-none-eabi/lib/thumb/v7e-m+fp/hard/libc_nano.a
LOAD /Applications/STM32CubeIDE.app/Contents/Eclipse/plugins/com.st.stm32cube.ide.mcu.externaltools.gnu-tools-for-stm32.9-2020-q2-update.macos64_2.0.0.202105311346/tools/bin/../lib/gcc/arm-none-eabi/9.3.1/../../../../arm-none-eabi/lib/thumb/v7e-m+fp/hard/libm.a
END GROUP
START GROUP
LOAD /Applications/STM32CubeIDE.app/Contents/Eclipse/plugins/com.st.stm32cube.ide.mcu.externaltools.gnu-tools-for-stm32.9-2020-q2-update.macos64_2.0.0.202105311346/tools/bin/../lib/gcc/arm-none-eabi/9.3.1/thumb/v7e-m+fp/hard/libgcc.a
LOAD /Applications/STM32CubeIDE.app/Contents/Eclipse/plugins/com.st.stm32cube.ide.mcu.externaltools.gnu-tools-for-stm32.9-2020-q2-update.macos64_2.0.0.202105311346/tools/bin/../lib/gcc/arm-none-eabi/9.3.1/../../../../arm-none-eabi/lib/thumb/v7e-m+fp/hard/libc_nano.a
END GROUP
START GROUP
LOAD /Applications/STM32CubeIDE.app/Contents/Eclipse/plugins/com.st.stm32cube.ide.mcu.externaltools.gnu-tools-for-stm32.9-2020-q2-update.macos64_2.0.0.202105311346/tools/bin/../lib/gcc/arm-none-eabi/9.3.1/thumb/v7e-m+fp/hard/libgcc.a
LOAD /Applications/STM32CubeIDE.app/Contents/Eclipse/plugins/com.st.stm32cube.ide.mcu.externaltools.gnu-tools-for-stm32.9-2020-q2-update.macos64_2.0.0.202105311346/tools/bin/../lib/gcc/arm-none-eabi/9.3.1/../../../../arm-none-eabi/lib/thumb/v7e-m+fp/hard/libc_nano.a
LOAD /Applications/STM32CubeIDE.app/Contents/Eclipse/plugins/com.st.stm32cube.ide.mcu.externaltools.gnu-tools-for-stm32.9-2020-q2-update.macos64_2.0.0.202105311346/tools/bin/../lib/gcc/arm-none-eabi/9.3.1/../../../../arm-none-eabi/lib/thumb/v7e-m+fp/hard/libnosys.a
END GROUP
START GROUP
LOAD /Applications/STM32CubeIDE.app/Contents/Eclipse/plugins/com.st.stm32cube.ide.mcu.externaltools.gnu-tools-for-stm32.9-2020-q2-update.macos64_2.0.0.202105311346/tools/bin/../lib/gcc/arm-none-eabi/9.3.1/thumb/v7e-m+fp/hard/libgcc.a
LOAD /Applications/STM32CubeIDE.app/Contents/Eclipse/plugins/com.st.stm32cube.ide.mcu.externaltools.gnu-tools-for-stm32.9-2020-q2-update.macos64_2.0.0.202105311346/tools/bin/../lib/gcc/arm-none-eabi/9.3.1/../../../../arm-none-eabi/lib/thumb/v7e-m+fp/hard/libc_nano.a
LOAD /Applications/STM32CubeIDE.app/Contents/Eclipse/plugins/com.st.stm32cube.ide.mcu.externaltools.gnu-tools-for-stm32.9-2020-q2-update.macos64_2.0.0.202105311346/tools/bin/../lib/gcc/arm-none-eabi/9.3.1/../../../../arm-none-eabi/lib/thumb/v7e-m+fp/hard/libnosys.a
END GROUP
LOAD /Applications/STM32CubeIDE.app/Contents/Eclipse/plugins/com.st.stm32cube.ide.mcu.externaltools.gnu-tools-for-stm32.9-2020-q2-update.macos64_2.0.0.202105311346/tools/bin/../lib/gcc/arm-none-eabi/9.3.1/thumb/v7e-m+fp/hard/crtend.o
LOAD /Applications/STM32CubeIDE.app/Contents/Eclipse/plugins/com.st.stm32cube.ide.mcu.externaltools.gnu-tools-for-stm32.9-2020-q2-update.macos64_2.0.0.202105311346/tools/bin/../lib/gcc/arm-none-eabi/9.3.1/thumb/v7e-m+fp/hard/crtn.o
                0x0000000020020000                _estack = (ORIGIN (RAM) + LENGTH (RAM))
                0x0000000000000200                _Min_Heap_Size = 0x200
                0x0000000000000400                _Min_Stack_Size = 0x400

.isr_vector     0x0000000008000000      0x188
                0x0000000008000000                . = ALIGN (0x4)
 *(.isr_vector)
 .isr_vector    0x0000000008000000      0x188 ./Core/Startup/startup_stm32f407vetx.o
                0x0000000008000000                g_pfnVectors
                0x0000000008000188                . = ALIGN (0x4)

.text           0x0000000008000190     0xd794
                0x0000000008000190                . = ALIGN (0x4)
 *(.text)
 .text          0x0000000008000190       0x40 /Applications/STM32CubeIDE.app/Contents/Eclipse/plugins/com.st.stm32cube.ide.mcu.externaltools.gnu-tools-for-stm32.9-2020-q2-update.macos64_2.0.0.202105311346/tools/bin/../lib/gcc/arm-none-eabi/9.3.1/thumb/v7e-m+fp/hard/crtbegin.o
 .text          0x00000000080001d0       0x10 /Applications/STM32CubeIDE.app/Contents/Eclipse/plugins/com.st.stm32cube.ide.mcu.externaltools.gnu-tools-for-stm32.9-2020-q2-update.macos64_2.0.0.202105311346/tools/bin/../lib/gcc/arm-none-eabi/9.3.1/../../../../arm-none-eabi/lib/thumb/v7e-m+fp/hard/libc_nano.a(lib_a-strlen.o)
                0x00000000080001d0                strlen
 .text          0x00000000080001e0       0xa0 /Applications/STM32CubeIDE.app/Contents/Eclipse/plugins/com.st.stm32cube.ide.mcu.externaltools.gnu-tools-for-stm32.9-2020-q2-update.macos64_2.0.0.202105311346/tools/bin/../lib/gcc/arm-none-eabi/9.3.1/../../../../arm-none-eabi/lib/thumb/v7e-m+fp/hard/libc_nano.a(lib_a-memchr.o)
                0x00000000080001e0                memchr
 .text          0x0000000008000280      0x378 /Applications/STM32CubeIDE.app/Contents/Eclipse/plugins/com.st.stm32cube.ide.mcu.externaltools.gnu-tools-for-stm32.9-2020-q2-update.macos64_2.0.0.202105311346/tools/bin/../lib/gcc/arm-none-eabi/9.3.1/thumb/v7e-m+fp/hard/libgcc.a(_arm_addsubdf3.o)
                0x0000000008000280                __aeabi_drsub
                0x0000000008000288                __subdf3
                0x0000000008000288                __aeabi_dsub
                0x000000000800028c                __aeabi_dadd
                0x000000000800028c                __adddf3
                0x0000000008000504                __aeabi_ui2d
                0x0000000008000504                __floatunsidf
                0x0000000008000524                __floatsidf
                0x0000000008000524                __aeabi_i2d
                0x0000000008000548                __extendsfdf2
                0x0000000008000548                __aeabi_f2d
                0x000000000800058c                __aeabi_ul2d
                0x000000000800058c                __floatundidf
                0x000000000800059c                __aeabi_l2d
                0x000000000800059c                __floatdidf
 .text          0x00000000080005f8      0x424 /Applications/STM32CubeIDE.app/Contents/Eclipse/plugins/com.st.stm32cube.ide.mcu.externaltools.gnu-tools-for-stm32.9-2020-q2-update.macos64_2.0.0.202105311346/tools/bin/../lib/gcc/arm-none-eabi/9.3.1/thumb/v7e-m+fp/hard/libgcc.a(_arm_muldivdf3.o)
                0x00000000080005f8                __aeabi_dmul
                0x00000000080005f8                __muldf3
                0x000000000800084c                __aeabi_ddiv
                0x000000000800084c                __divdf3
 .text          0x0000000008000a1c      0x110 /Applications/STM32CubeIDE.app/Contents/Eclipse/plugins/com.st.stm32cube.ide.mcu.externaltools.gnu-tools-for-stm32.9-2020-q2-update.macos64_2.0.0.202105311346/tools/bin/../lib/gcc/arm-none-eabi/9.3.1/thumb/v7e-m+fp/hard/libgcc.a(_arm_cmpdf2.o)
                0x0000000008000a1c                __gedf2
                0x0000000008000a1c                __gtdf2
                0x0000000008000a24                __ledf2
                0x0000000008000a24                __ltdf2
                0x0000000008000a2c                __cmpdf2
                0x0000000008000a2c                __eqdf2
                0x0000000008000a2c                __nedf2
                0x0000000008000aa8                __aeabi_cdrcmple
                0x0000000008000ab8                __aeabi_cdcmple
                0x0000000008000ab8                __aeabi_cdcmpeq
                0x0000000008000ac8                __aeabi_dcmpeq
                0x0000000008000adc                __aeabi_dcmplt
                0x0000000008000af0                __aeabi_dcmple
                0x0000000008000b04                __aeabi_dcmpge
                0x0000000008000b18                __aeabi_dcmpgt
 .text          0x0000000008000b2c       0x2c /Applications/STM32CubeIDE.app/Contents/Eclipse/plugins/com.st.stm32cube.ide.mcu.externaltools.gnu-tools-for-stm32.9-2020-q2-update.macos64_2.0.0.202105311346/tools/bin/../lib/gcc/arm-none-eabi/9.3.1/thumb/v7e-m+fp/hard/libgcc.a(_arm_unorddf2.o)
                0x0000000008000b2c                __aeabi_dcmpun
                0x0000000008000b2c                __unorddf2
 .text          0x0000000008000b58       0x40 /Applications/STM32CubeIDE.app/Contents/Eclipse/plugins/com.st.stm32cube.ide.mcu.externaltools.gnu-tools-for-stm32.9-2020-q2-update.macos64_2.0.0.202105311346/tools/bin/../lib/gcc/arm-none-eabi/9.3.1/thumb/v7e-m+fp/hard/libgcc.a(_arm_fixunsdfsi.o)
                0x0000000008000b58                __fixunsdfsi
                0x0000000008000b58                __aeabi_d2uiz
 .text          0x0000000008000b98       0xa0 /Applications/STM32CubeIDE.app/Contents/Eclipse/plugins/com.st.stm32cube.ide.mcu.externaltools.gnu-tools-for-stm32.9-2020-q2-update.macos64_2.0.0.202105311346/tools/bin/../lib/gcc/arm-none-eabi/9.3.1/thumb/v7e-m+fp/hard/libgcc.a(_arm_truncdfsf2.o)
                0x0000000008000b98                __aeabi_d2f
                0x0000000008000b98                __truncdfsf2
 .text          0x0000000008000c38       0x30 /Applications/STM32CubeIDE.app/Contents/Eclipse/plugins/com.st.stm32cube.ide.mcu.externaltools.gnu-tools-for-stm32.9-2020-q2-update.macos64_2.0.0.202105311346/tools/bin/../lib/gcc/arm-none-eabi/9.3.1/thumb/v7e-m+fp/hard/libgcc.a(_aeabi_uldivmod.o)
                0x0000000008000c38                __aeabi_uldivmod
 .text          0x0000000008000c68      0x2c4 /Applications/STM32CubeIDE.app/Contents/Eclipse/plugins/com.st.stm32cube.ide.mcu.externaltools.gnu-tools-for-stm32.9-2020-q2-update.macos64_2.0.0.202105311346/tools/bin/../lib/gcc/arm-none-eabi/9.3.1/thumb/v7e-m+fp/hard/libgcc.a(_udivmoddi4.o)
                0x0000000008000c68                __udivmoddi4
 .text          0x0000000008000f2c        0x4 /Applications/STM32CubeIDE.app/Contents/Eclipse/plugins/com.st.stm32cube.ide.mcu.externaltools.gnu-tools-for-stm32.9-2020-q2-update.macos64_2.0.0.202105311346/tools/bin/../lib/gcc/arm-none-eabi/9.3.1/thumb/v7e-m+fp/hard/libgcc.a(_dvmd_tls.o)
                0x0000000008000f2c                __aeabi_ldiv0
                0x0000000008000f2c                __aeabi_idiv0
 *(.text*)
 .text.PIDController_Init
                0x0000000008000f30       0x3c ./Core/Src/PID.o
                0x0000000008000f30                PIDController_Init
 .text.PIDController_Update
                0x0000000008000f6c      0x12a ./Core/Src/PID.o
                0x0000000008000f6c                PIDController_Update
 *fill*         0x0000000008001096        0x2 
 .text.delay    0x0000000008001098       0x34 ./Core/Src/main.o
                0x0000000008001098                delay
 *fill*         0x00000000080010cc        0x4 
 .text.HAL_TIM_IC_CaptureCallback
                0x00000000080010d0      0x140 ./Core/Src/main.o
                0x00000000080010d0                HAL_TIM_IC_CaptureCallback
 .text.HCSR04_Read
                0x0000000008001210       0x48 ./Core/Src/main.o
                0x0000000008001210                HCSR04_Read
 .text.ultraDistCheck
                0x0000000008001258       0x8c ./Core/Src/main.o
                0x0000000008001258                ultraDistCheck
 *fill*         0x00000000080012e4        0x4 
 .text.irLeft   0x00000000080012e8       0xe4 ./Core/Src/main.o
                0x00000000080012e8                irLeft
 *fill*         0x00000000080013cc        0x4 
 .text.irRight  0x00000000080013d0       0xf0 ./Core/Src/main.o
                0x00000000080013d0                irRight
 .text.waitCmd  0x00000000080014c0       0x2c ./Core/Src/main.o
                0x00000000080014c0                waitCmd
 .text.preCorr  0x00000000080014ec       0x78 ./Core/Src/main.o
                0x00000000080014ec                preCorr
 .text.corrMotor
                0x0000000008001564       0xe8 ./Core/Src/main.o
                0x0000000008001564                corrMotor
 *fill*         0x000000000800164c        0x4 
 .text.correction
                0x0000000008001650      0x270 ./Core/Src/main.o
                0x0000000008001650                correction
 .text.motorSpeed
                0x00000000080018c0       0xe8 ./Core/Src/main.o
                0x00000000080018c0                motorSpeed
 .text.readEncoder
                0x00000000080019a8       0x7c ./Core/Src/main.o
                0x00000000080019a8                readEncoder
 .text.getTime  0x0000000008001a24       0x34 ./Core/Src/main.o
                0x0000000008001a24                getTime
 .text.timeStart
                0x0000000008001a58       0x1c ./Core/Src/main.o
                0x0000000008001a58                timeStart
 .text.timeNow  0x0000000008001a74       0x34 ./Core/Src/main.o
                0x0000000008001a74                timeNow
 .text.forwardFeed
                0x0000000008001aa8       0x34 ./Core/Src/main.o
                0x0000000008001aa8                forwardFeed
 .text.PIDmotor
                0x0000000008001adc      0x2f0 ./Core/Src/main.o
                0x0000000008001adc                PIDmotor
 .text.calculateTurn
                0x0000000008001dcc       0x24 ./Core/Src/main.o
                0x0000000008001dcc                calculateTurn
 .text.readEncoderTurn
                0x0000000008001df0       0x7c ./Core/Src/main.o
                0x0000000008001df0                readEncoderTurn
 *fill*         0x0000000008001e6c        0x4 
 .text.PIDturn  0x0000000008001e70      0x3f8 ./Core/Src/main.o
                0x0000000008001e70                PIDturn
 .text.motorCont
                0x0000000008002268      0x264 ./Core/Src/main.o
                0x0000000008002268                motorCont
 .text.main     0x00000000080024cc       0x9c ./Core/Src/main.o
                0x00000000080024cc                main
 .text.SystemClock_Config
                0x0000000008002568       0xc0 ./Core/Src/main.o
                0x0000000008002568                SystemClock_Config
 .text.MX_ADC1_Init
                0x0000000008002628       0xa4 ./Core/Src/main.o
 .text.MX_ADC2_Init
                0x00000000080026cc       0xa4 ./Core/Src/main.o
 .text.MX_RTC_Init
                0x0000000008002770       0x60 ./Core/Src/main.o
 .text.MX_TIM1_Init
                0x00000000080027d0      0x13c ./Core/Src/main.o
 .text.MX_TIM2_Init
                0x000000000800290c       0xa8 ./Core/Src/main.o
 .text.MX_TIM3_Init
                0x00000000080029b4       0xa8 ./Core/Src/main.o
 .text.MX_TIM4_Init
                0x0000000008002a5c       0xa8 ./Core/Src/main.o
 .text.MX_TIM5_Init
                0x0000000008002b04       0x9c ./Core/Src/main.o
 .text.MX_TIM8_Init
                0x0000000008002ba0      0x118 ./Core/Src/main.o
 .text.MX_USART3_UART_Init
                0x0000000008002cb8       0x54 ./Core/Src/main.o
 .text.MX_GPIO_Init
                0x0000000008002d0c      0x150 ./Core/Src/main.o
 .text.HAL_UART_RxCpltCallback
                0x0000000008002e5c       0x28 ./Core/Src/main.o
                0x0000000008002e5c                HAL_UART_RxCpltCallback
 .text.StartDefaultTask
                0x0000000008002e84       0xe8 ./Core/Src/main.o
                0x0000000008002e84                StartDefaultTask
 .text.motor    0x0000000008002f6c      0x590 ./Core/Src/main.o
                0x0000000008002f6c                motor
 .text.Error_Handler
                0x00000000080034fc        0xa ./Core/Src/main.o
                0x00000000080034fc                Error_Handler
 .text.Profile_Init
                0x0000000008003506       0x74 ./Core/Src/profile.o
                0x0000000008003506                Profile_Init
 *fill*         0x000000000800357a        0x6 
 .text.trapezoidal
                0x0000000008003580      0x23c ./Core/Src/profile.o
                0x0000000008003580                trapezoidal
 .text.currProfile
                0x00000000080037bc      0x11c ./Core/Src/profile.o
                0x00000000080037bc                currProfile
 .text.calculateDisp
                0x00000000080038d8       0x94 ./Core/Src/profile.o
                0x00000000080038d8                calculateDisp
 *fill*         0x000000000800396c        0x4 
 .text.invCalculateDisp
                0x0000000008003970      0x1d8 ./Core/Src/profile.o
                0x0000000008003970                invCalculateDisp
 .text.HAL_MspInit
                0x0000000008003b48       0x58 ./Core/Src/stm32f4xx_hal_msp.o
                0x0000000008003b48                HAL_MspInit
 .text.HAL_ADC_MspInit
                0x0000000008003ba0       0xe8 ./Core/Src/stm32f4xx_hal_msp.o
                0x0000000008003ba0                HAL_ADC_MspInit
 .text.HAL_RTC_MspInit
                0x0000000008003c88       0x54 ./Core/Src/stm32f4xx_hal_msp.o
                0x0000000008003c88                HAL_RTC_MspInit
 .text.HAL_TIM_Base_MspInit
                0x0000000008003cdc       0x70 ./Core/Src/stm32f4xx_hal_msp.o
                0x0000000008003cdc                HAL_TIM_Base_MspInit
 .text.HAL_TIM_Encoder_MspInit
                0x0000000008003d4c      0x134 ./Core/Src/stm32f4xx_hal_msp.o
                0x0000000008003d4c                HAL_TIM_Encoder_MspInit
 .text.HAL_TIM_IC_MspInit
                0x0000000008003e80       0xa0 ./Core/Src/stm32f4xx_hal_msp.o
                0x0000000008003e80                HAL_TIM_IC_MspInit
 .text.HAL_TIM_PWM_MspInit
                0x0000000008003f20       0x90 ./Core/Src/stm32f4xx_hal_msp.o
                0x0000000008003f20                HAL_TIM_PWM_MspInit
 .text.HAL_TIM_MspPostInit
                0x0000000008003fb0       0x74 ./Core/Src/stm32f4xx_hal_msp.o
                0x0000000008003fb0                HAL_TIM_MspPostInit
 .text.HAL_UART_MspInit
                0x0000000008004024       0xa0 ./Core/Src/stm32f4xx_hal_msp.o
                0x0000000008004024                HAL_UART_MspInit
 .text.NMI_Handler
                0x00000000080040c4        0x6 ./Core/Src/stm32f4xx_it.o
                0x00000000080040c4                NMI_Handler
 .text.HardFault_Handler
                0x00000000080040ca        0x6 ./Core/Src/stm32f4xx_it.o
                0x00000000080040ca                HardFault_Handler
 .text.MemManage_Handler
                0x00000000080040d0        0x6 ./Core/Src/stm32f4xx_it.o
                0x00000000080040d0                MemManage_Handler
 .text.BusFault_Handler
                0x00000000080040d6        0x6 ./Core/Src/stm32f4xx_it.o
                0x00000000080040d6                BusFault_Handler
 .text.UsageFault_Handler
                0x00000000080040dc        0x6 ./Core/Src/stm32f4xx_it.o
                0x00000000080040dc                UsageFault_Handler
 .text.DebugMon_Handler
                0x00000000080040e2        0xe ./Core/Src/stm32f4xx_it.o
                0x00000000080040e2                DebugMon_Handler
 .text.SysTick_Handler
                0x00000000080040f0       0x1a ./Core/Src/stm32f4xx_it.o
                0x00000000080040f0                SysTick_Handler
 *fill*         0x000000000800410a        0x2 
 .text.TIM4_IRQHandler
                0x000000000800410c       0x14 ./Core/Src/stm32f4xx_it.o
                0x000000000800410c                TIM4_IRQHandler
 .text.USART3_IRQHandler
                0x0000000008004120       0x14 ./Core/Src/stm32f4xx_it.o
                0x0000000008004120                USART3_IRQHandler
 .text._sbrk    0x0000000008004134       0x6c ./Core/Src/sysmem.o
                0x0000000008004134                _sbrk
 .text.SystemInit
                0x00000000080041a0       0x24 ./Core/Src/system_stm32f4xx.o
                0x00000000080041a0                SystemInit
 .text.Reset_Handler
                0x00000000080041c4       0x50 ./Core/Startup/startup_stm32f407vetx.o
                0x00000000080041c4                Reset_Handler
 .text.Default_Handler
                0x0000000008004214        0x2 ./Core/Startup/startup_stm32f407vetx.o
                0x0000000008004214                DMA1_Stream3_IRQHandler
                0x0000000008004214                HASH_RNG_IRQHandler
                0x0000000008004214                EXTI2_IRQHandler
                0x0000000008004214                TIM8_CC_IRQHandler
                0x0000000008004214                TIM1_CC_IRQHandler
                0x0000000008004214                DMA2_Stream5_IRQHandler
                0x0000000008004214                DMA1_Stream5_IRQHandler
                0x0000000008004214                PVD_IRQHandler
                0x0000000008004214                SDIO_IRQHandler
                0x0000000008004214                TAMP_STAMP_IRQHandler
                0x0000000008004214                CAN2_RX1_IRQHandler
                0x0000000008004214                EXTI3_IRQHandler
                0x0000000008004214                TIM8_TRG_COM_TIM14_IRQHandler
                0x0000000008004214                TIM1_UP_TIM10_IRQHandler
                0x0000000008004214                TIM8_UP_TIM13_IRQHandler
                0x0000000008004214                I2C3_ER_IRQHandler
                0x0000000008004214                EXTI0_IRQHandler
                0x0000000008004214                I2C2_EV_IRQHandler
                0x0000000008004214                DMA1_Stream2_IRQHandler
                0x0000000008004214                CAN1_RX0_IRQHandler
                0x0000000008004214                FPU_IRQHandler
                0x0000000008004214                OTG_HS_WKUP_IRQHandler
                0x0000000008004214                CAN2_SCE_IRQHandler
                0x0000000008004214                DMA2_Stream2_IRQHandler
                0x0000000008004214                SPI1_IRQHandler
                0x0000000008004214                TIM6_DAC_IRQHandler
                0x0000000008004214                TIM1_BRK_TIM9_IRQHandler
                0x0000000008004214                DCMI_IRQHandler
                0x0000000008004214                CAN2_RX0_IRQHandler
                0x0000000008004214                DMA2_Stream3_IRQHandler
                0x0000000008004214                USART6_IRQHandler
                0x0000000008004214                CAN1_RX1_IRQHandler
                0x0000000008004214                UART5_IRQHandler
                0x0000000008004214                DMA2_Stream0_IRQHandler
                0x0000000008004214                I2C1_EV_IRQHandler
                0x0000000008004214                DMA1_Stream6_IRQHandler
                0x0000000008004214                DMA1_Stream1_IRQHandler
                0x0000000008004214                UART4_IRQHandler
                0x0000000008004214                TIM3_IRQHandler
                0x0000000008004214                RCC_IRQHandler
                0x0000000008004214                TIM8_BRK_TIM12_IRQHandler
                0x0000000008004214                Default_Handler
                0x0000000008004214                EXTI15_10_IRQHandler
                0x0000000008004214                ADC_IRQHandler
                0x0000000008004214                DMA1_Stream7_IRQHandler
                0x0000000008004214                TIM7_IRQHandler
                0x0000000008004214                CAN2_TX_IRQHandler
                0x0000000008004214                TIM5_IRQHandler
                0x0000000008004214                DMA2_Stream7_IRQHandler
                0x0000000008004214                I2C3_EV_IRQHandler
                0x0000000008004214                EXTI9_5_IRQHandler
                0x0000000008004214                RTC_WKUP_IRQHandler
                0x0000000008004214                ETH_WKUP_IRQHandler
                0x0000000008004214                SPI2_IRQHandler
                0x0000000008004214                OTG_HS_EP1_IN_IRQHandler
                0x0000000008004214                DMA1_Stream0_IRQHandler
                0x0000000008004214                CAN1_TX_IRQHandler
                0x0000000008004214                EXTI4_IRQHandler
                0x0000000008004214                FSMC_IRQHandler
                0x0000000008004214                ETH_IRQHandler
                0x0000000008004214                OTG_HS_EP1_OUT_IRQHandler
                0x0000000008004214                WWDG_IRQHandler
                0x0000000008004214                TIM2_IRQHandler
                0x0000000008004214                OTG_FS_WKUP_IRQHandler
                0x0000000008004214                TIM1_TRG_COM_TIM11_IRQHandler
                0x0000000008004214                OTG_HS_IRQHandler
                0x0000000008004214                EXTI1_IRQHandler
                0x0000000008004214                USART2_IRQHandler
                0x0000000008004214                I2C2_ER_IRQHandler
                0x0000000008004214                DMA2_Stream1_IRQHandler
                0x0000000008004214                CAN1_SCE_IRQHandler
                0x0000000008004214                FLASH_IRQHandler
                0x0000000008004214                DMA2_Stream4_IRQHandler
                0x0000000008004214                USART1_IRQHandler
                0x0000000008004214                OTG_FS_IRQHandler
                0x0000000008004214                SPI3_IRQHandler
                0x0000000008004214                DMA1_Stream4_IRQHandler
                0x0000000008004214                I2C1_ER_IRQHandler
                0x0000000008004214                DMA2_Stream6_IRQHandler
                0x0000000008004214                RTC_Alarm_IRQHandler
 *fill*         0x0000000008004216        0x2 
 .text.HAL_Init
                0x0000000008004218       0x44 ./Drivers/STM32F4xx_HAL_Driver/Src/stm32f4xx_hal.o
                0x0000000008004218                HAL_Init
 .text.HAL_InitTick
                0x000000000800425c       0x60 ./Drivers/STM32F4xx_HAL_Driver/Src/stm32f4xx_hal.o
                0x000000000800425c                HAL_InitTick
 .text.HAL_IncTick
                0x00000000080042bc       0x28 ./Drivers/STM32F4xx_HAL_Driver/Src/stm32f4xx_hal.o
                0x00000000080042bc                HAL_IncTick
 .text.HAL_GetTick
                0x00000000080042e4       0x18 ./Drivers/STM32F4xx_HAL_Driver/Src/stm32f4xx_hal.o
                0x00000000080042e4                HAL_GetTick
 .text.HAL_Delay
                0x00000000080042fc       0x48 ./Drivers/STM32F4xx_HAL_Driver/Src/stm32f4xx_hal.o
                0x00000000080042fc                HAL_Delay
 .text.HAL_ADC_Init
                0x0000000008004344       0x86 ./Drivers/STM32F4xx_HAL_Driver/Src/stm32f4xx_hal_adc.o
                0x0000000008004344                HAL_ADC_Init
 *fill*         0x00000000080043ca        0x2 
 .text.HAL_ADC_Start
                0x00000000080043cc      0x1a4 ./Drivers/STM32F4xx_HAL_Driver/Src/stm32f4xx_hal_adc.o
                0x00000000080043cc                HAL_ADC_Start
 .text.HAL_ADC_GetValue
                0x0000000008004570       0x1a ./Drivers/STM32F4xx_HAL_Driver/Src/stm32f4xx_hal_adc.o
                0x0000000008004570                HAL_ADC_GetValue
 *fill*         0x000000000800458a        0x2 
 .text.HAL_ADC_ConfigChannel
                0x000000000800458c      0x244 ./Drivers/STM32F4xx_HAL_Driver/Src/stm32f4xx_hal_adc.o
                0x000000000800458c                HAL_ADC_ConfigChannel
 .text.ADC_Init
                0x00000000080047d0      0x1f8 ./Drivers/STM32F4xx_HAL_Driver/Src/stm32f4xx_hal_adc.o
 .text.__NVIC_SetPriorityGrouping
                0x00000000080049c8       0x48 ./Drivers/STM32F4xx_HAL_Driver/Src/stm32f4xx_hal_cortex.o
 .text.__NVIC_GetPriorityGrouping
                0x0000000008004a10       0x1c ./Drivers/STM32F4xx_HAL_Driver/Src/stm32f4xx_hal_cortex.o
 .text.__NVIC_EnableIRQ
                0x0000000008004a2c       0x3c ./Drivers/STM32F4xx_HAL_Driver/Src/stm32f4xx_hal_cortex.o
 .text.__NVIC_SetPriority
                0x0000000008004a68       0x54 ./Drivers/STM32F4xx_HAL_Driver/Src/stm32f4xx_hal_cortex.o
 .text.NVIC_EncodePriority
                0x0000000008004abc       0x66 ./Drivers/STM32F4xx_HAL_Driver/Src/stm32f4xx_hal_cortex.o
 *fill*         0x0000000008004b22        0x2 
 .text.SysTick_Config
                0x0000000008004b24       0x44 ./Drivers/STM32F4xx_HAL_Driver/Src/stm32f4xx_hal_cortex.o
 .text.HAL_NVIC_SetPriorityGrouping
                0x0000000008004b68       0x16 ./Drivers/STM32F4xx_HAL_Driver/Src/stm32f4xx_hal_cortex.o
                0x0000000008004b68                HAL_NVIC_SetPriorityGrouping
 .text.HAL_NVIC_SetPriority
                0x0000000008004b7e       0x38 ./Drivers/STM32F4xx_HAL_Driver/Src/stm32f4xx_hal_cortex.o
                0x0000000008004b7e                HAL_NVIC_SetPriority
 .text.HAL_NVIC_EnableIRQ
                0x0000000008004bb6       0x1c ./Drivers/STM32F4xx_HAL_Driver/Src/stm32f4xx_hal_cortex.o
                0x0000000008004bb6                HAL_NVIC_EnableIRQ
 .text.HAL_SYSTICK_Config
                0x0000000008004bd2       0x18 ./Drivers/STM32F4xx_HAL_Driver/Src/stm32f4xx_hal_cortex.o
                0x0000000008004bd2                HAL_SYSTICK_Config
 .text.HAL_DMA_Abort
                0x0000000008004bea       0xe0 ./Drivers/STM32F4xx_HAL_Driver/Src/stm32f4xx_hal_dma.o
                0x0000000008004bea                HAL_DMA_Abort
 .text.HAL_DMA_Abort_IT
                0x0000000008004cca       0x44 ./Drivers/STM32F4xx_HAL_Driver/Src/stm32f4xx_hal_dma.o
                0x0000000008004cca                HAL_DMA_Abort_IT
 *fill*         0x0000000008004d0e        0x2 
 .text.HAL_GPIO_Init
                0x0000000008004d10      0x338 ./Drivers/STM32F4xx_HAL_Driver/Src/stm32f4xx_hal_gpio.o
                0x0000000008004d10                HAL_GPIO_Init
 .text.HAL_GPIO_WritePin
                0x0000000008005048       0x32 ./Drivers/STM32F4xx_HAL_Driver/Src/stm32f4xx_hal_gpio.o
                0x0000000008005048                HAL_GPIO_WritePin
 *fill*         0x000000000800507a        0x2 
 .text.HAL_PWR_EnableBkUpAccess
                0x000000000800507c       0x28 ./Drivers/STM32F4xx_HAL_Driver/Src/stm32f4xx_hal_pwr.o
                0x000000000800507c                HAL_PWR_EnableBkUpAccess
 .text.HAL_PWR_DisableBkUpAccess
                0x00000000080050a4       0x28 ./Drivers/STM32F4xx_HAL_Driver/Src/stm32f4xx_hal_pwr.o
                0x00000000080050a4                HAL_PWR_DisableBkUpAccess
 .text.HAL_RCC_OscConfig
                0x00000000080050cc      0x4f0 ./Drivers/STM32F4xx_HAL_Driver/Src/stm32f4xx_hal_rcc.o
                0x00000000080050cc                HAL_RCC_OscConfig
 .text.HAL_RCC_ClockConfig
                0x00000000080055bc      0x1cc ./Drivers/STM32F4xx_HAL_Driver/Src/stm32f4xx_hal_rcc.o
                0x00000000080055bc                HAL_RCC_ClockConfig
 .text.HAL_RCC_GetSysClockFreq
                0x0000000008005788      0x16c ./Drivers/STM32F4xx_HAL_Driver/Src/stm32f4xx_hal_rcc.o
                0x0000000008005788                HAL_RCC_GetSysClockFreq
 .text.HAL_RCC_GetHCLKFreq
                0x00000000080058f4       0x18 ./Drivers/STM32F4xx_HAL_Driver/Src/stm32f4xx_hal_rcc.o
                0x00000000080058f4                HAL_RCC_GetHCLKFreq
 .text.HAL_RCC_GetPCLK1Freq
                0x000000000800590c       0x28 ./Drivers/STM32F4xx_HAL_Driver/Src/stm32f4xx_hal_rcc.o
                0x000000000800590c                HAL_RCC_GetPCLK1Freq
 .text.HAL_RCC_GetPCLK2Freq
                0x0000000008005934       0x28 ./Drivers/STM32F4xx_HAL_Driver/Src/stm32f4xx_hal_rcc.o
                0x0000000008005934                HAL_RCC_GetPCLK2Freq
 .text.HAL_RCCEx_PeriphCLKConfig
                0x000000000800595c      0x1c4 ./Drivers/STM32F4xx_HAL_Driver/Src/stm32f4xx_hal_rcc_ex.o
                0x000000000800595c                HAL_RCCEx_PeriphCLKConfig
 .text.HAL_RTC_Init
                0x0000000008005b20      0x122 ./Drivers/STM32F4xx_HAL_Driver/Src/stm32f4xx_hal_rtc.o
                0x0000000008005b20                HAL_RTC_Init
 .text.HAL_RTC_WaitForSynchro
                0x0000000008005c42       0x50 ./Drivers/STM32F4xx_HAL_Driver/Src/stm32f4xx_hal_rtc.o
                0x0000000008005c42                HAL_RTC_WaitForSynchro
 .text.RTC_EnterInitMode
                0x0000000008005c92       0x58 ./Drivers/STM32F4xx_HAL_Driver/Src/stm32f4xx_hal_rtc.o
                0x0000000008005c92                RTC_EnterInitMode
 .text.HAL_RTCEx_SetCalibrationOutPut
                0x0000000008005cea       0x84 ./Drivers/STM32F4xx_HAL_Driver/Src/stm32f4xx_hal_rtc_ex.o
                0x0000000008005cea                HAL_RTCEx_SetCalibrationOutPut
 .text.HAL_TIM_Base_Init
                0x0000000008005d6e       0x9e ./Drivers/STM32F4xx_HAL_Driver/Src/stm32f4xx_hal_tim.o
                0x0000000008005d6e                HAL_TIM_Base_Init
 .text.HAL_TIM_Base_Start
                0x0000000008005e0c       0xd0 ./Drivers/STM32F4xx_HAL_Driver/Src/stm32f4xx_hal_tim.o
                0x0000000008005e0c                HAL_TIM_Base_Start
 .text.HAL_TIM_PWM_Init
                0x0000000008005edc       0x9e ./Drivers/STM32F4xx_HAL_Driver/Src/stm32f4xx_hal_tim.o
                0x0000000008005edc                HAL_TIM_PWM_Init
 *fill*         0x0000000008005f7a        0x2 
 .text.HAL_TIM_PWM_Start
                0x0000000008005f7c      0x190 ./Drivers/STM32F4xx_HAL_Driver/Src/stm32f4xx_hal_tim.o
                0x0000000008005f7c                HAL_TIM_PWM_Start
 .text.HAL_TIM_IC_Init
                0x000000000800610c       0x9e ./Drivers/STM32F4xx_HAL_Driver/Src/stm32f4xx_hal_tim.o
                0x000000000800610c                HAL_TIM_IC_Init
 *fill*         0x00000000080061aa        0x2 
 .text.HAL_TIM_IC_Start_IT
                0x00000000080061ac      0x250 ./Drivers/STM32F4xx_HAL_Driver/Src/stm32f4xx_hal_tim.o
                0x00000000080061ac                HAL_TIM_IC_Start_IT
 .text.HAL_TIM_Encoder_Init
                0x00000000080063fc      0x14c ./Drivers/STM32F4xx_HAL_Driver/Src/stm32f4xx_hal_tim.o
                0x00000000080063fc                HAL_TIM_Encoder_Init
 .text.HAL_TIM_Encoder_Start
                0x0000000008006548      0x11c ./Drivers/STM32F4xx_HAL_Driver/Src/stm32f4xx_hal_tim.o
                0x0000000008006548                HAL_TIM_Encoder_Start
 .text.HAL_TIM_IRQHandler
                0x0000000008006664      0x210 ./Drivers/STM32F4xx_HAL_Driver/Src/stm32f4xx_hal_tim.o
                0x0000000008006664                HAL_TIM_IRQHandler
 .text.HAL_TIM_IC_ConfigChannel
                0x0000000008006874      0x138 ./Drivers/STM32F4xx_HAL_Driver/Src/stm32f4xx_hal_tim.o
                0x0000000008006874                HAL_TIM_IC_ConfigChannel
 .text.HAL_TIM_PWM_ConfigChannel
                0x00000000080069ac      0x184 ./Drivers/STM32F4xx_HAL_Driver/Src/stm32f4xx_hal_tim.o
                0x00000000080069ac                HAL_TIM_PWM_ConfigChannel
 .text.HAL_TIM_ConfigClockSource
                0x0000000008006b30      0x18e ./Drivers/STM32F4xx_HAL_Driver/Src/stm32f4xx_hal_tim.o
                0x0000000008006b30                HAL_TIM_ConfigClockSource
 *fill*         0x0000000008006cbe        0x2 
 .text.HAL_TIM_ReadCapturedValue
                0x0000000008006cc0       0x88 ./Drivers/STM32F4xx_HAL_Driver/Src/stm32f4xx_hal_tim.o
                0x0000000008006cc0                HAL_TIM_ReadCapturedValue
 .text.HAL_TIM_PeriodElapsedCallback
                0x0000000008006d48       0x14 ./Drivers/STM32F4xx_HAL_Driver/Src/stm32f4xx_hal_tim.o
                0x0000000008006d48                HAL_TIM_PeriodElapsedCallback
 .text.HAL_TIM_OC_DelayElapsedCallback
                0x0000000008006d5c       0x14 ./Drivers/STM32F4xx_HAL_Driver/Src/stm32f4xx_hal_tim.o
                0x0000000008006d5c                HAL_TIM_OC_DelayElapsedCallback
 .text.HAL_TIM_PWM_PulseFinishedCallback
                0x0000000008006d70       0x14 ./Drivers/STM32F4xx_HAL_Driver/Src/stm32f4xx_hal_tim.o
                0x0000000008006d70                HAL_TIM_PWM_PulseFinishedCallback
 .text.HAL_TIM_TriggerCallback
                0x0000000008006d84       0x14 ./Drivers/STM32F4xx_HAL_Driver/Src/stm32f4xx_hal_tim.o
                0x0000000008006d84                HAL_TIM_TriggerCallback
 .text.TIM_Base_SetConfig
                0x0000000008006d98      0x140 ./Drivers/STM32F4xx_HAL_Driver/Src/stm32f4xx_hal_tim.o
                0x0000000008006d98                TIM_Base_SetConfig
 .text.TIM_OC1_SetConfig
                0x0000000008006ed8       0xe0 ./Drivers/STM32F4xx_HAL_Driver/Src/stm32f4xx_hal_tim.o
 .text.TIM_OC2_SetConfig
                0x0000000008006fb8       0xec ./Drivers/STM32F4xx_HAL_Driver/Src/stm32f4xx_hal_tim.o
                0x0000000008006fb8                TIM_OC2_SetConfig
 .text.TIM_OC3_SetConfig
                0x00000000080070a4       0xe8 ./Drivers/STM32F4xx_HAL_Driver/Src/stm32f4xx_hal_tim.o
 .text.TIM_OC4_SetConfig
                0x000000000800718c       0xac ./Drivers/STM32F4xx_HAL_Driver/Src/stm32f4xx_hal_tim.o
 .text.TIM_TI1_SetConfig
                0x0000000008007238       0xe8 ./Drivers/STM32F4xx_HAL_Driver/Src/stm32f4xx_hal_tim.o
                0x0000000008007238                TIM_TI1_SetConfig
 .text.TIM_TI1_ConfigInputStage
                0x0000000008007320       0x5e ./Drivers/STM32F4xx_HAL_Driver/Src/stm32f4xx_hal_tim.o
 .text.TIM_TI2_SetConfig
                0x000000000800737e       0x7a ./Drivers/STM32F4xx_HAL_Driver/Src/stm32f4xx_hal_tim.o
 .text.TIM_TI2_ConfigInputStage
                0x00000000080073f8       0x60 ./Drivers/STM32F4xx_HAL_Driver/Src/stm32f4xx_hal_tim.o
 .text.TIM_TI3_SetConfig
                0x0000000008007458       0x78 ./Drivers/STM32F4xx_HAL_Driver/Src/stm32f4xx_hal_tim.o
 .text.TIM_TI4_SetConfig
                0x00000000080074d0       0x7a ./Drivers/STM32F4xx_HAL_Driver/Src/stm32f4xx_hal_tim.o
 .text.TIM_ITRx_SetConfig
                0x000000000800754a       0x36 ./Drivers/STM32F4xx_HAL_Driver/Src/stm32f4xx_hal_tim.o
 .text.TIM_ETR_SetConfig
                0x0000000008007580       0x40 ./Drivers/STM32F4xx_HAL_Driver/Src/stm32f4xx_hal_tim.o
                0x0000000008007580                TIM_ETR_SetConfig
 .text.TIM_CCxChannelCmd
                0x00000000080075c0       0x4a ./Drivers/STM32F4xx_HAL_Driver/Src/stm32f4xx_hal_tim.o
                0x00000000080075c0                TIM_CCxChannelCmd
 *fill*         0x000000000800760a        0x2 
 .text.HAL_TIMEx_MasterConfigSynchronization
                0x000000000800760c       0xf8 ./Drivers/STM32F4xx_HAL_Driver/Src/stm32f4xx_hal_tim_ex.o
                0x000000000800760c                HAL_TIMEx_MasterConfigSynchronization
 .text.HAL_TIMEx_ConfigBreakDeadTime
                0x0000000008007704       0xa4 ./Drivers/STM32F4xx_HAL_Driver/Src/stm32f4xx_hal_tim_ex.o
                0x0000000008007704                HAL_TIMEx_ConfigBreakDeadTime
 .text.HAL_TIMEx_CommutCallback
                0x00000000080077a8       0x14 ./Drivers/STM32F4xx_HAL_Driver/Src/stm32f4xx_hal_tim_ex.o
                0x00000000080077a8                HAL_TIMEx_CommutCallback
 .text.HAL_TIMEx_BreakCallback
                0x00000000080077bc       0x14 ./Drivers/STM32F4xx_HAL_Driver/Src/stm32f4xx_hal_tim_ex.o
                0x00000000080077bc                HAL_TIMEx_BreakCallback
 .text.HAL_UART_Init
                0x00000000080077d0       0x9a ./Drivers/STM32F4xx_HAL_Driver/Src/stm32f4xx_hal_uart.o
                0x00000000080077d0                HAL_UART_Init
 .text.HAL_UART_Transmit
                0x000000000800786a      0x124 ./Drivers/STM32F4xx_HAL_Driver/Src/stm32f4xx_hal_uart.o
                0x000000000800786a                HAL_UART_Transmit
 .text.HAL_UART_Transmit_IT
                0x000000000800798e       0x8a ./Drivers/STM32F4xx_HAL_Driver/Src/stm32f4xx_hal_uart.o
                0x000000000800798e                HAL_UART_Transmit_IT
 .text.HAL_UART_Receive_IT
                0x0000000008007a18       0x60 ./Drivers/STM32F4xx_HAL_Driver/Src/stm32f4xx_hal_uart.o
                0x0000000008007a18                HAL_UART_Receive_IT
 .text.HAL_UART_IRQHandler
                0x0000000008007a78      0x51c ./Drivers/STM32F4xx_HAL_Driver/Src/stm32f4xx_hal_uart.o
                0x0000000008007a78                HAL_UART_IRQHandler
 .text.HAL_UART_TxCpltCallback
                0x0000000008007f94       0x14 ./Drivers/STM32F4xx_HAL_Driver/Src/stm32f4xx_hal_uart.o
                0x0000000008007f94                HAL_UART_TxCpltCallback
 .text.HAL_UART_ErrorCallback
                0x0000000008007fa8       0x14 ./Drivers/STM32F4xx_HAL_Driver/Src/stm32f4xx_hal_uart.o
                0x0000000008007fa8                HAL_UART_ErrorCallback
 .text.HAL_UARTEx_RxEventCallback
                0x0000000008007fbc       0x18 ./Drivers/STM32F4xx_HAL_Driver/Src/stm32f4xx_hal_uart.o
                0x0000000008007fbc                HAL_UARTEx_RxEventCallback
 .text.UART_WaitOnFlagUntilTimeout
                0x0000000008007fd4       0xdc ./Drivers/STM32F4xx_HAL_Driver/Src/stm32f4xx_hal_uart.o
 .text.UART_Start_Receive_IT
                0x00000000080080b0       0x74 ./Drivers/STM32F4xx_HAL_Driver/Src/stm32f4xx_hal_uart.o
                0x00000000080080b0                UART_Start_Receive_IT
 .text.UART_EndRxTransfer
                0x0000000008008124       0xc6 ./Drivers/STM32F4xx_HAL_Driver/Src/stm32f4xx_hal_uart.o
 .text.UART_DMAAbortOnError
                0x00000000080081ea       0x28 ./Drivers/STM32F4xx_HAL_Driver/Src/stm32f4xx_hal_uart.o
 .text.UART_Transmit_IT
                0x0000000008008212       0xa0 ./Drivers/STM32F4xx_HAL_Driver/Src/stm32f4xx_hal_uart.o
 .text.UART_EndTransmit_IT
                0x00000000080082b2       0x30 ./Drivers/STM32F4xx_HAL_Driver/Src/stm32f4xx_hal_uart.o
 .text.UART_Receive_IT
                0x00000000080082e2      0x176 ./Drivers/STM32F4xx_HAL_Driver/Src/stm32f4xx_hal_uart.o
 .text.UART_SetConfig
                0x0000000008008458      0x390 ./Drivers/STM32F4xx_HAL_Driver/Src/stm32f4xx_hal_uart.o
 .text.__NVIC_SetPriority
                0x00000000080087e8       0x54 ./Middlewares/Third_Party/FreeRTOS/Source/CMSIS_RTOS_V2/cmsis_os2.o
 .text.SVC_Setup
                0x000000000800883c       0x12 ./Middlewares/Third_Party/FreeRTOS/Source/CMSIS_RTOS_V2/cmsis_os2.o
 *fill*         0x000000000800884e        0x2 
 .text.osKernelInitialize
                0x0000000008008850       0x48 ./Middlewares/Third_Party/FreeRTOS/Source/CMSIS_RTOS_V2/cmsis_os2.o
                0x0000000008008850                osKernelInitialize
 .text.osKernelStart
                0x0000000008008898       0x4c ./Middlewares/Third_Party/FreeRTOS/Source/CMSIS_RTOS_V2/cmsis_os2.o
                0x0000000008008898                osKernelStart
 .text.osThreadNew
                0x00000000080088e4      0x124 ./Middlewares/Third_Party/FreeRTOS/Source/CMSIS_RTOS_V2/cmsis_os2.o
                0x00000000080088e4                osThreadNew
 .text.osDelay  0x0000000008008a08       0x36 ./Middlewares/Third_Party/FreeRTOS/Source/CMSIS_RTOS_V2/cmsis_os2.o
                0x0000000008008a08                osDelay
 *fill*         0x0000000008008a3e        0x2 
 .text.vApplicationGetIdleTaskMemory
                0x0000000008008a40       0x34 ./Middlewares/Third_Party/FreeRTOS/Source/CMSIS_RTOS_V2/cmsis_os2.o
                0x0000000008008a40                vApplicationGetIdleTaskMemory
 .text.vApplicationGetTimerTaskMemory
                0x0000000008008a74       0x34 ./Middlewares/Third_Party/FreeRTOS/Source/CMSIS_RTOS_V2/cmsis_os2.o
                0x0000000008008a74                vApplicationGetTimerTaskMemory
 .text.vListInitialise
                0x0000000008008aa8       0x40 ./Middlewares/Third_Party/FreeRTOS/Source/list.o
                0x0000000008008aa8                vListInitialise
 .text.vListInitialiseItem
                0x0000000008008ae8       0x1a ./Middlewares/Third_Party/FreeRTOS/Source/list.o
                0x0000000008008ae8                vListInitialiseItem
 .text.vListInsertEnd
                0x0000000008008b02       0x48 ./Middlewares/Third_Party/FreeRTOS/Source/list.o
                0x0000000008008b02                vListInsertEnd
 .text.vListInsert
                0x0000000008008b4a       0x72 ./Middlewares/Third_Party/FreeRTOS/Source/list.o
                0x0000000008008b4a                vListInsert
 .text.uxListRemove
                0x0000000008008bbc       0x54 ./Middlewares/Third_Party/FreeRTOS/Source/list.o
                0x0000000008008bbc                uxListRemove
 .text.xQueueGenericReset
                0x0000000008008c10       0xd0 ./Middlewares/Third_Party/FreeRTOS/Source/queue.o
                0x0000000008008c10                xQueueGenericReset
 .text.xQueueGenericCreateStatic
                0x0000000008008ce0       0xf0 ./Middlewares/Third_Party/FreeRTOS/Source/queue.o
                0x0000000008008ce0                xQueueGenericCreateStatic
 .text.prvInitialiseNewQueue
                0x0000000008008dd0       0x46 ./Middlewares/Third_Party/FreeRTOS/Source/queue.o
 *fill*         0x0000000008008e16        0x2 
 .text.xQueueGenericSend
                0x0000000008008e18      0x1fc ./Middlewares/Third_Party/FreeRTOS/Source/queue.o
                0x0000000008008e18                xQueueGenericSend
 .text.xQueueGenericSendFromISR
                0x0000000008009014      0x136 ./Middlewares/Third_Party/FreeRTOS/Source/queue.o
                0x0000000008009014                xQueueGenericSendFromISR
 *fill*         0x000000000800914a        0x2 
 .text.xQueueReceive
                0x000000000800914c      0x1c0 ./Middlewares/Third_Party/FreeRTOS/Source/queue.o
                0x000000000800914c                xQueueReceive
 .text.prvCopyDataToQueue
                0x000000000800930c       0xd4 ./Middlewares/Third_Party/FreeRTOS/Source/queue.o
 .text.prvCopyDataFromQueue
                0x00000000080093e0       0x4c ./Middlewares/Third_Party/FreeRTOS/Source/queue.o
 .text.prvUnlockQueue
                0x000000000800942c       0xa4 ./Middlewares/Third_Party/FreeRTOS/Source/queue.o
 .text.prvIsQueueEmpty
                0x00000000080094d0       0x2c ./Middlewares/Third_Party/FreeRTOS/Source/queue.o
 .text.prvIsQueueFull
                0x00000000080094fc       0x30 ./Middlewares/Third_Party/FreeRTOS/Source/queue.o
 .text.vQueueAddToRegistry
                0x000000000800952c       0x54 ./Middlewares/Third_Party/FreeRTOS/Source/queue.o
                0x000000000800952c                vQueueAddToRegistry
 .text.vQueueWaitForMessageRestricted
                0x0000000008009580       0x68 ./Middlewares/Third_Party/FreeRTOS/Source/queue.o
                0x0000000008009580                vQueueWaitForMessageRestricted
 .text.xTaskCreateStatic
                0x00000000080095e8       0xba ./Middlewares/Third_Party/FreeRTOS/Source/tasks.o
                0x00000000080095e8                xTaskCreateStatic
 .text.xTaskCreate
                0x00000000080096a2       0x8a ./Middlewares/Third_Party/FreeRTOS/Source/tasks.o
                0x00000000080096a2                xTaskCreate
 .text.prvInitialiseNewTask
                0x000000000800972c      0x11e ./Middlewares/Third_Party/FreeRTOS/Source/tasks.o
 *fill*         0x000000000800984a        0x2 
 .text.prvAddNewTaskToReadyList
                0x000000000800984c       0xe0 ./Middlewares/Third_Party/FreeRTOS/Source/tasks.o
 .text.vTaskDelay
                0x000000000800992c       0x68 ./Middlewares/Third_Party/FreeRTOS/Source/tasks.o
                0x000000000800992c                vTaskDelay
 .text.vTaskStartScheduler
                0x0000000008009994       0xcc ./Middlewares/Third_Party/FreeRTOS/Source/tasks.o
                0x0000000008009994                vTaskStartScheduler
 .text.vTaskSuspendAll
                0x0000000008009a60       0x1c ./Middlewares/Third_Party/FreeRTOS/Source/tasks.o
                0x0000000008009a60                vTaskSuspendAll
 .text.xTaskResumeAll
                0x0000000008009a7c      0x13c ./Middlewares/Third_Party/FreeRTOS/Source/tasks.o
                0x0000000008009a7c                xTaskResumeAll
 .text.xTaskGetTickCount
                0x0000000008009bb8       0x20 ./Middlewares/Third_Party/FreeRTOS/Source/tasks.o
                0x0000000008009bb8                xTaskGetTickCount
 .text.xTaskIncrementTick
                0x0000000008009bd8      0x174 ./Middlewares/Third_Party/FreeRTOS/Source/tasks.o
                0x0000000008009bd8                xTaskIncrementTick
 .text.vTaskSwitchContext
                0x0000000008009d4c       0xbc ./Middlewares/Third_Party/FreeRTOS/Source/tasks.o
                0x0000000008009d4c                vTaskSwitchContext
 .text.vTaskPlaceOnEventList
                0x0000000008009e08       0x48 ./Middlewares/Third_Party/FreeRTOS/Source/tasks.o
                0x0000000008009e08                vTaskPlaceOnEventList
 .text.vTaskPlaceOnEventListRestricted
                0x0000000008009e50       0x58 ./Middlewares/Third_Party/FreeRTOS/Source/tasks.o
                0x0000000008009e50                vTaskPlaceOnEventListRestricted
 .text.xTaskRemoveFromEventList
                0x0000000008009ea8       0xc8 ./Middlewares/Third_Party/FreeRTOS/Source/tasks.o
                0x0000000008009ea8                xTaskRemoveFromEventList
 .text.vTaskInternalSetTimeOutState
                0x0000000008009f70       0x2c ./Middlewares/Third_Party/FreeRTOS/Source/tasks.o
                0x0000000008009f70                vTaskInternalSetTimeOutState
 .text.xTaskCheckForTimeOut
                0x0000000008009f9c       0xc4 ./Middlewares/Third_Party/FreeRTOS/Source/tasks.o
                0x0000000008009f9c                xTaskCheckForTimeOut
 .text.vTaskMissedYield
                0x000000000800a060       0x18 ./Middlewares/Third_Party/FreeRTOS/Source/tasks.o
                0x000000000800a060                vTaskMissedYield
 .text.prvIdleTask
                0x000000000800a078       0x30 ./Middlewares/Third_Party/FreeRTOS/Source/tasks.o
 .text.prvInitialiseTaskLists
                0x000000000800a0a8       0x80 ./Middlewares/Third_Party/FreeRTOS/Source/tasks.o
 .text.prvCheckTasksWaitingTermination
                0x000000000800a128       0x5c ./Middlewares/Third_Party/FreeRTOS/Source/tasks.o
 .text.prvDeleteTCB
                0x000000000800a184       0x5e ./Middlewares/Third_Party/FreeRTOS/Source/tasks.o
 *fill*         0x000000000800a1e2        0x2 
 .text.prvResetNextTaskUnblockTime
                0x000000000800a1e4       0x40 ./Middlewares/Third_Party/FreeRTOS/Source/tasks.o
 .text.xTaskGetSchedulerState
                0x000000000800a224       0x3c ./Middlewares/Third_Party/FreeRTOS/Source/tasks.o
                0x000000000800a224                xTaskGetSchedulerState
 .text.xTaskPriorityDisinherit
                0x000000000800a260       0xdc ./Middlewares/Third_Party/FreeRTOS/Source/tasks.o
                0x000000000800a260                xTaskPriorityDisinherit
 .text.prvAddCurrentTaskToDelayedList
                0x000000000800a33c       0xa8 ./Middlewares/Third_Party/FreeRTOS/Source/tasks.o
 .text.xTimerCreateTimerTask
                0x000000000800a3e4       0x90 ./Middlewares/Third_Party/FreeRTOS/Source/timers.o
                0x000000000800a3e4                xTimerCreateTimerTask
 .text.xTimerGenericCommand
                0x000000000800a474       0x9c ./Middlewares/Third_Party/FreeRTOS/Source/timers.o
                0x000000000800a474                xTimerGenericCommand
 .text.prvProcessExpiredTimer
                0x000000000800a510       0x98 ./Middlewares/Third_Party/FreeRTOS/Source/timers.o
 .text.prvTimerTask
                0x000000000800a5a8       0x24 ./Middlewares/Third_Party/FreeRTOS/Source/timers.o
 .text.prvProcessTimerOrBlockTask
                0x000000000800a5cc       0x9c ./Middlewares/Third_Party/FreeRTOS/Source/timers.o
 .text.prvGetNextExpireTime
                0x000000000800a668       0x48 ./Middlewares/Third_Party/FreeRTOS/Source/timers.o
 .text.prvSampleTimeNow
                0x000000000800a6b0       0x40 ./Middlewares/Third_Party/FreeRTOS/Source/timers.o
 .text.prvInsertTimerInActiveList
                0x000000000800a6f0       0x84 ./Middlewares/Third_Party/FreeRTOS/Source/timers.o
 .text.prvProcessReceivedCommands
                0x000000000800a774      0x1c4 ./Middlewares/Third_Party/FreeRTOS/Source/timers.o
 .text.prvSwitchTimerLists
                0x000000000800a938       0xc8 ./Middlewares/Third_Party/FreeRTOS/Source/timers.o
 .text.prvCheckForValidListAndQueue
                0x000000000800aa00       0x80 ./Middlewares/Third_Party/FreeRTOS/Source/timers.o
 .text.pxPortInitialiseStack
                0x000000000800aa80       0x68 ./Middlewares/Third_Party/FreeRTOS/Source/portable/GCC/ARM_CM4F/port.o
                0x000000000800aa80                pxPortInitialiseStack
 .text.prvTaskExitError
                0x000000000800aae8       0x58 ./Middlewares/Third_Party/FreeRTOS/Source/portable/GCC/ARM_CM4F/port.o
 .text.SVC_Handler
                0x000000000800ab40       0x28 ./Middlewares/Third_Party/FreeRTOS/Source/portable/GCC/ARM_CM4F/port.o
                0x000000000800ab40                SVC_Handler
 .text.prvPortStartFirstTask
                0x000000000800ab68       0x28 ./Middlewares/Third_Party/FreeRTOS/Source/portable/GCC/ARM_CM4F/port.o
 .text.xPortStartScheduler
                0x000000000800ab90      0x144 ./Middlewares/Third_Party/FreeRTOS/Source/portable/GCC/ARM_CM4F/port.o
                0x000000000800ab90                xPortStartScheduler
 .text.vPortEnterCritical
                0x000000000800acd4       0x60 ./Middlewares/Third_Party/FreeRTOS/Source/portable/GCC/ARM_CM4F/port.o
                0x000000000800acd4                vPortEnterCritical
 .text.vPortExitCritical
                0x000000000800ad34       0x54 ./Middlewares/Third_Party/FreeRTOS/Source/portable/GCC/ARM_CM4F/port.o
                0x000000000800ad34                vPortExitCritical
 *fill*         0x000000000800ad88        0x8 
 .text.PendSV_Handler
                0x000000000800ad90       0x68 ./Middlewares/Third_Party/FreeRTOS/Source/portable/GCC/ARM_CM4F/port.o
                0x000000000800ad90                PendSV_Handler
 .text.xPortSysTickHandler
                0x000000000800adf8       0x44 ./Middlewares/Third_Party/FreeRTOS/Source/portable/GCC/ARM_CM4F/port.o
                0x000000000800adf8                xPortSysTickHandler
 .text.vPortSetupTimerInterrupt
                0x000000000800ae3c       0x48 ./Middlewares/Third_Party/FreeRTOS/Source/portable/GCC/ARM_CM4F/port.o
                0x000000000800ae3c                vPortSetupTimerInterrupt
 .text.vPortEnableVFP
                0x000000000800ae84       0x14 ./Middlewares/Third_Party/FreeRTOS/Source/portable/GCC/ARM_CM4F/port.o
 .text.vPortValidateInterruptPriority
                0x000000000800ae98       0x80 ./Middlewares/Third_Party/FreeRTOS/Source/portable/GCC/ARM_CM4F/port.o
                0x000000000800ae98                vPortValidateInterruptPriority
 .text.pvPortMalloc
                0x000000000800af18      0x198 ./Middlewares/Third_Party/FreeRTOS/Source/portable/MemMang/heap_4.o
                0x000000000800af18                pvPortMalloc
 .text.vPortFree
                0x000000000800b0b0       0xc4 ./Middlewares/Third_Party/FreeRTOS/Source/portable/MemMang/heap_4.o
                0x000000000800b0b0                vPortFree
 .text.prvHeapInit
                0x000000000800b174       0xc4 ./Middlewares/Third_Party/FreeRTOS/Source/portable/MemMang/heap_4.o
 .text.prvInsertBlockIntoFreeList
                0x000000000800b238       0xb4 ./Middlewares/Third_Party/FreeRTOS/Source/portable/MemMang/heap_4.o
 .text.OLED_Refresh_Gram
                0x000000000800b2ec       0x70 ./PeripheralDrivers/src/oled.o
                0x000000000800b2ec                OLED_Refresh_Gram
 .text.OLED_WR_Byte
                0x000000000800b35c       0x94 ./PeripheralDrivers/src/oled.o
                0x000000000800b35c                OLED_WR_Byte
 .text.OLED_Clear
                0x000000000800b3f0       0x4c ./PeripheralDrivers/src/oled.o
                0x000000000800b3f0                OLED_Clear
 .text.OLED_DrawPoint
                0x000000000800b43c       0xb4 ./PeripheralDrivers/src/oled.o
                0x000000000800b43c                OLED_DrawPoint
 .text.OLED_ShowChar
                0x000000000800b4f0       0xe4 ./PeripheralDrivers/src/oled.o
                0x000000000800b4f0                OLED_ShowChar
 .text.OLED_ShowString
                0x000000000800b5d4       0x64 ./PeripheralDrivers/src/oled.o
                0x000000000800b5d4                OLED_ShowString
 .text.OLED_Init
                0x000000000800b638      0x118 ./PeripheralDrivers/src/oled.o
                0x000000000800b638                OLED_Init
 .text.__errno  0x000000000800b750        0xc /Applications/STM32CubeIDE.app/Contents/Eclipse/plugins/com.st.stm32cube.ide.mcu.externaltools.gnu-tools-for-stm32.9-2020-q2-update.macos64_2.0.0.202105311346/tools/bin/../lib/gcc/arm-none-eabi/9.3.1/../../../../arm-none-eabi/lib/thumb/v7e-m+fp/hard/libc_nano.a(lib_a-errno.o)
                0x000000000800b750                __errno
 .text.__libc_init_array
                0x000000000800b75c       0x48 /Applications/STM32CubeIDE.app/Contents/Eclipse/plugins/com.st.stm32cube.ide.mcu.externaltools.gnu-tools-for-stm32.9-2020-q2-update.macos64_2.0.0.202105311346/tools/bin/../lib/gcc/arm-none-eabi/9.3.1/../../../../arm-none-eabi/lib/thumb/v7e-m+fp/hard/libc_nano.a(lib_a-init.o)
                0x000000000800b75c                __libc_init_array
 .text.memcpy   0x000000000800b7a4       0x1c /Applications/STM32CubeIDE.app/Contents/Eclipse/plugins/com.st.stm32cube.ide.mcu.externaltools.gnu-tools-for-stm32.9-2020-q2-update.macos64_2.0.0.202105311346/tools/bin/../lib/gcc/arm-none-eabi/9.3.1/../../../../arm-none-eabi/lib/thumb/v7e-m+fp/hard/libc_nano.a(lib_a-memcpy-stub.o)
                0x000000000800b7a4                memcpy
 .text.memset   0x000000000800b7c0       0x10 /Applications/STM32CubeIDE.app/Contents/Eclipse/plugins/com.st.stm32cube.ide.mcu.externaltools.gnu-tools-for-stm32.9-2020-q2-update.macos64_2.0.0.202105311346/tools/bin/../lib/gcc/arm-none-eabi/9.3.1/../../../../arm-none-eabi/lib/thumb/v7e-m+fp/hard/libc_nano.a(lib_a-memset.o)
                0x000000000800b7c0                memset
 .text.sprintf  0x000000000800b7d0       0x40 /Applications/STM32CubeIDE.app/Contents/Eclipse/plugins/com.st.stm32cube.ide.mcu.externaltools.gnu-tools-for-stm32.9-2020-q2-update.macos64_2.0.0.202105311346/tools/bin/../lib/gcc/arm-none-eabi/9.3.1/../../../../arm-none-eabi/lib/thumb/v7e-m+fp/hard/libc_nano.a(lib_a-sprintf.o)
                0x000000000800b7d0                sprintf
                0x000000000800b7d0                siprintf
 .text.__ssputs_r
                0x000000000800b810       0xb6 /Applications/STM32CubeIDE.app/Contents/Eclipse/plugins/com.st.stm32cube.ide.mcu.externaltools.gnu-tools-for-stm32.9-2020-q2-update.macos64_2.0.0.202105311346/tools/bin/../lib/gcc/arm-none-eabi/9.3.1/../../../../arm-none-eabi/lib/thumb/v7e-m+fp/hard/libc_nano.a(lib_a-nano-svfprintf.o)
                0x000000000800b810                __ssputs_r
 *fill*         0x000000000800b8c6        0x2 
 .text._svfprintf_r
                0x000000000800b8c8      0x200 /Applications/STM32CubeIDE.app/Contents/Eclipse/plugins/com.st.stm32cube.ide.mcu.externaltools.gnu-tools-for-stm32.9-2020-q2-update.macos64_2.0.0.202105311346/tools/bin/../lib/gcc/arm-none-eabi/9.3.1/../../../../arm-none-eabi/lib/thumb/v7e-m+fp/hard/libc_nano.a(lib_a-nano-svfprintf.o)
                0x000000000800b8c8                _svfprintf_r
                0x000000000800b8c8                _svfiprintf_r
 .text._printf_common
                0x000000000800bac8       0xda /Applications/STM32CubeIDE.app/Contents/Eclipse/plugins/com.st.stm32cube.ide.mcu.externaltools.gnu-tools-for-stm32.9-2020-q2-update.macos64_2.0.0.202105311346/tools/bin/../lib/gcc/arm-none-eabi/9.3.1/../../../../arm-none-eabi/lib/thumb/v7e-m+fp/hard/libc_nano.a(lib_a-nano-vfprintf_i.o)
                0x000000000800bac8                _printf_common
 *fill*         0x000000000800bba2        0x2 
 .text._printf_i
                0x000000000800bba4      0x24c /Applications/STM32CubeIDE.app/Contents/Eclipse/plugins/com.st.stm32cube.ide.mcu.externaltools.gnu-tools-for-stm32.9-2020-q2-update.macos64_2.0.0.202105311346/tools/bin/../lib/gcc/arm-none-eabi/9.3.1/../../../../arm-none-eabi/lib/thumb/v7e-m+fp/hard/libc_nano.a(lib_a-nano-vfprintf_i.o)
                0x000000000800bba4                _printf_i
 .text.memmove  0x000000000800bdf0       0x34 /Applications/STM32CubeIDE.app/Contents/Eclipse/plugins/com.st.stm32cube.ide.mcu.externaltools.gnu-tools-for-stm32.9-2020-q2-update.macos64_2.0.0.202105311346/tools/bin/../lib/gcc/arm-none-eabi/9.3.1/../../../../arm-none-eabi/lib/thumb/v7e-m+fp/hard/libc_nano.a(lib_a-memmove.o)
                0x000000000800bdf0                memmove
 .text._free_r  0x000000000800be24       0xa0 /Applications/STM32CubeIDE.app/Contents/Eclipse/plugins/com.st.stm32cube.ide.mcu.externaltools.gnu-tools-for-stm32.9-2020-q2-update.macos64_2.0.0.202105311346/tools/bin/../lib/gcc/arm-none-eabi/9.3.1/../../../../arm-none-eabi/lib/thumb/v7e-m+fp/hard/libc_nano.a(lib_a-nano-freer.o)
                0x000000000800be24                _free_r
 .text._malloc_r
                0x000000000800bec4       0xb4 /Applications/STM32CubeIDE.app/Contents/Eclipse/plugins/com.st.stm32cube.ide.mcu.externaltools.gnu-tools-for-stm32.9-2020-q2-update.macos64_2.0.0.202105311346/tools/bin/../lib/gcc/arm-none-eabi/9.3.1/../../../../arm-none-eabi/lib/thumb/v7e-m+fp/hard/libc_nano.a(lib_a-nano-mallocr.o)
                0x000000000800bec4                _malloc_r
 .text._realloc_r
                0x000000000800bf78       0x4c /Applications/STM32CubeIDE.app/Contents/Eclipse/plugins/com.st.stm32cube.ide.mcu.externaltools.gnu-tools-for-stm32.9-2020-q2-update.macos64_2.0.0.202105311346/tools/bin/../lib/gcc/arm-none-eabi/9.3.1/../../../../arm-none-eabi/lib/thumb/v7e-m+fp/hard/libc_nano.a(lib_a-nano-reallocr.o)
                0x000000000800bf78                _realloc_r
 .text._sbrk_r  0x000000000800bfc4       0x20 /Applications/STM32CubeIDE.app/Contents/Eclipse/plugins/com.st.stm32cube.ide.mcu.externaltools.gnu-tools-for-stm32.9-2020-q2-update.macos64_2.0.0.202105311346/tools/bin/../lib/gcc/arm-none-eabi/9.3.1/../../../../arm-none-eabi/lib/thumb/v7e-m+fp/hard/libc_nano.a(lib_a-sbrkr.o)
                0x000000000800bfc4                _sbrk_r
 .text.__malloc_lock
                0x000000000800bfe4        0xc /Applications/STM32CubeIDE.app/Contents/Eclipse/plugins/com.st.stm32cube.ide.mcu.externaltools.gnu-tools-for-stm32.9-2020-q2-update.macos64_2.0.0.202105311346/tools/bin/../lib/gcc/arm-none-eabi/9.3.1/../../../../arm-none-eabi/lib/thumb/v7e-m+fp/hard/libc_nano.a(lib_a-mlock.o)
                0x000000000800bfe4                __malloc_lock
 .text.__malloc_unlock
                0x000000000800bff0        0xc /Applications/STM32CubeIDE.app/Contents/Eclipse/plugins/com.st.stm32cube.ide.mcu.externaltools.gnu-tools-for-stm32.9-2020-q2-update.macos64_2.0.0.202105311346/tools/bin/../lib/gcc/arm-none-eabi/9.3.1/../../../../arm-none-eabi/lib/thumb/v7e-m+fp/hard/libc_nano.a(lib_a-mlock.o)
                0x000000000800bff0                __malloc_unlock
 .text._malloc_usable_size_r
                0x000000000800bffc       0x10 /Applications/STM32CubeIDE.app/Contents/Eclipse/plugins/com.st.stm32cube.ide.mcu.externaltools.gnu-tools-for-stm32.9-2020-q2-update.macos64_2.0.0.202105311346/tools/bin/../lib/gcc/arm-none-eabi/9.3.1/../../../../arm-none-eabi/lib/thumb/v7e-m+fp/hard/libc_nano.a(lib_a-nano-msizer.o)
                0x000000000800bffc                _malloc_usable_size_r
 .text.__retarget_lock_acquire_recursive
                0x000000000800c00c        0x2 /Applications/STM32CubeIDE.app/Contents/Eclipse/plugins/com.st.stm32cube.ide.mcu.externaltools.gnu-tools-for-stm32.9-2020-q2-update.macos64_2.0.0.202105311346/tools/bin/../lib/gcc/arm-none-eabi/9.3.1/../../../../arm-none-eabi/lib/thumb/v7e-m+fp/hard/libc_nano.a(lib_a-lock.o)
                0x000000000800c00c                __retarget_lock_acquire_recursive
 .text.__retarget_lock_release_recursive
                0x000000000800c00e        0x2 /Applications/STM32CubeIDE.app/Contents/Eclipse/plugins/com.st.stm32cube.ide.mcu.externaltools.gnu-tools-for-stm32.9-2020-q2-update.macos64_2.0.0.202105311346/tools/bin/../lib/gcc/arm-none-eabi/9.3.1/../../../../arm-none-eabi/lib/thumb/v7e-m+fp/hard/libc_nano.a(lib_a-lock.o)
                0x000000000800c00e                __retarget_lock_release_recursive
 .text.fmax     0x000000000800c010       0x4e /Applications/STM32CubeIDE.app/Contents/Eclipse/plugins/com.st.stm32cube.ide.mcu.externaltools.gnu-tools-for-stm32.9-2020-q2-update.macos64_2.0.0.202105311346/tools/bin/../lib/gcc/arm-none-eabi/9.3.1/../../../../arm-none-eabi/lib/thumb/v7e-m+fp/hard/libm.a(lib_a-s_fmax.o)
                0x000000000800c010                fmax
 *fill*         0x000000000800c05e        0x2 
 .text.__fpclassifyd
                0x000000000800c060       0x54 /Applications/STM32CubeIDE.app/Contents/Eclipse/plugins/com.st.stm32cube.ide.mcu.externaltools.gnu-tools-for-stm32.9-2020-q2-update.macos64_2.0.0.202105311346/tools/bin/../lib/gcc/arm-none-eabi/9.3.1/../../../../arm-none-eabi/lib/thumb/v7e-m+fp/hard/libm.a(lib_a-s_fpclassify.o)
                0x000000000800c060                __fpclassifyd
 .text.pow      0x000000000800c0b4      0x15c /Applications/STM32CubeIDE.app/Contents/Eclipse/plugins/com.st.stm32cube.ide.mcu.externaltools.gnu-tools-for-stm32.9-2020-q2-update.macos64_2.0.0.202105311346/tools/bin/../lib/gcc/arm-none-eabi/9.3.1/../../../../arm-none-eabi/lib/thumb/v7e-m+fp/hard/libm.a(lib_a-w_pow.o)
                0x000000000800c0b4                pow
 .text.sqrt     0x000000000800c210       0x68 /Applications/STM32CubeIDE.app/Contents/Eclipse/plugins/com.st.stm32cube.ide.mcu.externaltools.gnu-tools-for-stm32.9-2020-q2-update.macos64_2.0.0.202105311346/tools/bin/../lib/gcc/arm-none-eabi/9.3.1/../../../../arm-none-eabi/lib/thumb/v7e-m+fp/hard/libm.a(lib_a-w_sqrt.o)
                0x000000000800c210                sqrt
 .text.powf     0x000000000800c278      0x130 /Applications/STM32CubeIDE.app/Contents/Eclipse/plugins/com.st.stm32cube.ide.mcu.externaltools.gnu-tools-for-stm32.9-2020-q2-update.macos64_2.0.0.202105311346/tools/bin/../lib/gcc/arm-none-eabi/9.3.1/../../../../arm-none-eabi/lib/thumb/v7e-m+fp/hard/libm.a(lib_a-wf_pow.o)
                0x000000000800c278                powf
 .text.__ieee754_pow
                0x000000000800c3a8      0xa44 /Applications/STM32CubeIDE.app/Contents/Eclipse/plugins/com.st.stm32cube.ide.mcu.externaltools.gnu-tools-for-stm32.9-2020-q2-update.macos64_2.0.0.202105311346/tools/bin/../lib/gcc/arm-none-eabi/9.3.1/../../../../arm-none-eabi/lib/thumb/v7e-m+fp/hard/libm.a(lib_a-e_pow.o)
                0x000000000800c3a8                __ieee754_pow
 .text.__ieee754_sqrt
                0x000000000800cdec      0x168 /Applications/STM32CubeIDE.app/Contents/Eclipse/plugins/com.st.stm32cube.ide.mcu.externaltools.gnu-tools-for-stm32.9-2020-q2-update.macos64_2.0.0.202105311346/tools/bin/../lib/gcc/arm-none-eabi/9.3.1/../../../../arm-none-eabi/lib/thumb/v7e-m+fp/hard/libm.a(lib_a-e_sqrt.o)
                0x000000000800cdec                __ieee754_sqrt
 .text.__ieee754_powf
                0x000000000800cf54      0x580 /Applications/STM32CubeIDE.app/Contents/Eclipse/plugins/com.st.stm32cube.ide.mcu.externaltools.gnu-tools-for-stm32.9-2020-q2-update.macos64_2.0.0.202105311346/tools/bin/../lib/gcc/arm-none-eabi/9.3.1/../../../../arm-none-eabi/lib/thumb/v7e-m+fp/hard/libm.a(lib_a-ef_pow.o)
                0x000000000800cf54                __ieee754_powf
 .text.__ieee754_sqrtf
                0x000000000800d4d4        0x6 /Applications/STM32CubeIDE.app/Contents/Eclipse/plugins/com.st.stm32cube.ide.mcu.externaltools.gnu-tools-for-stm32.9-2020-q2-update.macos64_2.0.0.202105311346/tools/bin/../lib/gcc/arm-none-eabi/9.3.1/../../../../arm-none-eabi/lib/thumb/v7e-m+fp/hard/libm.a(lib_a-ef_sqrt.o)
                0x000000000800d4d4                __ieee754_sqrtf
 .text.fabs     0x000000000800d4da       0x12 /Applications/STM32CubeIDE.app/Contents/Eclipse/plugins/com.st.stm32cube.ide.mcu.externaltools.gnu-tools-for-stm32.9-2020-q2-update.macos64_2.0.0.202105311346/tools/bin/../lib/gcc/arm-none-eabi/9.3.1/../../../../arm-none-eabi/lib/thumb/v7e-m+fp/hard/libm.a(lib_a-s_fabs.o)
                0x000000000800d4da                fabs
 .text.finite   0x000000000800d4ec       0x16 /Applications/STM32CubeIDE.app/Contents/Eclipse/plugins/com.st.stm32cube.ide.mcu.externaltools.gnu-tools-for-stm32.9-2020-q2-update.macos64_2.0.0.202105311346/tools/bin/../lib/gcc/arm-none-eabi/9.3.1/../../../../arm-none-eabi/lib/thumb/v7e-m+fp/hard/libm.a(lib_a-s_finite.o)
                0x000000000800d4ec                finite
 *fill*         0x000000000800d502        0x6 
 .text.nan      0x000000000800d508       0x10 /Applications/STM32CubeIDE.app/Contents/Eclipse/plugins/com.st.stm32cube.ide.mcu.externaltools.gnu-tools-for-stm32.9-2020-q2-update.macos64_2.0.0.202105311346/tools/bin/../lib/gcc/arm-none-eabi/9.3.1/../../../../arm-none-eabi/lib/thumb/v7e-m+fp/hard/libm.a(lib_a-s_nan.o)
                0x000000000800d508                nan
 .text.rint     0x000000000800d518      0x114 /Applications/STM32CubeIDE.app/Contents/Eclipse/plugins/com.st.stm32cube.ide.mcu.externaltools.gnu-tools-for-stm32.9-2020-q2-update.macos64_2.0.0.202105311346/tools/bin/../lib/gcc/arm-none-eabi/9.3.1/../../../../arm-none-eabi/lib/thumb/v7e-m+fp/hard/libm.a(lib_a-s_rint.o)
                0x000000000800d518                rint
 *fill*         0x000000000800d62c        0x4 
 .text.scalbn   0x000000000800d630      0x10c /Applications/STM32CubeIDE.app/Contents/Eclipse/plugins/com.st.stm32cube.ide.mcu.externaltools.gnu-tools-for-stm32.9-2020-q2-update.macos64_2.0.0.202105311346/tools/bin/../lib/gcc/arm-none-eabi/9.3.1/../../../../arm-none-eabi/lib/thumb/v7e-m+fp/hard/libm.a(lib_a-s_scalbn.o)
                0x000000000800d630                scalbn
 .text.fabsf    0x000000000800d73c        0xe /Applications/STM32CubeIDE.app/Contents/Eclipse/plugins/com.st.stm32cube.ide.mcu.externaltools.gnu-tools-for-stm32.9-2020-q2-update.macos64_2.0.0.202105311346/tools/bin/../lib/gcc/arm-none-eabi/9.3.1/../../../../arm-none-eabi/lib/thumb/v7e-m+fp/hard/libm.a(lib_a-sf_fabs.o)
                0x000000000800d73c                fabsf
 .text.finitef  0x000000000800d74a       0x1a /Applications/STM32CubeIDE.app/Contents/Eclipse/plugins/com.st.stm32cube.ide.mcu.externaltools.gnu-tools-for-stm32.9-2020-q2-update.macos64_2.0.0.202105311346/tools/bin/../lib/gcc/arm-none-eabi/9.3.1/../../../../arm-none-eabi/lib/thumb/v7e-m+fp/hard/libm.a(lib_a-sf_finite.o)
                0x000000000800d74a                finitef
 .text.nanf     0x000000000800d764        0xc /Applications/STM32CubeIDE.app/Contents/Eclipse/plugins/com.st.stm32cube.ide.mcu.externaltools.gnu-tools-for-stm32.9-2020-q2-update.macos64_2.0.0.202105311346/tools/bin/../lib/gcc/arm-none-eabi/9.3.1/../../../../arm-none-eabi/lib/thumb/v7e-m+fp/hard/libm.a(lib_a-sf_nan.o)
                0x000000000800d764                nanf
 .text.rintf    0x000000000800d770       0xb8 /Applications/STM32CubeIDE.app/Contents/Eclipse/plugins/com.st.stm32cube.ide.mcu.externaltools.gnu-tools-for-stm32.9-2020-q2-update.macos64_2.0.0.202105311346/tools/bin/../lib/gcc/arm-none-eabi/9.3.1/../../../../arm-none-eabi/lib/thumb/v7e-m+fp/hard/libm.a(lib_a-sf_rint.o)
                0x000000000800d770                rintf
 .text.scalbnf  0x000000000800d828       0xe4 /Applications/STM32CubeIDE.app/Contents/Eclipse/plugins/com.st.stm32cube.ide.mcu.externaltools.gnu-tools-for-stm32.9-2020-q2-update.macos64_2.0.0.202105311346/tools/bin/../lib/gcc/arm-none-eabi/9.3.1/../../../../arm-none-eabi/lib/thumb/v7e-m+fp/hard/libm.a(lib_a-sf_scalbn.o)
                0x000000000800d828                scalbnf
 *(.glue_7)
 .glue_7        0x000000000800d90c        0x0 linker stubs
 *(.glue_7t)
 .glue_7t       0x000000000800d90c        0x0 linker stubs
 *(.eh_frame)
 .eh_frame      0x000000000800d90c        0x0 /Applications/STM32CubeIDE.app/Contents/Eclipse/plugins/com.st.stm32cube.ide.mcu.externaltools.gnu-tools-for-stm32.9-2020-q2-update.macos64_2.0.0.202105311346/tools/bin/../lib/gcc/arm-none-eabi/9.3.1/thumb/v7e-m+fp/hard/crtbegin.o
 *(.init)
 .init          0x000000000800d90c        0x4 /Applications/STM32CubeIDE.app/Contents/Eclipse/plugins/com.st.stm32cube.ide.mcu.externaltools.gnu-tools-for-stm32.9-2020-q2-update.macos64_2.0.0.202105311346/tools/bin/../lib/gcc/arm-none-eabi/9.3.1/thumb/v7e-m+fp/hard/crti.o
                0x000000000800d90c                _init
 .init          0x000000000800d910        0x8 /Applications/STM32CubeIDE.app/Contents/Eclipse/plugins/com.st.stm32cube.ide.mcu.externaltools.gnu-tools-for-stm32.9-2020-q2-update.macos64_2.0.0.202105311346/tools/bin/../lib/gcc/arm-none-eabi/9.3.1/thumb/v7e-m+fp/hard/crtn.o
 *(.fini)
 .fini          0x000000000800d918        0x4 /Applications/STM32CubeIDE.app/Contents/Eclipse/plugins/com.st.stm32cube.ide.mcu.externaltools.gnu-tools-for-stm32.9-2020-q2-update.macos64_2.0.0.202105311346/tools/bin/../lib/gcc/arm-none-eabi/9.3.1/thumb/v7e-m+fp/hard/crti.o
                0x000000000800d918                _fini
 .fini          0x000000000800d91c        0x8 /Applications/STM32CubeIDE.app/Contents/Eclipse/plugins/com.st.stm32cube.ide.mcu.externaltools.gnu-tools-for-stm32.9-2020-q2-update.macos64_2.0.0.202105311346/tools/bin/../lib/gcc/arm-none-eabi/9.3.1/thumb/v7e-m+fp/hard/crtn.o
                0x000000000800d924                . = ALIGN (0x4)
                0x000000000800d924                _etext = .

.vfp11_veneer   0x000000000800d924        0x0
 .vfp11_veneer  0x000000000800d924        0x0 linker stubs

.v4_bx          0x000000000800d924        0x0
 .v4_bx         0x000000000800d924        0x0 linker stubs

.iplt           0x000000000800d924        0x0
 .iplt          0x000000000800d924        0x0 /Applications/STM32CubeIDE.app/Contents/Eclipse/plugins/com.st.stm32cube.ide.mcu.externaltools.gnu-tools-for-stm32.9-2020-q2-update.macos64_2.0.0.202105311346/tools/bin/../lib/gcc/arm-none-eabi/9.3.1/thumb/v7e-m+fp/hard/crtbegin.o

.rodata         0x000000000800d928      0xc00
                0x000000000800d928                . = ALIGN (0x4)
 *(.rodata)
 .rodata        0x000000000800d928       0x89 ./Core/Src/main.o
 *fill*         0x000000000800d9b1        0x3 
 .rodata        0x000000000800d9b4        0x5 ./Middlewares/Third_Party/FreeRTOS/Source/tasks.o
 *fill*         0x000000000800d9b9        0x3 
 .rodata        0x000000000800d9bc        0xd ./Middlewares/Third_Party/FreeRTOS/Source/timers.o
 *(.rodata*)
 *fill*         0x000000000800d9c9        0x3 
 .rodata.LED_Toggle_attributes
                0x000000000800d9cc       0x24 ./Core/Src/main.o
                0x000000000800d9cc                LED_Toggle_attributes
 .rodata.MotorTask_attributes
                0x000000000800d9f0       0x24 ./Core/Src/main.o
                0x000000000800d9f0                MotorTask_attributes
 .rodata.AHBPrescTable
                0x000000000800da14       0x10 ./Core/Src/system_stm32f4xx.o
                0x000000000800da14                AHBPrescTable
 .rodata.APBPrescTable
                0x000000000800da24        0x8 ./Core/Src/system_stm32f4xx.o
                0x000000000800da24                APBPrescTable
 .rodata.oled_asc2_1206
                0x000000000800da2c      0x474 ./PeripheralDrivers/src/oled.o
                0x000000000800da2c                oled_asc2_1206
 .rodata.oled_asc2_1608
                0x000000000800dea0      0x5f0 ./PeripheralDrivers/src/oled.o
                0x000000000800dea0                oled_asc2_1608
 .rodata._svfprintf_r.str1.1
                0x000000000800e490       0x11 /Applications/STM32CubeIDE.app/Contents/Eclipse/plugins/com.st.stm32cube.ide.mcu.externaltools.gnu-tools-for-stm32.9-2020-q2-update.macos64_2.0.0.202105311346/tools/bin/../lib/gcc/arm-none-eabi/9.3.1/../../../../arm-none-eabi/lib/thumb/v7e-m+fp/hard/libc_nano.a(lib_a-nano-svfprintf.o)
 .rodata._printf_i.str1.1
                0x000000000800e4a1       0x22 /Applications/STM32CubeIDE.app/Contents/Eclipse/plugins/com.st.stm32cube.ide.mcu.externaltools.gnu-tools-for-stm32.9-2020-q2-update.macos64_2.0.0.202105311346/tools/bin/../lib/gcc/arm-none-eabi/9.3.1/../../../../arm-none-eabi/lib/thumb/v7e-m+fp/hard/libc_nano.a(lib_a-nano-vfprintf_i.o)
 .rodata.__ieee754_pow.str1.1
                0x000000000800e4c3       0x22 /Applications/STM32CubeIDE.app/Contents/Eclipse/plugins/com.st.stm32cube.ide.mcu.externaltools.gnu-tools-for-stm32.9-2020-q2-update.macos64_2.0.0.202105311346/tools/bin/../lib/gcc/arm-none-eabi/9.3.1/../../../../arm-none-eabi/lib/thumb/v7e-m+fp/hard/libm.a(lib_a-e_pow.o)
                                          0x1 (size before relaxing)
 *fill*         0x000000000800e4c3        0x5 
 .rodata.bp     0x000000000800e4c8       0x10 /Applications/STM32CubeIDE.app/Contents/Eclipse/plugins/com.st.stm32cube.ide.mcu.externaltools.gnu-tools-for-stm32.9-2020-q2-update.macos64_2.0.0.202105311346/tools/bin/../lib/gcc/arm-none-eabi/9.3.1/../../../../arm-none-eabi/lib/thumb/v7e-m+fp/hard/libm.a(lib_a-e_pow.o)
 .rodata.dp_h   0x000000000800e4d8       0x10 /Applications/STM32CubeIDE.app/Contents/Eclipse/plugins/com.st.stm32cube.ide.mcu.externaltools.gnu-tools-for-stm32.9-2020-q2-update.macos64_2.0.0.202105311346/tools/bin/../lib/gcc/arm-none-eabi/9.3.1/../../../../arm-none-eabi/lib/thumb/v7e-m+fp/hard/libm.a(lib_a-e_pow.o)
 .rodata.dp_l   0x000000000800e4e8       0x10 /Applications/STM32CubeIDE.app/Contents/Eclipse/plugins/com.st.stm32cube.ide.mcu.externaltools.gnu-tools-for-stm32.9-2020-q2-update.macos64_2.0.0.202105311346/tools/bin/../lib/gcc/arm-none-eabi/9.3.1/../../../../arm-none-eabi/lib/thumb/v7e-m+fp/hard/libm.a(lib_a-e_pow.o)
 .rodata.__ieee754_powf.str1.1
                0x000000000800e4f8        0x1 /Applications/STM32CubeIDE.app/Contents/Eclipse/plugins/com.st.stm32cube.ide.mcu.externaltools.gnu-tools-for-stm32.9-2020-q2-update.macos64_2.0.0.202105311346/tools/bin/../lib/gcc/arm-none-eabi/9.3.1/../../../../arm-none-eabi/lib/thumb/v7e-m+fp/hard/libm.a(lib_a-ef_pow.o)
 .rodata.bp     0x000000000800e4f8        0x8 /Applications/STM32CubeIDE.app/Contents/Eclipse/plugins/com.st.stm32cube.ide.mcu.externaltools.gnu-tools-for-stm32.9-2020-q2-update.macos64_2.0.0.202105311346/tools/bin/../lib/gcc/arm-none-eabi/9.3.1/../../../../arm-none-eabi/lib/thumb/v7e-m+fp/hard/libm.a(lib_a-ef_pow.o)
 .rodata.dp_h   0x000000000800e500        0x8 /Applications/STM32CubeIDE.app/Contents/Eclipse/plugins/com.st.stm32cube.ide.mcu.externaltools.gnu-tools-for-stm32.9-2020-q2-update.macos64_2.0.0.202105311346/tools/bin/../lib/gcc/arm-none-eabi/9.3.1/../../../../arm-none-eabi/lib/thumb/v7e-m+fp/hard/libm.a(lib_a-ef_pow.o)
 .rodata.dp_l   0x000000000800e508        0x8 /Applications/STM32CubeIDE.app/Contents/Eclipse/plugins/com.st.stm32cube.ide.mcu.externaltools.gnu-tools-for-stm32.9-2020-q2-update.macos64_2.0.0.202105311346/tools/bin/../lib/gcc/arm-none-eabi/9.3.1/../../../../arm-none-eabi/lib/thumb/v7e-m+fp/hard/libm.a(lib_a-ef_pow.o)
 .rodata.TWO52  0x000000000800e510       0x10 /Applications/STM32CubeIDE.app/Contents/Eclipse/plugins/com.st.stm32cube.ide.mcu.externaltools.gnu-tools-for-stm32.9-2020-q2-update.macos64_2.0.0.202105311346/tools/bin/../lib/gcc/arm-none-eabi/9.3.1/../../../../arm-none-eabi/lib/thumb/v7e-m+fp/hard/libm.a(lib_a-s_rint.o)
 .rodata.TWO23  0x000000000800e520        0x8 /Applications/STM32CubeIDE.app/Contents/Eclipse/plugins/com.st.stm32cube.ide.mcu.externaltools.gnu-tools-for-stm32.9-2020-q2-update.macos64_2.0.0.202105311346/tools/bin/../lib/gcc/arm-none-eabi/9.3.1/../../../../arm-none-eabi/lib/thumb/v7e-m+fp/hard/libm.a(lib_a-sf_rint.o)
                0x000000000800e528                . = ALIGN (0x4)

.ARM.extab      0x000000000800e528        0x0
                0x000000000800e528                . = ALIGN (0x4)
 *(.ARM.extab* .gnu.linkonce.armextab.*)
                0x000000000800e528                . = ALIGN (0x4)

.ARM            0x000000000800e528        0x8
                0x000000000800e528                . = ALIGN (0x4)
                0x000000000800e528                __exidx_start = .
 *(.ARM.exidx*)
 .ARM.exidx     0x000000000800e528        0x8 /Applications/STM32CubeIDE.app/Contents/Eclipse/plugins/com.st.stm32cube.ide.mcu.externaltools.gnu-tools-for-stm32.9-2020-q2-update.macos64_2.0.0.202105311346/tools/bin/../lib/gcc/arm-none-eabi/9.3.1/thumb/v7e-m+fp/hard/libgcc.a(_udivmoddi4.o)
                0x000000000800e530                __exidx_end = .
                0x000000000800e530                . = ALIGN (0x4)

.rel.dyn        0x000000000800e530        0x0
 .rel.iplt      0x000000000800e530        0x0 /Applications/STM32CubeIDE.app/Contents/Eclipse/plugins/com.st.stm32cube.ide.mcu.externaltools.gnu-tools-for-stm32.9-2020-q2-update.macos64_2.0.0.202105311346/tools/bin/../lib/gcc/arm-none-eabi/9.3.1/thumb/v7e-m+fp/hard/crtbegin.o

.preinit_array  0x000000000800e530        0x0
                0x000000000800e530                . = ALIGN (0x4)
                0x000000000800e530                PROVIDE (__preinit_array_start = .)
 *(.preinit_array*)
                0x000000000800e530                PROVIDE (__preinit_array_end = .)
                0x000000000800e530                . = ALIGN (0x4)

.init_array     0x000000000800e530        0x4
                0x000000000800e530                . = ALIGN (0x4)
                0x000000000800e530                PROVIDE (__init_array_start = .)
 *(SORT_BY_NAME(.init_array.*))
 *(.init_array*)
 .init_array    0x000000000800e530        0x4 /Applications/STM32CubeIDE.app/Contents/Eclipse/plugins/com.st.stm32cube.ide.mcu.externaltools.gnu-tools-for-stm32.9-2020-q2-update.macos64_2.0.0.202105311346/tools/bin/../lib/gcc/arm-none-eabi/9.3.1/thumb/v7e-m+fp/hard/crtbegin.o
                0x000000000800e534                PROVIDE (__init_array_end = .)
                0x000000000800e534                . = ALIGN (0x4)

.fini_array     0x000000000800e534        0x4
                0x000000000800e534                . = ALIGN (0x4)
                [!provide]                        PROVIDE (__fini_array_start = .)
 *(SORT_BY_NAME(.fini_array.*))
 *(.fini_array*)
 .fini_array    0x000000000800e534        0x4 /Applications/STM32CubeIDE.app/Contents/Eclipse/plugins/com.st.stm32cube.ide.mcu.externaltools.gnu-tools-for-stm32.9-2020-q2-update.macos64_2.0.0.202105311346/tools/bin/../lib/gcc/arm-none-eabi/9.3.1/thumb/v7e-m+fp/hard/crtbegin.o
                [!provide]                        PROVIDE (__fini_array_end = .)
                0x000000000800e538                . = ALIGN (0x4)
                0x000000000800e538                _sidata = LOADADDR (.data)

.data           0x0000000020000000       0x78 load address 0x000000000800e538
                0x0000000020000000                . = ALIGN (0x4)
                0x0000000020000000                _sdata = .
 *(.data)
 *(.data*)
 .data.SystemCoreClock
                0x0000000020000000        0x4 ./Core/Src/system_stm32f4xx.o
                0x0000000020000000                SystemCoreClock
 .data.uwTickPrio
                0x0000000020000004        0x4 ./Drivers/STM32F4xx_HAL_Driver/Src/stm32f4xx_hal.o
                0x0000000020000004                uwTickPrio
 .data.uwTickFreq
                0x0000000020000008        0x1 ./Drivers/STM32F4xx_HAL_Driver/Src/stm32f4xx_hal.o
                0x0000000020000008                uwTickFreq
 *fill*         0x0000000020000009        0x3 
 .data.uxCriticalNesting
                0x000000002000000c        0x4 ./Middlewares/Third_Party/FreeRTOS/Source/portable/GCC/ARM_CM4F/port.o
 .data._impure_ptr
                0x0000000020000010        0x4 /Applications/STM32CubeIDE.app/Contents/Eclipse/plugins/com.st.stm32cube.ide.mcu.externaltools.gnu-tools-for-stm32.9-2020-q2-update.macos64_2.0.0.202105311346/tools/bin/../lib/gcc/arm-none-eabi/9.3.1/../../../../arm-none-eabi/lib/thumb/v7e-m+fp/hard/libc_nano.a(lib_a-impure.o)
                0x0000000020000010                _impure_ptr
 .data.impure_data
                0x0000000020000014       0x60 /Applications/STM32CubeIDE.app/Contents/Eclipse/plugins/com.st.stm32cube.ide.mcu.externaltools.gnu-tools-for-stm32.9-2020-q2-update.macos64_2.0.0.202105311346/tools/bin/../lib/gcc/arm-none-eabi/9.3.1/../../../../arm-none-eabi/lib/thumb/v7e-m+fp/hard/libc_nano.a(lib_a-impure.o)
 .data.__fdlib_version
                0x0000000020000074        0x1 /Applications/STM32CubeIDE.app/Contents/Eclipse/plugins/com.st.stm32cube.ide.mcu.externaltools.gnu-tools-for-stm32.9-2020-q2-update.macos64_2.0.0.202105311346/tools/bin/../lib/gcc/arm-none-eabi/9.3.1/../../../../arm-none-eabi/lib/thumb/v7e-m+fp/hard/libm.a(lib_a-s_lib_ver.o)
                0x0000000020000074                __fdlib_version
 *(.RamFunc)
 *(.RamFunc*)
                0x0000000020000078                . = ALIGN (0x4)
 *fill*         0x0000000020000075        0x3 
                0x0000000020000078                _edata = .
                0x000000000800e5b0                _siccmram = LOADADDR (.ccmram)

.igot.plt       0x0000000020000078        0x0 load address 0x000000000800e5b0
 .igot.plt      0x0000000020000078        0x0 /Applications/STM32CubeIDE.app/Contents/Eclipse/plugins/com.st.stm32cube.ide.mcu.externaltools.gnu-tools-for-stm32.9-2020-q2-update.macos64_2.0.0.202105311346/tools/bin/../lib/gcc/arm-none-eabi/9.3.1/thumb/v7e-m+fp/hard/crtbegin.o

.ccmram         0x0000000010000000        0x0 load address 0x000000000800e5b0
                0x0000000010000000                . = ALIGN (0x4)
                0x0000000010000000                _sccmram = .
 *(.ccmram)
 *(.ccmram*)
                0x0000000010000000                . = ALIGN (0x4)
                0x0000000010000000                _eccmram = .
                0x0000000010000000                . = ALIGN (0x4)

.bss            0x0000000020000078     0x50e8
                0x0000000020000078                _sbss = .
                0x0000000020000078                __bss_start__ = _sbss
 *(.bss)
 .bss           0x0000000020000078       0x1c /Applications/STM32CubeIDE.app/Contents/Eclipse/plugins/com.st.stm32cube.ide.mcu.externaltools.gnu-tools-for-stm32.9-2020-q2-update.macos64_2.0.0.202105311346/tools/bin/../lib/gcc/arm-none-eabi/9.3.1/thumb/v7e-m+fp/hard/crtbegin.o
 *(.bss*)
 .bss.diffl     0x0000000020000094        0x2 ./Core/Src/main.o
                0x0000000020000094                diffl
 .bss.diffr     0x0000000020000096        0x2 ./Core/Src/main.o
                0x0000000020000096                diffr
 .bss.avg       0x0000000020000098        0x2 ./Core/Src/main.o
                0x0000000020000098                avg
 *fill*         0x000000002000009a        0x2 
 .bss.tick      0x000000002000009c        0x4 ./Core/Src/main.o
                0x000000002000009c                tick
 .bss.IC_Val1   0x00000000200000a0        0x4 ./Core/Src/main.o
                0x00000000200000a0                IC_Val1
 .bss.IC_Val2   0x00000000200000a4        0x4 ./Core/Src/main.o
                0x00000000200000a4                IC_Val2
 .bss.Difference
                0x00000000200000a8        0x4 ./Core/Src/main.o
                0x00000000200000a8                Difference
 .bss.Is_First_Captured
                0x00000000200000ac        0x4 ./Core/Src/main.o
                0x00000000200000ac                Is_First_Captured
 .bss.Distance  0x00000000200000b0        0x2 ./Core/Src/main.o
                0x00000000200000b0                Distance
 .bss.uDistCheck1
                0x00000000200000b2        0x2 ./Core/Src/main.o
                0x00000000200000b2                uDistCheck1
 .bss.uDistCheck2
                0x00000000200000b4        0x4 ./Core/Src/main.o
                0x00000000200000b4                uDistCheck2
 .bss.uDistFinal
                0x00000000200000b8        0x4 ./Core/Src/main.o
                0x00000000200000b8                uDistFinal
 .bss.ir1Dist   0x00000000200000bc        0x4 ./Core/Src/main.o
                0x00000000200000bc                ir1Dist
 .bss.ir2Dist   0x00000000200000c0        0x4 ./Core/Src/main.o
                0x00000000200000c0                ir2Dist
 .bss.outLeft   0x00000000200000c4        0x4 ./Core/Src/main.o
                0x00000000200000c4                outLeft
 .bss.outRight  0x00000000200000c8        0x4 ./Core/Src/main.o
                0x00000000200000c8                outRight
 .bss.errorLeft
                0x00000000200000cc        0x4 ./Core/Src/main.o
                0x00000000200000cc                errorLeft
 .bss.errorRight
                0x00000000200000d0        0x4 ./Core/Src/main.o
                0x00000000200000d0                errorRight
 .bss.distanceLeft
                0x00000000200000d4        0x4 ./Core/Src/main.o
                0x00000000200000d4                distanceLeft
 .bss.distanceRight
                0x00000000200000d8        0x4 ./Core/Src/main.o
                0x00000000200000d8                distanceRight
 .bss.__sbrk_heap_end
                0x00000000200000dc        0x4 ./Core/Src/sysmem.o
 .bss.KernelState
                0x00000000200000e0        0x4 ./Middlewares/Third_Party/FreeRTOS/Source/CMSIS_RTOS_V2/cmsis_os2.o
 .bss.Idle_TCB.10842
                0x00000000200000e4       0x5c ./Middlewares/Third_Party/FreeRTOS/Source/CMSIS_RTOS_V2/cmsis_os2.o
 .bss.Idle_Stack.10843
                0x0000000020000140      0x200 ./Middlewares/Third_Party/FreeRTOS/Source/CMSIS_RTOS_V2/cmsis_os2.o
 .bss.Timer_TCB.10849
                0x0000000020000340       0x5c ./Middlewares/Third_Party/FreeRTOS/Source/CMSIS_RTOS_V2/cmsis_os2.o
 .bss.Timer_Stack.10850
                0x000000002000039c      0x400 ./Middlewares/Third_Party/FreeRTOS/Source/CMSIS_RTOS_V2/cmsis_os2.o
 .bss.pxCurrentTCB
                0x000000002000079c        0x4 ./Middlewares/Third_Party/FreeRTOS/Source/tasks.o
                0x000000002000079c                pxCurrentTCB
 .bss.pxReadyTasksLists
                0x00000000200007a0      0x460 ./Middlewares/Third_Party/FreeRTOS/Source/tasks.o
 .bss.xDelayedTaskList1
                0x0000000020000c00       0x14 ./Middlewares/Third_Party/FreeRTOS/Source/tasks.o
 .bss.xDelayedTaskList2
                0x0000000020000c14       0x14 ./Middlewares/Third_Party/FreeRTOS/Source/tasks.o
 .bss.pxDelayedTaskList
                0x0000000020000c28        0x4 ./Middlewares/Third_Party/FreeRTOS/Source/tasks.o
 .bss.pxOverflowDelayedTaskList
                0x0000000020000c2c        0x4 ./Middlewares/Third_Party/FreeRTOS/Source/tasks.o
 .bss.xPendingReadyList
                0x0000000020000c30       0x14 ./Middlewares/Third_Party/FreeRTOS/Source/tasks.o
 .bss.xTasksWaitingTermination
                0x0000000020000c44       0x14 ./Middlewares/Third_Party/FreeRTOS/Source/tasks.o
 .bss.uxDeletedTasksWaitingCleanUp
                0x0000000020000c58        0x4 ./Middlewares/Third_Party/FreeRTOS/Source/tasks.o
 .bss.xSuspendedTaskList
                0x0000000020000c5c       0x14 ./Middlewares/Third_Party/FreeRTOS/Source/tasks.o
 .bss.uxCurrentNumberOfTasks
                0x0000000020000c70        0x4 ./Middlewares/Third_Party/FreeRTOS/Source/tasks.o
 .bss.xTickCount