09:43:53 **** Incremental Build of configuration Debug for project MDP_grp13 ****
make -j8 all 
arm-none-eabi-gcc "../Core/Src/main.c" -mcpu=cortex-m4 -std=gnu11 -g3 -DDEBUG -DUSE_HAL_DRIVER -DSTM32F407xx -c -I"C:/Users/limke/OneDrive/Desktop/MDP/MDP_grp13/PeripheralDrivers/inc" -I"C:/Users/limke/OneDrive/Desktop/MDP/MDP_grp13/PeripheralDrivers" -I../Core/Inc -I../Middlewares/Third_Party/FreeRTOS/Source/include -I../Middlewares/Third_Party/FreeRTOS/Source/portable/GCC/ARM_CM4F -I../Drivers/CMSIS/Include -I../Drivers/STM32F4xx_HAL_Driver/Inc -I../Drivers/CMSIS/Device/ST/STM32F4xx/Include -I../Middlewares/Third_Party/FreeRTOS/Source/CMSIS_RTOS_V2 -I../Drivers/STM32F4xx_HAL_Driver/Inc/Legacy -O0 -ffunction-sections -fdata-sections -Wall -fstack-usage -MMD -MP -MF"Core/Src/main.d" -MT"Core/Src/main.o" --specs=nano.specs -mfpu=fpv4-sp-d16 -mfloat-abi=hard -mthumb -o "Core/Src/main.o"
../Core/Src/main.c:105:27: warning: data definition has no type or storage class
  105 | uint16_t uDistCheck1 = 0; uDistCheck2 = 0; uDistFinal = 0; Dist=0;
      |                           ^~~~~~~~~~~
../Core/Src/main.c:105:27: warning: type defaults to 'int' in declaration of 'uDistCheck2' [-Wimplicit-int]
../Core/Src/main.c:105:44: warning: data definition has no type or storage class
  105 | uint16_t uDistCheck1 = 0; uDistCheck2 = 0; uDistFinal = 0; Dist=0;
      |                                            ^~~~~~~~~~
../Core/Src/main.c:105:44: warning: type defaults to 'int' in declaration of 'uDistFinal' [-Wimplicit-int]
../Core/Src/main.c:105:60: warning: data definition has no type or storage class
  105 | uint16_t uDistCheck1 = 0; uDistCheck2 = 0; uDistFinal = 0; Dist=0;
      |                                                            ^~~~
../Core/Src/main.c:105:60: warning: type defaults to 'int' in declaration of 'Dist' [-Wimplicit-int]
../Core/Src/main.c: In function 'motorControl':
../Core/Src/main.c:227:12: warning: implicit declaration of function 'abs' [-Wimplicit-function-declaration]
  227 |    diffl = abs(cntl2);
      |            ^~~
../Core/Src/main.c:231:4: warning: implicit declaration of function 'sprintf' [-Wimplicit-function-declaration]
  231 |    sprintf(display,"Left:%5d\0", diffl/68);
      |    ^~~~~~~
../Core/Src/main.c:231:4: warning: incompatible implicit declaration of built-in function 'sprintf'
../Core/Src/main.c:27:1: note: include '<stdio.h>' or provide a declaration of 'sprintf'
   26 | #include "math.h"
  +++ |+#include <stdio.h>
   27 | /* USER CODE END Includes */
../Core/Src/main.c:231:12: warning: pointer targets in passing argument 1 of 'sprintf' differ in signedness [-Wpointer-sign]
  231 |    sprintf(display,"Left:%5d\0", diffl/68);
      |            ^~~~~~~
      |            |
      |            uint8_t * {aka unsigned char *}
../Core/Src/main.c:231:12: note: expected 'char *' but argument is of type 'uint8_t *' {aka 'unsigned char *'}
../Core/Src/main.c:231:29: warning: embedded '\0' in format [-Wformat-contains-nul]
  231 |    sprintf(display,"Left:%5d\0", diffl/68);
      |                             ^~
../Core/Src/main.c:233:12: warning: pointer targets in passing argument 1 of 'sprintf' differ in signedness [-Wpointer-sign]
  233 |    sprintf(display,"Right:%5d\0", diffr/68);
      |            ^~~~~~~
      |            |
      |            uint8_t * {aka unsigned char *}
../Core/Src/main.c:233:12: note: expected 'char *' but argument is of type 'uint8_t *' {aka 'unsigned char *'}
../Core/Src/main.c:233:30: warning: embedded '\0' in format [-Wformat-contains-nul]
  233 |    sprintf(display,"Right:%5d\0", diffr/68);
      |                              ^~
../Core/Src/main.c: In function 'StartDefaultTask':
../Core/Src/main.c:861:3: warning: incompatible implicit declaration of built-in function 'sprintf'
  861 |   sprintf(checkPi, "%s\0", aRxBuffer);
      |   ^~~~~~~
../Core/Src/main.c:861:3: note: include '<stdio.h>' or provide a declaration of 'sprintf'
../Core/Src/main.c:861:11: warning: pointer targets in passing argument 1 of 'sprintf' differ in signedness [-Wpointer-sign]
  861 |   sprintf(checkPi, "%s\0", aRxBuffer);
      |           ^~~~~~~
      |           |
      |           uint8_t * {aka unsigned char *}
../Core/Src/main.c:861:11: note: expected 'char *' but argument is of type 'uint8_t *' {aka 'unsigned char *'}
../Core/Src/main.c:861:23: warning: embedded '\0' in format [-Wformat-contains-nul]
  861 |   sprintf(checkPi, "%s\0", aRxBuffer);
      |                       ^~
../Core/Src/main.c:872:11: warning: pointer targets in passing argument 1 of 'sprintf' differ in signedness [-Wpointer-sign]
  872 |   sprintf(ultra, "uDist: %u cm\0", uDistFinal);
      |           ^~~~~
      |           |
      |           uint8_t * {aka unsigned char *}
../Core/Src/main.c:872:11: note: expected 'char *' but argument is of type 'uint8_t *' {aka 'unsigned char *'}
../Core/Src/main.c:872:31: warning: embedded '\0' in format [-Wformat-contains-nul]
  872 |   sprintf(ultra, "uDist: %u cm\0", uDistFinal);
      |                               ^~
../Core/Src/main.c: In function 'motor':
../Core/Src/main.c:930:53: warning: implicit declaration of function 'strlen' [-Wimplicit-function-declaration]
  930 |     HAL_UART_Transmit_IT(&huart3, (uint8_t *)reply, strlen(reply));
      |                                                     ^~~~~~
../Core/Src/main.c:930:53: warning: incompatible implicit declaration of built-in function 'strlen'
../Core/Src/main.c:27:1: note: include '<string.h>' or provide a declaration of 'strlen'
   26 | #include "math.h"
  +++ |+#include <string.h>
   27 | /* USER CODE END Includes */
../Core/Src/main.c:959:1: error: expected declaration or statement at end of input
  959 | }
      | ^
../Core/Src/main.c:895:6: warning: unused variable 'x' [-Wunused-variable]
  895 |  int x = 0;
      |      ^
../Core/Src/main.c: In function 'motorControl':
../Core/Src/main.c:285:1: warning: control reaches end of non-void function [-Wreturn-type]
  285 | }
      | ^
../Core/Src/main.c: In function 'StartDefaultTask':
../Core/Src/main.c:861:21: warning: '%s' directive writing up to 19 bytes into a region of size 2 [-Wformat-overflow=]
  861 |   sprintf(checkPi, "%s\0", aRxBuffer);
      |                     ^~     ~~~~~~~~~
../Core/Src/main.c:861:3: note: 'sprintf' output between 1 and 20 bytes into a destination of size 2
  861 |   sprintf(checkPi, "%s\0", aRxBuffer);
      |   ^~~~~~~~~~~~~~~~~~~~~~~~~~~~~~~~~~~
At top level:
../Core/Src/main.c:952:6: warning: 'Error_Handler' defined but not used [-Wunused-function]
  952 | void Error_Handler(void)
      |      ^~~~~~~~~~~~~
make: *** [Core/Src/subdir.mk:37: Core/Src/main.o] Error 1
"make -j8 all" terminated with exit code 2. Build might be incomplete.
09:44:41 **** Incremental Build of configuration Debug for project MDP_grp13 ****
make -j8 all 
arm-none-eabi-gcc "../Core/Src/main.c" -mcpu=cortex-m4 -std=gnu11 -g3 -DDEBUG -DUSE_HAL_DRIVER -DSTM32F407xx -c -I"C:/Users/limke/OneDrive/Desktop/MDP/MDP_grp13/PeripheralDrivers/inc" -I"C:/Users/limke/OneDrive/Desktop/MDP/MDP_grp13/PeripheralDrivers" -I../Core/Inc -I../Middlewares/Third_Party/FreeRTOS/Source/include -I../Middlewares/Third_Party/FreeRTOS/Source/portable/GCC/ARM_CM4F -I../Drivers/CMSIS/Include -I../Drivers/STM32F4xx_HAL_Driver/Inc -I../Drivers/CMSIS/Device/ST/STM32F4xx/Include -I../Middlewares/Third_Party/FreeRTOS/Source/CMSIS_RTOS_V2 -I../Drivers/STM32F4xx_HAL_Driver/Inc/Legacy -O0 -ffunction-sections -fdata-sections -Wall -fstack-usage -MMD -MP -MF"Core/Src/main.d" -MT"Core/Src/main.o" --specs=nano.specs -mfpu=fpv4-sp-d16 -mfloat-abi=hard -mthumb -o "Core/Src/main.o"
../Core/Src/main.c:105:27: warning: data definition has no type or storage class
  105 | uint16_t uDistCheck1 = 0; uDistCheck2 = 0; uDistFinal = 0; Dist=0;
      |                           ^~~~~~~~~~~
../Core/Src/main.c:105:27: warning: type defaults to 'int' in declaration of 'uDistCheck2' [-Wimplicit-int]
../Core/Src/main.c:105:44: warning: data definition has no type or storage class
  105 | uint16_t uDistCheck1 = 0; uDistCheck2 = 0; uDistFinal = 0; Dist=0;
      |                                            ^~~~~~~~~~
../Core/Src/main.c:105:44: warning: type defaults to 'int' in declaration of 'uDistFinal' [-Wimplicit-int]
../Core/Src/main.c:105:60: warning: data definition has no type or storage class
  105 | uint16_t uDistCheck1 = 0; uDistCheck2 = 0; uDistFinal = 0; Dist=0;
      |                                                            ^~~~
../Core/Src/main.c:105:60: warning: type defaults to 'int' in declaration of 'Dist' [-Wimplicit-int]
../Core/Src/main.c: In function 'motorControl':
../Core/Src/main.c:227:12: warning: implicit declaration of function 'abs' [-Wimplicit-function-declaration]
  227 |    diffl = abs(cntl2);
      |            ^~~
../Core/Src/main.c:231:4: warning: implicit declaration of function 'sprintf' [-Wimplicit-function-declaration]
  231 |    sprintf(display,"Left:%5d\0", diffl/68);
      |    ^~~~~~~
../Core/Src/main.c:231:4: warning: incompatible implicit declaration of built-in function 'sprintf'
../Core/Src/main.c:27:1: note: include '<stdio.h>' or provide a declaration of 'sprintf'
   26 | #include "math.h"
  +++ |+#include <stdio.h>
   27 | /* USER CODE END Includes */
../Core/Src/main.c:231:12: warning: pointer targets in passing argument 1 of 'sprintf' differ in signedness [-Wpointer-sign]
  231 |    sprintf(display,"Left:%5d\0", diffl/68);
      |            ^~~~~~~
      |            |
      |            uint8_t * {aka unsigned char *}
../Core/Src/main.c:231:12: note: expected 'char *' but argument is of type 'uint8_t *' {aka 'unsigned char *'}
../Core/Src/main.c:231:29: warning: embedded '\0' in format [-Wformat-contains-nul]
  231 |    sprintf(display,"Left:%5d\0", diffl/68);
      |                             ^~
../Core/Src/main.c:233:12: warning: pointer targets in passing argument 1 of 'sprintf' differ in signedness [-Wpointer-sign]
  233 |    sprintf(display,"Right:%5d\0", diffr/68);
      |            ^~~~~~~
      |            |
      |            uint8_t * {aka unsigned char *}
../Core/Src/main.c:233:12: note: expected 'char *' but argument is of type 'uint8_t *' {aka 'unsigned char *'}
../Core/Src/main.c:233:30: warning: embedded '\0' in format [-Wformat-contains-nul]
  233 |    sprintf(display,"Right:%5d\0", diffr/68);
      |                              ^~
../Core/Src/main.c: In function 'StartDefaultTask':
../Core/Src/main.c:861:3: warning: incompatible implicit declaration of built-in function 'sprintf'
  861 |   sprintf(checkPi, "%s\0", aRxBuffer);
      |   ^~~~~~~
../Core/Src/main.c:861:3: note: include '<stdio.h>' or provide a declaration of 'sprintf'
../Core/Src/main.c:861:11: warning: pointer targets in passing argument 1 of 'sprintf' differ in signedness [-Wpointer-sign]
  861 |   sprintf(checkPi, "%s\0", aRxBuffer);
      |           ^~~~~~~
      |           |
      |           uint8_t * {aka unsigned char *}
../Core/Src/main.c:861:11: note: expected 'char *' but argument is of type 'uint8_t *' {aka 'unsigned char *'}
../Core/Src/main.c:861:23: warning: embedded '\0' in format [-Wformat-contains-nul]
  861 |   sprintf(checkPi, "%s\0", aRxBuffer);
      |                       ^~
../Core/Src/main.c:872:11: warning: pointer targets in passing argument 1 of 'sprintf' differ in signedness [-Wpointer-sign]
  872 |   sprintf(ultra, "uDist: %u cm\0", uDistFinal);
      |           ^~~~~
      |           |
      |           uint8_t * {aka unsigned char *}
../Core/Src/main.c:872:11: note: expected 'char *' but argument is of type 'uint8_t *' {aka 'unsigned char *'}
../Core/Src/main.c:872:31: warning: embedded '\0' in format [-Wformat-contains-nul]
  872 |   sprintf(ultra, "uDist: %u cm\0", uDistFinal);
      |                               ^~
../Core/Src/main.c: In function 'motor':
../Core/Src/main.c:930:53: warning: implicit declaration of function 'strlen' [-Wimplicit-function-declaration]
  930 |     HAL_UART_Transmit_IT(&huart3, (uint8_t *)reply, strlen(reply));
      |                                                     ^~~~~~
../Core/Src/main.c:930:53: warning: incompatible implicit declaration of built-in function 'strlen'
../Core/Src/main.c:27:1: note: include '<string.h>' or provide a declaration of 'strlen'
   26 | #include "math.h"
  +++ |+#include <string.h>
   27 | /* USER CODE END Includes */
../Core/Src/main.c:895:6: warning: unused variable 'x' [-Wunused-variable]
  895 |  int x = 0;
      |      ^
../Core/Src/main.c: In function 'motorControl':
../Core/Src/main.c:285:1: warning: control reaches end of non-void function [-Wreturn-type]
  285 | }
      | ^
../Core/Src/main.c: In function 'StartDefaultTask':
../Core/Src/main.c:861:21: warning: '%s' directive writing up to 19 bytes into a region of size 2 [-Wformat-overflow=]
  861 |   sprintf(checkPi, "%s\0", aRxBuffer);
      |                     ^~     ~~~~~~~~~
../Core/Src/main.c:861:3: note: 'sprintf' output between 1 and 20 bytes into a destination of size 2
  861 |   sprintf(checkPi, "%s\0", aRxBuffer);
      |   ^~~~~~~~~~~~~~~~~~~~~~~~~~~~~~~~~~~
arm-none-eabi-gcc -o "MDP_grp13.elf" @"objects.list"   -mcpu=cortex-m4 -T"C:\Users\limke\OneDrive\Desktop\MDP\MDP_grp13\STM32F407VETX_FLASH.ld" --specs=nosys.specs -Wl,-Map="MDP_grp13.map" -Wl,--gc-sections -static --specs=nano.specs -mfpu=fpv4-sp-d16 -mfloat-abi=hard -mthumb -Wl,--start-group -lc -lm -Wl,--end-group
Finished building target: MDP_grp13.elf
 
arm-none-eabi-size   MDP_grp13.elf 
arm-none-eabi-objdump -h -S  MDP_grp13.elf  > "MDP_grp13.list"
arm-none-eabi-objcopy  -O ihex  MDP_grp13.elf  "MDP_grp13.hex"
   text	   data	    bss	    dec	    hex	filename
  46372	    128	  21944	  68444	  10b5c	MDP_grp13.elf
Finished building: default.size.stdout
 
Finished building: MDP_grp13.hex
 
Finished building: MDP_grp13.list
 
09:51:30 **** Incremental Build of configuration Debug for project MDP_grp13 ****
make -j8 all 
arm-none-eabi-gcc "../Core/Src/main.c" -mcpu=cortex-m4 -std=gnu11 -g3 -DDEBUG -DUSE_HAL_DRIVER -DSTM32F407xx -c -I"C:/Users/limke/OneDrive/Desktop/MDP/MDP_grp13/PeripheralDrivers/inc" -I"C:/Users/limke/OneDrive/Desktop/MDP/MDP_grp13/PeripheralDrivers" -I../Core/Inc -I../Middlewares/Third_Party/FreeRTOS/Source/include -I../Middlewares/Third_Party/FreeRTOS/Source/portable/GCC/ARM_CM4F -I../Drivers/CMSIS/Include -I../Drivers/STM32F4xx_HAL_Driver/Inc -I../Drivers/CMSIS/Device/ST/STM32F4xx/Include -I../Middlewares/Third_Party/FreeRTOS/Source/CMSIS_RTOS_V2 -I../Drivers/STM32F4xx_HAL_Driver/Inc/Legacy -O0 -ffunction-sections -fdata-sections -Wall -fstack-usage -MMD -MP -MF"Core/Src/main.d" -MT"Core/Src/main.o" --specs=nano.specs -mfpu=fpv4-sp-d16 -mfloat-abi=hard -mthumb -o "Core/Src/main.o"
../Core/Src/main.c:105:27: warning: data definition has no type or storage class
  105 | uint16_t uDistCheck1 = 0; uDistCheck2 = 0; uDistFinal = 0; Dist=0;
      |                           ^~~~~~~~~~~
../Core/Src/main.c:105:27: warning: type defaults to 'int' in declaration of 'uDistCheck2' [-Wimplicit-int]
../Core/Src/main.c:105:44: warning: data definition has no type or storage class
  105 | uint16_t uDistCheck1 = 0; uDistCheck2 = 0; uDistFinal = 0; Dist=0;
      |                                            ^~~~~~~~~~
../Core/Src/main.c:105:44: warning: type defaults to 'int' in declaration of 'uDistFinal' [-Wimplicit-int]
../Core/Src/main.c:105:60: warning: data definition has no type or storage class
  105 | uint16_t uDistCheck1 = 0; uDistCheck2 = 0; uDistFinal = 0; Dist=0;
      |                                                            ^~~~
../Core/Src/main.c:105:60: warning: type defaults to 'int' in declaration of 'Dist' [-Wimplicit-int]
../Core/Src/main.c: In function 'motorControl':
../Core/Src/main.c:227:12: warning: implicit declaration of function 'abs' [-Wimplicit-function-declaration]
  227 |    diffl = abs(cntl2);
      |            ^~~
../Core/Src/main.c:231:4: warning: implicit declaration of function 'sprintf' [-Wimplicit-function-declaration]
  231 |    sprintf(display,"Left:%5d\0", diffl/68);
      |    ^~~~~~~
../Core/Src/main.c:231:4: warning: incompatible implicit declaration of built-in function 'sprintf'
../Core/Src/main.c:27:1: note: include '<stdio.h>' or provide a declaration of 'sprintf'
   26 | #include "math.h"
  +++ |+#include <stdio.h>
   27 | /* USER CODE END Includes */
../Core/Src/main.c:231:12: warning: pointer targets in passing argument 1 of 'sprintf' differ in signedness [-Wpointer-sign]
  231 |    sprintf(display,"Left:%5d\0", diffl/68);
      |            ^~~~~~~
      |            |
      |            uint8_t * {aka unsigned char *}
../Core/Src/main.c:231:12: note: expected 'char *' but argument is of type 'uint8_t *' {aka 'unsigned char *'}
../Core/Src/main.c:231:29: warning: embedded '\0' in format [-Wformat-contains-nul]
  231 |    sprintf(display,"Left:%5d\0", diffl/68);
      |                             ^~
../Core/Src/main.c:233:12: warning: pointer targets in passing argument 1 of 'sprintf' differ in signedness [-Wpointer-sign]
  233 |    sprintf(display,"Right:%5d\0", diffr/68);
      |            ^~~~~~~
      |            |
      |            uint8_t * {aka unsigned char *}
../Core/Src/main.c:233:12: note: expected 'char *' but argument is of type 'uint8_t *' {aka 'unsigned char *'}
../Core/Src/main.c:233:30: warning: embedded '\0' in format [-Wformat-contains-nul]
  233 |    sprintf(display,"Right:%5d\0", diffr/68);
      |                              ^~
../Core/Src/main.c: In function 'StartDefaultTask':
../Core/Src/main.c:861:3: warning: incompatible implicit declaration of built-in function 'sprintf'
  861 |   sprintf(checkPi, "%s\0", aRxBuffer);
      |   ^~~~~~~
../Core/Src/main.c:861:3: note: include '<stdio.h>' or provide a declaration of 'sprintf'
../Core/Src/main.c:861:11: warning: pointer targets in passing argument 1 of 'sprintf' differ in signedness [-Wpointer-sign]
  861 |   sprintf(checkPi, "%s\0", aRxBuffer);
      |           ^~~~~~~
      |           |
      |           uint8_t * {aka unsigned char *}
../Core/Src/main.c:861:11: note: expected 'char *' but argument is of type 'uint8_t *' {aka 'unsigned char *'}
../Core/Src/main.c:861:23: warning: embedded '\0' in format [-Wformat-contains-nul]
  861 |   sprintf(checkPi, "%s\0", aRxBuffer);
      |                       ^~
../Core/Src/main.c:872:11: warning: pointer targets in passing argument 1 of 'sprintf' differ in signedness [-Wpointer-sign]
  872 |   sprintf(ultra, "uDist: %u cm\0", uDistFinal);
      |           ^~~~~
      |           |
      |           uint8_t * {aka unsigned char *}
../Core/Src/main.c:872:11: note: expected 'char *' but argument is of type 'uint8_t *' {aka 'unsigned char *'}
../Core/Src/main.c:872:31: warning: embedded '\0' in format [-Wformat-contains-nul]
  872 |   sprintf(ultra, "uDist: %u cm\0", uDistFinal);
      |                               ^~
../Core/Src/main.c: In function 'motor':
../Core/Src/main.c:931:53: warning: implicit declaration of function 'strlen' [-Wimplicit-function-declaration]
  931 |     HAL_UART_Transmit_IT(&huart3, (uint8_t *)reply, strlen(reply));
      |                                                     ^~~~~~
../Core/Src/main.c:931:53: warning: incompatible implicit declaration of built-in function 'strlen'
../Core/Src/main.c:27:1: note: include '<string.h>' or provide a declaration of 'strlen'
   26 | #include "math.h"
  +++ |+#include <string.h>
   27 | /* USER CODE END Includes */
../Core/Src/main.c:896:6: warning: unused variable 'x' [-Wunused-variable]
  896 |  int x = 0;
      |      ^
../Core/Src/main.c: In function 'motorControl':
../Core/Src/main.c:285:1: warning: control reaches end of non-void function [-Wreturn-type]
  285 | }
      | ^
../Core/Src/main.c: In function 'StartDefaultTask':
../Core/Src/main.c:861:21: warning: '%s' directive writing up to 19 bytes into a region of size 2 [-Wformat-overflow=]
  861 |   sprintf(checkPi, "%s\0", aRxBuffer);
      |                     ^~     ~~~~~~~~~
../Core/Src/main.c:861:3: note: 'sprintf' output between 1 and 20 bytes into a destination of size 2
  861 |   sprintf(checkPi, "%s\0", aRxBuffer);
      |   ^~~~~~~~~~~~~~~~~~~~~~~~~~~~~~~~~~~
arm-none-eabi-gcc -o "MDP_grp13.elf" @"objects.list"   -mcpu=cortex-m4 -T"C:\Users\limke\OneDrive\Desktop\MDP\MDP_grp13\STM32F407VETX_FLASH.ld" --specs=nosys.specs -Wl,-Map="MDP_grp13.map" -Wl,--gc-sections -static --specs=nano.specs -mfpu=fpv4-sp-d16 -mfloat-abi=hard -mthumb -Wl,--start-group -lc -lm -Wl,--end-group
Finished building target: MDP_grp13.elf
 
arm-none-eabi-size   MDP_grp13.elf 
arm-none-eabi-objdump -h -S  MDP_grp13.elf  > "MDP_grp13.list"
arm-none-eabi-objcopy  -O ihex  MDP_grp13.elf  "MDP_grp13.hex"
   text	   data	    bss	    dec	    hex	filename
  46388	    128	  21944	  68460	  10b6c	MDP_grp13.elf
Finished building: default.size.stdout
 
Finished building: MDP_grp13.hex
 
Finished building: MDP_grp13.list
 
09:52:45 **** Incremental Build of configuration Debug for project MDP_grp13 ****
make -j8 all 
arm-none-eabi-gcc "../Core/Src/main.c" -mcpu=cortex-m4 -std=gnu11 -g3 -DDEBUG -DUSE_HAL_DRIVER -DSTM32F407xx -c -I"C:/Users/limke/OneDrive/Desktop/MDP/MDP_grp13/PeripheralDrivers/inc" -I"C:/Users/limke/OneDrive/Desktop/MDP/MDP_grp13/PeripheralDrivers" -I../Core/Inc -I../Middlewares/Third_Party/FreeRTOS/Source/include -I../Middlewares/Third_Party/FreeRTOS/Source/portable/GCC/ARM_CM4F -I../Drivers/CMSIS/Include -I../Drivers/STM32F4xx_HAL_Driver/Inc -I../Drivers/CMSIS/Device/ST/STM32F4xx/Include -I../Middlewares/Third_Party/FreeRTOS/Source/CMSIS_RTOS_V2 -I../Drivers/STM32F4xx_HAL_Driver/Inc/Legacy -O0 -ffunction-sections -fdata-sections -Wall -fstack-usage -MMD -MP -MF"Core/Src/main.d" -MT"Core/Src/main.o" --specs=nano.specs -mfpu=fpv4-sp-d16 -mfloat-abi=hard -mthumb -o "Core/Src/main.o"
../Core/Src/main.c:105:27: warning: data definition has no type or storage class
  105 | uint16_t uDistCheck1 = 0; uDistCheck2 = 0; uDistFinal = 0; Dist=0;
      |                           ^~~~~~~~~~~
../Core/Src/main.c:105:27: warning: type defaults to 'int' in declaration of 'uDistCheck2' [-Wimplicit-int]
../Core/Src/main.c:105:44: warning: data definition has no type or storage class
  105 | uint16_t uDistCheck1 = 0; uDistCheck2 = 0; uDistFinal = 0; Dist=0;
      |                                            ^~~~~~~~~~
../Core/Src/main.c:105:44: warning: type defaults to 'int' in declaration of 'uDistFinal' [-Wimplicit-int]
../Core/Src/main.c:105:60: warning: data definition has no type or storage class
  105 | uint16_t uDistCheck1 = 0; uDistCheck2 = 0; uDistFinal = 0; Dist=0;
      |                                                            ^~~~
../Core/Src/main.c:105:60: warning: type defaults to 'int' in declaration of 'Dist' [-Wimplicit-int]
../Core/Src/main.c: In function 'motorControl':
../Core/Src/main.c:227:12: warning: implicit declaration of function 'abs' [-Wimplicit-function-declaration]
  227 |    diffl = abs(cntl2);
      |            ^~~
../Core/Src/main.c:231:4: warning: implicit declaration of function 'sprintf' [-Wimplicit-function-declaration]
  231 |    sprintf(display,"Left:%5d\0", diffl/68);
      |    ^~~~~~~
../Core/Src/main.c:231:4: warning: incompatible implicit declaration of built-in function 'sprintf'
../Core/Src/main.c:27:1: note: include '<stdio.h>' or provide a declaration of 'sprintf'
   26 | #include "math.h"
  +++ |+#include <stdio.h>
   27 | /* USER CODE END Includes */
../Core/Src/main.c:231:12: warning: pointer targets in passing argument 1 of 'sprintf' differ in signedness [-Wpointer-sign]
  231 |    sprintf(display,"Left:%5d\0", diffl/68);
      |            ^~~~~~~
      |            |
      |            uint8_t * {aka unsigned char *}
../Core/Src/main.c:231:12: note: expected 'char *' but argument is of type 'uint8_t *' {aka 'unsigned char *'}
../Core/Src/main.c:231:29: warning: embedded '\0' in format [-Wformat-contains-nul]
  231 |    sprintf(display,"Left:%5d\0", diffl/68);
      |                             ^~
../Core/Src/main.c:233:12: warning: pointer targets in passing argument 1 of 'sprintf' differ in signedness [-Wpointer-sign]
  233 |    sprintf(display,"Right:%5d\0", diffr/68);
      |            ^~~~~~~
      |            |
      |            uint8_t * {aka unsigned char *}
../Core/Src/main.c:233:12: note: expected 'char *' but argument is of type 'uint8_t *' {aka 'unsigned char *'}
../Core/Src/main.c:233:30: warning: embedded '\0' in format [-Wformat-contains-nul]
  233 |    sprintf(display,"Right:%5d\0", diffr/68);
      |                              ^~
../Core/Src/main.c: In function 'StartDefaultTask':
../Core/Src/main.c:861:3: warning: incompatible implicit declaration of built-in function 'sprintf'
  861 |   sprintf(checkPi, "%s\0", aRxBuffer);
      |   ^~~~~~~
../Core/Src/main.c:861:3: note: include '<stdio.h>' or provide a declaration of 'sprintf'
../Core/Src/main.c:861:11: warning: pointer targets in passing argument 1 of 'sprintf' differ in signedness [-Wpointer-sign]
  861 |   sprintf(checkPi, "%s\0", aRxBuffer);
      |           ^~~~~~~
      |           |
      |           uint8_t * {aka unsigned char *}
../Core/Src/main.c:861:11: note: expected 'char *' but argument is of type 'uint8_t *' {aka 'unsigned char *'}
../Core/Src/main.c:861:23: warning: embedded '\0' in format [-Wformat-contains-nul]
  861 |   sprintf(checkPi, "%s\0", aRxBuffer);
      |                       ^~
../Core/Src/main.c: In function 'motor':
../Core/Src/main.c:931:53: warning: implicit declaration of function 'strlen' [-Wimplicit-function-declaration]
  931 |     HAL_UART_Transmit_IT(&huart3, (uint8_t *)reply, strlen(reply));
      |                                                     ^~~~~~
../Core/Src/main.c:931:53: warning: incompatible implicit declaration of built-in function 'strlen'
../Core/Src/main.c:27:1: note: include '<string.h>' or provide a declaration of 'strlen'
   26 | #include "math.h"
  +++ |+#include <string.h>
   27 | /* USER CODE END Includes */
../Core/Src/main.c:896:6: warning: unused variable 'x' [-Wunused-variable]
  896 |  int x = 0;
      |      ^
../Core/Src/main.c: In function 'motorControl':
../Core/Src/main.c:285:1: warning: control reaches end of non-void function [-Wreturn-type]
  285 | }
      | ^
../Core/Src/main.c: In function 'StartDefaultTask':
../Core/Src/main.c:861:21: warning: '%s' directive writing up to 19 bytes into a region of size 2 [-Wformat-overflow=]
  861 |   sprintf(checkPi, "%s\0", aRxBuffer);
      |                     ^~     ~~~~~~~~~
../Core/Src/main.c:861:3: note: 'sprintf' output between 1 and 20 bytes into a destination of size 2
  861 |   sprintf(checkPi, "%s\0", aRxBuffer);
      |   ^~~~~~~~~~~~~~~~~~~~~~~~~~~~~~~~~~~
arm-none-eabi-gcc -o "MDP_grp13.elf" @"objects.list"   -mcpu=cortex-m4 -T"C:\Users\limke\OneDrive\Desktop\MDP\MDP_grp13\STM32F407VETX_FLASH.ld" --specs=nosys.specs -Wl,-Map="MDP_grp13.map" -Wl,--gc-sections -static --specs=nano.specs -mfpu=fpv4-sp-d16 -mfloat-abi=hard -mthumb -Wl,--start-group -lc -lm -Wl,--end-group
Finished building target: MDP_grp13.elf
 
arm-none-eabi-size   MDP_grp13.elf 
arm-none-eabi-objdump -h -S  MDP_grp13.elf  > "MDP_grp13.list"
arm-none-eabi-objcopy  -O ihex  MDP_grp13.elf  "MDP_grp13.hex"
   text	   data	    bss	    dec	    hex	filename
  46324	    128	  21944	  68396	  10b2c	MDP_grp13.elf
Finished building: default.size.stdout
 
Finished building: MDP_grp13.hex
 
Finished building: MDP_grp13.list
 
10:14:37 **** Incremental Build of configuration Debug for project MDP_grp13 ****
make -j8 all 
arm-none-eabi-gcc "../Core/Src/main.c" -mcpu=cortex-m4 -std=gnu11 -g3 -DDEBUG -DUSE_HAL_DRIVER -DSTM32F407xx -c -I"C:/Users/limke/OneDrive/Desktop/MDP/MDP_grp13/PeripheralDrivers/inc" -I"C:/Users/limke/OneDrive/Desktop/MDP/MDP_grp13/PeripheralDrivers" -I../Core/Inc -I../Middlewares/Third_Party/FreeRTOS/Source/include -I../Middlewares/Third_Party/FreeRTOS/Source/portable/GCC/ARM_CM4F -I../Drivers/CMSIS/Include -I../Drivers/STM32F4xx_HAL_Driver/Inc -I../Drivers/CMSIS/Device/ST/STM32F4xx/Include -I../Middlewares/Third_Party/FreeRTOS/Source/CMSIS_RTOS_V2 -I../Drivers/STM32F4xx_HAL_Driver/Inc/Legacy -O0 -ffunction-sections -fdata-sections -Wall -fstack-usage -MMD -MP -MF"Core/Src/main.d" -MT"Core/Src/main.o" --specs=nano.specs -mfpu=fpv4-sp-d16 -mfloat-abi=hard -mthumb -o "Core/Src/main.o"
../Core/Src/main.c:105:27: warning: data definition has no type or storage class
  105 | uint16_t uDistCheck1 = 0; uDistCheck2 = 0; uDistFinal = 0; Dist=0;
      |                           ^~~~~~~~~~~
../Core/Src/main.c:105:27: warning: type defaults to 'int' in declaration of 'uDistCheck2' [-Wimplicit-int]
../Core/Src/main.c:105:44: warning: data definition has no type or storage class
  105 | uint16_t uDistCheck1 = 0; uDistCheck2 = 0; uDistFinal = 0; Dist=0;
      |                                            ^~~~~~~~~~
../Core/Src/main.c:105:44: warning: type defaults to 'int' in declaration of 'uDistFinal' [-Wimplicit-int]
../Core/Src/main.c:105:60: warning: data definition has no type or storage class
  105 | uint16_t uDistCheck1 = 0; uDistCheck2 = 0; uDistFinal = 0; Dist=0;
      |                                                            ^~~~
../Core/Src/main.c:105:60: warning: type defaults to 'int' in declaration of 'Dist' [-Wimplicit-int]
../Core/Src/main.c: In function 'motorControl':
../Core/Src/main.c:227:12: warning: implicit declaration of function 'abs' [-Wimplicit-function-declaration]
  227 |    diffl = abs(cntl2);
      |            ^~~
../Core/Src/main.c:231:4: warning: implicit declaration of function 'sprintf' [-Wimplicit-function-declaration]
  231 |    sprintf(display,"Left:%5d\0", diffl/68);
      |    ^~~~~~~
../Core/Src/main.c:231:4: warning: incompatible implicit declaration of built-in function 'sprintf'
../Core/Src/main.c:27:1: note: include '<stdio.h>' or provide a declaration of 'sprintf'
   26 | #include "math.h"
  +++ |+#include <stdio.h>
   27 | /* USER CODE END Includes */
../Core/Src/main.c:231:12: warning: pointer targets in passing argument 1 of 'sprintf' differ in signedness [-Wpointer-sign]
  231 |    sprintf(display,"Left:%5d\0", diffl/68);
      |            ^~~~~~~
      |            |
      |            uint8_t * {aka unsigned char *}
../Core/Src/main.c:231:12: note: expected 'char *' but argument is of type 'uint8_t *' {aka 'unsigned char *'}
../Core/Src/main.c:231:29: warning: embedded '\0' in format [-Wformat-contains-nul]
  231 |    sprintf(display,"Left:%5d\0", diffl/68);
      |                             ^~
../Core/Src/main.c:233:12: warning: pointer targets in passing argument 1 of 'sprintf' differ in signedness [-Wpointer-sign]
  233 |    sprintf(display,"Right:%5d\0", diffr/68);
      |            ^~~~~~~
      |            |
      |            uint8_t * {aka unsigned char *}
../Core/Src/main.c:233:12: note: expected 'char *' but argument is of type 'uint8_t *' {aka 'unsigned char *'}
../Core/Src/main.c:233:30: warning: embedded '\0' in format [-Wformat-contains-nul]
  233 |    sprintf(display,"Right:%5d\0", diffr/68);
      |                              ^~
../Core/Src/main.c: In function 'motor':
../Core/Src/main.c:896:6: warning: unused variable 'x' [-Wunused-variable]
  896 |  int x = 0;
      |      ^
../Core/Src/main.c: In function 'motorControl':
../Core/Src/main.c:285:1: warning: control reaches end of non-void function [-Wreturn-type]
  285 | }
      | ^
arm-none-eabi-gcc -o "MDP_grp13.elf" @"objects.list"   -mcpu=cortex-m4 -T"C:\Users\limke\OneDrive\Desktop\MDP\MDP_grp13\STM32F407VETX_FLASH.ld" --specs=nosys.specs -Wl,-Map="MDP_grp13.map" -Wl,--gc-sections -static --specs=nano.specs -mfpu=fpv4-sp-d16 -mfloat-abi=hard -mthumb -Wl,--start-group -lc -lm -Wl,--end-group
Finished building target: MDP_grp13.elf
 
arm-none-eabi-size   MDP_grp13.elf 
arm-none-eabi-objdump -h -S  MDP_grp13.elf  > "MDP_grp13.list"
arm-none-eabi-objcopy  -O ihex  MDP_grp13.elf  "MDP_grp13.hex"
   text	   data	    bss	    dec	    hex	filename
  36572	     24	  21896	  58492	   e47c	MDP_grp13.elf
Finished building: default.size.stdout
 
Finished building: MDP_grp13.hex
 
Finished building: MDP_grp13.list
 
10:15:13 **** Incremental Build of configuration Debug for project MDP_grp13 ****
make -j8 all 
arm-none-eabi-size   MDP_grp13.elf 
   text	   data	    bss	    dec	    hex	filename
  36572	     24	  21896	  58492	   e47c	MDP_grp13.elf
Finished building: default.size.stdout
 
10:22:26 **** Incremental Build of configuration Debug for project MDP_grp13 ****
make -j8 all 
arm-none-eabi-gcc "../Core/Src/main.c" -mcpu=cortex-m4 -std=gnu11 -g3 -DDEBUG -DUSE_HAL_DRIVER -DSTM32F407xx -c -I"C:/Users/limke/OneDrive/Desktop/MDP/MDP_grp13/PeripheralDrivers/inc" -I"C:/Users/limke/OneDrive/Desktop/MDP/MDP_grp13/PeripheralDrivers" -I../Core/Inc -I../Middlewares/Third_Party/FreeRTOS/Source/include -I../Middlewares/Third_Party/FreeRTOS/Source/portable/GCC/ARM_CM4F -I../Drivers/CMSIS/Include -I../Drivers/STM32F4xx_HAL_Driver/Inc -I../Drivers/CMSIS/Device/ST/STM32F4xx/Include -I../Middlewares/Third_Party/FreeRTOS/Source/CMSIS_RTOS_V2 -I../Drivers/STM32F4xx_HAL_Driver/Inc/Legacy -O0 -ffunction-sections -fdata-sections -Wall -fstack-usage -MMD -MP -MF"Core/Src/main.d" -MT"Core/Src/main.o" --specs=nano.specs -mfpu=fpv4-sp-d16 -mfloat-abi=hard -mthumb -o "Core/Src/main.o"
../Core/Src/main.c:105:27: warning: data definition has no type or storage class
  105 | uint16_t uDistCheck1 = 0; uDistCheck2 = 0; uDistFinal = 0;
      |                           ^~~~~~~~~~~
../Core/Src/main.c:105:27: warning: type defaults to 'int' in declaration of 'uDistCheck2' [-Wimplicit-int]
../Core/Src/main.c:105:44: warning: data definition has no type or storage class
  105 | uint16_t uDistCheck1 = 0; uDistCheck2 = 0; uDistFinal = 0;
      |                                            ^~~~~~~~~~
../Core/Src/main.c:105:44: warning: type defaults to 'int' in declaration of 'uDistFinal' [-Wimplicit-int]
../Core/Src/main.c: In function 'motorControl':
../Core/Src/main.c:227:12: warning: implicit declaration of function 'abs' [-Wimplicit-function-declaration]
  227 |    diffl = abs(cntl2);
      |            ^~~
../Core/Src/main.c:231:4: warning: implicit declaration of function 'sprintf' [-Wimplicit-function-declaration]
  231 |    sprintf(display,"Left:%5d\0", diffl/68);
      |    ^~~~~~~
../Core/Src/main.c:231:4: warning: incompatible implicit declaration of built-in function 'sprintf'
../Core/Src/main.c:27:1: note: include '<stdio.h>' or provide a declaration of 'sprintf'
   26 | #include "math.h"
  +++ |+#include <stdio.h>
   27 | /* USER CODE END Includes */
../Core/Src/main.c:231:12: warning: pointer targets in passing argument 1 of 'sprintf' differ in signedness [-Wpointer-sign]
  231 |    sprintf(display,"Left:%5d\0", diffl/68);
      |            ^~~~~~~
      |            |
      |            uint8_t * {aka unsigned char *}
../Core/Src/main.c:231:12: note: expected 'char *' but argument is of type 'uint8_t *' {aka 'unsigned char *'}
../Core/Src/main.c:231:29: warning: embedded '\0' in format [-Wformat-contains-nul]
  231 |    sprintf(display,"Left:%5d\0", diffl/68);
      |                             ^~
../Core/Src/main.c:233:12: warning: pointer targets in passing argument 1 of 'sprintf' differ in signedness [-Wpointer-sign]
  233 |    sprintf(display,"Right:%5d\0", diffr/68);
      |            ^~~~~~~
      |            |
      |            uint8_t * {aka unsigned char *}
../Core/Src/main.c:233:12: note: expected 'char *' but argument is of type 'uint8_t *' {aka 'unsigned char *'}
../Core/Src/main.c:233:30: warning: embedded '\0' in format [-Wformat-contains-nul]
  233 |    sprintf(display,"Right:%5d\0", diffr/68);
      |                              ^~
../Core/Src/main.c: In function 'StartDefaultTask':
../Core/Src/main.c:879:52: warning: implicit declaration of function 'strlen' [-Wimplicit-function-declaration]
  879 |   HAL_UART_Transmit_IT(&huart3, (uint8_t *)&reply, strlen(reply));
      |                                                    ^~~~~~
../Core/Src/main.c:879:52: warning: incompatible implicit declaration of built-in function 'strlen'
../Core/Src/main.c:27:1: note: include '<string.h>' or provide a declaration of 'strlen'
   26 | #include "math.h"
  +++ |+#include <string.h>
   27 | /* USER CODE END Includes */
../Core/Src/main.c: In function 'motor':
../Core/Src/main.c:907:6: warning: unused variable 'x' [-Wunused-variable]
  907 |  int x = 0;
      |      ^
../Core/Src/main.c: In function 'motorControl':
../Core/Src/main.c:285:1: warning: control reaches end of non-void function [-Wreturn-type]
  285 | }
      | ^
arm-none-eabi-gcc -o "MDP_grp13.elf" @"objects.list"   -mcpu=cortex-m4 -T"C:\Users\limke\OneDrive\Desktop\MDP\MDP_grp13\STM32F407VETX_FLASH.ld" --specs=nosys.specs -Wl,-Map="MDP_grp13.map" -Wl,--gc-sections -static --specs=nano.specs -mfpu=fpv4-sp-d16 -mfloat-abi=hard -mthumb -Wl,--start-group -lc -lm -Wl,--end-group
Finished building target: MDP_grp13.elf
 
arm-none-eabi-size   MDP_grp13.elf 
arm-none-eabi-objdump -h -S  MDP_grp13.elf  > "MDP_grp13.list"
arm-none-eabi-objcopy  -O ihex  MDP_grp13.elf  "MDP_grp13.hex"
   text	   data	    bss	    dec	    hex	filename
  37252	     24	  21904	  59180	   e72c	MDP_grp13.elf
Finished building: default.size.stdout
 
Finished building: MDP_grp13.hex
 
Finished building: MDP_grp13.list
 
10:23:07 **** Incremental Build of configuration Debug for project MDP_grp13 ****
make -j8 all 
arm-none-eabi-size   MDP_grp13.elf 
   text	   data	    bss	    dec	    hex	filename
  37252	     24	  21904	  59180	   e72c	MDP_grp13.elf
Finished building: default.size.stdout
 
10:34:37 **** Incremental Build of configuration Debug for project MDP_grp13 ****
make -j8 all 
arm-none-eabi-gcc "../Core/Src/main.c" -mcpu=cortex-m4 -std=gnu11 -g3 -DDEBUG -DUSE_HAL_DRIVER -DSTM32F407xx -c -I"C:/Users/limke/OneDrive/Desktop/MDP/MDP_grp13/PeripheralDrivers/inc" -I"C:/Users/limke/OneDrive/Desktop/MDP/MDP_grp13/PeripheralDrivers" -I../Core/Inc -I../Middlewares/Third_Party/FreeRTOS/Source/include -I../Middlewares/Third_Party/FreeRTOS/Source/portable/GCC/ARM_CM4F -I../Drivers/CMSIS/Include -I../Drivers/STM32F4xx_HAL_Driver/Inc -I../Drivers/CMSIS/Device/ST/STM32F4xx/Include -I../Middlewares/Third_Party/FreeRTOS/Source/CMSIS_RTOS_V2 -I../Drivers/STM32F4xx_HAL_Driver/Inc/Legacy -O0 -ffunction-sections -fdata-sections -Wall -fstack-usage -MMD -MP -MF"Core/Src/main.d" -MT"Core/Src/main.o" --specs=nano.specs -mfpu=fpv4-sp-d16 -mfloat-abi=hard -mthumb -o "Core/Src/main.o"
../Core/Src/main.c:105:27: warning: data definition has no type or storage class
  105 | uint16_t uDistCheck1 = 0; uDistCheck2 = 0; uDistFinal = 0;
      |                           ^~~~~~~~~~~
../Core/Src/main.c:105:27: warning: type defaults to 'int' in declaration of 'uDistCheck2' [-Wimplicit-int]
../Core/Src/main.c:105:44: warning: data definition has no type or storage class
  105 | uint16_t uDistCheck1 = 0; uDistCheck2 = 0; uDistFinal = 0;
      |                                            ^~~~~~~~~~
../Core/Src/main.c:105:44: warning: type defaults to 'int' in declaration of 'uDistFinal' [-Wimplicit-int]
../Core/Src/main.c: In function 'motorControl':
../Core/Src/main.c:227:12: warning: implicit declaration of function 'abs' [-Wimplicit-function-declaration]
  227 |    diffl = abs(cntl2);
      |            ^~~
../Core/Src/main.c:231:4: warning: implicit declaration of function 'sprintf' [-Wimplicit-function-declaration]
  231 |    sprintf(display,"Left:%5d\0", diffl/68);
      |    ^~~~~~~
../Core/Src/main.c:231:4: warning: incompatible implicit declaration of built-in function 'sprintf'
../Core/Src/main.c:27:1: note: include '<stdio.h>' or provide a declaration of 'sprintf'
   26 | #include "math.h"
  +++ |+#include <stdio.h>
   27 | /* USER CODE END Includes */
../Core/Src/main.c:231:12: warning: pointer targets in passing argument 1 of 'sprintf' differ in signedness [-Wpointer-sign]
  231 |    sprintf(display,"Left:%5d\0", diffl/68);
      |            ^~~~~~~
      |            |
      |            uint8_t * {aka unsigned char *}
../Core/Src/main.c:231:12: note: expected 'char *' but argument is of type 'uint8_t *' {aka 'unsigned char *'}
../Core/Src/main.c:231:29: warning: embedded '\0' in format [-Wformat-contains-nul]
  231 |    sprintf(display,"Left:%5d\0", diffl/68);
      |                             ^~
../Core/Src/main.c:233:12: warning: pointer targets in passing argument 1 of 'sprintf' differ in signedness [-Wpointer-sign]
  233 |    sprintf(display,"Right:%5d\0", diffr/68);
      |            ^~~~~~~
      |            |
      |            uint8_t * {aka unsigned char *}
../Core/Src/main.c:233:12: note: expected 'char *' but argument is of type 'uint8_t *' {aka 'unsigned char *'}
../Core/Src/main.c:233:30: warning: embedded '\0' in format [-Wformat-contains-nul]
  233 |    sprintf(display,"Right:%5d\0", diffr/68);
      |                              ^~
../Core/Src/main.c: In function 'StartDefaultTask':
../Core/Src/main.c:861:3: warning: incompatible implicit declaration of built-in function 'sprintf'
  861 |   sprintf(checkPi, "From pi: %s\0", aRxBuffer);
      |   ^~~~~~~
../Core/Src/main.c:861:3: note: include '<stdio.h>' or provide a declaration of 'sprintf'
../Core/Src/main.c:861:11: warning: pointer targets in passing argument 1 of 'sprintf' differ in signedness [-Wpointer-sign]
  861 |   sprintf(checkPi, "From pi: %s\0", aRxBuffer);
      |           ^~~~~~~
      |           |
      |           uint8_t * {aka unsigned char *}
../Core/Src/main.c:861:11: note: expected 'char *' but argument is of type 'uint8_t *' {aka 'unsigned char *'}
../Core/Src/main.c:861:32: warning: embedded '\0' in format [-Wformat-contains-nul]
  861 |   sprintf(checkPi, "From pi: %s\0", aRxBuffer);
      |                                ^~
../Core/Src/main.c: In function 'motor':
../Core/Src/main.c:898:6: warning: unused variable 'x' [-Wunused-variable]
  898 |  int x = 0;
      |      ^
../Core/Src/main.c: In function 'motorControl':
../Core/Src/main.c:285:1: warning: control reaches end of non-void function [-Wreturn-type]
  285 | }
      | ^
../Core/Src/main.c: In function 'StartDefaultTask':
../Core/Src/main.c:861:23: warning: 'From pi: ' directive writing 9 bytes into a region of size 2 [-Wformat-overflow=]
  861 |   sprintf(checkPi, "From pi: %s\0", aRxBuffer);
      |                     ~~^~~~~~~
../Core/Src/main.c:861:3: note: 'sprintf' output between 10 and 29 bytes into a destination of size 2
  861 |   sprintf(checkPi, "From pi: %s\0", aRxBuffer);
      |   ^~~~~~~~~~~~~~~~~~~~~~~~~~~~~~~~~~~~~~~~~~~~
arm-none-eabi-gcc -o "MDP_grp13.elf" @"objects.list"   -mcpu=cortex-m4 -T"C:\Users\limke\OneDrive\Desktop\MDP\MDP_grp13\STM32F407VETX_FLASH.ld" --specs=nosys.specs -Wl,-Map="MDP_grp13.map" -Wl,--gc-sections -static --specs=nano.specs -mfpu=fpv4-sp-d16 -mfloat-abi=hard -mthumb -Wl,--start-group -lc -lm -Wl,--end-group
Finished building target: MDP_grp13.elf
 
arm-none-eabi-size   MDP_grp13.elf 
arm-none-eabi-objdump -h -S  MDP_grp13.elf  > "MDP_grp13.list"
arm-none-eabi-objcopy  -O ihex  MDP_grp13.elf  "MDP_grp13.hex"
   text	   data	    bss	    dec	    hex	filename
  39068	    124	  21924	  61116	   eebc	MDP_grp13.elf
Finished building: default.size.stdout
 
Finished building: MDP_grp13.hex
 
Finished building: MDP_grp13.list
 
10:34:56 **** Incremental Build of configuration Debug for project MDP_grp13 ****
make -j8 all 
arm-none-eabi-size   MDP_grp13.elf 
   text	   data	    bss	    dec	    hex	filename
  39068	    124	  21924	  61116	   eebc	MDP_grp13.elf
Finished building: default.size.stdout
 
10:34:57 **** Incremental Build of configuration Debug for project MDP_grp13 ****
make -j8 all 
arm-none-eabi-size   MDP_grp13.elf 
   text	   data	    bss	    dec	    hex	filename
  39068	    124	  21924	  61116	   eebc	MDP_grp13.elf
Finished building: default.size.stdout
 
10:37:09 **** Incremental Build of configuration Debug for project MDP_grp13 ****
make -j8 all 
arm-none-eabi-gcc "../Core/Src/main.c" -mcpu=cortex-m4 -std=gnu11 -g3 -DDEBUG -DUSE_HAL_DRIVER -DSTM32F407xx -c -I"C:/Users/limke/OneDrive/Desktop/MDP/MDP_grp13/PeripheralDrivers/inc" -I"C:/Users/limke/OneDrive/Desktop/MDP/MDP_grp13/PeripheralDrivers" -I../Core/Inc -I../Middlewares/Third_Party/FreeRTOS/Source/include -I../Middlewares/Third_Party/FreeRTOS/Source/portable/GCC/ARM_CM4F -I../Drivers/CMSIS/Include -I../Drivers/STM32F4xx_HAL_Driver/Inc -I../Drivers/CMSIS/Device/ST/STM32F4xx/Include -I../Middlewares/Third_Party/FreeRTOS/Source/CMSIS_RTOS_V2 -I../Drivers/STM32F4xx_HAL_Driver/Inc/Legacy -O0 -ffunction-sections -fdata-sections -Wall -fstack-usage -MMD -MP -MF"Core/Src/main.d" -MT"Core/Src/main.o" --specs=nano.specs -mfpu=fpv4-sp-d16 -mfloat-abi=hard -mthumb -o "Core/Src/main.o"
../Core/Src/main.c:105:27: warning: data definition has no type or storage class
  105 | uint16_t uDistCheck1 = 0; uDistCheck2 = 0; uDistFinal = 0;
      |                           ^~~~~~~~~~~
../Core/Src/main.c:105:27: warning: type defaults to 'int' in declaration of 'uDistCheck2' [-Wimplicit-int]
../Core/Src/main.c:105:44: warning: data definition has no type or storage class
  105 | uint16_t uDistCheck1 = 0; uDistCheck2 = 0; uDistFinal = 0;
      |                                            ^~~~~~~~~~
../Core/Src/main.c:105:44: warning: type defaults to 'int' in declaration of 'uDistFinal' [-Wimplicit-int]
../Core/Src/main.c: In function 'motorControl':
../Core/Src/main.c:227:12: warning: implicit declaration of function 'abs' [-Wimplicit-function-declaration]
  227 |    diffl = abs(cntl2);
      |            ^~~
../Core/Src/main.c:231:4: warning: implicit declaration of function 'sprintf' [-Wimplicit-function-declaration]
  231 |    sprintf(display,"Left:%5d\0", diffl/68);
      |    ^~~~~~~
../Core/Src/main.c:231:4: warning: incompatible implicit declaration of built-in function 'sprintf'
../Core/Src/main.c:27:1: note: include '<stdio.h>' or provide a declaration of 'sprintf'
   26 | #include "math.h"
  +++ |+#include <stdio.h>
   27 | /* USER CODE END Includes */
../Core/Src/main.c:231:12: warning: pointer targets in passing argument 1 of 'sprintf' differ in signedness [-Wpointer-sign]
  231 |    sprintf(display,"Left:%5d\0", diffl/68);
      |            ^~~~~~~
      |            |
      |            uint8_t * {aka unsigned char *}
../Core/Src/main.c:231:12: note: expected 'char *' but argument is of type 'uint8_t *' {aka 'unsigned char *'}
../Core/Src/main.c:231:29: warning: embedded '\0' in format [-Wformat-contains-nul]
  231 |    sprintf(display,"Left:%5d\0", diffl/68);
      |                             ^~
../Core/Src/main.c:233:12: warning: pointer targets in passing argument 1 of 'sprintf' differ in signedness [-Wpointer-sign]
  233 |    sprintf(display,"Right:%5d\0", diffr/68);
      |            ^~~~~~~
      |            |
      |            uint8_t * {aka unsigned char *}
../Core/Src/main.c:233:12: note: expected 'char *' but argument is of type 'uint8_t *' {aka 'unsigned char *'}
../Core/Src/main.c:233:30: warning: embedded '\0' in format [-Wformat-contains-nul]
  233 |    sprintf(display,"Right:%5d\0", diffr/68);
      |                              ^~
../Core/Src/main.c: In function 'StartDefaultTask':
../Core/Src/main.c:861:3: warning: incompatible implicit declaration of built-in function 'sprintf'
  861 |   sprintf(checkPi, "From pi: %s\0", *aRxBuffer);
      |   ^~~~~~~
../Core/Src/main.c:861:3: note: include '<stdio.h>' or provide a declaration of 'sprintf'
../Core/Src/main.c:861:11: warning: pointer targets in passing argument 1 of 'sprintf' differ in signedness [-Wpointer-sign]
  861 |   sprintf(checkPi, "From pi: %s\0", *aRxBuffer);
      |           ^~~~~~~
      |           |
      |           uint8_t * {aka unsigned char *}
../Core/Src/main.c:861:11: note: expected 'char *' but argument is of type 'uint8_t *' {aka 'unsigned char *'}
../Core/Src/main.c:861:31: warning: format '%s' expects argument of type 'char *', but argument 3 has type 'int' [-Wformat=]
  861 |   sprintf(checkPi, "From pi: %s\0", *aRxBuffer);
      |                              ~^     ~~~~~~~~~~
      |                               |     |
      |                               |     int
      |                               char *
      |                              %d
../Core/Src/main.c:861:32: warning: embedded '\0' in format [-Wformat-contains-nul]
  861 |   sprintf(checkPi, "From pi: %s\0", *aRxBuffer);
      |                                ^~
../Core/Src/main.c: In function 'motor':
../Core/Src/main.c:898:6: warning: unused variable 'x' [-Wunused-variable]
  898 |  int x = 0;
      |      ^
../Core/Src/main.c: In function 'motorControl':
../Core/Src/main.c:285:1: warning: control reaches end of non-void function [-Wreturn-type]
  285 | }
      | ^
../Core/Src/main.c: In function 'StartDefaultTask':
../Core/Src/main.c:861:23: warning: 'From pi: ' directive writing 9 bytes into a region of size 2 [-Wformat-overflow=]
  861 |   sprintf(checkPi, "From pi: %s\0", *aRxBuffer);
      |                     ~~^~~~~~~
../Core/Src/main.c:861:3: note: 'sprintf' output 10 or more bytes into a destination of size 2
  861 |   sprintf(checkPi, "From pi: %s\0", *aRxBuffer);
      |   ^~~~~~~~~~~~~~~~~~~~~~~~~~~~~~~~~~~~~~~~~~~~~
arm-none-eabi-gcc -o "MDP_grp13.elf" @"objects.list"   -mcpu=cortex-m4 -T"C:\Users\limke\OneDrive\Desktop\MDP\MDP_grp13\STM32F407VETX_FLASH.ld" --specs=nosys.specs -Wl,-Map="MDP_grp13.map" -Wl,--gc-sections -static --specs=nano.specs -mfpu=fpv4-sp-d16 -mfloat-abi=hard -mthumb -Wl,--start-group -lc -lm -Wl,--end-group
Finished building target: MDP_grp13.elf
 
arm-none-eabi-size   MDP_grp13.elf 
arm-none-eabi-objdump -h -S  MDP_grp13.elf  > "MDP_grp13.list"
arm-none-eabi-objcopy  -O ihex  MDP_grp13.elf  "MDP_grp13.hex"
   text	   data	    bss	    dec	    hex	filename
  39068	    124	  21924	  61116	   eebc	MDP_grp13.elf
Finished building: default.size.stdout
 
Finished building: MDP_grp13.hex
 
Finished building: MDP_grp13.list
 
10:39:06 **** Incremental Build of configuration Debug for project MDP_grp13 ****
make -j8 all 
arm-none-eabi-gcc "../Core/Src/main.c" -mcpu=cortex-m4 -std=gnu11 -g3 -DDEBUG -DUSE_HAL_DRIVER -DSTM32F407xx -c -I"C:/Users/limke/OneDrive/Desktop/MDP/MDP_grp13/PeripheralDrivers/inc" -I"C:/Users/limke/OneDrive/Desktop/MDP/MDP_grp13/PeripheralDrivers" -I../Core/Inc -I../Middlewares/Third_Party/FreeRTOS/Source/include -I../Middlewares/Third_Party/FreeRTOS/Source/portable/GCC/ARM_CM4F -I../Drivers/CMSIS/Include -I../Drivers/STM32F4xx_HAL_Driver/Inc -I../Drivers/CMSIS/Device/ST/STM32F4xx/Include -I../Middlewares/Third_Party/FreeRTOS/Source/CMSIS_RTOS_V2 -I../Drivers/STM32F4xx_HAL_Driver/Inc/Legacy -O0 -ffunction-sections -fdata-sections -Wall -fstack-usage -MMD -MP -MF"Core/Src/main.d" -MT"Core/Src/main.o" --specs=nano.specs -mfpu=fpv4-sp-d16 -mfloat-abi=hard -mthumb -o "Core/Src/main.o"
../Core/Src/main.c:105:27: warning: data definition has no type or storage class
  105 | uint16_t uDistCheck1 = 0; uDistCheck2 = 0; uDistFinal = 0;
      |                           ^~~~~~~~~~~
../Core/Src/main.c:105:27: warning: type defaults to 'int' in declaration of 'uDistCheck2' [-Wimplicit-int]
../Core/Src/main.c:105:44: warning: data definition has no type or storage class
  105 | uint16_t uDistCheck1 = 0; uDistCheck2 = 0; uDistFinal = 0;
      |                                            ^~~~~~~~~~
../Core/Src/main.c:105:44: warning: type defaults to 'int' in declaration of 'uDistFinal' [-Wimplicit-int]
../Core/Src/main.c: In function 'motorControl':
../Core/Src/main.c:227:12: warning: implicit declaration of function 'abs' [-Wimplicit-function-declaration]
  227 |    diffl = abs(cntl2);
      |            ^~~
../Core/Src/main.c:231:4: warning: implicit declaration of function 'sprintf' [-Wimplicit-function-declaration]
  231 |    sprintf(display,"Left:%5d\0", diffl/68);
      |    ^~~~~~~
../Core/Src/main.c:231:4: warning: incompatible implicit declaration of built-in function 'sprintf'
../Core/Src/main.c:27:1: note: include '<stdio.h>' or provide a declaration of 'sprintf'
   26 | #include "math.h"
  +++ |+#include <stdio.h>
   27 | /* USER CODE END Includes */
../Core/Src/main.c:231:12: warning: pointer targets in passing argument 1 of 'sprintf' differ in signedness [-Wpointer-sign]
  231 |    sprintf(display,"Left:%5d\0", diffl/68);
      |            ^~~~~~~
      |            |
      |            uint8_t * {aka unsigned char *}
../Core/Src/main.c:231:12: note: expected 'char *' but argument is of type 'uint8_t *' {aka 'unsigned char *'}
../Core/Src/main.c:231:29: warning: embedded '\0' in format [-Wformat-contains-nul]
  231 |    sprintf(display,"Left:%5d\0", diffl/68);
      |                             ^~
../Core/Src/main.c:233:12: warning: pointer targets in passing argument 1 of 'sprintf' differ in signedness [-Wpointer-sign]
  233 |    sprintf(display,"Right:%5d\0", diffr/68);
      |            ^~~~~~~
      |            |
      |            uint8_t * {aka unsigned char *}
../Core/Src/main.c:233:12: note: expected 'char *' but argument is of type 'uint8_t *' {aka 'unsigned char *'}
../Core/Src/main.c:233:30: warning: embedded '\0' in format [-Wformat-contains-nul]
  233 |    sprintf(display,"Right:%5d\0", diffr/68);
      |                              ^~
../Core/Src/main.c: In function 'StartDefaultTask':
../Core/Src/main.c:861:3: warning: incompatible implicit declaration of built-in function 'sprintf'
  861 |   sprintf(checkPi, "From pi: %s\0", aRxBuffer);
      |   ^~~~~~~
../Core/Src/main.c:861:3: note: include '<stdio.h>' or provide a declaration of 'sprintf'
../Core/Src/main.c:861:11: warning: pointer targets in passing argument 1 of 'sprintf' differ in signedness [-Wpointer-sign]
  861 |   sprintf(checkPi, "From pi: %s\0", aRxBuffer);
      |           ^~~~~~~
      |           |
      |           uint8_t * {aka unsigned char *}
../Core/Src/main.c:861:11: note: expected 'char *' but argument is of type 'uint8_t *' {aka 'unsigned char *'}
../Core/Src/main.c:861:32: warning: embedded '\0' in format [-Wformat-contains-nul]
  861 |   sprintf(checkPi, "From pi: %s\0", aRxBuffer);
      |                                ^~
../Core/Src/main.c:853:10: warning: unused variable 'test' [-Wunused-variable]
  853 |  uint8_t test[20] = "Testing w/ UART";
      |          ^~~~
../Core/Src/main.c: In function 'motor':
../Core/Src/main.c:898:6: warning: unused variable 'x' [-Wunused-variable]
  898 |  int x = 0;
      |      ^
../Core/Src/main.c: In function 'motorControl':
../Core/Src/main.c:285:1: warning: control reaches end of non-void function [-Wreturn-type]
  285 | }
      | ^
../Core/Src/main.c: In function 'StartDefaultTask':
../Core/Src/main.c:861:23: warning: 'From pi: ' directive writing 9 bytes into a region of size 2 [-Wformat-overflow=]
  861 |   sprintf(checkPi, "From pi: %s\0", aRxBuffer);
      |                     ~~^~~~~~~
../Core/Src/main.c:861:3: note: 'sprintf' output between 10 and 29 bytes into a destination of size 2
  861 |   sprintf(checkPi, "From pi: %s\0", aRxBuffer);
      |   ^~~~~~~~~~~~~~~~~~~~~~~~~~~~~~~~~~~~~~~~~~~~
arm-none-eabi-gcc -o "MDP_grp13.elf" @"objects.list"   -mcpu=cortex-m4 -T"C:\Users\limke\OneDrive\Desktop\MDP\MDP_grp13\STM32F407VETX_FLASH.ld" --specs=nosys.specs -Wl,-Map="MDP_grp13.map" -Wl,--gc-sections -static --specs=nano.specs -mfpu=fpv4-sp-d16 -mfloat-abi=hard -mthumb -Wl,--start-group -lc -lm -Wl,--end-group
Finished building target: MDP_grp13.elf
 
arm-none-eabi-size   MDP_grp13.elf 
arm-none-eabi-objdump -h -S  MDP_grp13.elf  > "MDP_grp13.list"
arm-none-eabi-objcopy  -O ihex  MDP_grp13.elf  "MDP_grp13.hex"
   text	   data	    bss	    dec	    hex	filename
  39052	    124	  21924	  61100	   eeac	MDP_grp13.elf
Finished building: default.size.stdout
 
Finished building: MDP_grp13.hex
 
Finished building: MDP_grp13.list
 
10:40:08 **** Incremental Build of configuration Debug for project MDP_grp13 ****
make -j8 all 
arm-none-eabi-size   MDP_grp13.elf 
   text	   data	    bss	    dec	    hex	filename
  39052	    124	  21924	  61100	   eeac	MDP_grp13.elf
Finished building: default.size.stdout
 
10:40:43 **** Incremental Build of configuration Debug for project MDP_grp13 ****
make -j8 all 
arm-none-eabi-gcc "../Core/Src/main.c" -mcpu=cortex-m4 -std=gnu11 -g3 -DDEBUG -DUSE_HAL_DRIVER -DSTM32F407xx -c -I"C:/Users/limke/OneDrive/Desktop/MDP/MDP_grp13/PeripheralDrivers/inc" -I"C:/Users/limke/OneDrive/Desktop/MDP/MDP_grp13/PeripheralDrivers" -I../Core/Inc -I../Middlewares/Third_Party/FreeRTOS/Source/include -I../Middlewares/Third_Party/FreeRTOS/Source/portable/GCC/ARM_CM4F -I../Drivers/CMSIS/Include -I../Drivers/STM32F4xx_HAL_Driver/Inc -I../Drivers/CMSIS/Device/ST/STM32F4xx/Include -I../Middlewares/Third_Party/FreeRTOS/Source/CMSIS_RTOS_V2 -I../Drivers/STM32F4xx_HAL_Driver/Inc/Legacy -O0 -ffunction-sections -fdata-sections -Wall -fstack-usage -MMD -MP -MF"Core/Src/main.d" -MT"Core/Src/main.o" --specs=nano.specs -mfpu=fpv4-sp-d16 -mfloat-abi=hard -mthumb -o "Core/Src/main.o"
../Core/Src/main.c:105:27: warning: data definition has no type or storage class
  105 | uint16_t uDistCheck1 = 0; uDistCheck2 = 0; uDistFinal = 0;
      |                           ^~~~~~~~~~~
../Core/Src/main.c:105:27: warning: type defaults to 'int' in declaration of 'uDistCheck2' [-Wimplicit-int]
../Core/Src/main.c:105:44: warning: data definition has no type or storage class
  105 | uint16_t uDistCheck1 = 0; uDistCheck2 = 0; uDistFinal = 0;
      |                                            ^~~~~~~~~~
../Core/Src/main.c:105:44: warning: type defaults to 'int' in declaration of 'uDistFinal' [-Wimplicit-int]
../Core/Src/main.c: In function 'motorControl':
../Core/Src/main.c:227:12: warning: implicit declaration of function 'abs' [-Wimplicit-function-declaration]
  227 |    diffl = abs(cntl2);
      |            ^~~
../Core/Src/main.c:231:4: warning: implicit declaration of function 'sprintf' [-Wimplicit-function-declaration]
  231 |    sprintf(display,"Left:%5d\0", diffl/68);
      |    ^~~~~~~
../Core/Src/main.c:231:4: warning: incompatible implicit declaration of built-in function 'sprintf'
../Core/Src/main.c:27:1: note: include '<stdio.h>' or provide a declaration of 'sprintf'
   26 | #include "math.h"
  +++ |+#include <stdio.h>
   27 | /* USER CODE END Includes */
../Core/Src/main.c:231:12: warning: pointer targets in passing argument 1 of 'sprintf' differ in signedness [-Wpointer-sign]
  231 |    sprintf(display,"Left:%5d\0", diffl/68);
      |            ^~~~~~~
      |            |
      |            uint8_t * {aka unsigned char *}
../Core/Src/main.c:231:12: note: expected 'char *' but argument is of type 'uint8_t *' {aka 'unsigned char *'}
../Core/Src/main.c:231:29: warning: embedded '\0' in format [-Wformat-contains-nul]
  231 |    sprintf(display,"Left:%5d\0", diffl/68);
      |                             ^~
../Core/Src/main.c:233:12: warning: pointer targets in passing argument 1 of 'sprintf' differ in signedness [-Wpointer-sign]
  233 |    sprintf(display,"Right:%5d\0", diffr/68);
      |            ^~~~~~~
      |            |
      |            uint8_t * {aka unsigned char *}
../Core/Src/main.c:233:12: note: expected 'char *' but argument is of type 'uint8_t *' {aka 'unsigned char *'}
../Core/Src/main.c:233:30: warning: embedded '\0' in format [-Wformat-contains-nul]
  233 |    sprintf(display,"Right:%5d\0", diffr/68);
      |                              ^~
../Core/Src/main.c: In function 'StartDefaultTask':
../Core/Src/main.c:861:3: warning: incompatible implicit declaration of built-in function 'sprintf'
  861 |   sprintf(checkPi, "From pi: %s\0", aRxBuffer);
      |   ^~~~~~~
../Core/Src/main.c:861:3: note: include '<stdio.h>' or provide a declaration of 'sprintf'
../Core/Src/main.c:861:11: warning: pointer targets in passing argument 1 of 'sprintf' differ in signedness [-Wpointer-sign]
  861 |   sprintf(checkPi, "From pi: %s\0", aRxBuffer);
      |           ^~~~~~~
      |           |
      |           uint8_t * {aka unsigned char *}
../Core/Src/main.c:861:11: note: expected 'char *' but argument is of type 'uint8_t *' {aka 'unsigned char *'}
../Core/Src/main.c:861:32: warning: embedded '\0' in format [-Wformat-contains-nul]
  861 |   sprintf(checkPi, "From pi: %s\0", aRxBuffer);
      |                                ^~
../Core/Src/main.c:853:10: warning: unused variable 'test' [-Wunused-variable]
  853 |  uint8_t test[20] = "Testing w/ UART";
      |          ^~~~
../Core/Src/main.c: In function 'motor':
../Core/Src/main.c:898:6: warning: unused variable 'x' [-Wunused-variable]
  898 |  int x = 0;
      |      ^
../Core/Src/main.c: In function 'motorControl':
../Core/Src/main.c:285:1: warning: control reaches end of non-void function [-Wreturn-type]
  285 | }
      | ^
../Core/Src/main.c: In function 'StartDefaultTask':
../Core/Src/main.c:861:23: warning: 'From pi: ' directive writing 9 bytes into a region of size 2 [-Wformat-overflow=]
  861 |   sprintf(checkPi, "From pi: %s\0", aRxBuffer);
      |                     ~~^~~~~~~
../Core/Src/main.c:861:3: note: 'sprintf' output between 10 and 11 bytes into a destination of size 2
  861 |   sprintf(checkPi, "From pi: %s\0", aRxBuffer);
      |   ^~~~~~~~~~~~~~~~~~~~~~~~~~~~~~~~~~~~~~~~~~~~
arm-none-eabi-gcc -o "MDP_grp13.elf" @"objects.list"   -mcpu=cortex-m4 -T"C:\Users\limke\OneDrive\Desktop\MDP\MDP_grp13\STM32F407VETX_FLASH.ld" --specs=nosys.specs -Wl,-Map="MDP_grp13.map" -Wl,--gc-sections -static --specs=nano.specs -mfpu=fpv4-sp-d16 -mfloat-abi=hard -mthumb -Wl,--start-group -lc -lm -Wl,--end-group
Finished building target: MDP_grp13.elf
 
arm-none-eabi-size   MDP_grp13.elf 
arm-none-eabi-objdump -h -S  MDP_grp13.elf  > "MDP_grp13.list"
arm-none-eabi-objcopy  -O ihex  MDP_grp13.elf  "MDP_grp13.hex"
   text	   data	    bss	    dec	    hex	filename
  39052	    124	  21908	  61084	   ee9c	MDP_grp13.elf
Finished building: default.size.stdout
 
Finished building: MDP_grp13.hex
 
Finished building: MDP_grp13.list
 
10:41:40 **** Incremental Build of configuration Debug for project MDP_grp13 ****
make -j8 all 
arm-none-eabi-size   MDP_grp13.elf 
   text	   data	    bss	    dec	    hex	filename
  39052	    124	  21908	  61084	   ee9c	MDP_grp13.elf
Finished building: default.size.stdout
 
10:43:07 **** Incremental Build of configuration Debug for project MDP_grp13 ****
make -j8 all 
arm-none-eabi-gcc "../Core/Src/main.c" -mcpu=cortex-m4 -std=gnu11 -g3 -DDEBUG -DUSE_HAL_DRIVER -DSTM32F407xx -c -I"C:/Users/limke/OneDrive/Desktop/MDP/MDP_grp13/PeripheralDrivers/inc" -I"C:/Users/limke/OneDrive/Desktop/MDP/MDP_grp13/PeripheralDrivers" -I../Core/Inc -I../Middlewares/Third_Party/FreeRTOS/Source/include -I../Middlewares/Third_Party/FreeRTOS/Source/portable/GCC/ARM_CM4F -I../Drivers/CMSIS/Include -I../Drivers/STM32F4xx_HAL_Driver/Inc -I../Drivers/CMSIS/Device/ST/STM32F4xx/Include -I../Middlewares/Third_Party/FreeRTOS/Source/CMSIS_RTOS_V2 -I../Drivers/STM32F4xx_HAL_Driver/Inc/Legacy -O0 -ffunction-sections -fdata-sections -Wall -fstack-usage -MMD -MP -MF"Core/Src/main.d" -MT"Core/Src/main.o" --specs=nano.specs -mfpu=fpv4-sp-d16 -mfloat-abi=hard -mthumb -o "Core/Src/main.o"
../Core/Src/main.c:105:27: warning: data definition has no type or storage class
  105 | uint16_t uDistCheck1 = 0; uDistCheck2 = 0; uDistFinal = 0;
      |                           ^~~~~~~~~~~
../Core/Src/main.c:105:27: warning: type defaults to 'int' in declaration of 'uDistCheck2' [-Wimplicit-int]
../Core/Src/main.c:105:44: warning: data definition has no type or storage class
  105 | uint16_t uDistCheck1 = 0; uDistCheck2 = 0; uDistFinal = 0;
      |                                            ^~~~~~~~~~
../Core/Src/main.c:105:44: warning: type defaults to 'int' in declaration of 'uDistFinal' [-Wimplicit-int]
../Core/Src/main.c: In function 'motorControl':
../Core/Src/main.c:228:12: warning: implicit declaration of function 'abs' [-Wimplicit-function-declaration]
  228 |    diffl = abs(cntl2);
      |            ^~~
../Core/Src/main.c:232:4: warning: implicit declaration of function 'sprintf' [-Wimplicit-function-declaration]
  232 |    sprintf(display,"Left:%5d\0", diffl/68);
      |    ^~~~~~~
../Core/Src/main.c:232:4: warning: incompatible implicit declaration of built-in function 'sprintf'
../Core/Src/main.c:27:1: note: include '<stdio.h>' or provide a declaration of 'sprintf'
   26 | #include "math.h"
  +++ |+#include <stdio.h>
   27 | /* USER CODE END Includes */
../Core/Src/main.c:232:12: warning: pointer targets in passing argument 1 of 'sprintf' differ in signedness [-Wpointer-sign]
  232 |    sprintf(display,"Left:%5d\0", diffl/68);
      |            ^~~~~~~
      |            |
      |            uint8_t * {aka unsigned char *}
../Core/Src/main.c:232:12: note: expected 'char *' but argument is of type 'uint8_t *' {aka 'unsigned char *'}
../Core/Src/main.c:232:29: warning: embedded '\0' in format [-Wformat-contains-nul]
  232 |    sprintf(display,"Left:%5d\0", diffl/68);
      |                             ^~
../Core/Src/main.c:234:12: warning: pointer targets in passing argument 1 of 'sprintf' differ in signedness [-Wpointer-sign]
  234 |    sprintf(display,"Right:%5d\0", diffr/68);
      |            ^~~~~~~
      |            |
      |            uint8_t * {aka unsigned char *}
../Core/Src/main.c:234:12: note: expected 'char *' but argument is of type 'uint8_t *' {aka 'unsigned char *'}
../Core/Src/main.c:234:30: warning: embedded '\0' in format [-Wformat-contains-nul]
  234 |    sprintf(display,"Right:%5d\0", diffr/68);
      |                              ^~
../Core/Src/main.c: In function 'StartDefaultTask':
../Core/Src/main.c:862:3: warning: incompatible implicit declaration of built-in function 'sprintf'
  862 |   sprintf(checkPi, "From pi: %s\0", aRxBuffer);
      |   ^~~~~~~
../Core/Src/main.c:862:3: note: include '<stdio.h>' or provide a declaration of 'sprintf'
../Core/Src/main.c:862:11: warning: pointer targets in passing argument 1 of 'sprintf' differ in signedness [-Wpointer-sign]
  862 |   sprintf(checkPi, "From pi: %s\0", aRxBuffer);
      |           ^~~~~~~
      |           |
      |           uint8_t * {aka unsigned char *}
../Core/Src/main.c:862:11: note: expected 'char *' but argument is of type 'uint8_t *' {aka 'unsigned char *'}
../Core/Src/main.c:862:32: warning: embedded '\0' in format [-Wformat-contains-nul]
  862 |   sprintf(checkPi, "From pi: %s\0", aRxBuffer);
      |                                ^~
../Core/Src/main.c:854:10: warning: unused variable 'test' [-Wunused-variable]
  854 |  uint8_t test[20] = "Testing w/ UART";
      |          ^~~~
../Core/Src/main.c: In function 'motor':
../Core/Src/main.c:899:6: warning: unused variable 'x' [-Wunused-variable]
  899 |  int x = 0;
      |      ^
../Core/Src/main.c: In function 'motorControl':
../Core/Src/main.c:286:1: warning: control reaches end of non-void function [-Wreturn-type]
  286 | }
      | ^
../Core/Src/main.c: In function 'StartDefaultTask':
../Core/Src/main.c:862:22: warning: 'From pi: ' directive writing 9 bytes into a region of size 1 [-Wformat-overflow=]
  862 |   sprintf(checkPi, "From pi: %s\0", aRxBuffer);
      |                     ~^~~~~~~~
../Core/Src/main.c:862:3: note: 'sprintf' output 10 bytes into a destination of size 1
  862 |   sprintf(checkPi, "From pi: %s\0", aRxBuffer);
      |   ^~~~~~~~~~~~~~~~~~~~~~~~~~~~~~~~~~~~~~~~~~~~
arm-none-eabi-gcc -o "MDP_grp13.elf" @"objects.list"   -mcpu=cortex-m4 -T"C:\Users\limke\OneDrive\Desktop\MDP\MDP_grp13\STM32F407VETX_FLASH.ld" --specs=nosys.specs -Wl,-Map="MDP_grp13.map" -Wl,--gc-sections -static --specs=nano.specs -mfpu=fpv4-sp-d16 -mfloat-abi=hard -mthumb -Wl,--start-group -lc -lm -Wl,--end-group
Finished building target: MDP_grp13.elf
 
arm-none-eabi-size   MDP_grp13.elf 
arm-none-eabi-objdump -h -S  MDP_grp13.elf  > "MDP_grp13.list"
arm-none-eabi-objcopy  -O ihex  MDP_grp13.elf  "MDP_grp13.hex"
   text	   data	    bss	    dec	    hex	filename
  39052	    124	  21908	  61084	   ee9c	MDP_grp13.elf
Finished building: default.size.stdout
 
Finished building: MDP_grp13.hex
 
Finished building: MDP_grp13.list
 
10:43:27 **** Incremental Build of configuration Debug for project MDP_grp13 ****
make -j8 all 
arm-none-eabi-size   MDP_grp13.elf 
   text	   data	    bss	    dec	    hex	filename
  39052	    124	  21908	  61084	   ee9c	MDP_grp13.elf
Finished building: default.size.stdout
 
10:45:04 **** Incremental Build of configuration Debug for project MDP_grp13 ****
make -j8 all 
arm-none-eabi-gcc "../Core/Src/main.c" -mcpu=cortex-m4 -std=gnu11 -g3 -DDEBUG -DUSE_HAL_DRIVER -DSTM32F407xx -c -I"C:/Users/limke/OneDrive/Desktop/MDP/MDP_grp13/PeripheralDrivers/inc" -I"C:/Users/limke/OneDrive/Desktop/MDP/MDP_grp13/PeripheralDrivers" -I../Core/Inc -I../Middlewares/Third_Party/FreeRTOS/Source/include -I../Middlewares/Third_Party/FreeRTOS/Source/portable/GCC/ARM_CM4F -I../Drivers/CMSIS/Include -I../Drivers/STM32F4xx_HAL_Driver/Inc -I../Drivers/CMSIS/Device/ST/STM32F4xx/Include -I../Middlewares/Third_Party/FreeRTOS/Source/CMSIS_RTOS_V2 -I../Drivers/STM32F4xx_HAL_Driver/Inc/Legacy -O0 -ffunction-sections -fdata-sections -Wall -fstack-usage -MMD -MP -MF"Core/Src/main.d" -MT"Core/Src/main.o" --specs=nano.specs -mfpu=fpv4-sp-d16 -mfloat-abi=hard -mthumb -o "Core/Src/main.o"
../Core/Src/main.c:105:27: warning: data definition has no type or storage class
  105 | uint16_t uDistCheck1 = 0; uDistCheck2 = 0; uDistFinal = 0;
      |                           ^~~~~~~~~~~
../Core/Src/main.c:105:27: warning: type defaults to 'int' in declaration of 'uDistCheck2' [-Wimplicit-int]
../Core/Src/main.c:105:44: warning: data definition has no type or storage class
  105 | uint16_t uDistCheck1 = 0; uDistCheck2 = 0; uDistFinal = 0;
      |                                            ^~~~~~~~~~
../Core/Src/main.c:105:44: warning: type defaults to 'int' in declaration of 'uDistFinal' [-Wimplicit-int]
../Core/Src/main.c: In function 'motorControl':
../Core/Src/main.c:228:12: warning: implicit declaration of function 'abs' [-Wimplicit-function-declaration]
  228 |    diffl = abs(cntl2);
      |            ^~~
../Core/Src/main.c:232:4: warning: implicit declaration of function 'sprintf' [-Wimplicit-function-declaration]
  232 |    sprintf(display,"Left:%5d\0", diffl/68);
      |    ^~~~~~~
../Core/Src/main.c:232:4: warning: incompatible implicit declaration of built-in function 'sprintf'
../Core/Src/main.c:27:1: note: include '<stdio.h>' or provide a declaration of 'sprintf'
   26 | #include "math.h"
  +++ |+#include <stdio.h>
   27 | /* USER CODE END Includes */
../Core/Src/main.c:232:12: warning: pointer targets in passing argument 1 of 'sprintf' differ in signedness [-Wpointer-sign]
  232 |    sprintf(display,"Left:%5d\0", diffl/68);
      |            ^~~~~~~
      |            |
      |            uint8_t * {aka unsigned char *}
../Core/Src/main.c:232:12: note: expected 'char *' but argument is of type 'uint8_t *' {aka 'unsigned char *'}
../Core/Src/main.c:232:29: warning: embedded '\0' in format [-Wformat-contains-nul]
  232 |    sprintf(display,"Left:%5d\0", diffl/68);
      |                             ^~
../Core/Src/main.c:234:12: warning: pointer targets in passing argument 1 of 'sprintf' differ in signedness [-Wpointer-sign]
  234 |    sprintf(display,"Right:%5d\0", diffr/68);
      |            ^~~~~~~
      |            |
      |            uint8_t * {aka unsigned char *}
../Core/Src/main.c:234:12: note: expected 'char *' but argument is of type 'uint8_t *' {aka 'unsigned char *'}
../Core/Src/main.c:234:30: warning: embedded '\0' in format [-Wformat-contains-nul]
  234 |    sprintf(display,"Right:%5d\0", diffr/68);
      |                              ^~
../Core/Src/main.c: In function 'StartDefaultTask':
../Core/Src/main.c:862:3: warning: incompatible implicit declaration of built-in function 'sprintf'
  862 |   sprintf(checkPi, "From pi: %s\0", aRxBuffer);
      |   ^~~~~~~
../Core/Src/main.c:862:3: note: include '<stdio.h>' or provide a declaration of 'sprintf'
../Core/Src/main.c:862:11: warning: pointer targets in passing argument 1 of 'sprintf' differ in signedness [-Wpointer-sign]
  862 |   sprintf(checkPi, "From pi: %s\0", aRxBuffer);
      |           ^~~~~~~
      |           |
      |           uint8_t * {aka unsigned char *}
../Core/Src/main.c:862:11: note: expected 'char *' but argument is of type 'uint8_t *' {aka 'unsigned char *'}
../Core/Src/main.c:862:32: warning: embedded '\0' in format [-Wformat-contains-nul]
  862 |   sprintf(checkPi, "From pi: %s\0", aRxBuffer);
      |                                ^~
../Core/Src/main.c:854:10: warning: unused variable 'test' [-Wunused-variable]
  854 |  uint8_t test[20] = "Testing w/ UART";
      |          ^~~~
../Core/Src/main.c: In function 'motor':
../Core/Src/main.c:899:6: warning: unused variable 'x' [-Wunused-variable]
  899 |  int x = 0;
      |      ^
../Core/Src/main.c: In function 'motorControl':
../Core/Src/main.c:286:1: warning: control reaches end of non-void function [-Wreturn-type]
  286 | }
      | ^
../Core/Src/main.c: In function 'StartDefaultTask':
../Core/Src/main.c:862:23: warning: 'From pi: ' directive writing 9 bytes into a region of size 2 [-Wformat-overflow=]
  862 |   sprintf(checkPi, "From pi: %s\0", aRxBuffer);
      |                     ~~^~~~~~~
../Core/Src/main.c:862:3: note: 'sprintf' output between 10 and 11 bytes into a destination of size 2
  862 |   sprintf(checkPi, "From pi: %s\0", aRxBuffer);
      |   ^~~~~~~~~~~~~~~~~~~~~~~~~~~~~~~~~~~~~~~~~~~~
arm-none-eabi-gcc -o "MDP_grp13.elf" @"objects.list"   -mcpu=cortex-m4 -T"C:\Users\limke\OneDrive\Desktop\MDP\MDP_grp13\STM32F407VETX_FLASH.ld" --specs=nosys.specs -Wl,-Map="MDP_grp13.map" -Wl,--gc-sections -static --specs=nano.specs -mfpu=fpv4-sp-d16 -mfloat-abi=hard -mthumb -Wl,--start-group -lc -lm -Wl,--end-group
Finished building target: MDP_grp13.elf
 
arm-none-eabi-size   MDP_grp13.elf 
arm-none-eabi-objdump -h -S  MDP_grp13.elf  > "MDP_grp13.list"
arm-none-eabi-objcopy  -O ihex  MDP_grp13.elf  "MDP_grp13.hex"
   text	   data	    bss	    dec	    hex	filename
  39052	    124	  21908	  61084	   ee9c	MDP_grp13.elf
Finished building: default.size.stdout
 
Finished building: MDP_grp13.hex
 
Finished building: MDP_grp13.list
 
10:46:06 **** Incremental Build of configuration Debug for project MDP_grp13 ****
make -j8 all 
arm-none-eabi-size   MDP_grp13.elf 
   text	   data	    bss	    dec	    hex	filename
  39052	    124	  21908	  61084	   ee9c	MDP_grp13.elf
Finished building: default.size.stdout
 
10:47:26 **** Incremental Build of configuration Debug for project MDP_grp13 ****
make -j8 all 
arm-none-eabi-gcc "../Core/Src/main.c" -mcpu=cortex-m4 -std=gnu11 -g3 -DDEBUG -DUSE_HAL_DRIVER -DSTM32F407xx -c -I"C:/Users/limke/OneDrive/Desktop/MDP/MDP_grp13/PeripheralDrivers/inc" -I"C:/Users/limke/OneDrive/Desktop/MDP/MDP_grp13/PeripheralDrivers" -I../Core/Inc -I../Middlewares/Third_Party/FreeRTOS/Source/include -I../Middlewares/Third_Party/FreeRTOS/Source/portable/GCC/ARM_CM4F -I../Drivers/CMSIS/Include -I../Drivers/STM32F4xx_HAL_Driver/Inc -I../Drivers/CMSIS/Device/ST/STM32F4xx/Include -I../Middlewares/Third_Party/FreeRTOS/Source/CMSIS_RTOS_V2 -I../Drivers/STM32F4xx_HAL_Driver/Inc/Legacy -O0 -ffunction-sections -fdata-sections -Wall -fstack-usage -MMD -MP -MF"Core/Src/main.d" -MT"Core/Src/main.o" --specs=nano.specs -mfpu=fpv4-sp-d16 -mfloat-abi=hard -mthumb -o "Core/Src/main.o"
../Core/Src/main.c:105:27: warning: data definition has no type or storage class
  105 | uint16_t uDistCheck1 = 0; uDistCheck2 = 0; uDistFinal = 0;
      |                           ^~~~~~~~~~~
../Core/Src/main.c:105:27: warning: type defaults to 'int' in declaration of 'uDistCheck2' [-Wimplicit-int]
../Core/Src/main.c:105:44: warning: data definition has no type or storage class
  105 | uint16_t uDistCheck1 = 0; uDistCheck2 = 0; uDistFinal = 0;
      |                                            ^~~~~~~~~~
../Core/Src/main.c:105:44: warning: type defaults to 'int' in declaration of 'uDistFinal' [-Wimplicit-int]
../Core/Src/main.c: In function 'motorControl':
../Core/Src/main.c:228:12: warning: implicit declaration of function 'abs' [-Wimplicit-function-declaration]
  228 |    diffl = abs(cntl2);
      |            ^~~
../Core/Src/main.c:232:4: warning: implicit declaration of function 'sprintf' [-Wimplicit-function-declaration]
  232 |    sprintf(display,"Left:%5d\0", diffl/68);
      |    ^~~~~~~
../Core/Src/main.c:232:4: warning: incompatible implicit declaration of built-in function 'sprintf'
../Core/Src/main.c:27:1: note: include '<stdio.h>' or provide a declaration of 'sprintf'
   26 | #include "math.h"
  +++ |+#include <stdio.h>
   27 | /* USER CODE END Includes */
../Core/Src/main.c:232:12: warning: pointer targets in passing argument 1 of 'sprintf' differ in signedness [-Wpointer-sign]
  232 |    sprintf(display,"Left:%5d\0", diffl/68);
      |            ^~~~~~~
      |            |
      |            uint8_t * {aka unsigned char *}
../Core/Src/main.c:232:12: note: expected 'char *' but argument is of type 'uint8_t *' {aka 'unsigned char *'}
../Core/Src/main.c:232:29: warning: embedded '\0' in format [-Wformat-contains-nul]
  232 |    sprintf(display,"Left:%5d\0", diffl/68);
      |                             ^~
../Core/Src/main.c:234:12: warning: pointer targets in passing argument 1 of 'sprintf' differ in signedness [-Wpointer-sign]
  234 |    sprintf(display,"Right:%5d\0", diffr/68);
      |            ^~~~~~~
      |            |
      |            uint8_t * {aka unsigned char *}
../Core/Src/main.c:234:12: note: expected 'char *' but argument is of type 'uint8_t *' {aka 'unsigned char *'}
../Core/Src/main.c:234:30: warning: embedded '\0' in format [-Wformat-contains-nul]
  234 |    sprintf(display,"Right:%5d\0", diffr/68);
      |                              ^~
../Core/Src/main.c: In function 'StartDefaultTask':
../Core/Src/main.c:862:3: warning: incompatible implicit declaration of built-in function 'sprintf'
  862 |   sprintf(checkPi, "From pi: %s\0", aRxBuffer);
      |   ^~~~~~~
../Core/Src/main.c:862:3: note: include '<stdio.h>' or provide a declaration of 'sprintf'
../Core/Src/main.c:862:11: warning: pointer targets in passing argument 1 of 'sprintf' differ in signedness [-Wpointer-sign]
  862 |   sprintf(checkPi, "From pi: %s\0", aRxBuffer);
      |           ^~~~~~~
      |           |
      |           uint8_t * {aka unsigned char *}
../Core/Src/main.c:862:11: note: expected 'char *' but argument is of type 'uint8_t *' {aka 'unsigned char *'}
../Core/Src/main.c:862:32: warning: embedded '\0' in format [-Wformat-contains-nul]
  862 |   sprintf(checkPi, "From pi: %s\0", aRxBuffer);
      |                                ^~
../Core/Src/main.c:854:10: warning: unused variable 'test' [-Wunused-variable]
  854 |  uint8_t test[20] = "Testing w/ UART";
      |          ^~~~
../Core/Src/main.c: In function 'motor':
../Core/Src/main.c:899:6: warning: unused variable 'x' [-Wunused-variable]
  899 |  int x = 0;
      |      ^
../Core/Src/main.c: In function 'motorControl':
../Core/Src/main.c:286:1: warning: control reaches end of non-void function [-Wreturn-type]
  286 | }
      | ^
../Core/Src/main.c: In function 'StartDefaultTask':
../Core/Src/main.c:862:22: warning: 'From pi: ' directive writing 9 bytes into a region of size 1 [-Wformat-overflow=]
  862 |   sprintf(checkPi, "From pi: %s\0", aRxBuffer);
      |                     ~^~~~~~~~
../Core/Src/main.c:862:3: note: 'sprintf' output 10 bytes into a destination of size 1
  862 |   sprintf(checkPi, "From pi: %s\0", aRxBuffer);
      |   ^~~~~~~~~~~~~~~~~~~~~~~~~~~~~~~~~~~~~~~~~~~~
[...]
  905 |  int x = 0;
      |      ^
../Core/Src/main.c: In function 'motorControl':
../Core/Src/main.c:291:1: warning: control reaches end of non-void function [-Wreturn-type]
  291 | }
      | ^
../Core/Src/main.c: In function 'StartDefaultTask':
../Core/Src/main.c:868:22: warning: 'Pi cmd: ' directive writing 8 bytes into a region of size 1 [-Wformat-overflow=]
  868 |   sprintf(checkPi, "Pi cmd: %s\0", aRxBuffer);
      |                     ~^~~~~~~
../Core/Src/main.c:868:3: note: 'sprintf' output 9 bytes into a destination of size 1
  868 |   sprintf(checkPi, "Pi cmd: %s\0", aRxBuffer);
      |   ^~~~~~~~~~~~~~~~~~~~~~~~~~~~~~~~~~~~~~~~~~~
make: *** [Core/Src/subdir.mk:37: Core/Src/main.o] Error 1
"make -j8 all" terminated with exit code 2. Build might be incomplete.
22:57:16 **** Incremental Build of configuration Debug for project MDP_grp13 ****
make -j8 all 
arm-none-eabi-gcc "../Core/Src/main.c" -mcpu=cortex-m4 -std=gnu11 -g3 -DDEBUG -DUSE_HAL_DRIVER -DSTM32F407xx -c -I"C:/Users/limke/OneDrive/Desktop/MDP/MDP_grp13/PeripheralDrivers/inc" -I"C:/Users/limke/OneDrive/Desktop/MDP/MDP_grp13/PeripheralDrivers" -I../Core/Inc -I../Middlewares/Third_Party/FreeRTOS/Source/include -I../Middlewares/Third_Party/FreeRTOS/Source/portable/GCC/ARM_CM4F -I../Drivers/CMSIS/Include -I../Drivers/STM32F4xx_HAL_Driver/Inc -I../Drivers/CMSIS/Device/ST/STM32F4xx/Include -I../Middlewares/Third_Party/FreeRTOS/Source/CMSIS_RTOS_V2 -I../Drivers/STM32F4xx_HAL_Driver/Inc/Legacy -O0 -ffunction-sections -fdata-sections -Wall -fstack-usage -MMD -MP -MF"Core/Src/main.d" -MT"Core/Src/main.o" --specs=nano.specs -mfpu=fpv4-sp-d16 -mfloat-abi=hard -mthumb -o "Core/Src/main.o"
../Core/Src/main.c:105:27: warning: data definition has no type or storage class
  105 | uint16_t uDistCheck1 = 0; uDistCheck2 = 0; uDistFinal = 0;
      |                           ^~~~~~~~~~~
../Core/Src/main.c:105:27: warning: type defaults to 'int' in declaration of 'uDistCheck2' [-Wimplicit-int]
../Core/Src/main.c:105:44: warning: data definition has no type or storage class
  105 | uint16_t uDistCheck1 = 0; uDistCheck2 = 0; uDistFinal = 0;
      |                                            ^~~~~~~~~~
../Core/Src/main.c:105:44: warning: type defaults to 'int' in declaration of 'uDistFinal' [-Wimplicit-int]
../Core/Src/main.c: In function 'waitCmd':
../Core/Src/main.c:181:20: warning: comparison between pointer and integer
  181 |  while (*aRxBuffer == "R") {
      |                    ^~
../Core/Src/main.c:181:20: warning: comparison with string literal results in unspecified behavior [-Waddress]
../Core/Src/main.c: In function 'motorControl':
../Core/Src/main.c:233:12: warning: implicit declaration of function 'abs' [-Wimplicit-function-declaration]
  233 |    diffl = abs(cntl2);
      |            ^~~
../Core/Src/main.c:237:4: warning: implicit declaration of function 'sprintf' [-Wimplicit-function-declaration]
  237 |    sprintf(display,"Left:%5d\0", diffl/68);
      |    ^~~~~~~
../Core/Src/main.c:237:4: warning: incompatible implicit declaration of built-in function 'sprintf'
../Core/Src/main.c:27:1: note: include '<stdio.h>' or provide a declaration of 'sprintf'
   26 | #include "math.h"
  +++ |+#include <stdio.h>
   27 | /* USER CODE END Includes */
../Core/Src/main.c:237:12: warning: pointer targets in passing argument 1 of 'sprintf' differ in signedness [-Wpointer-sign]
  237 |    sprintf(display,"Left:%5d\0", diffl/68);
      |            ^~~~~~~
      |            |
      |            uint8_t * {aka unsigned char *}
../Core/Src/main.c:237:12: note: expected 'char *' but argument is of type 'uint8_t *' {aka 'unsigned char *'}
../Core/Src/main.c:237:29: warning: embedded '\0' in format [-Wformat-contains-nul]
  237 |    sprintf(display,"Left:%5d\0", diffl/68);
      |                             ^~
../Core/Src/main.c:239:12: warning: pointer targets in passing argument 1 of 'sprintf' differ in signedness [-Wpointer-sign]
  239 |    sprintf(display,"Right:%5d\0", diffr/68);
      |            ^~~~~~~
      |            |
      |            uint8_t * {aka unsigned char *}
../Core/Src/main.c:239:12: note: expected 'char *' but argument is of type 'uint8_t *' {aka 'unsigned char *'}
../Core/Src/main.c:239:30: warning: embedded '\0' in format [-Wformat-contains-nul]
  239 |    sprintf(display,"Right:%5d\0", diffr/68);
      |                              ^~
../Core/Src/main.c: In function 'StartDefaultTask':
../Core/Src/main.c:868:3: warning: incompatible implicit declaration of built-in function 'sprintf'
  868 |   sprintf(checkPi, "Pi cmd: %s\0", aRxBuffer);
      |   ^~~~~~~
../Core/Src/main.c:868:3: note: include '<stdio.h>' or provide a declaration of 'sprintf'
../Core/Src/main.c:868:11: warning: pointer targets in passing argument 1 of 'sprintf' differ in signedness [-Wpointer-sign]
  868 |   sprintf(checkPi, "Pi cmd: %s\0", aRxBuffer);
      |           ^~~~~~~
      |           |
      |           uint8_t * {aka unsigned char *}
../Core/Src/main.c:868:11: note: expected 'char *' but argument is of type 'uint8_t *' {aka 'unsigned char *'}
../Core/Src/main.c:868:31: warning: embedded '\0' in format [-Wformat-contains-nul]
  868 |   sprintf(checkPi, "Pi cmd: %s\0", aRxBuffer);
      |                               ^~
../Core/Src/main.c: In function 'motor':
../Core/Src/main.c:944:53: warning: implicit declaration of function 'strlen' [-Wimplicit-function-declaration]
  944 |     HAL_UART_Transmit_IT(&huart3, (uint8_t *)reply, strlen(reply));
      |                                                     ^~~~~~
../Core/Src/main.c:944:53: warning: incompatible implicit declaration of built-in function 'strlen'
../Core/Src/main.c:27:1: note: include '<string.h>' or provide a declaration of 'strlen'
   26 | #include "math.h"
  +++ |+#include <string.h>
   27 | /* USER CODE END Includes */
../Core/Src/main.c:948:9: error: 'R' undeclared (first use in this function)
  948 |    case R:
      |         ^
../Core/Src/main.c:948:9: note: each undeclared identifier is reported only once for each function it appears in
../Core/Src/main.c:905:6: warning: unused variable 'x' [-Wunused-variable]
  905 |  int x = 0;
      |      ^
../Core/Src/main.c: In function 'motorControl':
../Core/Src/main.c:291:1: warning: control reaches end of non-void function [-Wreturn-type]
  291 | }
      | ^
../Core/Src/main.c: In function 'StartDefaultTask':
../Core/Src/main.c:868:22: warning: 'Pi cmd: ' directive writing 8 bytes into a region of size 1 [-Wformat-overflow=]
  868 |   sprintf(checkPi, "Pi cmd: %s\0", aRxBuffer);
      |                     ~^~~~~~~
../Core/Src/main.c:868:3: note: 'sprintf' output 9 bytes into a destination of size 1
  868 |   sprintf(checkPi, "Pi cmd: %s\0", aRxBuffer);
      |   ^~~~~~~~~~~~~~~~~~~~~~~~~~~~~~~~~~~~~~~~~~~
make: *** [Core/Src/subdir.mk:37: Core/Src/main.o] Error 1
"make -j8 all" terminated with exit code 2. Build might be incomplete.
22:57:36 **** Incremental Build of configuration Debug for project MDP_grp13 ****
make -j8 all 
arm-none-eabi-gcc "../Core/Src/main.c" -mcpu=cortex-m4 -std=gnu11 -g3 -DDEBUG -DUSE_HAL_DRIVER -DSTM32F407xx -c -I"C:/Users/limke/OneDrive/Desktop/MDP/MDP_grp13/PeripheralDrivers/inc" -I"C:/Users/limke/OneDrive/Desktop/MDP/MDP_grp13/PeripheralDrivers" -I../Core/Inc -I../Middlewares/Third_Party/FreeRTOS/Source/include -I../Middlewares/Third_Party/FreeRTOS/Source/portable/GCC/ARM_CM4F -I../Drivers/CMSIS/Include -I../Drivers/STM32F4xx_HAL_Driver/Inc -I../Drivers/CMSIS/Device/ST/STM32F4xx/Include -I../Middlewares/Third_Party/FreeRTOS/Source/CMSIS_RTOS_V2 -I../Drivers/STM32F4xx_HAL_Driver/Inc/Legacy -O0 -ffunction-sections -fdata-sections -Wall -fstack-usage -MMD -MP -MF"Core/Src/main.d" -MT"Core/Src/main.o" --specs=nano.specs -mfpu=fpv4-sp-d16 -mfloat-abi=hard -mthumb -o "Core/Src/main.o"
../Core/Src/main.c:105:27: warning: data definition has no type or storage class
  105 | uint16_t uDistCheck1 = 0; uDistCheck2 = 0; uDistFinal = 0;
      |                           ^~~~~~~~~~~
../Core/Src/main.c:105:27: warning: type defaults to 'int' in declaration of 'uDistCheck2' [-Wimplicit-int]
../Core/Src/main.c:105:44: warning: data definition has no type or storage class
  105 | uint16_t uDistCheck1 = 0; uDistCheck2 = 0; uDistFinal = 0;
      |                                            ^~~~~~~~~~
../Core/Src/main.c:105:44: warning: type defaults to 'int' in declaration of 'uDistFinal' [-Wimplicit-int]
../Core/Src/main.c: In function 'waitCmd':
../Core/Src/main.c:181:20: warning: comparison between pointer and integer
  181 |  while (*aRxBuffer == "R") {
      |                    ^~
../Core/Src/main.c:181:20: warning: comparison with string literal results in unspecified behavior [-Waddress]
../Core/Src/main.c: In function 'motorControl':
../Core/Src/main.c:233:12: warning: implicit declaration of function 'abs' [-Wimplicit-function-declaration]
  233 |    diffl = abs(cntl2);
      |            ^~~
../Core/Src/main.c:237:4: warning: implicit declaration of function 'sprintf' [-Wimplicit-function-declaration]
  237 |    sprintf(display,"Left:%5d\0", diffl/68);
      |    ^~~~~~~
../Core/Src/main.c:237:4: warning: incompatible implicit declaration of built-in function 'sprintf'
../Core/Src/main.c:27:1: note: include '<stdio.h>' or provide a declaration of 'sprintf'
   26 | #include "math.h"
  +++ |+#include <stdio.h>
   27 | /* USER CODE END Includes */
../Core/Src/main.c:237:12: warning: pointer targets in passing argument 1 of 'sprintf' differ in signedness [-Wpointer-sign]
  237 |    sprintf(display,"Left:%5d\0", diffl/68);
      |            ^~~~~~~
      |            |
      |            uint8_t * {aka unsigned char *}
../Core/Src/main.c:237:12: note: expected 'char *' but argument is of type 'uint8_t *' {aka 'unsigned char *'}
../Core/Src/main.c:237:29: warning: embedded '\0' in format [-Wformat-contains-nul]
  237 |    sprintf(display,"Left:%5d\0", diffl/68);
      |                             ^~
../Core/Src/main.c:239:12: warning: pointer targets in passing argument 1 of 'sprintf' differ in signedness [-Wpointer-sign]
  239 |    sprintf(display,"Right:%5d\0", diffr/68);
      |            ^~~~~~~
      |            |
      |            uint8_t * {aka unsigned char *}
../Core/Src/main.c:239:12: note: expected 'char *' but argument is of type 'uint8_t *' {aka 'unsigned char *'}
../Core/Src/main.c:239:30: warning: embedded '\0' in format [-Wformat-contains-nul]
  239 |    sprintf(display,"Right:%5d\0", diffr/68);
      |                              ^~
../Core/Src/main.c: In function 'StartDefaultTask':
../Core/Src/main.c:868:3: warning: incompatible implicit declaration of built-in function 'sprintf'
  868 |   sprintf(checkPi, "Pi cmd: %s\0", aRxBuffer);
      |   ^~~~~~~
../Core/Src/main.c:868:3: note: include '<stdio.h>' or provide a declaration of 'sprintf'
../Core/Src/main.c:868:11: warning: pointer targets in passing argument 1 of 'sprintf' differ in signedness [-Wpointer-sign]
  868 |   sprintf(checkPi, "Pi cmd: %s\0", aRxBuffer);
      |           ^~~~~~~
      |           |
      |           uint8_t * {aka unsigned char *}
../Core/Src/main.c:868:11: note: expected 'char *' but argument is of type 'uint8_t *' {aka 'unsigned char *'}
../Core/Src/main.c:868:31: warning: embedded '\0' in format [-Wformat-contains-nul]
  868 |   sprintf(checkPi, "Pi cmd: %s\0", aRxBuffer);
      |                               ^~
../Core/Src/main.c: In function 'motor':
../Core/Src/main.c:944:53: warning: implicit declaration of function 'strlen' [-Wimplicit-function-declaration]
  944 |     HAL_UART_Transmit_IT(&huart3, (uint8_t *)reply, strlen(reply));
      |                                                     ^~~~~~
../Core/Src/main.c:944:53: warning: incompatible implicit declaration of built-in function 'strlen'
../Core/Src/main.c:27:1: note: include '<string.h>' or provide a declaration of 'strlen'
   26 | #include "math.h"
  +++ |+#include <string.h>
   27 | /* USER CODE END Includes */
../Core/Src/main.c:905:6: warning: unused variable 'x' [-Wunused-variable]
  905 |  int x = 0;
      |      ^
../Core/Src/main.c: In function 'motorControl':
../Core/Src/main.c:291:1: warning: control reaches end of non-void function [-Wreturn-type]
  291 | }
      | ^
../Core/Src/main.c: In function 'StartDefaultTask':
../Core/Src/main.c:868:22: warning: 'Pi cmd: ' directive writing 8 bytes into a region of size 1 [-Wformat-overflow=]
  868 |   sprintf(checkPi, "Pi cmd: %s\0", aRxBuffer);
      |                     ~^~~~~~~
../Core/Src/main.c:868:3: note: 'sprintf' output 9 bytes into a destination of size 1
  868 |   sprintf(checkPi, "Pi cmd: %s\0", aRxBuffer);
      |   ^~~~~~~~~~~~~~~~~~~~~~~~~~~~~~~~~~~~~~~~~~~
arm-none-eabi-gcc -o "MDP_grp13.elf" @"objects.list"   -mcpu=cortex-m4 -T"C:\Users\limke\OneDrive\Desktop\MDP\MDP_grp13\STM32F407VETX_FLASH.ld" --specs=nosys.specs -Wl,-Map="MDP_grp13.map" -Wl,--gc-sections -static --specs=nano.specs -mfpu=fpv4-sp-d16 -mfloat-abi=hard -mthumb -Wl,--start-group -lc -lm -Wl,--end-group
Finished building target: MDP_grp13.elf
 
arm-none-eabi-size   MDP_grp13.elf 
arm-none-eabi-objdump -h -S  MDP_grp13.elf  > "MDP_grp13.list"
arm-none-eabi-objcopy  -O ihex  MDP_grp13.elf  "MDP_grp13.hex"
   text	   data	    bss	    dec	    hex	filename
  46388	    128	  21928	  68444	  10b5c	MDP_grp13.elf
Finished building: default.size.stdout
 
Finished building: MDP_grp13.hex
 
Finished building: MDP_grp13.list
 
22:57:47 **** Incremental Build of configuration Debug for project MDP_grp13 ****
make -j8 all 
arm-none-eabi-size   MDP_grp13.elf 
   text	   data	    bss	    dec	    hex	filename
  46388	    128	  21928	  68444	  10b5c	MDP_grp13.elf
Finished building: default.size.stdout
 
23:00:20 **** Incremental Build of configuration Debug for project MDP_grp13 ****
make -j8 all 
arm-none-eabi-gcc "../Core/Src/main.c" -mcpu=cortex-m4 -std=gnu11 -g3 -DDEBUG -DUSE_HAL_DRIVER -DSTM32F407xx -c -I"C:/Users/limke/OneDrive/Desktop/MDP/MDP_grp13/PeripheralDrivers/inc" -I"C:/Users/limke/OneDrive/Desktop/MDP/MDP_grp13/PeripheralDrivers" -I../Core/Inc -I../Middlewares/Third_Party/FreeRTOS/Source/include -I../Middlewares/Third_Party/FreeRTOS/Source/portable/GCC/ARM_CM4F -I../Drivers/CMSIS/Include -I../Drivers/STM32F4xx_HAL_Driver/Inc -I../Drivers/CMSIS/Device/ST/STM32F4xx/Include -I../Middlewares/Third_Party/FreeRTOS/Source/CMSIS_RTOS_V2 -I../Drivers/STM32F4xx_HAL_Driver/Inc/Legacy -O0 -ffunction-sections -fdata-sections -Wall -fstack-usage -MMD -MP -MF"Core/Src/main.d" -MT"Core/Src/main.o" --specs=nano.specs -mfpu=fpv4-sp-d16 -mfloat-abi=hard -mthumb -o "Core/Src/main.o"
../Core/Src/main.c:105:27: warning: data definition has no type or storage class
  105 | uint16_t uDistCheck1 = 0; uDistCheck2 = 0; uDistFinal = 0;
      |                           ^~~~~~~~~~~
../Core/Src/main.c:105:27: warning: type defaults to 'int' in declaration of 'uDistCheck2' [-Wimplicit-int]
../Core/Src/main.c:105:44: warning: data definition has no type or storage class
  105 | uint16_t uDistCheck1 = 0; uDistCheck2 = 0; uDistFinal = 0;
      |                                            ^~~~~~~~~~
../Core/Src/main.c:105:44: warning: type defaults to 'int' in declaration of 'uDistFinal' [-Wimplicit-int]
../Core/Src/main.c: In function 'motorControl':
../Core/Src/main.c:233:12: warning: implicit declaration of function 'abs' [-Wimplicit-function-declaration]
  233 |    diffl = abs(cntl2);
      |            ^~~
../Core/Src/main.c:237:4: warning: implicit declaration of function 'sprintf' [-Wimplicit-function-declaration]
  237 |    sprintf(display,"Left:%5d\0", diffl/68);
      |    ^~~~~~~
../Core/Src/main.c:237:4: warning: incompatible implicit declaration of built-in function 'sprintf'
../Core/Src/main.c:27:1: note: include '<stdio.h>' or provide a declaration of 'sprintf'
   26 | #include "math.h"
  +++ |+#include <stdio.h>
   27 | /* USER CODE END Includes */
../Core/Src/main.c:237:12: warning: pointer targets in passing argument 1 of 'sprintf' differ in signedness [-Wpointer-sign]
  237 |    sprintf(display,"Left:%5d\0", diffl/68);
      |            ^~~~~~~
      |            |
      |            uint8_t * {aka unsigned char *}
../Core/Src/main.c:237:12: note: expected 'char *' but argument is of type 'uint8_t *' {aka 'unsigned char *'}
../Core/Src/main.c:237:29: warning: embedded '\0' in format [-Wformat-contains-nul]
  237 |    sprintf(display,"Left:%5d\0", diffl/68);
      |                             ^~
../Core/Src/main.c:239:12: warning: pointer targets in passing argument 1 of 'sprintf' differ in signedness [-Wpointer-sign]
  239 |    sprintf(display,"Right:%5d\0", diffr/68);
      |            ^~~~~~~
      |            |
      |            uint8_t * {aka unsigned char *}
../Core/Src/main.c:239:12: note: expected 'char *' but argument is of type 'uint8_t *' {aka 'unsigned char *'}
../Core/Src/main.c:239:30: warning: embedded '\0' in format [-Wformat-contains-nul]
  239 |    sprintf(display,"Right:%5d\0", diffr/68);
      |                              ^~
../Core/Src/main.c: In function 'StartDefaultTask':
../Core/Src/main.c:868:3: warning: incompatible implicit declaration of built-in function 'sprintf'
  868 |   sprintf(checkPi, "Pi cmd: %s\0", aRxBuffer);
      |   ^~~~~~~
../Core/Src/main.c:868:3: note: include '<stdio.h>' or provide a declaration of 'sprintf'
../Core/Src/main.c:868:11: warning: pointer targets in passing argument 1 of 'sprintf' differ in signedness [-Wpointer-sign]
  868 |   sprintf(checkPi, "Pi cmd: %s\0", aRxBuffer);
      |           ^~~~~~~
      |           |
      |           uint8_t * {aka unsigned char *}
../Core/Src/main.c:868:11: note: expected 'char *' but argument is of type 'uint8_t *' {aka 'unsigned char *'}
../Core/Src/main.c:868:31: warning: embedded '\0' in format [-Wformat-contains-nul]
  868 |   sprintf(checkPi, "Pi cmd: %s\0", aRxBuffer);
      |                               ^~
../Core/Src/main.c: In function 'motor':
../Core/Src/main.c:944:53: warning: implicit declaration of function 'strlen' [-Wimplicit-function-declaration]
  944 |     HAL_UART_Transmit_IT(&huart3, (uint8_t *)reply, strlen(reply));
      |                                                     ^~~~~~
../Core/Src/main.c:944:53: warning: incompatible implicit declaration of built-in function 'strlen'
../Core/Src/main.c:27:1: note: include '<string.h>' or provide a declaration of 'strlen'
   26 | #include "math.h"
  +++ |+#include <string.h>
   27 | /* USER CODE END Includes */
../Core/Src/main.c:905:6: warning: unused variable 'x' [-Wunused-variable]
  905 |  int x = 0;
      |      ^
../Core/Src/main.c: In function 'motorControl':
../Core/Src/main.c:291:1: warning: control reaches end of non-void function [-Wreturn-type]
  291 | }
      | ^
../Core/Src/main.c: In function 'StartDefaultTask':
../Core/Src/main.c:868:22: warning: 'Pi cmd: ' directive writing 8 bytes into a region of size 1 [-Wformat-overflow=]
  868 |   sprintf(checkPi, "Pi cmd: %s\0", aRxBuffer);
      |                     ~^~~~~~~
../Core/Src/main.c:868:3: note: 'sprintf' output 9 bytes into a destination of size 1
  868 |   sprintf(checkPi, "Pi cmd: %s\0", aRxBuffer);
      |   ^~~~~~~~~~~~~~~~~~~~~~~~~~~~~~~~~~~~~~~~~~~
arm-none-eabi-gcc -o "MDP_grp13.elf" @"objects.list"   -mcpu=cortex-m4 -T"C:\Users\limke\OneDrive\Desktop\MDP\MDP_grp13\STM32F407VETX_FLASH.ld" --specs=nosys.specs -Wl,-Map="MDP_grp13.map" -Wl,--gc-sections -static --specs=nano.specs -mfpu=fpv4-sp-d16 -mfloat-abi=hard -mthumb -Wl,--start-group -lc -lm -Wl,--end-group
Finished building target: MDP_grp13.elf
 
arm-none-eabi-size   MDP_grp13.elf 
arm-none-eabi-objdump -h -S  MDP_grp13.elf  > "MDP_grp13.list"
arm-none-eabi-objcopy  -O ihex  MDP_grp13.elf  "MDP_grp13.hex"
   text	   data	    bss	    dec	    hex	filename
  46380	    128	  21928	  68436	  10b54	MDP_grp13.elf
Finished building: default.size.stdout
 
Finished building: MDP_grp13.hex
 
Finished building: MDP_grp13.list
 
