17:21:33 **** Incremental Build of configuration Debug for project MDP_grp13 ****
make -j7 all 
arm-none-eabi-gcc "../Core/Src/main.c" -mcpu=cortex-m4 -std=gnu11 -g3 -DDEBUG -DUSE_HAL_DRIVER -DSTM32F407xx -c -I"/Users/le/Documents/GitHub/MDP_grp13_stm32/MDP_grp13/PeripheralDrivers/inc" -I"/Users/le/Documents/GitHub/MDP_grp13_stm32/MDP_grp13/PeripheralDrivers" -I../Core/Inc -I../Middlewares/Third_Party/FreeRTOS/Source/include -I../Middlewares/Third_Party/FreeRTOS/Source/portable/GCC/ARM_CM4F -I../Drivers/CMSIS/Include -I../Drivers/STM32F4xx_HAL_Driver/Inc -I../Drivers/CMSIS/Device/ST/STM32F4xx/Include -I../Middlewares/Third_Party/FreeRTOS/Source/CMSIS_RTOS_V2 -I../Drivers/STM32F4xx_HAL_Driver/Inc/Legacy -I/Users/le/Documents/GitHub/MDP_grp13_stm32/MDP_grp13/PIDController -I/MDP_grp13/PIDController/Inc -O0 -ffunction-sections -fdata-sections -Wall -fstack-usage -MMD -MP -MF"Core/Src/main.d" -MT"Core/Src/main.o" --specs=nano.specs -mfpu=fpv4-sp-d16 -mfloat-abi=hard -mthumb -o "Core/Src/main.o"
../Core/Src/main.c:137:27: warning: data definition has no type or storage class
  137 | uint16_t uDistCheck1 = 0; uDistCheck2 = 0; uDistFinal = 0;
      |                           ^~~~~~~~~~~
../Core/Src/main.c:137:27: warning: type defaults to 'int' in declaration of 'uDistCheck2' [-Wimplicit-int]
../Core/Src/main.c:137:44: warning: data definition has no type or storage class
  137 | uint16_t uDistCheck1 = 0; uDistCheck2 = 0; uDistFinal = 0;
      |                                            ^~~~~~~~~~
../Core/Src/main.c:137:44: warning: type defaults to 'int' in declaration of 'uDistFinal' [-Wimplicit-int]
../Core/Src/main.c: In function 'ultraDistCheck':
../Core/Src/main.c:225:9: warning: implicit declaration of function 'abs' [-Wimplicit-function-declaration]
  225 |  while (abs(uDistCheck1 - uDistCheck2) >= 5) { // || uDistCheck2 - uDistCheck1 >= 5) {
      |         ^~~
../Core/Src/main.c: In function 'fastestCar':
../Core/Src/main.c:300:6: warning: unused variable 'x' [-Wunused-variable]
  300 |  int x=0;
      |      ^
../Core/Src/main.c: In function 'PIDmotor':
../Core/Src/main.c:553:2: warning: implicit declaration of function 'Profile_Init' [-Wimplicit-function-declaration]
  553 |  Profile_Init(&profileLeft);
      |  ^~~~~~~~~~~~
../Core/Src/main.c: In function 'PIDturn':
../Core/Src/main.c:601:10: warning: unused variable 'profileRight' [-Wunused-variable]
  601 |  Profile profileRight;
      |          ^~~~~~~~~~~~
../Core/Src/main.c: In function 'motorCont':
../Core/Src/main.c:716:4: warning: implicit declaration of function 'sprintf' [-Wimplicit-function-declaration]
  716 |    sprintf(display,"Left:%5d\0", diffl/68);
      |    ^~~~~~~
../Core/Src/main.c:716:4: warning: incompatible implicit declaration of built-in function 'sprintf'
../Core/Src/main.c:31:1: note: include '<stdio.h>' or provide a declaration of 'sprintf'
   30 | #include <time.h>
  +++ |+#include <stdio.h>
   31 | /* USER CODE END Includes */
../Core/Src/main.c:716:12: warning: pointer targets in passing argument 1 of 'sprintf' differ in signedness [-Wpointer-sign]
  716 |    sprintf(display,"Left:%5d\0", diffl/68);
      |            ^~~~~~~
      |            |
      |            uint8_t * {aka unsigned char *}
../Core/Src/main.c:716:12: note: expected 'char *' but argument is of type 'uint8_t *' {aka 'unsigned char *'}
../Core/Src/main.c:716:29: warning: embedded '\0' in format [-Wformat-contains-nul]
  716 |    sprintf(display,"Left:%5d\0", diffl/68);
      |                             ^~
../Core/Src/main.c:718:12: warning: pointer targets in passing argument 1 of 'sprintf' differ in signedness [-Wpointer-sign]
  718 |    sprintf(display,"Right:%5d\0", diffr/68);
      |            ^~~~~~~
      |            |
      |            uint8_t * {aka unsigned char *}
../Core/Src/main.c:718:12: note: expected 'char *' but argument is of type 'uint8_t *' {aka 'unsigned char *'}
../Core/Src/main.c:718:30: warning: embedded '\0' in format [-Wformat-contains-nul]
  718 |    sprintf(display,"Right:%5d\0", diffr/68);
      |                              ^~
../Core/Src/main.c: In function 'StartDefaultTask':
../Core/Src/main.c:1581:3: warning: incompatible implicit declaration of built-in function 'sprintf'
 1581 |   sprintf(ultra, "uDistF: %u\0", uDistFinal);
      |   ^~~~~~~
../Core/Src/main.c:1581:3: note: include '<stdio.h>' or provide a declaration of 'sprintf'
../Core/Src/main.c:1581:11: warning: pointer targets in passing argument 1 of 'sprintf' differ in signedness [-Wpointer-sign]
 1581 |   sprintf(ultra, "uDistF: %u\0", uDistFinal);
      |           ^~~~~
      |           |
      |           uint8_t * {aka unsigned char *}
../Core/Src/main.c:1581:11: note: expected 'char *' but argument is of type 'uint8_t *' {aka 'unsigned char *'}
../Core/Src/main.c:1581:29: warning: embedded '\0' in format [-Wformat-contains-nul]
 1581 |   sprintf(ultra, "uDistF: %u\0", uDistFinal);
      |                             ^~
../Core/Src/main.c:1592:11: warning: pointer targets in passing argument 1 of 'sprintf' differ in signedness [-Wpointer-sign]
 1592 |   sprintf(ultra, "IR left: %u\0", ir1Dist);
      |           ^~~~~
      |           |
      |           uint8_t * {aka unsigned char *}
../Core/Src/main.c:1592:11: note: expected 'char *' but argument is of type 'uint8_t *' {aka 'unsigned char *'}
../Core/Src/main.c:1592:29: warning: format '%u' expects argument of type 'unsigned int', but argument 3 has type 'uint32_t' {aka 'long unsigned int'} [-Wformat=]
 1592 |   sprintf(ultra, "IR left: %u\0", ir1Dist);
      |                            ~^     ~~~~~~~
      |                             |     |
      |                             |     uint32_t {aka long unsigned int}
      |                             unsigned int
      |                            %lu
../Core/Src/main.c:1592:30: warning: embedded '\0' in format [-Wformat-contains-nul]
 1592 |   sprintf(ultra, "IR left: %u\0", ir1Dist);
      |                              ^~
../Core/Src/main.c:1597:11: warning: pointer targets in passing argument 1 of 'sprintf' differ in signedness [-Wpointer-sign]
 1597 |   sprintf(ultra, "IR right: %u\0", ir2Dist);
      |           ^~~~~
      |           |
      |           uint8_t * {aka unsigned char *}
../Core/Src/main.c:1597:11: note: expected 'char *' but argument is of type 'uint8_t *' {aka 'unsigned char *'}
../Core/Src/main.c:1597:30: warning: format '%u' expects argument of type 'unsigned int', but argument 3 has type 'uint32_t' {aka 'long unsigned int'} [-Wformat=]
 1597 |   sprintf(ultra, "IR right: %u\0", ir2Dist);
      |                             ~^     ~~~~~~~
      |                              |     |
      |                              |     uint32_t {aka long unsigned int}
      |                              unsigned int
      |                             %lu
../Core/Src/main.c:1597:31: warning: embedded '\0' in format [-Wformat-contains-nul]
 1597 |   sprintf(ultra, "IR right: %u\0", ir2Dist);
      |                               ^~
../Core/Src/main.c:1570:10: warning: unused variable 'checkPi' [-Wunused-variable]
 1570 |  uint8_t checkPi[1];
      |          ^~~~~~~
../Core/Src/main.c: In function 'motor':
../Core/Src/main.c:1705:53: warning: implicit declaration of function 'strlen' [-Wimplicit-function-declaration]
 1705 |     HAL_UART_Transmit_IT(&huart3, (uint8_t *)reply, strlen(reply));
      |                                                     ^~~~~~
../Core/Src/main.c:1705:53: warning: incompatible implicit declaration of built-in function 'strlen'
../Core/Src/main.c:31:1: note: include '<string.h>' or provide a declaration of 'strlen'
   30 | #include <time.h>
  +++ |+#include <string.h>
   31 | /* USER CODE END Includes */
../Core/Src/main.c: In function 'motorCont':
../Core/Src/main.c:736:1: warning: control reaches end of non-void function [-Wreturn-type]
  736 | }
      | ^
arm-none-eabi-gcc -o "MDP_grp13.elf" @"objects.list"   -mcpu=cortex-m4 -T"/Users/le/Documents/GitHub/MDP_grp13_stm32/MDP_grp13/STM32F407VETX_FLASH.ld" --specs=nosys.specs -Wl,-Map="MDP_grp13.map" -Wl,--gc-sections -static --specs=nano.specs -mfpu=fpv4-sp-d16 -mfloat-abi=hard -mthumb -Wl,--start-group -lc -lm -Wl,--end-group
Finished building target: MDP_grp13.elf
 
arm-none-eabi-size   MDP_grp13.elf 
arm-none-eabi-objdump -h -S  MDP_grp13.elf  > "MDP_grp13.list"
arm-none-eabi-objcopy  -O ihex  MDP_grp13.elf  "MDP_grp13.hex"
   text	   data	    bss	    dec	    hex	filename
  58004	    128	  22248	  80380	  139fc	MDP_grp13.elf
Finished building: default.size.stdout
 
Finished building: MDP_grp13.hex
 
Finished building: MDP_grp13.list
 
17:22:19 **** Incremental Build of configuration Debug for project MDP_grp13 ****
make -j7 all 
arm-none-eabi-gcc "../Core/Src/main.c" -mcpu=cortex-m4 -std=gnu11 -g3 -DDEBUG -DUSE_HAL_DRIVER -DSTM32F407xx -c -I"/Users/le/Documents/GitHub/MDP_grp13_stm32/MDP_grp13/PeripheralDrivers/inc" -I"/Users/le/Documents/GitHub/MDP_grp13_stm32/MDP_grp13/PeripheralDrivers" -I../Core/Inc -I../Middlewares/Third_Party/FreeRTOS/Source/include -I../Middlewares/Third_Party/FreeRTOS/Source/portable/GCC/ARM_CM4F -I../Drivers/CMSIS/Include -I../Drivers/STM32F4xx_HAL_Driver/Inc -I../Drivers/CMSIS/Device/ST/STM32F4xx/Include -I../Middlewares/Third_Party/FreeRTOS/Source/CMSIS_RTOS_V2 -I../Drivers/STM32F4xx_HAL_Driver/Inc/Legacy -I/Users/le/Documents/GitHub/MDP_grp13_stm32/MDP_grp13/PIDController -I/MDP_grp13/PIDController/Inc -O0 -ffunction-sections -fdata-sections -Wall -fstack-usage -MMD -MP -MF"Core/Src/main.d" -MT"Core/Src/main.o" --specs=nano.specs -mfpu=fpv4-sp-d16 -mfloat-abi=hard -mthumb -o "Core/Src/main.o"
../Core/Src/main.c:137:27: warning: data definition has no type or storage class
  137 | uint16_t uDistCheck1 = 0; uDistCheck2 = 0; uDistFinal = 0;
      |                           ^~~~~~~~~~~
../Core/Src/main.c:137:27: warning: type defaults to 'int' in declaration of 'uDistCheck2' [-Wimplicit-int]
../Core/Src/main.c:137:44: warning: data definition has no type or storage class
  137 | uint16_t uDistCheck1 = 0; uDistCheck2 = 0; uDistFinal = 0;
      |                                            ^~~~~~~~~~
../Core/Src/main.c:137:44: warning: type defaults to 'int' in declaration of 'uDistFinal' [-Wimplicit-int]
../Core/Src/main.c: In function 'ultraDistCheck':
../Core/Src/main.c:225:9: warning: implicit declaration of function 'abs' [-Wimplicit-function-declaration]
  225 |  while (abs(uDistCheck1 - uDistCheck2) >= 5) { // || uDistCheck2 - uDistCheck1 >= 5) {
      |         ^~~
../Core/Src/main.c: In function 'fastestCar':
../Core/Src/main.c:300:6: warning: unused variable 'x' [-Wunused-variable]
  300 |  int x=0;
      |      ^
../Core/Src/main.c: In function 'PIDmotor':
../Core/Src/main.c:553:2: warning: implicit declaration of function 'Profile_Init' [-Wimplicit-function-declaration]
  553 |  Profile_Init(&profileLeft);
      |  ^~~~~~~~~~~~
../Core/Src/main.c: In function 'PIDturn':
../Core/Src/main.c:601:10: warning: unused variable 'profileRight' [-Wunused-variable]
  601 |  Profile profileRight;
      |          ^~~~~~~~~~~~
../Core/Src/main.c: In function 'motorCont':
../Core/Src/main.c:716:4: warning: implicit declaration of function 'sprintf' [-Wimplicit-function-declaration]
  716 |    sprintf(display,"Left:%5d\0", diffl/68);
      |    ^~~~~~~
../Core/Src/main.c:716:4: warning: incompatible implicit declaration of built-in function 'sprintf'
../Core/Src/main.c:31:1: note: include '<stdio.h>' or provide a declaration of 'sprintf'
   30 | #include <time.h>
  +++ |+#include <stdio.h>
   31 | /* USER CODE END Includes */
../Core/Src/main.c:716:12: warning: pointer targets in passing argument 1 of 'sprintf' differ in signedness [-Wpointer-sign]
  716 |    sprintf(display,"Left:%5d\0", diffl/68);
      |            ^~~~~~~
      |            |
      |            uint8_t * {aka unsigned char *}
../Core/Src/main.c:716:12: note: expected 'char *' but argument is of type 'uint8_t *' {aka 'unsigned char *'}
../Core/Src/main.c:716:29: warning: embedded '\0' in format [-Wformat-contains-nul]
  716 |    sprintf(display,"Left:%5d\0", diffl/68);
      |                             ^~
../Core/Src/main.c:718:12: warning: pointer targets in passing argument 1 of 'sprintf' differ in signedness [-Wpointer-sign]
  718 |    sprintf(display,"Right:%5d\0", diffr/68);
      |            ^~~~~~~
      |            |
      |            uint8_t * {aka unsigned char *}
../Core/Src/main.c:718:12: note: expected 'char *' but argument is of type 'uint8_t *' {aka 'unsigned char *'}
../Core/Src/main.c:718:30: warning: embedded '\0' in format [-Wformat-contains-nul]
  718 |    sprintf(display,"Right:%5d\0", diffr/68);
      |                              ^~
../Core/Src/main.c: In function 'StartDefaultTask':
../Core/Src/main.c:1581:3: warning: incompatible implicit declaration of built-in function 'sprintf'
 1581 |   sprintf(ultra, "uDistF: %u\0", uDistFinal);
      |   ^~~~~~~
../Core/Src/main.c:1581:3: note: include '<stdio.h>' or provide a declaration of 'sprintf'
../Core/Src/main.c:1581:11: warning: pointer targets in passing argument 1 of 'sprintf' differ in signedness [-Wpointer-sign]
 1581 |   sprintf(ultra, "uDistF: %u\0", uDistFinal);
      |           ^~~~~
      |           |
      |           uint8_t * {aka unsigned char *}
../Core/Src/main.c:1581:11: note: expected 'char *' but argument is of type 'uint8_t *' {aka 'unsigned char *'}
../Core/Src/main.c:1581:29: warning: embedded '\0' in format [-Wformat-contains-nul]
 1581 |   sprintf(ultra, "uDistF: %u\0", uDistFinal);
      |                             ^~
../Core/Src/main.c:1592:11: warning: pointer targets in passing argument 1 of 'sprintf' differ in signedness [-Wpointer-sign]
 1592 |   sprintf(ultra, "IR left: %u\0", ir1Dist);
      |           ^~~~~
      |           |
      |           uint8_t * {aka unsigned char *}
../Core/Src/main.c:1592:11: note: expected 'char *' but argument is of type 'uint8_t *' {aka 'unsigned char *'}
../Core/Src/main.c:1592:29: warning: format '%u' expects argument of type 'unsigned int', but argument 3 has type 'uint32_t' {aka 'long unsigned int'} [-Wformat=]
 1592 |   sprintf(ultra, "IR left: %u\0", ir1Dist);
      |                            ~^     ~~~~~~~
      |                             |     |
      |                             |     uint32_t {aka long unsigned int}
      |                             unsigned int
      |                            %lu
../Core/Src/main.c:1592:30: warning: embedded '\0' in format [-Wformat-contains-nul]
 1592 |   sprintf(ultra, "IR left: %u\0", ir1Dist);
      |                              ^~
../Core/Src/main.c:1597:11: warning: pointer targets in passing argument 1 of 'sprintf' differ in signedness [-Wpointer-sign]
 1597 |   sprintf(ultra, "IR right: %u\0", ir2Dist);
      |           ^~~~~
      |           |
      |           uint8_t * {aka unsigned char *}
../Core/Src/main.c:1597:11: note: expected 'char *' but argument is of type 'uint8_t *' {aka 'unsigned char *'}
../Core/Src/main.c:1597:30: warning: format '%u' expects argument of type 'unsigned int', but argument 3 has type 'uint32_t' {aka 'long unsigned int'} [-Wformat=]
 1597 |   sprintf(ultra, "IR right: %u\0", ir2Dist);
      |                             ~^     ~~~~~~~
      |                              |     |
      |                              |     uint32_t {aka long unsigned int}
      |                              unsigned int
      |                             %lu
../Core/Src/main.c:1597:31: warning: embedded '\0' in format [-Wformat-contains-nul]
 1597 |   sprintf(ultra, "IR right: %u\0", ir2Dist);
      |                               ^~
../Core/Src/main.c:1570:10: warning: unused variable 'checkPi' [-Wunused-variable]
 1570 |  uint8_t checkPi[1];
      |          ^~~~~~~
../Core/Src/main.c: In function 'motor':
../Core/Src/main.c:1705:53: warning: implicit declaration of function 'strlen' [-Wimplicit-function-declaration]
 1705 |     HAL_UART_Transmit_IT(&huart3, (uint8_t *)reply, strlen(reply));
      |                                                     ^~~~~~
../Core/Src/main.c:1705:53: warning: incompatible implicit declaration of built-in function 'strlen'
../Core/Src/main.c:31:1: note: include '<string.h>' or provide a declaration of 'strlen'
   30 | #include <time.h>
  +++ |+#include <string.h>
   31 | /* USER CODE END Includes */
../Core/Src/main.c: In function 'motorCont':
../Core/Src/main.c:736:1: warning: control reaches end of non-void function [-Wreturn-type]
  736 | }
      | ^
arm-none-eabi-gcc -o "MDP_grp13.elf" @"objects.list"   -mcpu=cortex-m4 -T"/Users/le/Documents/GitHub/MDP_grp13_stm32/MDP_grp13/STM32F407VETX_FLASH.ld" --specs=nosys.specs -Wl,-Map="MDP_grp13.map" -Wl,--gc-sections -static --specs=nano.specs -mfpu=fpv4-sp-d16 -mfloat-abi=hard -mthumb -Wl,--start-group -lc -lm -Wl,--end-group
Finished building target: MDP_grp13.elf
 
arm-none-eabi-size   MDP_grp13.elf 
arm-none-eabi-objdump -h -S  MDP_grp13.elf  > "MDP_grp13.list"
arm-none-eabi-objcopy  -O ihex  MDP_grp13.elf  "MDP_grp13.hex"
   text	   data	    bss	    dec	    hex	filename
  58868	    128	  22248	  81244	  13d5c	MDP_grp13.elf
Finished building: default.size.stdout
 
Finished building: MDP_grp13.hex
 
Finished building: MDP_grp13.list
 
17:23:57 **** Incremental Build of configuration Debug for project MDP_grp13 ****
make -j7 all 
arm-none-eabi-gcc "../Core/Src/main.c" -mcpu=cortex-m4 -std=gnu11 -g3 -DDEBUG -DUSE_HAL_DRIVER -DSTM32F407xx -c -I"/Users/le/Documents/GitHub/MDP_grp13_stm32/MDP_grp13/PeripheralDrivers/inc" -I"/Users/le/Documents/GitHub/MDP_grp13_stm32/MDP_grp13/PeripheralDrivers" -I../Core/Inc -I../Middlewares/Third_Party/FreeRTOS/Source/include -I../Middlewares/Third_Party/FreeRTOS/Source/portable/GCC/ARM_CM4F -I../Drivers/CMSIS/Include -I../Drivers/STM32F4xx_HAL_Driver/Inc -I../Drivers/CMSIS/Device/ST/STM32F4xx/Include -I../Middlewares/Third_Party/FreeRTOS/Source/CMSIS_RTOS_V2 -I../Drivers/STM32F4xx_HAL_Driver/Inc/Legacy -I/Users/le/Documents/GitHub/MDP_grp13_stm32/MDP_grp13/PIDController -I/MDP_grp13/PIDController/Inc -O0 -ffunction-sections -fdata-sections -Wall -fstack-usage -MMD -MP -MF"Core/Src/main.d" -MT"Core/Src/main.o" --specs=nano.specs -mfpu=fpv4-sp-d16 -mfloat-abi=hard -mthumb -o "Core/Src/main.o"
../Core/Src/main.c:137:27: warning: data definition has no type or storage class
  137 | uint16_t uDistCheck1 = 0; uDistCheck2 = 0; uDistFinal = 0;
      |                           ^~~~~~~~~~~
../Core/Src/main.c:137:27: warning: type defaults to 'int' in declaration of 'uDistCheck2' [-Wimplicit-int]
../Core/Src/main.c:137:44: warning: data definition has no type or storage class
  137 | uint16_t uDistCheck1 = 0; uDistCheck2 = 0; uDistFinal = 0;
      |                                            ^~~~~~~~~~
../Core/Src/main.c:137:44: warning: type defaults to 'int' in declaration of 'uDistFinal' [-Wimplicit-int]
../Core/Src/main.c: In function 'ultraDistCheck':
../Core/Src/main.c:225:9: warning: implicit declaration of function 'abs' [-Wimplicit-function-declaration]
  225 |  while (abs(uDistCheck1 - uDistCheck2) >= 5) { // || uDistCheck2 - uDistCheck1 >= 5) {
      |         ^~~
../Core/Src/main.c: In function 'fastestCar':
../Core/Src/main.c:300:6: warning: unused variable 'x' [-Wunused-variable]
  300 |  int x=0;
      |      ^
../Core/Src/main.c: In function 'PIDmotor':
../Core/Src/main.c:553:2: warning: implicit declaration of function 'Profile_Init' [-Wimplicit-function-declaration]
  553 |  Profile_Init(&profileLeft);
      |  ^~~~~~~~~~~~
../Core/Src/main.c: In function 'PIDturn':
../Core/Src/main.c:633:32: error: 'Profile' {aka 'struct <anonymous>'} has no member named 'currDdisp'; did you mean 'currDisp'?
  633 |    distanceRight = profileLeft.currDdisp;
      |                                ^~~~~~~~~
      |                                currDisp
../Core/Src/main.c:601:10: warning: unused variable 'profileRight' [-Wunused-variable]
  601 |  Profile profileRight;
      |          ^~~~~~~~~~~~
../Core/Src/main.c: In function 'motorCont':
../Core/Src/main.c:716:4: warning: implicit declaration of function 'sprintf' [-Wimplicit-function-declaration]
  716 |    sprintf(display,"Left:%5d\0", diffl/68);
      |    ^~~~~~~
../Core/Src/main.c:716:4: warning: incompatible implicit declaration of built-in function 'sprintf'
../Core/Src/main.c:31:1: note: include '<stdio.h>' or provide a declaration of 'sprintf'
   30 | #include <time.h>
  +++ |+#include <stdio.h>
   31 | /* USER CODE END Includes */
../Core/Src/main.c:716:12: warning: pointer targets in passing argument 1 of 'sprintf' differ in signedness [-Wpointer-sign]
  716 |    sprintf(display,"Left:%5d\0", diffl/68);
      |            ^~~~~~~
      |            |
      |            uint8_t * {aka unsigned char *}
../Core/Src/main.c:716:12: note: expected 'char *' but argument is of type 'uint8_t *' {aka 'unsigned char *'}
../Core/Src/main.c:716:29: warning: embedded '\0' in format [-Wformat-contains-nul]
  716 |    sprintf(display,"Left:%5d\0", diffl/68);
      |                             ^~
../Core/Src/main.c:718:12: warning: pointer targets in passing argument 1 of 'sprintf' differ in signedness [-Wpointer-sign]
  718 |    sprintf(display,"Right:%5d\0", diffr/68);
      |            ^~~~~~~
      |            |
      |            uint8_t * {aka unsigned char *}
../Core/Src/main.c:718:12: note: expected 'char *' but argument is of type 'uint8_t *' {aka 'unsigned char *'}
../Core/Src/main.c:718:30: warning: embedded '\0' in format [-Wformat-contains-nul]
  718 |    sprintf(display,"Right:%5d\0", diffr/68);
      |                              ^~
../Core/Src/main.c: In function 'StartDefaultTask':
../Core/Src/main.c:1581:3: warning: incompatible implicit declaration of built-in function 'sprintf'
 1581 |   sprintf(ultra, "uDistF: %u\0", uDistFinal);
      |   ^~~~~~~
../Core/Src/main.c:1581:3: note: include '<stdio.h>' or provide a declaration of 'sprintf'
../Core/Src/main.c:1581:11: warning: pointer targets in passing argument 1 of 'sprintf' differ in signedness [-Wpointer-sign]
 1581 |   sprintf(ultra, "uDistF: %u\0", uDistFinal);
      |           ^~~~~
      |           |
      |           uint8_t * {aka unsigned char *}
../Core/Src/main.c:1581:11: note: expected 'char *' but argument is of type 'uint8_t *' {aka 'unsigned char *'}
../Core/Src/main.c:1581:29: warning: embedded '\0' in format [-Wformat-contains-nul]
 1581 |   sprintf(ultra, "uDistF: %u\0", uDistFinal);
      |                             ^~
../Core/Src/main.c:1592:11: warning: pointer targets in passing argument 1 of 'sprintf' differ in signedness [-Wpointer-sign]
 1592 |   sprintf(ultra, "IR left: %u\0", ir1Dist);
      |           ^~~~~
      |           |
      |           uint8_t * {aka unsigned char *}
../Core/Src/main.c:1592:11: note: expected 'char *' but argument is of type 'uint8_t *' {aka 'unsigned char *'}
../Core/Src/main.c:1592:29: warning: format '%u' expects argument of type 'unsigned int', but argument 3 has type 'uint32_t' {aka 'long unsigned int'} [-Wformat=]
 1592 |   sprintf(ultra, "IR left: %u\0", ir1Dist);
      |                            ~^     ~~~~~~~
      |                             |     |
      |                             |     uint32_t {aka long unsigned int}
      |                             unsigned int
      |                            %lu
../Core/Src/main.c:1592:30: warning: embedded '\0' in format [-Wformat-contains-nul]
 1592 |   sprintf(ultra, "IR left: %u\0", ir1Dist);
      |                              ^~
../Core/Src/main.c:1597:11: warning: pointer targets in passing argument 1 of 'sprintf' differ in signedness [-Wpointer-sign]
 1597 |   sprintf(ultra, "IR right: %u\0", ir2Dist);
      |           ^~~~~
      |           |
      |           uint8_t * {aka unsigned char *}
../Core/Src/main.c:1597:11: note: expected 'char *' but argument is of type 'uint8_t *' {aka 'unsigned char *'}
../Core/Src/main.c:1597:30: warning: format '%u' expects argument of type 'unsigned int', but argument 3 has type 'uint32_t' {aka 'long unsigned int'} [-Wformat=]
 1597 |   sprintf(ultra, "IR right: %u\0", ir2Dist);
      |                             ~^     ~~~~~~~
      |                              |     |
      |                              |     uint32_t {aka long unsigned int}
      |                              unsigned int
      |                             %lu
../Core/Src/main.c:1597:31: warning: embedded '\0' in format [-Wformat-contains-nul]
 1597 |   sprintf(ultra, "IR right: %u\0", ir2Dist);
      |                               ^~
../Core/Src/main.c:1570:10: warning: unused variable 'checkPi' [-Wunused-variable]
 1570 |  uint8_t checkPi[1];
      |          ^~~~~~~
../Core/Src/main.c: In function 'motor':
../Core/Src/main.c:1705:53: warning: implicit declaration of function 'strlen' [-Wimplicit-function-declaration]
 1705 |     HAL_UART_Transmit_IT(&huart3, (uint8_t *)reply, strlen(reply));
      |                                                     ^~~~~~
../Core/Src/main.c:1705:53: warning: incompatible implicit declaration of built-in function 'strlen'
../Core/Src/main.c:31:1: note: include '<string.h>' or provide a declaration of 'strlen'
   30 | #include <time.h>
  +++ |+#include <string.h>
   31 | /* USER CODE END Includes */
../Core/Src/main.c: In function 'motorCont':
../Core/Src/main.c:736:1: warning: control reaches end of non-void function [-Wreturn-type]
  736 | }
      | ^
make: *** [Core/Src/subdir.mk:45: Core/Src/main.o] Error 1
"make -j7 all" terminated with exit code 2. Build might be incomplete.
17:24:07 **** Incremental Build of configuration Debug for project MDP_grp13 ****
make -j7 all 
arm-none-eabi-gcc "../Core/Src/main.c" -mcpu=cortex-m4 -std=gnu11 -g3 -DDEBUG -DUSE_HAL_DRIVER -DSTM32F407xx -c -I"/Users/le/Documents/GitHub/MDP_grp13_stm32/MDP_grp13/PeripheralDrivers/inc" -I"/Users/le/Documents/GitHub/MDP_grp13_stm32/MDP_grp13/PeripheralDrivers" -I../Core/Inc -I../Middlewares/Third_Party/FreeRTOS/Source/include -I../Middlewares/Third_Party/FreeRTOS/Source/portable/GCC/ARM_CM4F -I../Drivers/CMSIS/Include -I../Drivers/STM32F4xx_HAL_Driver/Inc -I../Drivers/CMSIS/Device/ST/STM32F4xx/Include -I../Middlewares/Third_Party/FreeRTOS/Source/CMSIS_RTOS_V2 -I../Drivers/STM32F4xx_HAL_Driver/Inc/Legacy -I/Users/le/Documents/GitHub/MDP_grp13_stm32/MDP_grp13/PIDController -I/MDP_grp13/PIDController/Inc -O0 -ffunction-sections -fdata-sections -Wall -fstack-usage -MMD -MP -MF"Core/Src/main.d" -MT"Core/Src/main.o" --specs=nano.specs -mfpu=fpv4-sp-d16 -mfloat-abi=hard -mthumb -o "Core/Src/main.o"
../Core/Src/main.c:137:27: warning: data definition has no type or storage class
  137 | uint16_t uDistCheck1 = 0; uDistCheck2 = 0; uDistFinal = 0;
      |                           ^~~~~~~~~~~
../Core/Src/main.c:137:27: warning: type defaults to 'int' in declaration of 'uDistCheck2' [-Wimplicit-int]
../Core/Src/main.c:137:44: warning: data definition has no type or storage class
  137 | uint16_t uDistCheck1 = 0; uDistCheck2 = 0; uDistFinal = 0;
      |                                            ^~~~~~~~~~
../Core/Src/main.c:137:44: warning: type defaults to 'int' in declaration of 'uDistFinal' [-Wimplicit-int]
../Core/Src/main.c: In function 'ultraDistCheck':
../Core/Src/main.c:225:9: warning: implicit declaration of function 'abs' [-Wimplicit-function-declaration]
  225 |  while (abs(uDistCheck1 - uDistCheck2) >= 5) { // || uDistCheck2 - uDistCheck1 >= 5) {
      |         ^~~
../Core/Src/main.c: In function 'fastestCar':
../Core/Src/main.c:300:6: warning: unused variable 'x' [-Wunused-variable]
  300 |  int x=0;
      |      ^
../Core/Src/main.c: In function 'PIDmotor':
../Core/Src/main.c:553:2: warning: implicit declaration of function 'Profile_Init' [-Wimplicit-function-declaration]
  553 |  Profile_Init(&profileLeft);
      |  ^~~~~~~~~~~~
../Core/Src/main.c: In function 'PIDturn':
../Core/Src/main.c:601:10: warning: unused variable 'profileRight' [-Wunused-variable]
  601 |  Profile profileRight;
      |          ^~~~~~~~~~~~
../Core/Src/main.c: In function 'motorCont':
../Core/Src/main.c:716:4: warning: implicit declaration of function 'sprintf' [-Wimplicit-function-declaration]
  716 |    sprintf(display,"Left:%5d\0", diffl/68);
      |    ^~~~~~~
../Core/Src/main.c:716:4: warning: incompatible implicit declaration of built-in function 'sprintf'
../Core/Src/main.c:31:1: note: include '<stdio.h>' or provide a declaration of 'sprintf'
   30 | #include <time.h>
  +++ |+#include <stdio.h>
   31 | /* USER CODE END Includes */
../Core/Src/main.c:716:12: warning: pointer targets in passing argument 1 of 'sprintf' differ in signedness [-Wpointer-sign]
  716 |    sprintf(display,"Left:%5d\0", diffl/68);
      |            ^~~~~~~
      |            |
      |            uint8_t * {aka unsigned char *}
../Core/Src/main.c:716:12: note: expected 'char *' but argument is of type 'uint8_t *' {aka 'unsigned char *'}
../Core/Src/main.c:716:29: warning: embedded '\0' in format [-Wformat-contains-nul]
  716 |    sprintf(display,"Left:%5d\0", diffl/68);
      |                             ^~
../Core/Src/main.c:718:12: warning: pointer targets in passing argument 1 of 'sprintf' differ in signedness [-Wpointer-sign]
  718 |    sprintf(display,"Right:%5d\0", diffr/68);
      |            ^~~~~~~
      |            |
      |            uint8_t * {aka unsigned char *}
../Core/Src/main.c:718:12: note: expected 'char *' but argument is of type 'uint8_t *' {aka 'unsigned char *'}
../Core/Src/main.c:718:30: warning: embedded '\0' in format [-Wformat-contains-nul]
  718 |    sprintf(display,"Right:%5d\0", diffr/68);
      |                              ^~
../Core/Src/main.c: In function 'StartDefaultTask':
../Core/Src/main.c:1581:3: warning: incompatible implicit declaration of built-in function 'sprintf'
 1581 |   sprintf(ultra, "uDistF: %u\0", uDistFinal);
      |   ^~~~~~~
../Core/Src/main.c:1581:3: note: include '<stdio.h>' or provide a declaration of 'sprintf'
../Core/Src/main.c:1581:11: warning: pointer targets in passing argument 1 of 'sprintf' differ in signedness [-Wpointer-sign]
 1581 |   sprintf(ultra, "uDistF: %u\0", uDistFinal);
      |           ^~~~~
      |           |
      |           uint8_t * {aka unsigned char *}
../Core/Src/main.c:1581:11: note: expected 'char *' but argument is of type 'uint8_t *' {aka 'unsigned char *'}
../Core/Src/main.c:1581:29: warning: embedded '\0' in format [-Wformat-contains-nul]
 1581 |   sprintf(ultra, "uDistF: %u\0", uDistFinal);
      |                             ^~
../Core/Src/main.c:1592:11: warning: pointer targets in passing argument 1 of 'sprintf' differ in signedness [-Wpointer-sign]
 1592 |   sprintf(ultra, "IR left: %u\0", ir1Dist);
      |           ^~~~~
      |           |
      |           uint8_t * {aka unsigned char *}
../Core/Src/main.c:1592:11: note: expected 'char *' but argument is of type 'uint8_t *' {aka 'unsigned char *'}
../Core/Src/main.c:1592:29: warning: format '%u' expects argument of type 'unsigned int', but argument 3 has type 'uint32_t' {aka 'long unsigned int'} [-Wformat=]
 1592 |   sprintf(ultra, "IR left: %u\0", ir1Dist);
      |                            ~^     ~~~~~~~
      |                             |     |
      |                             |     uint32_t {aka long unsigned int}
      |                             unsigned int
      |                            %lu
../Core/Src/main.c:1592:30: warning: embedded '\0' in format [-Wformat-contains-nul]
 1592 |   sprintf(ultra, "IR left: %u\0", ir1Dist);
      |                              ^~
../Core/Src/main.c:1597:11: warning: pointer targets in passing argument 1 of 'sprintf' differ in signedness [-Wpointer-sign]
 1597 |   sprintf(ultra, "IR right: %u\0", ir2Dist);
      |           ^~~~~
      |           |
      |           uint8_t * {aka unsigned char *}
../Core/Src/main.c:1597:11: note: expected 'char *' but argument is of type 'uint8_t *' {aka 'unsigned char *'}
../Core/Src/main.c:1597:30: warning: format '%u' expects argument of type 'unsigned int', but argument 3 has type 'uint32_t' {aka 'long unsigned int'} [-Wformat=]
 1597 |   sprintf(ultra, "IR right: %u\0", ir2Dist);
      |                             ~^     ~~~~~~~
      |                              |     |
      |                              |     uint32_t {aka long unsigned int}
      |                              unsigned int
      |                             %lu
../Core/Src/main.c:1597:31: warning: embedded '\0' in format [-Wformat-contains-nul]
 1597 |   sprintf(ultra, "IR right: %u\0", ir2Dist);
      |                               ^~
../Core/Src/main.c:1570:10: warning: unused variable 'checkPi' [-Wunused-variable]
 1570 |  uint8_t checkPi[1];
      |          ^~~~~~~
../Core/Src/main.c: In function 'motor':
../Core/Src/main.c:1705:53: warning: implicit declaration of function 'strlen' [-Wimplicit-function-declaration]
 1705 |     HAL_UART_Transmit_IT(&huart3, (uint8_t *)reply, strlen(reply));
      |                                                     ^~~~~~
../Core/Src/main.c:1705:53: warning: incompatible implicit declaration of built-in function 'strlen'
../Core/Src/main.c:31:1: note: include '<string.h>' or provide a declaration of 'strlen'
   30 | #include <time.h>
  +++ |+#include <string.h>
   31 | /* USER CODE END Includes */
../Core/Src/main.c: In function 'motorCont':
../Core/Src/main.c:736:1: warning: control reaches end of non-void function [-Wreturn-type]
  736 | }
      | ^
arm-none-eabi-gcc -o "MDP_grp13.elf" @"objects.list"   -mcpu=cortex-m4 -T"/Users/le/Documents/GitHub/MDP_grp13_stm32/MDP_grp13/STM32F407VETX_FLASH.ld" --specs=nosys.specs -Wl,-Map="MDP_grp13.map" -Wl,--gc-sections -static --specs=nano.specs -mfpu=fpv4-sp-d16 -mfloat-abi=hard -mthumb -Wl,--start-group -lc -lm -Wl,--end-group
Finished building target: MDP_grp13.elf
 
arm-none-eabi-size   MDP_grp13.elf 
arm-none-eabi-objdump -h -S  MDP_grp13.elf  > "MDP_grp13.list"
arm-none-eabi-objcopy  -O ihex  MDP_grp13.elf  "MDP_grp13.hex"
   text	   data	    bss	    dec	    hex	filename
  58868	    128	  22248	  81244	  13d5c	MDP_grp13.elf
Finished building: default.size.stdout
 
Finished building: MDP_grp13.hex
 
Finished building: MDP_grp13.list
 
17:25:24 **** Incremental Build of configuration Debug for project MDP_grp13 ****
make -j7 all 
arm-none-eabi-gcc "../Core/Src/main.c" -mcpu=cortex-m4 -std=gnu11 -g3 -DDEBUG -DUSE_HAL_DRIVER -DSTM32F407xx -c -I"/Users/le/Documents/GitHub/MDP_grp13_stm32/MDP_grp13/PeripheralDrivers/inc" -I"/Users/le/Documents/GitHub/MDP_grp13_stm32/MDP_grp13/PeripheralDrivers" -I../Core/Inc -I../Middlewares/Third_Party/FreeRTOS/Source/include -I../Middlewares/Third_Party/FreeRTOS/Source/portable/GCC/ARM_CM4F -I../Drivers/CMSIS/Include -I../Drivers/STM32F4xx_HAL_Driver/Inc -I../Drivers/CMSIS/Device/ST/STM32F4xx/Include -I../Middlewares/Third_Party/FreeRTOS/Source/CMSIS_RTOS_V2 -I../Drivers/STM32F4xx_HAL_Driver/Inc/Legacy -I/Users/le/Documents/GitHub/MDP_grp13_stm32/MDP_grp13/PIDController -I/MDP_grp13/PIDController/Inc -O0 -ffunction-sections -fdata-sections -Wall -fstack-usage -MMD -MP -MF"Core/Src/main.d" -MT"Core/Src/main.o" --specs=nano.specs -mfpu=fpv4-sp-d16 -mfloat-abi=hard -mthumb -o "Core/Src/main.o"
../Core/Src/main.c:137:27: warning: data definition has no type or storage class
  137 | uint16_t uDistCheck1 = 0; uDistCheck2 = 0; uDistFinal = 0;
      |                           ^~~~~~~~~~~
../Core/Src/main.c:137:27: warning: type defaults to 'int' in declaration of 'uDistCheck2' [-Wimplicit-int]
../Core/Src/main.c:137:44: warning: data definition has no type or storage class
  137 | uint16_t uDistCheck1 = 0; uDistCheck2 = 0; uDistFinal = 0;
      |                                            ^~~~~~~~~~
../Core/Src/main.c:137:44: warning: type defaults to 'int' in declaration of 'uDistFinal' [-Wimplicit-int]
../Core/Src/main.c: In function 'ultraDistCheck':
../Core/Src/main.c:225:9: warning: implicit declaration of function 'abs' [-Wimplicit-function-declaration]
  225 |  while (abs(uDistCheck1 - uDistCheck2) >= 5) { // || uDistCheck2 - uDistCheck1 >= 5) {
      |         ^~~
../Core/Src/main.c: In function 'fastestCar':
../Core/Src/main.c:300:6: warning: unused variable 'x' [-Wunused-variable]
  300 |  int x=0;
      |      ^
../Core/Src/main.c: In function 'PIDmotor':
../Core/Src/main.c:553:2: warning: implicit declaration of function 'Profile_Init' [-Wimplicit-function-declaration]
  553 |  Profile_Init(&profileLeft);
      |  ^~~~~~~~~~~~
../Core/Src/main.c: In function 'PIDturn':
../Core/Src/main.c:601:10: warning: unused variable 'profileRight' [-Wunused-variable]
  601 |  Profile profileRight;
      |          ^~~~~~~~~~~~
../Core/Src/main.c: In function 'motorCont':
../Core/Src/main.c:716:4: warning: implicit declaration of function 'sprintf' [-Wimplicit-function-declaration]
  716 |    sprintf(display,"Left:%5d\0", diffl/68);
      |    ^~~~~~~
../Core/Src/main.c:716:4: warning: incompatible implicit declaration of built-in function 'sprintf'
../Core/Src/main.c:31:1: note: include '<stdio.h>' or provide a declaration of 'sprintf'
   30 | #include <time.h>
  +++ |+#include <stdio.h>
   31 | /* USER CODE END Includes */
../Core/Src/main.c:716:12: warning: pointer targets in passing argument 1 of 'sprintf' differ in signedness [-Wpointer-sign]
  716 |    sprintf(display,"Left:%5d\0", diffl/68);
      |            ^~~~~~~
      |            |
      |            uint8_t * {aka unsigned char *}
../Core/Src/main.c:716:12: note: expected 'char *' but argument is of type 'uint8_t *' {aka 'unsigned char *'}
../Core/Src/main.c:716:29: warning: embedded '\0' in format [-Wformat-contains-nul]
  716 |    sprintf(display,"Left:%5d\0", diffl/68);
      |                             ^~
../Core/Src/main.c:718:12: warning: pointer targets in passing argument 1 of 'sprintf' differ in signedness [-Wpointer-sign]
  718 |    sprintf(display,"Right:%5d\0", diffr/68);
      |            ^~~~~~~
      |            |
      |            uint8_t * {aka unsigned char *}
../Core/Src/main.c:718:12: note: expected 'char *' but argument is of type 'uint8_t *' {aka 'unsigned char *'}
../Core/Src/main.c:718:30: warning: embedded '\0' in format [-Wformat-contains-nul]
  718 |    sprintf(display,"Right:%5d\0", diffr/68);
      |                              ^~
../Core/Src/main.c: In function 'StartDefaultTask':
../Core/Src/main.c:1581:3: warning: incompatible implicit declaration of built-in function 'sprintf'
 1581 |   sprintf(ultra, "uDistF: %u\0", uDistFinal);
      |   ^~~~~~~
../Core/Src/main.c:1581:3: note: include '<stdio.h>' or provide a declaration of 'sprintf'
../Core/Src/main.c:1581:11: warning: pointer targets in passing argument 1 of 'sprintf' differ in signedness [-Wpointer-sign]
 1581 |   sprintf(ultra, "uDistF: %u\0", uDistFinal);
      |           ^~~~~
      |           |
      |           uint8_t * {aka unsigned char *}
../Core/Src/main.c:1581:11: note: expected 'char *' but argument is of type 'uint8_t *' {aka 'unsigned char *'}
../Core/Src/main.c:1581:29: warning: embedded '\0' in format [-Wformat-contains-nul]
 1581 |   sprintf(ultra, "uDistF: %u\0", uDistFinal);
      |                             ^~
../Core/Src/main.c:1592:11: warning: pointer targets in passing argument 1 of 'sprintf' differ in signedness [-Wpointer-sign]
 1592 |   sprintf(ultra, "IR left: %u\0", ir1Dist);
      |           ^~~~~
      |           |
      |           uint8_t * {aka unsigned char *}
../Core/Src/main.c:1592:11: note: expected 'char *' but argument is of type 'uint8_t *' {aka 'unsigned char *'}
../Core/Src/main.c:1592:29: warning: format '%u' expects argument of type 'unsigned int', but argument 3 has type 'uint32_t' {aka 'long unsigned int'} [-Wformat=]
 1592 |   sprintf(ultra, "IR left: %u\0", ir1Dist);
      |                            ~^     ~~~~~~~
      |                             |     |
      |                             |     uint32_t {aka long unsigned int}
      |                             unsigned int
      |                            %lu
../Core/Src/main.c:1592:30: warning: embedded '\0' in format [-Wformat-contains-nul]
 1592 |   sprintf(ultra, "IR left: %u\0", ir1Dist);
      |                              ^~
../Core/Src/main.c:1597:11: warning: pointer targets in passing argument 1 of 'sprintf' differ in signedness [-Wpointer-sign]
 1597 |   sprintf(ultra, "IR right: %u\0", ir2Dist);
      |           ^~~~~
      |           |
      |           uint8_t * {aka unsigned char *}
../Core/Src/main.c:1597:11: note: expected 'char *' but argument is of type 'uint8_t *' {aka 'unsigned char *'}
../Core/Src/main.c:1597:30: warning: format '%u' expects argument of type 'unsigned int', but argument 3 has type 'uint32_t' {aka 'long unsigned int'} [-Wformat=]
 1597 |   sprintf(ultra, "IR right: %u\0", ir2Dist);
      |                             ~^     ~~~~~~~
      |                              |     |
      |                              |     uint32_t {aka long unsigned int}
      |                              unsigned int
      |                             %lu
../Core/Src/main.c:1597:31: warning: embedded '\0' in format [-Wformat-contains-nul]
 1597 |   sprintf(ultra, "IR right: %u\0", ir2Dist);
      |                               ^~
../Core/Src/main.c:1570:10: warning: unused variable 'checkPi' [-Wunused-variable]
 1570 |  uint8_t checkPi[1];
      |          ^~~~~~~
../Core/Src/main.c: In function 'motor':
../Core/Src/main.c:1705:53: warning: implicit declaration of function 'strlen' [-Wimplicit-function-declaration]
 1705 |     HAL_UART_Transmit_IT(&huart3, (uint8_t *)reply, strlen(reply));
      |                                                     ^~~~~~
../Core/Src/main.c:1705:53: warning: incompatible implicit declaration of built-in function 'strlen'
../Core/Src/main.c:31:1: note: include '<string.h>' or provide a declaration of 'strlen'
   30 | #include <time.h>
  +++ |+#include <string.h>
   31 | /* USER CODE END Includes */
../Core/Src/main.c: In function 'motorCont':
../Core/Src/main.c:736:1: warning: control reaches end of non-void function [-Wreturn-type]
  736 | }
      | ^
arm-none-eabi-gcc -o "MDP_grp13.elf" @"objects.list"   -mcpu=cortex-m4 -T"/Users/le/Documents/GitHub/MDP_grp13_stm32/MDP_grp13/STM32F407VETX_FLASH.ld" --specs=nosys.specs -Wl,-Map="MDP_grp13.map" -Wl,--gc-sections -static --specs=nano.specs -mfpu=fpv4-sp-d16 -mfloat-abi=hard -mthumb -Wl,--start-group -lc -lm -Wl,--end-group
Finished building target: MDP_grp13.elf
 
arm-none-eabi-size   MDP_grp13.elf 
arm-none-eabi-objdump -h -S  MDP_grp13.elf  > "MDP_grp13.list"
arm-none-eabi-objcopy  -O ihex  MDP_grp13.elf  "MDP_grp13.hex"
   text	   data	    bss	    dec	    hex	filename
  58868	    128	  22248	  81244	  13d5c	MDP_grp13.elf
Finished building: default.size.stdout
 
Finished building: MDP_grp13.hex
 
Finished building: MDP_grp13.list
 
17:30:28 **** Incremental Build of configuration Debug for project MDP_grp13 ****
make -j7 all 
arm-none-eabi-gcc "../Core/Src/main.c" -mcpu=cortex-m4 -std=gnu11 -g3 -DDEBUG -DUSE_HAL_DRIVER -DSTM32F407xx -c -I"/Users/le/Documents/GitHub/MDP_grp13_stm32/MDP_grp13/PeripheralDrivers/inc" -I"/Users/le/Documents/GitHub/MDP_grp13_stm32/MDP_grp13/PeripheralDrivers" -I../Core/Inc -I../Middlewares/Third_Party/FreeRTOS/Source/include -I../Middlewares/Third_Party/FreeRTOS/Source/portable/GCC/ARM_CM4F -I../Drivers/CMSIS/Include -I../Drivers/STM32F4xx_HAL_Driver/Inc -I../Drivers/CMSIS/Device/ST/STM32F4xx/Include -I../Middlewares/Third_Party/FreeRTOS/Source/CMSIS_RTOS_V2 -I../Drivers/STM32F4xx_HAL_Driver/Inc/Legacy -I/Users/le/Documents/GitHub/MDP_grp13_stm32/MDP_grp13/PIDController -I/MDP_grp13/PIDController/Inc -O0 -ffunction-sections -fdata-sections -Wall -fstack-usage -MMD -MP -MF"Core/Src/main.d" -MT"Core/Src/main.o" --specs=nano.specs -mfpu=fpv4-sp-d16 -mfloat-abi=hard -mthumb -o "Core/Src/main.o"
../Core/Src/main.c:137:27: warning: data definition has no type or storage class
  137 | uint16_t uDistCheck1 = 0; uDistCheck2 = 0; uDistFinal = 0;
      |                           ^~~~~~~~~~~
../Core/Src/main.c:137:27: warning: type defaults to 'int' in declaration of 'uDistCheck2' [-Wimplicit-int]
../Core/Src/main.c:137:44: warning: data definition has no type or storage class
  137 | uint16_t uDistCheck1 = 0; uDistCheck2 = 0; uDistFinal = 0;
      |                                            ^~~~~~~~~~
../Core/Src/main.c:137:44: warning: type defaults to 'int' in declaration of 'uDistFinal' [-Wimplicit-int]
../Core/Src/main.c: In function 'ultraDistCheck':
../Core/Src/main.c:225:9: warning: implicit declaration of function 'abs' [-Wimplicit-function-declaration]
  225 |  while (abs(uDistCheck1 - uDistCheck2) >= 5) { // || uDistCheck2 - uDistCheck1 >= 5) {
      |         ^~~
../Core/Src/main.c: In function 'fastestCar':
../Core/Src/main.c:300:6: warning: unused variable 'x' [-Wunused-variable]
  300 |  int x=0;
      |      ^
../Core/Src/main.c: In function 'PIDmotor':
../Core/Src/main.c:553:2: warning: implicit declaration of function 'Profile_Init' [-Wimplicit-function-declaration]
  553 |  Profile_Init(&profileLeft);
      |  ^~~~~~~~~~~~
../Core/Src/main.c: In function 'PIDturn':
../Core/Src/main.c:601:10: warning: unused variable 'profileRight' [-Wunused-variable]
  601 |  Profile profileRight;
      |          ^~~~~~~~~~~~
../Core/Src/main.c: In function 'motorCont':
../Core/Src/main.c:716:4: warning: implicit declaration of function 'sprintf' [-Wimplicit-function-declaration]
  716 |    sprintf(display,"Left:%5d\0", diffl/68);
      |    ^~~~~~~
../Core/Src/main.c:716:4: warning: incompatible implicit declaration of built-in function 'sprintf'
../Core/Src/main.c:31:1: note: include '<stdio.h>' or provide a declaration of 'sprintf'
   30 | #include <time.h>
  +++ |+#include <stdio.h>
   31 | /* USER CODE END Includes */
../Core/Src/main.c:716:12: warning: pointer targets in passing argument 1 of 'sprintf' differ in signedness [-Wpointer-sign]
  716 |    sprintf(display,"Left:%5d\0", diffl/68);
      |            ^~~~~~~
      |            |
      |            uint8_t * {aka unsigned char *}
../Core/Src/main.c:716:12: note: expected 'char *' but argument is of type 'uint8_t *' {aka 'unsigned char *'}
../Core/Src/main.c:716:29: warning: embedded '\0' in format [-Wformat-contains-nul]
  716 |    sprintf(display,"Left:%5d\0", diffl/68);
      |                             ^~
../Core/Src/main.c:718:12: warning: pointer targets in passing argument 1 of 'sprintf' differ in signedness [-Wpointer-sign]
  718 |    sprintf(display,"Right:%5d\0", diffr/68);
      |            ^~~~~~~
      |            |
      |            uint8_t * {aka unsigned char *}
../Core/Src/main.c:718:12: note: expected 'char *' but argument is of type 'uint8_t *' {aka 'unsigned char *'}
../Core/Src/main.c:718:30: warning: embedded '\0' in format [-Wformat-contains-nul]
  718 |    sprintf(display,"Right:%5d\0", diffr/68);
      |                              ^~
../Core/Src/main.c: In function 'StartDefaultTask':
../Core/Src/main.c:1581:3: warning: incompatible implicit declaration of built-in function 'sprintf'
 1581 |   sprintf(ultra, "uDistF: %u\0", uDistFinal);
      |   ^~~~~~~
../Core/Src/main.c:1581:3: note: include '<stdio.h>' or provide a declaration of 'sprintf'
../Core/Src/main.c:1581:11: warning: pointer targets in passing argument 1 of 'sprintf' differ in signedness [-Wpointer-sign]
 1581 |   sprintf(ultra, "uDistF: %u\0", uDistFinal);
      |           ^~~~~
      |           |
      |           uint8_t * {aka unsigned char *}
../Core/Src/main.c:1581:11: note: expected 'char *' but argument is of type 'uint8_t *' {aka 'unsigned char *'}
../Core/Src/main.c:1581:29: warning: embedded '\0' in format [-Wformat-contains-nul]
 1581 |   sprintf(ultra, "uDistF: %u\0", uDistFinal);
      |                             ^~
../Core/Src/main.c:1592:11: warning: pointer targets in passing argument 1 of 'sprintf' differ in signedness [-Wpointer-sign]
 1592 |   sprintf(ultra, "IR left: %u\0", ir1Dist);
      |           ^~~~~
      |           |
      |           uint8_t * {aka unsigned char *}
../Core/Src/main.c:1592:11: note: expected 'char *' but argument is of type 'uint8_t *' {aka 'unsigned char *'}
../Core/Src/main.c:1592:29: warning: format '%u' expects argument of type 'unsigned int', but argument 3 has type 'uint32_t' {aka 'long unsigned int'} [-Wformat=]
 1592 |   sprintf(ultra, "IR left: %u\0", ir1Dist);
      |                            ~^     ~~~~~~~
      |                             |     |
      |                             |     uint32_t {aka long unsigned int}
      |                             unsigned int
      |                            %lu
../Core/Src/main.c:1592:30: warning: embedded '\0' in format [-Wformat-contains-nul]
 1592 |   sprintf(ultra, "IR left: %u\0", ir1Dist);
      |                              ^~
../Core/Src/main.c:1597:11: warning: pointer targets in passing argument 1 of 'sprintf' differ in signedness [-Wpointer-sign]
 1597 |   sprintf(ultra, "IR right: %u\0", ir2Dist);
      |           ^~~~~
      |           |
      |           uint8_t * {aka unsigned char *}
../Core/Src/main.c:1597:11: note: expected 'char *' but argument is of type 'uint8_t *' {aka 'unsigned char *'}
../Core/Src/main.c:1597:30: warning: format '%u' expects argument of type 'unsigned int', but argument 3 has type 'uint32_t' {aka 'long unsigned int'} [-Wformat=]
 1597 |   sprintf(ultra, "IR right: %u\0", ir2Dist);
      |                             ~^     ~~~~~~~
      |                              |     |
      |                              |     uint32_t {aka long unsigned int}
      |                              unsigned int
      |                             %lu
../Core/Src/main.c:1597:31: warning: embedded '\0' in format [-Wformat-contains-nul]
 1597 |   sprintf(ultra, "IR right: %u\0", ir2Dist);
      |                               ^~
../Core/Src/main.c:1570:10: warning: unused variable 'checkPi' [-Wunused-variable]
 1570 |  uint8_t checkPi[1];
      |          ^~~~~~~
../Core/Src/main.c: In function 'motor':
../Core/Src/main.c:1705:53: warning: implicit declaration of function 'strlen' [-Wimplicit-function-declaration]
 1705 |     HAL_UART_Transmit_IT(&huart3, (uint8_t *)reply, strlen(reply));
      |                                                     ^~~~~~
../Core/Src/main.c:1705:53: warning: incompatible implicit declaration of built-in function 'strlen'
../Core/Src/main.c:31:1: note: include '<string.h>' or provide a declaration of 'strlen'
   30 | #include <time.h>
  +++ |+#include <string.h>
   31 | /* USER CODE END Includes */
../Core/Src/main.c: In function 'motorCont':
../Core/Src/main.c:736:1: warning: control reaches end of non-void function [-Wreturn-type]
  736 | }
      | ^
arm-none-eabi-gcc -o "MDP_grp13.elf" @"objects.list"   -mcpu=cortex-m4 -T"/Users/le/Documents/GitHub/MDP_grp13_stm32/MDP_grp13/STM32F407VETX_FLASH.ld" --specs=nosys.specs -Wl,-Map="MDP_grp13.map" -Wl,--gc-sections -static --specs=nano.specs -mfpu=fpv4-sp-d16 -mfloat-abi=hard -mthumb -Wl,--start-group -lc -lm -Wl,--end-group
Finished building target: MDP_grp13.elf
 
arm-none-eabi-size   MDP_grp13.elf 
arm-none-eabi-objdump -h -S  MDP_grp13.elf  > "MDP_grp13.list"
arm-none-eabi-objcopy  -O ihex  MDP_grp13.elf  "MDP_grp13.hex"
   text	   data	    bss	    dec	    hex	filename
  58868	    128	  22248	  81244	  13d5c	MDP_grp13.elf
Finished building: default.size.stdout
 
Finished building: MDP_grp13.hex
 
Finished building: MDP_grp13.list
 
17:31:30 **** Incremental Build of configuration Debug for project MDP_grp13 ****
make -j7 all 
arm-none-eabi-gcc "../Core/Src/main.c" -mcpu=cortex-m4 -std=gnu11 -g3 -DDEBUG -DUSE_HAL_DRIVER -DSTM32F407xx -c -I"/Users/le/Documents/GitHub/MDP_grp13_stm32/MDP_grp13/PeripheralDrivers/inc" -I"/Users/le/Documents/GitHub/MDP_grp13_stm32/MDP_grp13/PeripheralDrivers" -I../Core/Inc -I../Middlewares/Third_Party/FreeRTOS/Source/include -I../Middlewares/Third_Party/FreeRTOS/Source/portable/GCC/ARM_CM4F -I../Drivers/CMSIS/Include -I../Drivers/STM32F4xx_HAL_Driver/Inc -I../Drivers/CMSIS/Device/ST/STM32F4xx/Include -I../Middlewares/Third_Party/FreeRTOS/Source/CMSIS_RTOS_V2 -I../Drivers/STM32F4xx_HAL_Driver/Inc/Legacy -I/Users/le/Documents/GitHub/MDP_grp13_stm32/MDP_grp13/PIDController -I/MDP_grp13/PIDController/Inc -O0 -ffunction-sections -fdata-sections -Wall -fstack-usage -MMD -MP -MF"Core/Src/main.d" -MT"Core/Src/main.o" --specs=nano.specs -mfpu=fpv4-sp-d16 -mfloat-abi=hard -mthumb -o "Core/Src/main.o"
../Core/Src/main.c:137:27: warning: data definition has no type or storage class
  137 | uint16_t uDistCheck1 = 0; uDistCheck2 = 0; uDistFinal = 0;
      |                           ^~~~~~~~~~~
../Core/Src/main.c:137:27: warning: type defaults to 'int' in declaration of 'uDistCheck2' [-Wimplicit-int]
../Core/Src/main.c:137:44: warning: data definition has no type or storage class
  137 | uint16_t uDistCheck1 = 0; uDistCheck2 = 0; uDistFinal = 0;
      |                                            ^~~~~~~~~~
../Core/Src/main.c:137:44: warning: type defaults to 'int' in declaration of 'uDistFinal' [-Wimplicit-int]
../Core/Src/main.c: In function 'ultraDistCheck':
../Core/Src/main.c:225:9: warning: implicit declaration of function 'abs' [-Wimplicit-function-declaration]
  225 |  while (abs(uDistCheck1 - uDistCheck2) >= 5) { // || uDistCheck2 - uDistCheck1 >= 5) {
      |         ^~~
../Core/Src/main.c: In function 'fastestCar':
../Core/Src/main.c:300:6: warning: unused variable 'x' [-Wunused-variable]
  300 |  int x=0;
      |      ^
../Core/Src/main.c: In function 'PIDmotor':
../Core/Src/main.c:553:2: warning: implicit declaration of function 'Profile_Init' [-Wimplicit-function-declaration]
  553 |  Profile_Init(&profileLeft);
      |  ^~~~~~~~~~~~
../Core/Src/main.c: In function 'PIDturn':
../Core/Src/main.c:601:10: warning: unused variable 'profileRight' [-Wunused-variable]
  601 |  Profile profileRight;
      |          ^~~~~~~~~~~~
../Core/Src/main.c: In function 'motorCont':
../Core/Src/main.c:716:4: warning: implicit declaration of function 'sprintf' [-Wimplicit-function-declaration]
  716 |    sprintf(display,"Left:%5d\0", diffl/68);
      |    ^~~~~~~
../Core/Src/main.c:716:4: warning: incompatible implicit declaration of built-in function 'sprintf'
../Core/Src/main.c:31:1: note: include '<stdio.h>' or provide a declaration of 'sprintf'
   30 | #include <time.h>
  +++ |+#include <stdio.h>
   31 | /* USER CODE END Includes */
../Core/Src/main.c:716:12: warning: pointer targets in passing argument 1 of 'sprintf' differ in signedness [-Wpointer-sign]
  716 |    sprintf(display,"Left:%5d\0", diffl/68);
      |            ^~~~~~~
      |            |
      |            uint8_t * {aka unsigned char *}
../Core/Src/main.c:716:12: note: expected 'char *' but argument is of type 'uint8_t *' {aka 'unsigned char *'}
../Core/Src/main.c:716:29: warning: embedded '\0' in format [-Wformat-contains-nul]
  716 |    sprintf(display,"Left:%5d\0", diffl/68);
      |                             ^~
../Core/Src/main.c:718:12: warning: pointer targets in passing argument 1 of 'sprintf' differ in signedness [-Wpointer-sign]
  718 |    sprintf(display,"Right:%5d\0", diffr/68);
      |            ^~~~~~~
      |            |
      |            uint8_t * {aka unsigned char *}
../Core/Src/main.c:718:12: note: expected 'char *' but argument is of type 'uint8_t *' {aka 'unsigned char *'}
../Core/Src/main.c:718:30: warning: embedded '\0' in format [-Wformat-contains-nul]
  718 |    sprintf(display,"Right:%5d\0", diffr/68);
      |                              ^~
../Core/Src/main.c: In function 'StartDefaultTask':
../Core/Src/main.c:1581:3: warning: incompatible implicit declaration of built-in function 'sprintf'
 1581 |   sprintf(ultra, "uDistF: %u\0", uDistFinal);
      |   ^~~~~~~
../Core/Src/main.c:1581:3: note: include '<stdio.h>' or provide a declaration of 'sprintf'
../Core/Src/main.c:1581:11: warning: pointer targets in passing argument 1 of 'sprintf' differ in signedness [-Wpointer-sign]
 1581 |   sprintf(ultra, "uDistF: %u\0", uDistFinal);
      |           ^~~~~
      |           |
      |           uint8_t * {aka unsigned char *}
../Core/Src/main.c:1581:11: note: expected 'char *' but argument is of type 'uint8_t *' {aka 'unsigned char *'}
../Core/Src/main.c:1581:29: warning: embedded '\0' in format [-Wformat-contains-nul]
 1581 |   sprintf(ultra, "uDistF: %u\0", uDistFinal);
      |                             ^~
../Core/Src/main.c:1592:11: warning: pointer targets in passing argument 1 of 'sprintf' differ in signedness [-Wpointer-sign]
 1592 |   sprintf(ultra, "IR left: %u\0", ir1Dist);
      |           ^~~~~
      |           |
      |           uint8_t * {aka unsigned char *}
../Core/Src/main.c:1592:11: note: expected 'char *' but argument is of type 'uint8_t *' {aka 'unsigned char *'}
../Core/Src/main.c:1592:29: warning: format '%u' expects argument of type 'unsigned int', but argument 3 has type 'uint32_t' {aka 'long unsigned int'} [-Wformat=]
 1592 |   sprintf(ultra, "IR left: %u\0", ir1Dist);
      |                            ~^     ~~~~~~~
      |                             |     |
      |                             |     uint32_t {aka long unsigned int}
      |                             unsigned int
      |                            %lu
../Core/Src/main.c:1592:30: warning: embedded '\0' in format [-Wformat-contains-nul]
 1592 |   sprintf(ultra, "IR left: %u\0", ir1Dist);
      |                              ^~
../Core/Src/main.c:1597:11: warning: pointer targets in passing argument 1 of 'sprintf' differ in signedness [-Wpointer-sign]
 1597 |   sprintf(ultra, "IR right: %u\0", ir2Dist);
      |           ^~~~~
      |           |
      |           uint8_t * {aka unsigned char *}
../Core/Src/main.c:1597:11: note: expected 'char *' but argument is of type 'uint8_t *' {aka 'unsigned char *'}
../Core/Src/main.c:1597:30: warning: format '%u' expects argument of type 'unsigned int', but argument 3 has type 'uint32_t' {aka 'long unsigned int'} [-Wformat=]
 1597 |   sprintf(ultra, "IR right: %u\0", ir2Dist);
      |                             ~^     ~~~~~~~
      |                              |     |
      |                              |     uint32_t {aka long unsigned int}
      |                              unsigned int
      |                             %lu
../Core/Src/main.c:1597:31: warning: embedded '\0' in format [-Wformat-contains-nul]
 1597 |   sprintf(ultra, "IR right: %u\0", ir2Dist);
      |                               ^~
../Core/Src/main.c:1570:10: warning: unused variable 'checkPi' [-Wunused-variable]
 1570 |  uint8_t checkPi[1];
      |          ^~~~~~~
../Core/Src/main.c: In function 'motor':
../Core/Src/main.c:1705:53: warning: implicit declaration of function 'strlen' [-Wimplicit-function-declaration]
 1705 |     HAL_UART_Transmit_IT(&huart3, (uint8_t *)reply, strlen(reply));
      |                                                     ^~~~~~
../Core/Src/main.c:1705:53: warning: incompatible implicit declaration of built-in function 'strlen'
../Core/Src/main.c:31:1: note: include '<string.h>' or provide a declaration of 'strlen'
   30 | #include <time.h>
  +++ |+#include <string.h>
   31 | /* USER CODE END Includes */
../Core/Src/main.c: In function 'motorCont':
../Core/Src/main.c:736:1: warning: control reaches end of non-void function [-Wreturn-type]
  736 | }
      | ^
arm-none-eabi-gcc -o "MDP_grp13.elf" @"objects.list"   -mcpu=cortex-m4 -T"/Users/le/Documents/GitHub/MDP_grp13_stm32/MDP_grp13/STM32F407VETX_FLASH.ld" --specs=nosys.specs -Wl,-Map="MDP_grp13.map" -Wl,--gc-sections -static --specs=nano.specs -mfpu=fpv4-sp-d16 -mfloat-abi=hard -mthumb -Wl,--start-group -lc -lm -Wl,--end-group
Finished building target: MDP_grp13.elf
 
arm-none-eabi-size   MDP_grp13.elf 
arm-none-eabi-objdump -h -S  MDP_grp13.elf  > "MDP_grp13.list"
arm-none-eabi-objcopy  -O ihex  MDP_grp13.elf  "MDP_grp13.hex"
   text	   data	    bss	    dec	    hex	filename
  58852	    128	  22248	  81228	  13d4c	MDP_grp13.elf
Finished building: default.size.stdout
 
Finished building: MDP_grp13.hex
 
Finished building: MDP_grp13.list
 
17:33:08 **** Incremental Build of configuration Debug for project MDP_grp13 ****
make -j7 all 
arm-none-eabi-gcc "../Core/Src/main.c" -mcpu=cortex-m4 -std=gnu11 -g3 -DDEBUG -DUSE_HAL_DRIVER -DSTM32F407xx -c -I"/Users/le/Documents/GitHub/MDP_grp13_stm32/MDP_grp13/PeripheralDrivers/inc" -I"/Users/le/Documents/GitHub/MDP_grp13_stm32/MDP_grp13/PeripheralDrivers" -I../Core/Inc -I../Middlewares/Third_Party/FreeRTOS/Source/include -I../Middlewares/Third_Party/FreeRTOS/Source/portable/GCC/ARM_CM4F -I../Drivers/CMSIS/Include -I../Drivers/STM32F4xx_HAL_Driver/Inc -I../Drivers/CMSIS/Device/ST/STM32F4xx/Include -I../Middlewares/Third_Party/FreeRTOS/Source/CMSIS_RTOS_V2 -I../Drivers/STM32F4xx_HAL_Driver/Inc/Legacy -I/Users/le/Documents/GitHub/MDP_grp13_stm32/MDP_grp13/PIDController -I/MDP_grp13/PIDController/Inc -O0 -ffunction-sections -fdata-sections -Wall -fstack-usage -MMD -MP -MF"Core/Src/main.d" -MT"Core/Src/main.o" --specs=nano.specs -mfpu=fpv4-sp-d16 -mfloat-abi=hard -mthumb -o "Core/Src/main.o"
../Core/Src/main.c:137:27: warning: data definition has no type or storage class
  137 | uint16_t uDistCheck1 = 0; uDistCheck2 = 0; uDistFinal = 0;
      |                           ^~~~~~~~~~~
../Core/Src/main.c:137:27: warning: type defaults to 'int' in declaration of 'uDistCheck2' [-Wimplicit-int]
../Core/Src/main.c:137:44: warning: data definition has no type or storage class
  137 | uint16_t uDistCheck1 = 0; uDistCheck2 = 0; uDistFinal = 0;
      |                                            ^~~~~~~~~~
../Core/Src/main.c:137:44: warning: type defaults to 'int' in declaration of 'uDistFinal' [-Wimplicit-int]
../Core/Src/main.c: In function 'ultraDistCheck':
../Core/Src/main.c:225:9: warning: implicit declaration of function 'abs' [-Wimplicit-function-declaration]
  225 |  while (abs(uDistCheck1 - uDistCheck2) >= 5) { // || uDistCheck2 - uDistCheck1 >= 5) {
      |         ^~~
../Core/Src/main.c: In function 'fastestCar':
../Core/Src/main.c:300:6: warning: unused variable 'x' [-Wunused-variable]
  300 |  int x=0;
      |      ^
../Core/Src/main.c: In function 'PIDmotor':
../Core/Src/main.c:553:2: warning: implicit declaration of function 'Profile_Init' [-Wimplicit-function-declaration]
  553 |  Profile_Init(&profileLeft);
      |  ^~~~~~~~~~~~
../Core/Src/main.c: In function 'PIDturn':
../Core/Src/main.c:601:10: warning: unused variable 'profileRight' [-Wunused-variable]
  601 |  Profile profileRight;
      |          ^~~~~~~~~~~~
../Core/Src/main.c: In function 'motorCont':
../Core/Src/main.c:716:4: warning: implicit declaration of function 'sprintf' [-Wimplicit-function-declaration]
  716 |    sprintf(display,"Left:%5d\0", diffl/68);
      |    ^~~~~~~
../Core/Src/main.c:716:4: warning: incompatible implicit declaration of built-in function 'sprintf'
../Core/Src/main.c:31:1: note: include '<stdio.h>' or provide a declaration of 'sprintf'
   30 | #include <time.h>
  +++ |+#include <stdio.h>
   31 | /* USER CODE END Includes */
../Core/Src/main.c:716:12: warning: pointer targets in passing argument 1 of 'sprintf' differ in signedness [-Wpointer-sign]
  716 |    sprintf(display,"Left:%5d\0", diffl/68);
      |            ^~~~~~~
      |            |
      |            uint8_t * {aka unsigned char *}
../Core/Src/main.c:716:12: note: expected 'char *' but argument is of type 'uint8_t *' {aka 'unsigned char *'}
../Core/Src/main.c:716:29: warning: embedded '\0' in format [-Wformat-contains-nul]
  716 |    sprintf(display,"Left:%5d\0", diffl/68);
      |                             ^~
../Core/Src/main.c:718:12: warning: pointer targets in passing argument 1 of 'sprintf' differ in signedness [-Wpointer-sign]
  718 |    sprintf(display,"Right:%5d\0", diffr/68);
      |            ^~~~~~~
      |            |
      |            uint8_t * {aka unsigned char *}
../Core/Src/main.c:718:12: note: expected 'char *' but argument is of type 'uint8_t *' {aka 'unsigned char *'}
../Core/Src/main.c:718:30: warning: embedded '\0' in format [-Wformat-contains-nul]
  718 |    sprintf(display,"Right:%5d\0", diffr/68);
      |                              ^~
../Core/Src/main.c: In function 'StartDefaultTask':
../Core/Src/main.c:1581:3: warning: incompatible implicit declaration of built-in function 'sprintf'
 1581 |   sprintf(ultra, "uDistF: %u\0", uDistFinal);
      |   ^~~~~~~
../Core/Src/main.c:1581:3: note: include '<stdio.h>' or provide a declaration of 'sprintf'
../Core/Src/main.c:1581:11: warning: pointer targets in passing argument 1 of 'sprintf' differ in signedness [-Wpointer-sign]
 1581 |   sprintf(ultra, "uDistF: %u\0", uDistFinal);
      |           ^~~~~
      |           |
      |           uint8_t * {aka unsigned char *}
../Core/Src/main.c:1581:11: note: expected 'char *' but argument is of type 'uint8_t *' {aka 'unsigned char *'}
../Core/Src/main.c:1581:29: warning: embedded '\0' in format [-Wformat-contains-nul]
 1581 |   sprintf(ultra, "uDistF: %u\0", uDistFinal);
      |                             ^~
../Core/Src/main.c:1592:11: warning: pointer targets in passing argument 1 of 'sprintf' differ in signedness [-Wpointer-sign]
 1592 |   sprintf(ultra, "IR left: %u\0", ir1Dist);
      |           ^~~~~
      |           |
      |           uint8_t * {aka unsigned char *}
../Core/Src/main.c:1592:11: note: expected 'char *' but argument is of type 'uint8_t *' {aka 'unsigned char *'}
../Core/Src/main.c:1592:29: warning: format '%u' expects argument of type 'unsigned int', but argument 3 has type 'uint32_t' {aka 'long unsigned int'} [-Wformat=]
 1592 |   sprintf(ultra, "IR left: %u\0", ir1Dist);
      |                            ~^     ~~~~~~~
      |                             |     |
      |                             |     uint32_t {aka long unsigned int}
      |                             unsigned int
      |                            %lu
../Core/Src/main.c:1592:30: warning: embedded '\0' in format [-Wformat-contains-nul]
 1592 |   sprintf(ultra, "IR left: %u\0", ir1Dist);
      |                              ^~
../Core/Src/main.c:1597:11: warning: pointer targets in passing argument 1 of 'sprintf' differ in signedness [-Wpointer-sign]
 1597 |   sprintf(ultra, "IR right: %u\0", ir2Dist);
      |           ^~~~~
      |           |
      |           uint8_t * {aka unsigned char *}
../Core/Src/main.c:1597:11: note: expected 'char *' but argument is of type 'uint8_t *' {aka 'unsigned char *'}
../Core/Src/main.c:1597:30: warning: format '%u' expects argument of type 'unsigned int', but argument 3 has type 'uint32_t' {aka 'long unsigned int'} [-Wformat=]
 1597 |   sprintf(ultra, "IR right: %u\0", ir2Dist);
      |                             ~^     ~~~~~~~
      |                              |     |
      |                              |     uint32_t {aka long unsigned int}
      |                              unsigned int
      |                             %lu
../Core/Src/main.c:1597:31: warning: embedded '\0' in format [-Wformat-contains-nul]
 1597 |   sprintf(ultra, "IR right: %u\0", ir2Dist);
      |                               ^~
../Core/Src/main.c:1570:10: warning: unused variable 'checkPi' [-Wunused-variable]
 1570 |  uint8_t checkPi[1];
      |          ^~~~~~~
../Core/Src/main.c: In function 'motor':
../Core/Src/main.c:1705:53: warning: implicit declaration of function 'strlen' [-Wimplicit-function-declaration]
 1705 |     HAL_UART_Transmit_IT(&huart3, (uint8_t *)reply, strlen(reply));
      |                                                     ^~~~~~
../Core/Src/main.c:1705:53: warning: incompatible implicit declaration of built-in function 'strlen'
../Core/Src/main.c:31:1: note: include '<string.h>' or provide a declaration of 'strlen'
   30 | #include <time.h>
  +++ |+#include <string.h>
   31 | /* USER CODE END Includes */
../Core/Src/main.c: In function 'motorCont':
../Core/Src/main.c:736:1: warning: control reaches end of non-void function [-Wreturn-type]
  736 | }
      | ^
arm-none-eabi-gcc -o "MDP_grp13.elf" @"objects.list"   -mcpu=cortex-m4 -T"/Users/le/Documents/GitHub/MDP_grp13_stm32/MDP_grp13/STM32F407VETX_FLASH.ld" --specs=nosys.specs -Wl,-Map="MDP_grp13.map" -Wl,--gc-sections -static --specs=nano.specs -mfpu=fpv4-sp-d16 -mfloat-abi=hard -mthumb -Wl,--start-group -lc -lm -Wl,--end-group
Finished building target: MDP_grp13.elf
 
arm-none-eabi-size   MDP_grp13.elf 
arm-none-eabi-objdump -h -S  MDP_grp13.elf  > "MDP_grp13.list"
arm-none-eabi-objcopy  -O ihex  MDP_grp13.elf  "MDP_grp13.hex"
   text	   data	    bss	    dec	    hex	filename
  58868	    128	  22248	  81244	  13d5c	MDP_grp13.elf
Finished building: default.size.stdout
 
Finished building: MDP_grp13.hex
 
Finished building: MDP_grp13.list
 
17:41:25 **** Incremental Build of configuration Debug for project MDP_grp13 ****
make -j7 all 
arm-none-eabi-gcc "../Core/Src/main.c" -mcpu=cortex-m4 -std=gnu11 -g3 -DDEBUG -DUSE_HAL_DRIVER -DSTM32F407xx -c -I"/Users/le/Documents/GitHub/MDP_grp13_stm32/MDP_grp13/PeripheralDrivers/inc" -I"/Users/le/Documents/GitHub/MDP_grp13_stm32/MDP_grp13/PeripheralDrivers" -I../Core/Inc -I../Middlewares/Third_Party/FreeRTOS/Source/include -I../Middlewares/Third_Party/FreeRTOS/Source/portable/GCC/ARM_CM4F -I../Drivers/CMSIS/Include -I../Drivers/STM32F4xx_HAL_Driver/Inc -I../Drivers/CMSIS/Device/ST/STM32F4xx/Include -I../Middlewares/Third_Party/FreeRTOS/Source/CMSIS_RTOS_V2 -I../Drivers/STM32F4xx_HAL_Driver/Inc/Legacy -I/Users/le/Documents/GitHub/MDP_grp13_stm32/MDP_grp13/PIDController -I/MDP_grp13/PIDController/Inc -O0 -ffunction-sections -fdata-sections -Wall -fstack-usage -MMD -MP -MF"Core/Src/main.d" -MT"Core/Src/main.o" --specs=nano.specs -mfpu=fpv4-sp-d16 -mfloat-abi=hard -mthumb -o "Core/Src/main.o"
../Core/Src/main.c:137:27: warning: data definition has no type or storage class
  137 | uint16_t uDistCheck1 = 0; uDistCheck2 = 0; uDistFinal = 0;
      |                           ^~~~~~~~~~~
../Core/Src/main.c:137:27: warning: type defaults to 'int' in declaration of 'uDistCheck2' [-Wimplicit-int]
../Core/Src/main.c:137:44: warning: data definition has no type or storage class
  137 | uint16_t uDistCheck1 = 0; uDistCheck2 = 0; uDistFinal = 0;
      |                                            ^~~~~~~~~~
../Core/Src/main.c:137:44: warning: type defaults to 'int' in declaration of 'uDistFinal' [-Wimplicit-int]
../Core/Src/main.c: In function 'ultraDistCheck':
../Core/Src/main.c:225:9: warning: implicit declaration of function 'abs' [-Wimplicit-function-declaration]
  225 |  while (abs(uDistCheck1 - uDistCheck2) >= 5) { // || uDistCheck2 - uDistCheck1 >= 5) {
      |         ^~~
../Core/Src/main.c: In function 'fastestCar':
../Core/Src/main.c:300:6: warning: unused variable 'x' [-Wunused-variable]
  300 |  int x=0;
      |      ^
../Core/Src/main.c: In function 'PIDmotor':
../Core/Src/main.c:553:2: warning: implicit declaration of function 'Profile_Init' [-Wimplicit-function-declaration]
  553 |  Profile_Init(&profileLeft);
      |  ^~~~~~~~~~~~
../Core/Src/main.c: In function 'PIDturn':
../Core/Src/main.c:608:10: warning: unused variable 'profileRight' [-Wunused-variable]
  608 |  Profile profileRight;
      |          ^~~~~~~~~~~~
../Core/Src/main.c: In function 'motorCont':
../Core/Src/main.c:723:4: warning: implicit declaration of function 'sprintf' [-Wimplicit-function-declaration]
  723 |    sprintf(display,"Left:%5d\0", diffl/68);
      |    ^~~~~~~
../Core/Src/main.c:723:4: warning: incompatible implicit declaration of built-in function 'sprintf'
../Core/Src/main.c:31:1: note: include '<stdio.h>' or provide a declaration of 'sprintf'
   30 | #include <time.h>
  +++ |+#include <stdio.h>
   31 | /* USER CODE END Includes */
../Core/Src/main.c:723:12: warning: pointer targets in passing argument 1 of 'sprintf' differ in signedness [-Wpointer-sign]
  723 |    sprintf(display,"Left:%5d\0", diffl/68);
      |            ^~~~~~~
      |            |
      |            uint8_t * {aka unsigned char *}
../Core/Src/main.c:723:12: note: expected 'char *' but argument is of type 'uint8_t *' {aka 'unsigned char *'}
../Core/Src/main.c:723:29: warning: embedded '\0' in format [-Wformat-contains-nul]
  723 |    sprintf(display,"Left:%5d\0", diffl/68);
      |                             ^~
../Core/Src/main.c:725:12: warning: pointer targets in passing argument 1 of 'sprintf' differ in signedness [-Wpointer-sign]
  725 |    sprintf(display,"Right:%5d\0", diffr/68);
      |            ^~~~~~~
      |            |
      |            uint8_t * {aka unsigned char *}
../Core/Src/main.c:725:12: note: expected 'char *' but argument is of type 'uint8_t *' {aka 'unsigned char *'}
../Core/Src/main.c:725:30: warning: embedded '\0' in format [-Wformat-contains-nul]
  725 |    sprintf(display,"Right:%5d\0", diffr/68);
      |                              ^~
../Core/Src/main.c: In function 'StartDefaultTask':
../Core/Src/main.c:1588:3: warning: incompatible implicit declaration of built-in function 'sprintf'
 1588 |   sprintf(ultra, "uDistF: %u\0", uDistFinal);
      |   ^~~~~~~
../Core/Src/main.c:1588:3: note: include '<stdio.h>' or provide a declaration of 'sprintf'
../Core/Src/main.c:1588:11: warning: pointer targets in passing argument 1 of 'sprintf' differ in signedness [-Wpointer-sign]
 1588 |   sprintf(ultra, "uDistF: %u\0", uDistFinal);
      |           ^~~~~
      |           |
      |           uint8_t * {aka unsigned char *}
../Core/Src/main.c:1588:11: note: expected 'char *' but argument is of type 'uint8_t *' {aka 'unsigned char *'}
../Core/Src/main.c:1588:29: warning: embedded '\0' in format [-Wformat-contains-nul]
 1588 |   sprintf(ultra, "uDistF: %u\0", uDistFinal);
      |                             ^~
../Core/Src/main.c:1599:11: warning: pointer targets in passing argument 1 of 'sprintf' differ in signedness [-Wpointer-sign]
 1599 |   sprintf(ultra, "IR left: %u\0", ir1Dist);
      |           ^~~~~
      |           |
      |           uint8_t * {aka unsigned char *}
../Core/Src/main.c:1599:11: note: expected 'char *' but argument is of type 'uint8_t *' {aka 'unsigned char *'}
../Core/Src/main.c:1599:29: warning: format '%u' expects argument of type 'unsigned int', but argument 3 has type 'uint32_t' {aka 'long unsigned int'} [-Wformat=]
 1599 |   sprintf(ultra, "IR left: %u\0", ir1Dist);
      |                            ~^     ~~~~~~~
      |                             |     |
      |                             |     uint32_t {aka long unsigned int}
      |                             unsigned int
      |                            %lu
../Core/Src/main.c:1599:30: warning: embedded '\0' in format [-Wformat-contains-nul]
 1599 |   sprintf(ultra, "IR left: %u\0", ir1Dist);
      |                              ^~
../Core/Src/main.c:1604:11: warning: pointer targets in passing argument 1 of 'sprintf' differ in signedness [-Wpointer-sign]
 1604 |   sprintf(ultra, "IR right: %u\0", ir2Dist);
      |           ^~~~~
      |           |
      |           uint8_t * {aka unsigned char *}
../Core/Src/main.c:1604:11: note: expected 'char *' but argument is of type 'uint8_t *' {aka 'unsigned char *'}
../Core/Src/main.c:1604:30: warning: format '%u' expects argument of type 'unsigned int', but argument 3 has type 'uint32_t' {aka 'long unsigned int'} [-Wformat=]
 1604 |   sprintf(ultra, "IR right: %u\0", ir2Dist);
      |                             ~^     ~~~~~~~
      |                              |     |
      |                              |     uint32_t {aka long unsigned int}
      |                              unsigned int
      |                             %lu
../Core/Src/main.c:1604:31: warning: embedded '\0' in format [-Wformat-contains-nul]
 1604 |   sprintf(ultra, "IR right: %u\0", ir2Dist);
      |                               ^~
../Core/Src/main.c:1577:10: warning: unused variable 'checkPi' [-Wunused-variable]
 1577 |  uint8_t checkPi[1];
      |          ^~~~~~~
../Core/Src/main.c: In function 'motor':
../Core/Src/main.c:1712:53: warning: implicit declaration of function 'strlen' [-Wimplicit-function-declaration]
 1712 |     HAL_UART_Transmit_IT(&huart3, (uint8_t *)reply, strlen(reply));
      |                                                     ^~~~~~
../Core/Src/main.c:1712:53: warning: incompatible implicit declaration of built-in function 'strlen'
../Core/Src/main.c:31:1: note: include '<string.h>' or provide a declaration of 'strlen'
   30 | #include <time.h>
  +++ |+#include <string.h>
   31 | /* USER CODE END Includes */
../Core/Src/main.c: In function 'motorCont':
../Core/Src/main.c:743:1: warning: control reaches end of non-void function [-Wreturn-type]
  743 | }
      | ^
arm-none-eabi-gcc -o "MDP_grp13.elf" @"objects.list"   -mcpu=cortex-m4 -T"/Users/le/Documents/GitHub/MDP_grp13_stm32/MDP_grp13/STM32F407VETX_FLASH.ld" --specs=nosys.specs -Wl,-Map="MDP_grp13.map" -Wl,--gc-sections -static --specs=nano.specs -mfpu=fpv4-sp-d16 -mfloat-abi=hard -mthumb -Wl,--start-group -lc -lm -Wl,--end-group
Finished building target: MDP_grp13.elf
 
arm-none-eabi-size   MDP_grp13.elf 
arm-none-eabi-objdump -h -S  MDP_grp13.elf  > "MDP_grp13.list"
arm-none-eabi-objcopy  -O ihex  MDP_grp13.elf  "MDP_grp13.hex"
   text	   data	    bss	    dec	    hex	filename
  58980	    128	  22248	  81356	  13dcc	MDP_grp13.elf
Finished building: default.size.stdout
 
Finished building: MDP_grp13.hex
 
Finished building: MDP_grp13.list
 
17:43:33 **** Incremental Build of configuration Debug for project MDP_grp13 ****
make -j7 all 
arm-none-eabi-gcc "../Core/Src/main.c" -mcpu=cortex-m4 -std=gnu11 -g3 -DDEBUG -DUSE_HAL_DRIVER -DSTM32F407xx -c -I"/Users/le/Documents/GitHub/MDP_grp13_stm32/MDP_grp13/PeripheralDrivers/inc" -I"/Users/le/Documents/GitHub/MDP_grp13_stm32/MDP_grp13/PeripheralDrivers" -I../Core/Inc -I../Middlewares/Third_Party/FreeRTOS/Source/include -I../Middlewares/Third_Party/FreeRTOS/Source/portable/GCC/ARM_CM4F -I../Drivers/CMSIS/Include -I../Drivers/STM32F4xx_HAL_Driver/Inc -I../Drivers/CMSIS/Device/ST/STM32F4xx/Include -I../Middlewares/Third_Party/FreeRTOS/Source/CMSIS_RTOS_V2 -I../Drivers/STM32F4xx_HAL_Driver/Inc/Legacy -I/Users/le/Documents/GitHub/MDP_grp13_stm32/MDP_grp13/PIDController -I/MDP_grp13/PIDController/Inc -O0 -ffunction-sections -fdata-sections -Wall -fstack-usage -MMD -MP -MF"Core/Src/main.d" -MT"Core/Src/main.o" --specs=nano.specs -mfpu=fpv4-sp-d16 -mfloat-abi=hard -mthumb -o "Core/Src/main.o"
../Core/Src/main.c:137:27: warning: data definition has no type or storage class
  137 | uint16_t uDistCheck1 = 0; uDistCheck2 = 0; uDistFinal = 0;
      |                           ^~~~~~~~~~~
../Core/Src/main.c:137:27: warning: type defaults to 'int' in declaration of 'uDistCheck2' [-Wimplicit-int]
../Core/Src/main.c:137:44: warning: data definition has no type or storage class
  137 | uint16_t uDistCheck1 = 0; uDistCheck2 = 0; uDistFinal = 0;
      |                                            ^~~~~~~~~~
../Core/Src/main.c:137:44: warning: type defaults to 'int' in declaration of 'uDistFinal' [-Wimplicit-int]
../Core/Src/main.c: In function 'ultraDistCheck':
../Core/Src/main.c:225:9: warning: implicit declaration of function 'abs' [-Wimplicit-function-declaration]
  225 |  while (abs(uDistCheck1 - uDistCheck2) >= 5) { // || uDistCheck2 - uDistCheck1 >= 5) {
      |         ^~~
../Core/Src/main.c: In function 'fastestCar':
../Core/Src/main.c:300:6: warning: unused variable 'x' [-Wunused-variable]
  300 |  int x=0;
      |      ^
../Core/Src/main.c: In function 'PIDmotor':
../Core/Src/main.c:553:2: warning: implicit declaration of function 'Profile_Init' [-Wimplicit-function-declaration]
  553 |  Profile_Init(&profileLeft);
      |  ^~~~~~~~~~~~
../Core/Src/main.c: In function 'PIDturn':
[...]
../Core/Src/main.c:1615:11: warning: pointer targets in passing argument 1 of 'sprintf' differ in signedness [-Wpointer-sign]
 1615 |   sprintf(ultra, "IR right: %u\0", ir2Dist);
      |           ^~~~~
      |           |
      |           uint8_t * {aka unsigned char *}
../Core/Src/main.c:1615:11: note: expected 'char *' but argument is of type 'uint8_t *' {aka 'unsigned char *'}
../Core/Src/main.c:1615:30: warning: format '%u' expects argument of type 'unsigned int', but argument 3 has type 'uint32_t' {aka 'long unsigned int'} [-Wformat=]
 1615 |   sprintf(ultra, "IR right: %u\0", ir2Dist);
      |                             ~^     ~~~~~~~
      |                              |     |
      |                              |     uint32_t {aka long unsigned int}
      |                              unsigned int
      |                             %lu
../Core/Src/main.c:1615:31: warning: embedded '\0' in format [-Wformat-contains-nul]
 1615 |   sprintf(ultra, "IR right: %u\0", ir2Dist);
      |                               ^~
../Core/Src/main.c:1588:10: warning: unused variable 'checkPi' [-Wunused-variable]
 1588 |  uint8_t checkPi[1];
      |          ^~~~~~~
../Core/Src/main.c: In function 'motor':
../Core/Src/main.c:1753:53: warning: implicit declaration of function 'strlen' [-Wimplicit-function-declaration]
 1753 |     HAL_UART_Transmit_IT(&huart3, (uint8_t *)reply, strlen(reply));
      |                                                     ^~~~~~
../Core/Src/main.c:1753:53: warning: incompatible implicit declaration of built-in function 'strlen'
../Core/Src/main.c:31:1: note: include '<string.h>' or provide a declaration of 'strlen'
   30 | #include <time.h>
  +++ |+#include <string.h>
   31 | /* USER CODE END Includes */
../Core/Src/main.c: In function 'motorCont':
../Core/Src/main.c:754:1: warning: control reaches end of non-void function [-Wreturn-type]
  754 | }
      | ^
arm-none-eabi-gcc -o "MDP_grp13.elf" @"objects.list"   -mcpu=cortex-m4 -T"/Users/le/Documents/GitHub/MDP_grp13_stm32/MDP_grp13/STM32F407VETX_FLASH.ld" --specs=nosys.specs -Wl,-Map="MDP_grp13.map" -Wl,--gc-sections -static --specs=nano.specs -mfpu=fpv4-sp-d16 -mfloat-abi=hard -mthumb -Wl,--start-group -lc -lm -Wl,--end-group
Finished building target: MDP_grp13.elf
 
arm-none-eabi-size   MDP_grp13.elf 
arm-none-eabi-objdump -h -S  MDP_grp13.elf  > "MDP_grp13.list"
arm-none-eabi-objcopy  -O ihex  MDP_grp13.elf  "MDP_grp13.hex"
   text	   data	    bss	    dec	    hex	filename
  58660	    128	  22248	  81036	  13c8c	MDP_grp13.elf
Finished building: default.size.stdout
 
Finished building: MDP_grp13.hex
 
Finished building: MDP_grp13.list
 
18:57:47 **** Incremental Build of configuration Debug for project MDP_grp13 ****
make -j7 all 
arm-none-eabi-gcc "../Core/Src/main.c" -mcpu=cortex-m4 -std=gnu11 -g3 -DDEBUG -DUSE_HAL_DRIVER -DSTM32F407xx -c -I"/Users/le/Documents/GitHub/MDP_grp13_stm32/MDP_grp13/PeripheralDrivers/inc" -I"/Users/le/Documents/GitHub/MDP_grp13_stm32/MDP_grp13/PeripheralDrivers" -I../Core/Inc -I../Middlewares/Third_Party/FreeRTOS/Source/include -I../Middlewares/Third_Party/FreeRTOS/Source/portable/GCC/ARM_CM4F -I../Drivers/CMSIS/Include -I../Drivers/STM32F4xx_HAL_Driver/Inc -I../Drivers/CMSIS/Device/ST/STM32F4xx/Include -I../Middlewares/Third_Party/FreeRTOS/Source/CMSIS_RTOS_V2 -I../Drivers/STM32F4xx_HAL_Driver/Inc/Legacy -I/Users/le/Documents/GitHub/MDP_grp13_stm32/MDP_grp13/PIDController -I/MDP_grp13/PIDController/Inc -O0 -ffunction-sections -fdata-sections -Wall -fstack-usage -MMD -MP -MF"Core/Src/main.d" -MT"Core/Src/main.o" --specs=nano.specs -mfpu=fpv4-sp-d16 -mfloat-abi=hard -mthumb -o "Core/Src/main.o"
../Core/Src/main.c:139:27: warning: data definition has no type or storage class
  139 | uint16_t uDistCheck1 = 0; uDistCheck2 = 0; uDistFinal = 0;
      |                           ^~~~~~~~~~~
../Core/Src/main.c:139:27: warning: type defaults to 'int' in declaration of 'uDistCheck2' [-Wimplicit-int]
../Core/Src/main.c:139:44: warning: data definition has no type or storage class
  139 | uint16_t uDistCheck1 = 0; uDistCheck2 = 0; uDistFinal = 0;
      |                                            ^~~~~~~~~~
../Core/Src/main.c:139:44: warning: type defaults to 'int' in declaration of 'uDistFinal' [-Wimplicit-int]
../Core/Src/main.c: In function 'ultraDistCheck':
../Core/Src/main.c:227:9: warning: implicit declaration of function 'abs' [-Wimplicit-function-declaration]
  227 |  while (abs(uDistCheck1 - uDistCheck2) >= 5) { // || uDistCheck2 - uDistCheck1 >= 5) {
      |         ^~~
../Core/Src/main.c: In function 'fastestCar':
../Core/Src/main.c:302:6: warning: unused variable 'x' [-Wunused-variable]
  302 |  int x=0;
      |      ^
../Core/Src/main.c: In function 'PIDmotor':
../Core/Src/main.c:549:2: warning: implicit declaration of function 'Profile_Init' [-Wimplicit-function-declaration]
  549 |  Profile_Init(&profileLeft);
      |  ^~~~~~~~~~~~
../Core/Src/main.c: In function 'PIDturn':
../Core/Src/main.c:614:10: warning: unused variable 'profileRight' [-Wunused-variable]
  614 |  Profile profileRight;
      |          ^~~~~~~~~~~~
../Core/Src/main.c: In function 'motorCont':
../Core/Src/main.c:734:4: warning: implicit declaration of function 'sprintf' [-Wimplicit-function-declaration]
  734 |    sprintf(display,"Left:%5d\0", diffl/68);
      |    ^~~~~~~
../Core/Src/main.c:734:4: warning: incompatible implicit declaration of built-in function 'sprintf'
../Core/Src/main.c:31:1: note: include '<stdio.h>' or provide a declaration of 'sprintf'
   30 | #include <time.h>
  +++ |+#include <stdio.h>
   31 | /* USER CODE END Includes */
../Core/Src/main.c:734:12: warning: pointer targets in passing argument 1 of 'sprintf' differ in signedness [-Wpointer-sign]
  734 |    sprintf(display,"Left:%5d\0", diffl/68);
      |            ^~~~~~~
      |            |
      |            uint8_t * {aka unsigned char *}
../Core/Src/main.c:734:12: note: expected 'char *' but argument is of type 'uint8_t *' {aka 'unsigned char *'}
../Core/Src/main.c:734:29: warning: embedded '\0' in format [-Wformat-contains-nul]
  734 |    sprintf(display,"Left:%5d\0", diffl/68);
      |                             ^~
../Core/Src/main.c:736:12: warning: pointer targets in passing argument 1 of 'sprintf' differ in signedness [-Wpointer-sign]
  736 |    sprintf(display,"Right:%5d\0", diffr/68);
      |            ^~~~~~~
      |            |
      |            uint8_t * {aka unsigned char *}
../Core/Src/main.c:736:12: note: expected 'char *' but argument is of type 'uint8_t *' {aka 'unsigned char *'}
../Core/Src/main.c:736:30: warning: embedded '\0' in format [-Wformat-contains-nul]
  736 |    sprintf(display,"Right:%5d\0", diffr/68);
      |                              ^~
../Core/Src/main.c: In function 'StartDefaultTask':
../Core/Src/main.c:1599:3: warning: incompatible implicit declaration of built-in function 'sprintf'
 1599 |   sprintf(ultra, "uDistF: %u\0", uDistFinal);
      |   ^~~~~~~
../Core/Src/main.c:1599:3: note: include '<stdio.h>' or provide a declaration of 'sprintf'
../Core/Src/main.c:1599:11: warning: pointer targets in passing argument 1 of 'sprintf' differ in signedness [-Wpointer-sign]
 1599 |   sprintf(ultra, "uDistF: %u\0", uDistFinal);
      |           ^~~~~
      |           |
      |           uint8_t * {aka unsigned char *}
../Core/Src/main.c:1599:11: note: expected 'char *' but argument is of type 'uint8_t *' {aka 'unsigned char *'}
../Core/Src/main.c:1599:29: warning: embedded '\0' in format [-Wformat-contains-nul]
 1599 |   sprintf(ultra, "uDistF: %u\0", uDistFinal);
      |                             ^~
../Core/Src/main.c:1610:11: warning: pointer targets in passing argument 1 of 'sprintf' differ in signedness [-Wpointer-sign]
 1610 |   sprintf(ultra, "IR left: %u\0", ir1Dist);
      |           ^~~~~
      |           |
      |           uint8_t * {aka unsigned char *}
../Core/Src/main.c:1610:11: note: expected 'char *' but argument is of type 'uint8_t *' {aka 'unsigned char *'}
../Core/Src/main.c:1610:29: warning: format '%u' expects argument of type 'unsigned int', but argument 3 has type 'uint32_t' {aka 'long unsigned int'} [-Wformat=]
 1610 |   sprintf(ultra, "IR left: %u\0", ir1Dist);
      |                            ~^     ~~~~~~~
      |                             |     |
      |                             |     uint32_t {aka long unsigned int}
      |                             unsigned int
      |                            %lu
../Core/Src/main.c:1610:30: warning: embedded '\0' in format [-Wformat-contains-nul]
 1610 |   sprintf(ultra, "IR left: %u\0", ir1Dist);
      |                              ^~
../Core/Src/main.c:1615:11: warning: pointer targets in passing argument 1 of 'sprintf' differ in signedness [-Wpointer-sign]
 1615 |   sprintf(ultra, "IR right: %u\0", ir2Dist);
      |           ^~~~~
      |           |
      |           uint8_t * {aka unsigned char *}
../Core/Src/main.c:1615:11: note: expected 'char *' but argument is of type 'uint8_t *' {aka 'unsigned char *'}
../Core/Src/main.c:1615:30: warning: format '%u' expects argument of type 'unsigned int', but argument 3 has type 'uint32_t' {aka 'long unsigned int'} [-Wformat=]
 1615 |   sprintf(ultra, "IR right: %u\0", ir2Dist);
      |                             ~^     ~~~~~~~
      |                              |     |
      |                              |     uint32_t {aka long unsigned int}
      |                              unsigned int
      |                             %lu
../Core/Src/main.c:1615:31: warning: embedded '\0' in format [-Wformat-contains-nul]
 1615 |   sprintf(ultra, "IR right: %u\0", ir2Dist);
      |                               ^~
../Core/Src/main.c:1588:10: warning: unused variable 'checkPi' [-Wunused-variable]
 1588 |  uint8_t checkPi[1];
      |          ^~~~~~~
../Core/Src/main.c: In function 'motor':
../Core/Src/main.c:1753:53: warning: implicit declaration of function 'strlen' [-Wimplicit-function-declaration]
 1753 |     HAL_UART_Transmit_IT(&huart3, (uint8_t *)reply, strlen(reply));
      |                                                     ^~~~~~
../Core/Src/main.c:1753:53: warning: incompatible implicit declaration of built-in function 'strlen'
../Core/Src/main.c:31:1: note: include '<string.h>' or provide a declaration of 'strlen'
   30 | #include <time.h>
  +++ |+#include <string.h>
   31 | /* USER CODE END Includes */
../Core/Src/main.c: In function 'motorCont':
../Core/Src/main.c:754:1: warning: control reaches end of non-void function [-Wreturn-type]
  754 | }
      | ^
arm-none-eabi-gcc -o "MDP_grp13.elf" @"objects.list"   -mcpu=cortex-m4 -T"/Users/le/Documents/GitHub/MDP_grp13_stm32/MDP_grp13/STM32F407VETX_FLASH.ld" --specs=nosys.specs -Wl,-Map="MDP_grp13.map" -Wl,--gc-sections -static --specs=nano.specs -mfpu=fpv4-sp-d16 -mfloat-abi=hard -mthumb -Wl,--start-group -lc -lm -Wl,--end-group
Finished building target: MDP_grp13.elf
 
arm-none-eabi-size   MDP_grp13.elf 
arm-none-eabi-objdump -h -S  MDP_grp13.elf  > "MDP_grp13.list"
arm-none-eabi-objcopy  -O ihex  MDP_grp13.elf  "MDP_grp13.hex"
   text	   data	    bss	    dec	    hex	filename
  58660	    128	  22248	  81036	  13c8c	MDP_grp13.elf
Finished building: default.size.stdout
 
Finished building: MDP_grp13.hex
 
Finished building: MDP_grp13.list
 
18:58:47 **** Incremental Build of configuration Debug for project MDP_grp13 ****
make -j7 all 
arm-none-eabi-gcc "../Core/Src/main.c" -mcpu=cortex-m4 -std=gnu11 -g3 -DDEBUG -DUSE_HAL_DRIVER -DSTM32F407xx -c -I"/Users/le/Documents/GitHub/MDP_grp13_stm32/MDP_grp13/PeripheralDrivers/inc" -I"/Users/le/Documents/GitHub/MDP_grp13_stm32/MDP_grp13/PeripheralDrivers" -I../Core/Inc -I../Middlewares/Third_Party/FreeRTOS/Source/include -I../Middlewares/Third_Party/FreeRTOS/Source/portable/GCC/ARM_CM4F -I../Drivers/CMSIS/Include -I../Drivers/STM32F4xx_HAL_Driver/Inc -I../Drivers/CMSIS/Device/ST/STM32F4xx/Include -I../Middlewares/Third_Party/FreeRTOS/Source/CMSIS_RTOS_V2 -I../Drivers/STM32F4xx_HAL_Driver/Inc/Legacy -I/Users/le/Documents/GitHub/MDP_grp13_stm32/MDP_grp13/PIDController -I/MDP_grp13/PIDController/Inc -O0 -ffunction-sections -fdata-sections -Wall -fstack-usage -MMD -MP -MF"Core/Src/main.d" -MT"Core/Src/main.o" --specs=nano.specs -mfpu=fpv4-sp-d16 -mfloat-abi=hard -mthumb -o "Core/Src/main.o"
../Core/Src/main.c:139:27: warning: data definition has no type or storage class
  139 | uint16_t uDistCheck1 = 0; uDistCheck2 = 0; uDistFinal = 0;
      |                           ^~~~~~~~~~~
../Core/Src/main.c:139:27: warning: type defaults to 'int' in declaration of 'uDistCheck2' [-Wimplicit-int]
../Core/Src/main.c:139:44: warning: data definition has no type or storage class
  139 | uint16_t uDistCheck1 = 0; uDistCheck2 = 0; uDistFinal = 0;
      |                                            ^~~~~~~~~~
../Core/Src/main.c:139:44: warning: type defaults to 'int' in declaration of 'uDistFinal' [-Wimplicit-int]
../Core/Src/main.c: In function 'ultraDistCheck':
../Core/Src/main.c:227:9: warning: implicit declaration of function 'abs' [-Wimplicit-function-declaration]
  227 |  while (abs(uDistCheck1 - uDistCheck2) >= 5) { // || uDistCheck2 - uDistCheck1 >= 5) {
      |         ^~~
../Core/Src/main.c: In function 'fastestCar':
../Core/Src/main.c:302:6: warning: unused variable 'x' [-Wunused-variable]
  302 |  int x=0;
      |      ^
../Core/Src/main.c: In function 'PIDmotor':
../Core/Src/main.c:549:2: warning: implicit declaration of function 'Profile_Init' [-Wimplicit-function-declaration]
  549 |  Profile_Init(&profileLeft);
      |  ^~~~~~~~~~~~
../Core/Src/main.c: In function 'PIDturn':
../Core/Src/main.c:614:10: warning: unused variable 'profileRight' [-Wunused-variable]
  614 |  Profile profileRight;
      |          ^~~~~~~~~~~~
../Core/Src/main.c: In function 'motorCont':
../Core/Src/main.c:734:4: warning: implicit declaration of function 'sprintf' [-Wimplicit-function-declaration]
  734 |    sprintf(display,"Left:%5d\0", diffl/68);
      |    ^~~~~~~
../Core/Src/main.c:734:4: warning: incompatible implicit declaration of built-in function 'sprintf'
../Core/Src/main.c:31:1: note: include '<stdio.h>' or provide a declaration of 'sprintf'
   30 | #include <time.h>
  +++ |+#include <stdio.h>
   31 | /* USER CODE END Includes */
../Core/Src/main.c:734:12: warning: pointer targets in passing argument 1 of 'sprintf' differ in signedness [-Wpointer-sign]
  734 |    sprintf(display,"Left:%5d\0", diffl/68);
      |            ^~~~~~~
      |            |
      |            uint8_t * {aka unsigned char *}
../Core/Src/main.c:734:12: note: expected 'char *' but argument is of type 'uint8_t *' {aka 'unsigned char *'}
../Core/Src/main.c:734:29: warning: embedded '\0' in format [-Wformat-contains-nul]
  734 |    sprintf(display,"Left:%5d\0", diffl/68);
      |                             ^~
../Core/Src/main.c:736:12: warning: pointer targets in passing argument 1 of 'sprintf' differ in signedness [-Wpointer-sign]
  736 |    sprintf(display,"Right:%5d\0", diffr/68);
      |            ^~~~~~~
      |            |
      |            uint8_t * {aka unsigned char *}
../Core/Src/main.c:736:12: note: expected 'char *' but argument is of type 'uint8_t *' {aka 'unsigned char *'}
../Core/Src/main.c:736:30: warning: embedded '\0' in format [-Wformat-contains-nul]
  736 |    sprintf(display,"Right:%5d\0", diffr/68);
      |                              ^~
../Core/Src/main.c: In function 'StartDefaultTask':
../Core/Src/main.c:1599:3: warning: incompatible implicit declaration of built-in function 'sprintf'
 1599 |   sprintf(ultra, "uDistF: %u\0", uDistFinal);
      |   ^~~~~~~
../Core/Src/main.c:1599:3: note: include '<stdio.h>' or provide a declaration of 'sprintf'
../Core/Src/main.c:1599:11: warning: pointer targets in passing argument 1 of 'sprintf' differ in signedness [-Wpointer-sign]
 1599 |   sprintf(ultra, "uDistF: %u\0", uDistFinal);
      |           ^~~~~
      |           |
      |           uint8_t * {aka unsigned char *}
../Core/Src/main.c:1599:11: note: expected 'char *' but argument is of type 'uint8_t *' {aka 'unsigned char *'}
../Core/Src/main.c:1599:29: warning: embedded '\0' in format [-Wformat-contains-nul]
 1599 |   sprintf(ultra, "uDistF: %u\0", uDistFinal);
      |                             ^~
../Core/Src/main.c:1610:11: warning: pointer targets in passing argument 1 of 'sprintf' differ in signedness [-Wpointer-sign]
 1610 |   sprintf(ultra, "IR left: %u\0", ir1Dist);
      |           ^~~~~
      |           |
      |           uint8_t * {aka unsigned char *}
../Core/Src/main.c:1610:11: note: expected 'char *' but argument is of type 'uint8_t *' {aka 'unsigned char *'}
../Core/Src/main.c:1610:29: warning: format '%u' expects argument of type 'unsigned int', but argument 3 has type 'uint32_t' {aka 'long unsigned int'} [-Wformat=]
 1610 |   sprintf(ultra, "IR left: %u\0", ir1Dist);
      |                            ~^     ~~~~~~~
      |                             |     |
      |                             |     uint32_t {aka long unsigned int}
      |                             unsigned int
      |                            %lu
../Core/Src/main.c:1610:30: warning: embedded '\0' in format [-Wformat-contains-nul]
 1610 |   sprintf(ultra, "IR left: %u\0", ir1Dist);
      |                              ^~
../Core/Src/main.c:1615:11: warning: pointer targets in passing argument 1 of 'sprintf' differ in signedness [-Wpointer-sign]
 1615 |   sprintf(ultra, "IR right: %u\0", ir2Dist);
      |           ^~~~~
      |           |
      |           uint8_t * {aka unsigned char *}
../Core/Src/main.c:1615:11: note: expected 'char *' but argument is of type 'uint8_t *' {aka 'unsigned char *'}
../Core/Src/main.c:1615:30: warning: format '%u' expects argument of type 'unsigned int', but argument 3 has type 'uint32_t' {aka 'long unsigned int'} [-Wformat=]
 1615 |   sprintf(ultra, "IR right: %u\0", ir2Dist);
      |                             ~^     ~~~~~~~
      |                              |     |
      |                              |     uint32_t {aka long unsigned int}
      |                              unsigned int
      |                             %lu
../Core/Src/main.c:1615:31: warning: embedded '\0' in format [-Wformat-contains-nul]
 1615 |   sprintf(ultra, "IR right: %u\0", ir2Dist);
      |                               ^~
../Core/Src/main.c:1588:10: warning: unused variable 'checkPi' [-Wunused-variable]
 1588 |  uint8_t checkPi[1];
      |          ^~~~~~~
../Core/Src/main.c: In function 'motor':
../Core/Src/main.c:1754:53: warning: implicit declaration of function 'strlen' [-Wimplicit-function-declaration]
 1754 |     HAL_UART_Transmit_IT(&huart3, (uint8_t *)reply, strlen(reply));
      |                                                     ^~~~~~
../Core/Src/main.c:1754:53: warning: incompatible implicit declaration of built-in function 'strlen'
../Core/Src/main.c:31:1: note: include '<string.h>' or provide a declaration of 'strlen'
   30 | #include <time.h>
  +++ |+#include <string.h>
   31 | /* USER CODE END Includes */
../Core/Src/main.c: In function 'motorCont':
../Core/Src/main.c:754:1: warning: control reaches end of non-void function [-Wreturn-type]
  754 | }
      | ^
arm-none-eabi-gcc -o "MDP_grp13.elf" @"objects.list"   -mcpu=cortex-m4 -T"/Users/le/Documents/GitHub/MDP_grp13_stm32/MDP_grp13/STM32F407VETX_FLASH.ld" --specs=nosys.specs -Wl,-Map="MDP_grp13.map" -Wl,--gc-sections -static --specs=nano.specs -mfpu=fpv4-sp-d16 -mfloat-abi=hard -mthumb -Wl,--start-group -lc -lm -Wl,--end-group
Finished building target: MDP_grp13.elf
 
arm-none-eabi-size   MDP_grp13.elf 
arm-none-eabi-objdump -h -S  MDP_grp13.elf  > "MDP_grp13.list"
arm-none-eabi-objcopy  -O ihex  MDP_grp13.elf  "MDP_grp13.hex"
   text	   data	    bss	    dec	    hex	filename
  58660	    128	  22248	  81036	  13c8c	MDP_grp13.elf
Finished building: default.size.stdout
 
Finished building: MDP_grp13.hex
 
Finished building: MDP_grp13.list
 
