15:48:22 **** Incremental Build of configuration Debug for project MDP_grp13 ****
make -j7 all 
arm-none-eabi-gcc "../Core/Src/main.c" -mcpu=cortex-m4 -std=gnu11 -g3 -DDEBUG -DUSE_HAL_DRIVER -DSTM32F407xx -c -I"/Users/le/Documents/GitHub/MDP_grp13_stm32/MDP_grp13/PeripheralDrivers/inc" -I"/Users/le/Documents/GitHub/MDP_grp13_stm32/MDP_grp13/PeripheralDrivers" -I../Core/Inc -I../Middlewares/Third_Party/FreeRTOS/Source/include -I../Middlewares/Third_Party/FreeRTOS/Source/portable/GCC/ARM_CM4F -I../Drivers/CMSIS/Include -I../Drivers/STM32F4xx_HAL_Driver/Inc -I../Drivers/CMSIS/Device/ST/STM32F4xx/Include -I../Middlewares/Third_Party/FreeRTOS/Source/CMSIS_RTOS_V2 -I../Drivers/STM32F4xx_HAL_Driver/Inc/Legacy -O0 -ffunction-sections -fdata-sections -Wall -fstack-usage -MMD -MP -MF"Core/Src/main.d" -MT"Core/Src/main.o" --specs=nano.specs -mfpu=fpv4-sp-d16 -mfloat-abi=hard -mthumb -o "Core/Src/main.o"
../Core/Src/main.c:113:27: warning: data definition has no type or storage class
  113 | uint16_t uDistCheck1 = 0; uDistCheck2 = 0; uDistFinal = 0;
      |                           ^~~~~~~~~~~
../Core/Src/main.c:113:27: warning: type defaults to 'int' in declaration of 'uDistCheck2' [-Wimplicit-int]
../Core/Src/main.c:113:44: warning: data definition has no type or storage class
  113 | uint16_t uDistCheck1 = 0; uDistCheck2 = 0; uDistFinal = 0;
      |                                            ^~~~~~~~~~
../Core/Src/main.c:113:44: warning: type defaults to 'int' in declaration of 'uDistFinal' [-Wimplicit-int]
../Core/Src/main.c: In function 'motorControl':
../Core/Src/main.c:271:12: warning: implicit declaration of function 'abs' [-Wimplicit-function-declaration]
  271 |    diffl = abs(cntl2);
      |            ^~~
../Core/Src/main.c:275:4: warning: implicit declaration of function 'sprintf' [-Wimplicit-function-declaration]
  275 |    sprintf(display,"Left:%5d\0", diffl/68);
      |    ^~~~~~~
../Core/Src/main.c:275:4: warning: incompatible implicit declaration of built-in function 'sprintf'
../Core/Src/main.c:27:1: note: include '<stdio.h>' or provide a declaration of 'sprintf'
   26 | #include "math.h"
  +++ |+#include <stdio.h>
   27 | /* USER CODE END Includes */
../Core/Src/main.c:275:12: warning: pointer targets in passing argument 1 of 'sprintf' differ in signedness [-Wpointer-sign]
  275 |    sprintf(display,"Left:%5d\0", diffl/68);
      |            ^~~~~~~
      |            |
      |            uint8_t * {aka unsigned char *}
../Core/Src/main.c:275:12: note: expected 'char *' but argument is of type 'uint8_t *' {aka 'unsigned char *'}
../Core/Src/main.c:275:29: warning: embedded '\0' in format [-Wformat-contains-nul]
  275 |    sprintf(display,"Left:%5d\0", diffl/68);
      |                             ^~
../Core/Src/main.c:277:12: warning: pointer targets in passing argument 1 of 'sprintf' differ in signedness [-Wpointer-sign]
  277 |    sprintf(display,"Right:%5d\0", diffr/68);
      |            ^~~~~~~
      |            |
      |            uint8_t * {aka unsigned char *}
../Core/Src/main.c:277:12: note: expected 'char *' but argument is of type 'uint8_t *' {aka 'unsigned char *'}
../Core/Src/main.c:277:30: warning: embedded '\0' in format [-Wformat-contains-nul]
  277 |    sprintf(display,"Right:%5d\0", diffr/68);
      |                              ^~
../Core/Src/main.c: In function 'motorCont':
../Core/Src/main.c:419:4: warning: incompatible implicit declaration of built-in function 'sprintf'
  419 |    sprintf(display,"Left:%5d\0", diffl/68);
      |    ^~~~~~~
../Core/Src/main.c:419:4: note: include '<stdio.h>' or provide a declaration of 'sprintf'
../Core/Src/main.c:419:12: warning: pointer targets in passing argument 1 of 'sprintf' differ in signedness [-Wpointer-sign]
  419 |    sprintf(display,"Left:%5d\0", diffl/68);
      |            ^~~~~~~
      |            |
      |            uint8_t * {aka unsigned char *}
../Core/Src/main.c:419:12: note: expected 'char *' but argument is of type 'uint8_t *' {aka 'unsigned char *'}
../Core/Src/main.c:419:29: warning: embedded '\0' in format [-Wformat-contains-nul]
  419 |    sprintf(display,"Left:%5d\0", diffl/68);
      |                             ^~
../Core/Src/main.c:421:12: warning: pointer targets in passing argument 1 of 'sprintf' differ in signedness [-Wpointer-sign]
  421 |    sprintf(display,"Right:%5d\0", diffr/68);
      |            ^~~~~~~
      |            |
      |            uint8_t * {aka unsigned char *}
../Core/Src/main.c:421:12: note: expected 'char *' but argument is of type 'uint8_t *' {aka 'unsigned char *'}
../Core/Src/main.c:421:30: warning: embedded '\0' in format [-Wformat-contains-nul]
  421 |    sprintf(display,"Right:%5d\0", diffr/68);
      |                              ^~
../Core/Src/main.c: In function 'StartDefaultTask':
../Core/Src/main.c:1125:3: warning: incompatible implicit declaration of built-in function 'sprintf'
 1125 |   sprintf(checkPi, "Pi cmd: %s\0", aRxBuffer);
      |   ^~~~~~~
../Core/Src/main.c:1125:3: note: include '<stdio.h>' or provide a declaration of 'sprintf'
../Core/Src/main.c:1125:11: warning: pointer targets in passing argument 1 of 'sprintf' differ in signedness [-Wpointer-sign]
 1125 |   sprintf(checkPi, "Pi cmd: %s\0", aRxBuffer);
      |           ^~~~~~~
      |           |
      |           uint8_t * {aka unsigned char *}
../Core/Src/main.c:1125:11: note: expected 'char *' but argument is of type 'uint8_t *' {aka 'unsigned char *'}
../Core/Src/main.c:1125:31: warning: embedded '\0' in format [-Wformat-contains-nul]
 1125 |   sprintf(checkPi, "Pi cmd: %s\0", aRxBuffer);
      |                               ^~
../Core/Src/main.c:1130:11: warning: pointer targets in passing argument 1 of 'sprintf' differ in signedness [-Wpointer-sign]
 1130 |   sprintf(ultra, "uDist: %u cm\0", uDistFinal);
      |           ^~~~~
      |           |
      |           uint8_t * {aka unsigned char *}
../Core/Src/main.c:1130:11: note: expected 'char *' but argument is of type 'uint8_t *' {aka 'unsigned char *'}
../Core/Src/main.c:1130:31: warning: embedded '\0' in format [-Wformat-contains-nul]
 1130 |   sprintf(ultra, "uDist: %u cm\0", uDistFinal);
      |                               ^~
../Core/Src/main.c:1135:11: warning: pointer targets in passing argument 1 of 'sprintf' differ in signedness [-Wpointer-sign]
 1135 |   sprintf(ultra, "IR left: %u\0", ir1Dist);
      |           ^~~~~
      |           |
      |           uint8_t * {aka unsigned char *}
../Core/Src/main.c:1135:11: note: expected 'char *' but argument is of type 'uint8_t *' {aka 'unsigned char *'}
../Core/Src/main.c:1135:29: warning: format '%u' expects argument of type 'unsigned int', but argument 3 has type 'uint32_t' {aka 'long unsigned int'} [-Wformat=]
 1135 |   sprintf(ultra, "IR left: %u\0", ir1Dist);
      |                            ~^     ~~~~~~~
      |                             |     |
      |                             |     uint32_t {aka long unsigned int}
      |                             unsigned int
      |                            %lu
../Core/Src/main.c:1135:30: warning: embedded '\0' in format [-Wformat-contains-nul]
 1135 |   sprintf(ultra, "IR left: %u\0", ir1Dist);
      |                              ^~
../Core/Src/main.c:1140:11: warning: pointer targets in passing argument 1 of 'sprintf' differ in signedness [-Wpointer-sign]
 1140 |   sprintf(ultra, "IR right: %u\0", ir2Dist);
      |           ^~~~~
      |           |
      |           uint8_t * {aka unsigned char *}
../Core/Src/main.c:1140:11: note: expected 'char *' but argument is of type 'uint8_t *' {aka 'unsigned char *'}
../Core/Src/main.c:1140:30: warning: format '%u' expects argument of type 'unsigned int', but argument 3 has type 'uint32_t' {aka 'long unsigned int'} [-Wformat=]
 1140 |   sprintf(ultra, "IR right: %u\0", ir2Dist);
      |                             ~^     ~~~~~~~
      |                              |     |
      |                              |     uint32_t {aka long unsigned int}
      |                              unsigned int
      |                             %lu
../Core/Src/main.c:1140:31: warning: embedded '\0' in format [-Wformat-contains-nul]
 1140 |   sprintf(ultra, "IR right: %u\0", ir2Dist);
      |                               ^~
../Core/Src/main.c: In function 'motor':
../Core/Src/main.c:1222:53: warning: implicit declaration of function 'strlen' [-Wimplicit-function-declaration]
 1222 |     HAL_UART_Transmit_IT(&huart3, (uint8_t *)reply, strlen(reply));
      |                                                     ^~~~~~
../Core/Src/main.c:1222:53: warning: incompatible implicit declaration of built-in function 'strlen'
../Core/Src/main.c:27:1: note: include '<string.h>' or provide a declaration of 'strlen'
   26 | #include "math.h"
  +++ |+#include <string.h>
   27 | /* USER CODE END Includes */
../Core/Src/main.c:1164:6: warning: unused variable 'x' [-Wunused-variable]
 1164 |  int x = 0;
      |      ^
../Core/Src/main.c: In function 'motorControl':
../Core/Src/main.c:330:1: warning: control reaches end of non-void function [-Wreturn-type]
  330 | }
      | ^
../Core/Src/main.c: In function 'motorCont':
../Core/Src/main.c:446:1: warning: control reaches end of non-void function [-Wreturn-type]
  446 | }
      | ^
../Core/Src/main.c: In function 'StartDefaultTask':
../Core/Src/main.c:1125:22: warning: 'Pi cmd: ' directive writing 8 bytes into a region of size 1 [-Wformat-overflow=]
 1125 |   sprintf(checkPi, "Pi cmd: %s\0", aRxBuffer);
      |                     ~^~~~~~~
../Core/Src/main.c:1125:3: note: 'sprintf' output 9 bytes into a destination of size 1
 1125 |   sprintf(checkPi, "Pi cmd: %s\0", aRxBuffer);
      |   ^~~~~~~~~~~~~~~~~~~~~~~~~~~~~~~~~~~~~~~~~~~
arm-none-eabi-gcc -o "MDP_grp13.elf" @"objects.list"   -mcpu=cortex-m4 -T"/Users/le/Documents/GitHub/MDP_grp13_stm32/MDP_grp13/STM32F407VETX_FLASH.ld" --specs=nosys.specs -Wl,-Map="MDP_grp13.map" -Wl,--gc-sections -static --specs=nano.specs -mfpu=fpv4-sp-d16 -mfloat-abi=hard -mthumb -Wl,--start-group -lc -lm -Wl,--end-group
Finished building target: MDP_grp13.elf
 
arm-none-eabi-size   MDP_grp13.elf 
arm-none-eabi-objdump -h -S  MDP_grp13.elf  > "MDP_grp13.list"
arm-none-eabi-objcopy  -O ihex  MDP_grp13.elf  "MDP_grp13.hex"
   text	   data	    bss	    dec	    hex	filename
  49052	    128	  22080	  71260	  1165c	MDP_grp13.elf
Finished building: default.size.stdout
 
Finished building: MDP_grp13.hex
 
Finished building: MDP_grp13.list
 
15:50:24 **** Incremental Build of configuration Debug for project MDP_grp13 ****
make -j7 all 
arm-none-eabi-gcc "../Core/Src/main.c" -mcpu=cortex-m4 -std=gnu11 -g3 -DDEBUG -DUSE_HAL_DRIVER -DSTM32F407xx -c -I"/Users/le/Documents/GitHub/MDP_grp13_stm32/MDP_grp13/PeripheralDrivers/inc" -I"/Users/le/Documents/GitHub/MDP_grp13_stm32/MDP_grp13/PeripheralDrivers" -I../Core/Inc -I../Middlewares/Third_Party/FreeRTOS/Source/include -I../Middlewares/Third_Party/FreeRTOS/Source/portable/GCC/ARM_CM4F -I../Drivers/CMSIS/Include -I../Drivers/STM32F4xx_HAL_Driver/Inc -I../Drivers/CMSIS/Device/ST/STM32F4xx/Include -I../Middlewares/Third_Party/FreeRTOS/Source/CMSIS_RTOS_V2 -I../Drivers/STM32F4xx_HAL_Driver/Inc/Legacy -O0 -ffunction-sections -fdata-sections -Wall -fstack-usage -MMD -MP -MF"Core/Src/main.d" -MT"Core/Src/main.o" --specs=nano.specs -mfpu=fpv4-sp-d16 -mfloat-abi=hard -mthumb -o "Core/Src/main.o"
../Core/Src/main.c:113:27: warning: data definition has no type or storage class
  113 | uint16_t uDistCheck1 = 0; uDistCheck2 = 0; uDistFinal = 0;
      |                           ^~~~~~~~~~~
../Core/Src/main.c:113:27: warning: type defaults to 'int' in declaration of 'uDistCheck2' [-Wimplicit-int]
../Core/Src/main.c:113:44: warning: data definition has no type or storage class
  113 | uint16_t uDistCheck1 = 0; uDistCheck2 = 0; uDistFinal = 0;
      |                                            ^~~~~~~~~~
../Core/Src/main.c:113:44: warning: type defaults to 'int' in declaration of 'uDistFinal' [-Wimplicit-int]
../Core/Src/main.c: In function 'motorControl':
../Core/Src/main.c:271:12: warning: implicit declaration of function 'abs' [-Wimplicit-function-declaration]
  271 |    diffl = abs(cntl2);
      |            ^~~
../Core/Src/main.c:275:4: warning: implicit declaration of function 'sprintf' [-Wimplicit-function-declaration]
  275 |    sprintf(display,"Left:%5d\0", diffl/68);
      |    ^~~~~~~
../Core/Src/main.c:275:4: warning: incompatible implicit declaration of built-in function 'sprintf'
../Core/Src/main.c:27:1: note: include '<stdio.h>' or provide a declaration of 'sprintf'
   26 | #include "math.h"
  +++ |+#include <stdio.h>
   27 | /* USER CODE END Includes */
../Core/Src/main.c:275:12: warning: pointer targets in passing argument 1 of 'sprintf' differ in signedness [-Wpointer-sign]
  275 |    sprintf(display,"Left:%5d\0", diffl/68);
      |            ^~~~~~~
      |            |
      |            uint8_t * {aka unsigned char *}
../Core/Src/main.c:275:12: note: expected 'char *' but argument is of type 'uint8_t *' {aka 'unsigned char *'}
../Core/Src/main.c:275:29: warning: embedded '\0' in format [-Wformat-contains-nul]
  275 |    sprintf(display,"Left:%5d\0", diffl/68);
      |                             ^~
../Core/Src/main.c:277:12: warning: pointer targets in passing argument 1 of 'sprintf' differ in signedness [-Wpointer-sign]
  277 |    sprintf(display,"Right:%5d\0", diffr/68);
      |            ^~~~~~~
      |            |
      |            uint8_t * {aka unsigned char *}
../Core/Src/main.c:277:12: note: expected 'char *' but argument is of type 'uint8_t *' {aka 'unsigned char *'}
../Core/Src/main.c:277:30: warning: embedded '\0' in format [-Wformat-contains-nul]
  277 |    sprintf(display,"Right:%5d\0", diffr/68);
      |                              ^~
../Core/Src/main.c: In function 'motorCont':
../Core/Src/main.c:419:4: warning: incompatible implicit declaration of built-in function 'sprintf'
  419 |    sprintf(display,"Left:%5d\0", diffl/68);
      |    ^~~~~~~
../Core/Src/main.c:419:4: note: include '<stdio.h>' or provide a declaration of 'sprintf'
../Core/Src/main.c:419:12: warning: pointer targets in passing argument 1 of 'sprintf' differ in signedness [-Wpointer-sign]
  419 |    sprintf(display,"Left:%5d\0", diffl/68);
      |            ^~~~~~~
      |            |
      |            uint8_t * {aka unsigned char *}
../Core/Src/main.c:419:12: note: expected 'char *' but argument is of type 'uint8_t *' {aka 'unsigned char *'}
../Core/Src/main.c:419:29: warning: embedded '\0' in format [-Wformat-contains-nul]
  419 |    sprintf(display,"Left:%5d\0", diffl/68);
      |                             ^~
../Core/Src/main.c:421:12: warning: pointer targets in passing argument 1 of 'sprintf' differ in signedness [-Wpointer-sign]
  421 |    sprintf(display,"Right:%5d\0", diffr/68);
      |            ^~~~~~~
      |            |
      |            uint8_t * {aka unsigned char *}
../Core/Src/main.c:421:12: note: expected 'char *' but argument is of type 'uint8_t *' {aka 'unsigned char *'}
../Core/Src/main.c:421:30: warning: embedded '\0' in format [-Wformat-contains-nul]
  421 |    sprintf(display,"Right:%5d\0", diffr/68);
      |                              ^~
../Core/Src/main.c: In function 'StartDefaultTask':
../Core/Src/main.c:1125:3: warning: incompatible implicit declaration of built-in function 'sprintf'
 1125 |   sprintf(checkPi, "Pi cmd: %s\0", aRxBuffer);
      |   ^~~~~~~
../Core/Src/main.c:1125:3: note: include '<stdio.h>' or provide a declaration of 'sprintf'
../Core/Src/main.c:1125:11: warning: pointer targets in passing argument 1 of 'sprintf' differ in signedness [-Wpointer-sign]
 1125 |   sprintf(checkPi, "Pi cmd: %s\0", aRxBuffer);
      |           ^~~~~~~
      |           |
      |           uint8_t * {aka unsigned char *}
../Core/Src/main.c:1125:11: note: expected 'char *' but argument is of type 'uint8_t *' {aka 'unsigned char *'}
../Core/Src/main.c:1125:31: warning: embedded '\0' in format [-Wformat-contains-nul]
 1125 |   sprintf(checkPi, "Pi cmd: %s\0", aRxBuffer);
      |                               ^~
../Core/Src/main.c:1130:11: warning: pointer targets in passing argument 1 of 'sprintf' differ in signedness [-Wpointer-sign]
 1130 |   sprintf(ultra, "uDist: %u cm\0", uDistFinal);
      |           ^~~~~
      |           |
      |           uint8_t * {aka unsigned char *}
../Core/Src/main.c:1130:11: note: expected 'char *' but argument is of type 'uint8_t *' {aka 'unsigned char *'}
../Core/Src/main.c:1130:31: warning: embedded '\0' in format [-Wformat-contains-nul]
 1130 |   sprintf(ultra, "uDist: %u cm\0", uDistFinal);
      |                               ^~
../Core/Src/main.c:1135:11: warning: pointer targets in passing argument 1 of 'sprintf' differ in signedness [-Wpointer-sign]
 1135 |   sprintf(ultra, "IR left: %u\0", ir1Dist);
      |           ^~~~~
      |           |
      |           uint8_t * {aka unsigned char *}
../Core/Src/main.c:1135:11: note: expected 'char *' but argument is of type 'uint8_t *' {aka 'unsigned char *'}
../Core/Src/main.c:1135:29: warning: format '%u' expects argument of type 'unsigned int', but argument 3 has type 'uint32_t' {aka 'long unsigned int'} [-Wformat=]
 1135 |   sprintf(ultra, "IR left: %u\0", ir1Dist);
      |                            ~^     ~~~~~~~
      |                             |     |
      |                             |     uint32_t {aka long unsigned int}
      |                             unsigned int
      |                            %lu
../Core/Src/main.c:1135:30: warning: embedded '\0' in format [-Wformat-contains-nul]
 1135 |   sprintf(ultra, "IR left: %u\0", ir1Dist);
      |                              ^~
../Core/Src/main.c:1140:11: warning: pointer targets in passing argument 1 of 'sprintf' differ in signedness [-Wpointer-sign]
 1140 |   sprintf(ultra, "IR right: %u\0", ir2Dist);
      |           ^~~~~
      |           |
      |           uint8_t * {aka unsigned char *}
../Core/Src/main.c:1140:11: note: expected 'char *' but argument is of type 'uint8_t *' {aka 'unsigned char *'}
../Core/Src/main.c:1140:30: warning: format '%u' expects argument of type 'unsigned int', but argument 3 has type 'uint32_t' {aka 'long unsigned int'} [-Wformat=]
 1140 |   sprintf(ultra, "IR right: %u\0", ir2Dist);
      |                             ~^     ~~~~~~~
      |                              |     |
      |                              |     uint32_t {aka long unsigned int}
      |                              unsigned int
      |                             %lu
../Core/Src/main.c:1140:31: warning: embedded '\0' in format [-Wformat-contains-nul]
 1140 |   sprintf(ultra, "IR right: %u\0", ir2Dist);
      |                               ^~
../Core/Src/main.c: In function 'motor':
../Core/Src/main.c:1216:53: warning: implicit declaration of function 'strlen' [-Wimplicit-function-declaration]
 1216 |     HAL_UART_Transmit_IT(&huart3, (uint8_t *)reply, strlen(reply));
      |                                                     ^~~~~~
../Core/Src/main.c:1216:53: warning: incompatible implicit declaration of built-in function 'strlen'
../Core/Src/main.c:27:1: note: include '<string.h>' or provide a declaration of 'strlen'
   26 | #include "math.h"
  +++ |+#include <string.h>
   27 | /* USER CODE END Includes */
../Core/Src/main.c:1164:6: warning: unused variable 'x' [-Wunused-variable]
 1164 |  int x = 0;
      |      ^
../Core/Src/main.c: In function 'motorControl':
../Core/Src/main.c:330:1: warning: control reaches end of non-void function [-Wreturn-type]
  330 | }
      | ^
../Core/Src/main.c: In function 'motorCont':
../Core/Src/main.c:446:1: warning: control reaches end of non-void function [-Wreturn-type]
  446 | }
      | ^
../Core/Src/main.c: In function 'StartDefaultTask':
../Core/Src/main.c:1125:22: warning: 'Pi cmd: ' directive writing 8 bytes into a region of size 1 [-Wformat-overflow=]
 1125 |   sprintf(checkPi, "Pi cmd: %s\0", aRxBuffer);
      |                     ~^~~~~~~
../Core/Src/main.c:1125:3: note: 'sprintf' output 9 bytes into a destination of size 1
 1125 |   sprintf(checkPi, "Pi cmd: %s\0", aRxBuffer);
      |   ^~~~~~~~~~~~~~~~~~~~~~~~~~~~~~~~~~~~~~~~~~~
arm-none-eabi-gcc -o "MDP_grp13.elf" @"objects.list"   -mcpu=cortex-m4 -T"/Users/le/Documents/GitHub/MDP_grp13_stm32/MDP_grp13/STM32F407VETX_FLASH.ld" --specs=nosys.specs -Wl,-Map="MDP_grp13.map" -Wl,--gc-sections -static --specs=nano.specs -mfpu=fpv4-sp-d16 -mfloat-abi=hard -mthumb -Wl,--start-group -lc -lm -Wl,--end-group
Finished building target: MDP_grp13.elf
 
arm-none-eabi-size   MDP_grp13.elf 
arm-none-eabi-objdump -h -S  MDP_grp13.elf  > "MDP_grp13.list"
arm-none-eabi-objcopy  -O ihex  MDP_grp13.elf  "MDP_grp13.hex"
   text	   data	    bss	    dec	    hex	filename
  48876	    128	  22080	  71084	  115ac	MDP_grp13.elf
Finished building: default.size.stdout
 
Finished building: MDP_grp13.hex
 
Finished building: MDP_grp13.list
 
15:52:00 **** Incremental Build of configuration Debug for project MDP_grp13 ****
make -j7 all 
arm-none-eabi-gcc "../Core/Src/main.c" -mcpu=cortex-m4 -std=gnu11 -g3 -DDEBUG -DUSE_HAL_DRIVER -DSTM32F407xx -c -I"/Users/le/Documents/GitHub/MDP_grp13_stm32/MDP_grp13/PeripheralDrivers/inc" -I"/Users/le/Documents/GitHub/MDP_grp13_stm32/MDP_grp13/PeripheralDrivers" -I../Core/Inc -I../Middlewares/Third_Party/FreeRTOS/Source/include -I../Middlewares/Third_Party/FreeRTOS/Source/portable/GCC/ARM_CM4F -I../Drivers/CMSIS/Include -I../Drivers/STM32F4xx_HAL_Driver/Inc -I../Drivers/CMSIS/Device/ST/STM32F4xx/Include -I../Middlewares/Third_Party/FreeRTOS/Source/CMSIS_RTOS_V2 -I../Drivers/STM32F4xx_HAL_Driver/Inc/Legacy -O0 -ffunction-sections -fdata-sections -Wall -fstack-usage -MMD -MP -MF"Core/Src/main.d" -MT"Core/Src/main.o" --specs=nano.specs -mfpu=fpv4-sp-d16 -mfloat-abi=hard -mthumb -o "Core/Src/main.o"
../Core/Src/main.c:113:27: warning: data definition has no type or storage class
  113 | uint16_t uDistCheck1 = 0; uDistCheck2 = 0; uDistFinal = 0;
      |                           ^~~~~~~~~~~
../Core/Src/main.c:113:27: warning: type defaults to 'int' in declaration of 'uDistCheck2' [-Wimplicit-int]
../Core/Src/main.c:113:44: warning: data definition has no type or storage class
  113 | uint16_t uDistCheck1 = 0; uDistCheck2 = 0; uDistFinal = 0;
      |                                            ^~~~~~~~~~
../Core/Src/main.c:113:44: warning: type defaults to 'int' in declaration of 'uDistFinal' [-Wimplicit-int]
../Core/Src/main.c: In function 'motorControl':
../Core/Src/main.c:271:12: warning: implicit declaration of function 'abs' [-Wimplicit-function-declaration]
  271 |    diffl = abs(cntl2);
      |            ^~~
../Core/Src/main.c:275:4: warning: implicit declaration of function 'sprintf' [-Wimplicit-function-declaration]
  275 |    sprintf(display,"Left:%5d\0", diffl/68);
      |    ^~~~~~~
../Core/Src/main.c:275:4: warning: incompatible implicit declaration of built-in function 'sprintf'
../Core/Src/main.c:27:1: note: include '<stdio.h>' or provide a declaration of 'sprintf'
   26 | #include "math.h"
  +++ |+#include <stdio.h>
   27 | /* USER CODE END Includes */
../Core/Src/main.c:275:12: warning: pointer targets in passing argument 1 of 'sprintf' differ in signedness [-Wpointer-sign]
  275 |    sprintf(display,"Left:%5d\0", diffl/68);
      |            ^~~~~~~
      |            |
      |            uint8_t * {aka unsigned char *}
../Core/Src/main.c:275:12: note: expected 'char *' but argument is of type 'uint8_t *' {aka 'unsigned char *'}
../Core/Src/main.c:275:29: warning: embedded '\0' in format [-Wformat-contains-nul]
  275 |    sprintf(display,"Left:%5d\0", diffl/68);
      |                             ^~
../Core/Src/main.c:277:12: warning: pointer targets in passing argument 1 of 'sprintf' differ in signedness [-Wpointer-sign]
  277 |    sprintf(display,"Right:%5d\0", diffr/68);
      |            ^~~~~~~
      |            |
      |            uint8_t * {aka unsigned char *}
../Core/Src/main.c:277:12: note: expected 'char *' but argument is of type 'uint8_t *' {aka 'unsigned char *'}
../Core/Src/main.c:277:30: warning: embedded '\0' in format [-Wformat-contains-nul]
  277 |    sprintf(display,"Right:%5d\0", diffr/68);
      |                              ^~
../Core/Src/main.c: In function 'motorCont':
../Core/Src/main.c:419:4: warning: incompatible implicit declaration of built-in function 'sprintf'
  419 |    sprintf(display,"Left:%5d\0", diffl/68);
      |    ^~~~~~~
../Core/Src/main.c:419:4: note: include '<stdio.h>' or provide a declaration of 'sprintf'
../Core/Src/main.c:419:12: warning: pointer targets in passing argument 1 of 'sprintf' differ in signedness [-Wpointer-sign]
  419 |    sprintf(display,"Left:%5d\0", diffl/68);
      |            ^~~~~~~
      |            |
      |            uint8_t * {aka unsigned char *}
../Core/Src/main.c:419:12: note: expected 'char *' but argument is of type 'uint8_t *' {aka 'unsigned char *'}
../Core/Src/main.c:419:29: warning: embedded '\0' in format [-Wformat-contains-nul]
  419 |    sprintf(display,"Left:%5d\0", diffl/68);
      |                             ^~
../Core/Src/main.c:421:12: warning: pointer targets in passing argument 1 of 'sprintf' differ in signedness [-Wpointer-sign]
  421 |    sprintf(display,"Right:%5d\0", diffr/68);
      |            ^~~~~~~
      |            |
      |            uint8_t * {aka unsigned char *}
../Core/Src/main.c:421:12: note: expected 'char *' but argument is of type 'uint8_t *' {aka 'unsigned char *'}
../Core/Src/main.c:421:30: warning: embedded '\0' in format [-Wformat-contains-nul]
  421 |    sprintf(display,"Right:%5d\0", diffr/68);
      |                              ^~
../Core/Src/main.c: In function 'StartDefaultTask':
../Core/Src/main.c:1125:3: warning: incompatible implicit declaration of built-in function 'sprintf'
 1125 |   sprintf(checkPi, "Pi cmd: %s\0", aRxBuffer);
      |   ^~~~~~~
../Core/Src/main.c:1125:3: note: include '<stdio.h>' or provide a declaration of 'sprintf'
../Core/Src/main.c:1125:11: warning: pointer targets in passing argument 1 of 'sprintf' differ in signedness [-Wpointer-sign]
 1125 |   sprintf(checkPi, "Pi cmd: %s\0", aRxBuffer);
      |           ^~~~~~~
      |           |
      |           uint8_t * {aka unsigned char *}
../Core/Src/main.c:1125:11: note: expected 'char *' but argument is of type 'uint8_t *' {aka 'unsigned char *'}
../Core/Src/main.c:1125:31: warning: embedded '\0' in format [-Wformat-contains-nul]
 1125 |   sprintf(checkPi, "Pi cmd: %s\0", aRxBuffer);
      |                               ^~
../Core/Src/main.c:1130:11: warning: pointer targets in passing argument 1 of 'sprintf' differ in signedness [-Wpointer-sign]
 1130 |   sprintf(ultra, "uDist: %u cm\0", uDistFinal);
      |           ^~~~~
      |           |
      |           uint8_t * {aka unsigned char *}
../Core/Src/main.c:1130:11: note: expected 'char *' but argument is of type 'uint8_t *' {aka 'unsigned char *'}
../Core/Src/main.c:1130:31: warning: embedded '\0' in format [-Wformat-contains-nul]
 1130 |   sprintf(ultra, "uDist: %u cm\0", uDistFinal);
      |                               ^~
../Core/Src/main.c:1135:11: warning: pointer targets in passing argument 1 of 'sprintf' differ in signedness [-Wpointer-sign]
 1135 |   sprintf(ultra, "IR left: %u\0", ir1Dist);
      |           ^~~~~
      |           |
      |           uint8_t * {aka unsigned char *}
../Core/Src/main.c:1135:11: note: expected 'char *' but argument is of type 'uint8_t *' {aka 'unsigned char *'}
../Core/Src/main.c:1135:29: warning: format '%u' expects argument of type 'unsigned int', but argument 3 has type 'uint32_t' {aka 'long unsigned int'} [-Wformat=]
 1135 |   sprintf(ultra, "IR left: %u\0", ir1Dist);
      |                            ~^     ~~~~~~~
      |                             |     |
      |                             |     uint32_t {aka long unsigned int}
      |                             unsigned int
      |                            %lu
../Core/Src/main.c:1135:30: warning: embedded '\0' in format [-Wformat-contains-nul]
 1135 |   sprintf(ultra, "IR left: %u\0", ir1Dist);
      |                              ^~
../Core/Src/main.c:1140:11: warning: pointer targets in passing argument 1 of 'sprintf' differ in signedness [-Wpointer-sign]
 1140 |   sprintf(ultra, "IR right: %u\0", ir2Dist);
      |           ^~~~~
      |           |
      |           uint8_t * {aka unsigned char *}
../Core/Src/main.c:1140:11: note: expected 'char *' but argument is of type 'uint8_t *' {aka 'unsigned char *'}
../Core/Src/main.c:1140:30: warning: format '%u' expects argument of type 'unsigned int', but argument 3 has type 'uint32_t' {aka 'long unsigned int'} [-Wformat=]
 1140 |   sprintf(ultra, "IR right: %u\0", ir2Dist);
      |                             ~^     ~~~~~~~
      |                              |     |
      |                              |     uint32_t {aka long unsigned int}
      |                              unsigned int
      |                             %lu
../Core/Src/main.c:1140:31: warning: embedded '\0' in format [-Wformat-contains-nul]
 1140 |   sprintf(ultra, "IR right: %u\0", ir2Dist);
      |                               ^~
../Core/Src/main.c: In function 'motor':
../Core/Src/main.c:1222:53: warning: implicit declaration of function 'strlen' [-Wimplicit-function-declaration]
 1222 |     HAL_UART_Transmit_IT(&huart3, (uint8_t *)reply, strlen(reply));
      |                                                     ^~~~~~
../Core/Src/main.c:1222:53: warning: incompatible implicit declaration of built-in function 'strlen'
../Core/Src/main.c:27:1: note: include '<string.h>' or provide a declaration of 'strlen'
   26 | #include "math.h"
  +++ |+#include <string.h>
   27 | /* USER CODE END Includes */
../Core/Src/main.c:1164:6: warning: unused variable 'x' [-Wunused-variable]
 1164 |  int x = 0;
      |      ^
../Core/Src/main.c: In function 'motorControl':
../Core/Src/main.c:330:1: warning: control reaches end of non-void function [-Wreturn-type]
  330 | }
      | ^
../Core/Src/main.c: In function 'motorCont':
../Core/Src/main.c:446:1: warning: control reaches end of non-void function [-Wreturn-type]
  446 | }
      | ^
../Core/Src/main.c: In function 'StartDefaultTask':
../Core/Src/main.c:1125:22: warning: 'Pi cmd: ' directive writing 8 bytes into a region of size 1 [-Wformat-overflow=]
 1125 |   sprintf(checkPi, "Pi cmd: %s\0", aRxBuffer);
      |                     ~^~~~~~~
../Core/Src/main.c:1125:3: note: 'sprintf' output 9 bytes into a destination of size 1
 1125 |   sprintf(checkPi, "Pi cmd: %s\0", aRxBuffer);
      |   ^~~~~~~~~~~~~~~~~~~~~~~~~~~~~~~~~~~~~~~~~~~
arm-none-eabi-gcc -o "MDP_grp13.elf" @"objects.list"   -mcpu=cortex-m4 -T"/Users/le/Documents/GitHub/MDP_grp13_stm32/MDP_grp13/STM32F407VETX_FLASH.ld" --specs=nosys.specs -Wl,-Map="MDP_grp13.map" -Wl,--gc-sections -static --specs=nano.specs -mfpu=fpv4-sp-d16 -mfloat-abi=hard -mthumb -Wl,--start-group -lc -lm -Wl,--end-group
Finished building target: MDP_grp13.elf
 
arm-none-eabi-size   MDP_grp13.elf 
arm-none-eabi-objdump -h -S  MDP_grp13.elf  > "MDP_grp13.list"
arm-none-eabi-objcopy  -O ihex  MDP_grp13.elf  "MDP_grp13.hex"
   text	   data	    bss	    dec	    hex	filename
  48924	    128	  22080	  71132	  115dc	MDP_grp13.elf
Finished building: default.size.stdout
 
Finished building: MDP_grp13.hex
 
Finished building: MDP_grp13.list
 
16:00:41 **** Incremental Build of configuration Debug for project MDP_grp13 ****
make -j7 all 
arm-none-eabi-gcc "../Core/Src/main.c" -mcpu=cortex-m4 -std=gnu11 -g3 -DDEBUG -DUSE_HAL_DRIVER -DSTM32F407xx -c -I"/Users/le/Documents/GitHub/MDP_grp13_stm32/MDP_grp13/PeripheralDrivers/inc" -I"/Users/le/Documents/GitHub/MDP_grp13_stm32/MDP_grp13/PeripheralDrivers" -I../Core/Inc -I../Middlewares/Third_Party/FreeRTOS/Source/include -I../Middlewares/Third_Party/FreeRTOS/Source/portable/GCC/ARM_CM4F -I../Drivers/CMSIS/Include -I../Drivers/STM32F4xx_HAL_Driver/Inc -I../Drivers/CMSIS/Device/ST/STM32F4xx/Include -I../Middlewares/Third_Party/FreeRTOS/Source/CMSIS_RTOS_V2 -I../Drivers/STM32F4xx_HAL_Driver/Inc/Legacy -O0 -ffunction-sections -fdata-sections -Wall -fstack-usage -MMD -MP -MF"Core/Src/main.d" -MT"Core/Src/main.o" --specs=nano.specs -mfpu=fpv4-sp-d16 -mfloat-abi=hard -mthumb -o "Core/Src/main.o"
../Core/Src/main.c:113:27: warning: data definition has no type or storage class
  113 | uint16_t uDistCheck1 = 0; uDistCheck2 = 0; uDistFinal = 0;
      |                           ^~~~~~~~~~~
../Core/Src/main.c:113:27: warning: type defaults to 'int' in declaration of 'uDistCheck2' [-Wimplicit-int]
../Core/Src/main.c:113:44: warning: data definition has no type or storage class
  113 | uint16_t uDistCheck1 = 0; uDistCheck2 = 0; uDistFinal = 0;
      |                                            ^~~~~~~~~~
../Core/Src/main.c:113:44: warning: type defaults to 'int' in declaration of 'uDistFinal' [-Wimplicit-int]
../Core/Src/main.c: In function 'motorControl':
../Core/Src/main.c:271:12: warning: implicit declaration of function 'abs' [-Wimplicit-function-declaration]
  271 |    diffl = abs(cntl2);
      |            ^~~
../Core/Src/main.c:275:4: warning: implicit declaration of function 'sprintf' [-Wimplicit-function-declaration]
  275 |    sprintf(display,"Left:%5d\0", diffl/68);
      |    ^~~~~~~
../Core/Src/main.c:275:4: warning: incompatible implicit declaration of built-in function 'sprintf'
../Core/Src/main.c:27:1: note: include '<stdio.h>' or provide a declaration of 'sprintf'
   26 | #include "math.h"
  +++ |+#include <stdio.h>
   27 | /* USER CODE END Includes */
../Core/Src/main.c:275:12: warning: pointer targets in passing argument 1 of 'sprintf' differ in signedness [-Wpointer-sign]
  275 |    sprintf(display,"Left:%5d\0", diffl/68);
      |            ^~~~~~~
      |            |
      |            uint8_t * {aka unsigned char *}
../Core/Src/main.c:275:12: note: expected 'char *' but argument is of type 'uint8_t *' {aka 'unsigned char *'}
../Core/Src/main.c:275:29: warning: embedded '\0' in format [-Wformat-contains-nul]
  275 |    sprintf(display,"Left:%5d\0", diffl/68);
      |                             ^~
../Core/Src/main.c:277:12: warning: pointer targets in passing argument 1 of 'sprintf' differ in signedness [-Wpointer-sign]
  277 |    sprintf(display,"Right:%5d\0", diffr/68);
      |            ^~~~~~~
      |            |
      |            uint8_t * {aka unsigned char *}
../Core/Src/main.c:277:12: note: expected 'char *' but argument is of type 'uint8_t *' {aka 'unsigned char *'}
../Core/Src/main.c:277:30: warning: embedded '\0' in format [-Wformat-contains-nul]
  277 |    sprintf(display,"Right:%5d\0", diffr/68);
      |                              ^~
../Core/Src/main.c: In function 'motorCont':
../Core/Src/main.c:419:4: warning: incompatible implicit declaration of built-in function 'sprintf'
  419 |    sprintf(display,"Left:%5d\0", diffl/68);
      |    ^~~~~~~
../Core/Src/main.c:419:4: note: include '<stdio.h>' or provide a declaration of 'sprintf'
../Core/Src/main.c:419:12: warning: pointer targets in passing argument 1 of 'sprintf' differ in signedness [-Wpointer-sign]
  419 |    sprintf(display,"Left:%5d\0", diffl/68);
      |            ^~~~~~~
      |            |
      |            uint8_t * {aka unsigned char *}
../Core/Src/main.c:419:12: note: expected 'char *' but argument is of type 'uint8_t *' {aka 'unsigned char *'}
../Core/Src/main.c:419:29: warning: embedded '\0' in format [-Wformat-contains-nul]
  419 |    sprintf(display,"Left:%5d\0", diffl/68);
      |                             ^~
../Core/Src/main.c:421:12: warning: pointer targets in passing argument 1 of 'sprintf' differ in signedness [-Wpointer-sign]
  421 |    sprintf(display,"Right:%5d\0", diffr/68);
      |            ^~~~~~~
      |            |
      |            uint8_t * {aka unsigned char *}
../Core/Src/main.c:421:12: note: expected 'char *' but argument is of type 'uint8_t *' {aka 'unsigned char *'}
../Core/Src/main.c:421:30: warning: embedded '\0' in format [-Wformat-contains-nul]
  421 |    sprintf(display,"Right:%5d\0", diffr/68);
      |                              ^~
../Core/Src/main.c: In function 'StartDefaultTask':
../Core/Src/main.c:1125:3: warning: incompatible implicit declaration of built-in function 'sprintf'
 1125 |   sprintf(checkPi, "Pi cmd: %s\0", aRxBuffer);
      |   ^~~~~~~
../Core/Src/main.c:1125:3: note: include '<stdio.h>' or provide a declaration of 'sprintf'
../Core/Src/main.c:1125:11: warning: pointer targets in passing argument 1 of 'sprintf' differ in signedness [-Wpointer-sign]
 1125 |   sprintf(checkPi, "Pi cmd: %s\0", aRxBuffer);
      |           ^~~~~~~
      |           |
      |           uint8_t * {aka unsigned char *}
../Core/Src/main.c:1125:11: note: expected 'char *' but argument is of type 'uint8_t *' {aka 'unsigned char *'}
../Core/Src/main.c:1125:31: warning: embedded '\0' in format [-Wformat-contains-nul]
 1125 |   sprintf(checkPi, "Pi cmd: %s\0", aRxBuffer);
      |                               ^~
../Core/Src/main.c:1130:11: warning: pointer targets in passing argument 1 of 'sprintf' differ in signedness [-Wpointer-sign]
 1130 |   sprintf(ultra, "uDist: %u cm\0", uDistFinal);
      |           ^~~~~
      |           |
      |           uint8_t * {aka unsigned char *}
../Core/Src/main.c:1130:11: note: expected 'char *' but argument is of type 'uint8_t *' {aka 'unsigned char *'}
../Core/Src/main.c:1130:31: warning: embedded '\0' in format [-Wformat-contains-nul]
 1130 |   sprintf(ultra, "uDist: %u cm\0", uDistFinal);
      |                               ^~
../Core/Src/main.c:1135:11: warning: pointer targets in passing argument 1 of 'sprintf' differ in signedness [-Wpointer-sign]
 1135 |   sprintf(ultra, "IR left: %u\0", ir1Dist);
      |           ^~~~~
      |           |
      |           uint8_t * {aka unsigned char *}
../Core/Src/main.c:1135:11: note: expected 'char *' but argument is of type 'uint8_t *' {aka 'unsigned char *'}
../Core/Src/main.c:1135:29: warning: format '%u' expects argument of type 'unsigned int', but argument 3 has type 'uint32_t' {aka 'long unsigned int'} [-Wformat=]
 1135 |   sprintf(ultra, "IR left: %u\0", ir1Dist);
      |                            ~^     ~~~~~~~
      |                             |     |
      |                             |     uint32_t {aka long unsigned int}
      |                             unsigned int
      |                            %lu
../Core/Src/main.c:1135:30: warning: embedded '\0' in format [-Wformat-contains-nul]
 1135 |   sprintf(ultra, "IR left: %u\0", ir1Dist);
      |                              ^~
../Core/Src/main.c:1140:11: warning: pointer targets in passing argument 1 of 'sprintf' differ in signedness [-Wpointer-sign]
 1140 |   sprintf(ultra, "IR right: %u\0", ir2Dist);
      |           ^~~~~
      |           |
      |           uint8_t * {aka unsigned char *}
../Core/Src/main.c:1140:11: note: expected 'char *' but argument is of type 'uint8_t *' {aka 'unsigned char *'}
../Core/Src/main.c:1140:30: warning: format '%u' expects argument of type 'unsigned int', but argument 3 has type 'uint32_t' {aka 'long unsigned int'} [-Wformat=]
 1140 |   sprintf(ultra, "IR right: %u\0", ir2Dist);
      |                             ~^     ~~~~~~~
      |                              |     |
      |                              |     uint32_t {aka long unsigned int}
      |                              unsigned int
      |                             %lu
../Core/Src/main.c:1140:31: warning: embedded '\0' in format [-Wformat-contains-nul]
 1140 |   sprintf(ultra, "IR right: %u\0", ir2Dist);
      |                               ^~
../Core/Src/main.c: In function 'motor':
../Core/Src/main.c:1225:53: warning: implicit declaration of function 'strlen' [-Wimplicit-function-declaration]
 1225 |     HAL_UART_Transmit_IT(&huart3, (uint8_t *)reply, strlen(reply));
      |                                                     ^~~~~~
../Core/Src/main.c:1225:53: warning: incompatible implicit declaration of built-in function 'strlen'
../Core/Src/main.c:27:1: note: include '<string.h>' or provide a declaration of 'strlen'
   26 | #include "math.h"
  +++ |+#include <string.h>
   27 | /* USER CODE END Includes */
../Core/Src/main.c:1164:6: warning: unused variable 'x' [-Wunused-variable]
 1164 |  int x = 0;
      |      ^
../Core/Src/main.c: In function 'motorControl':
../Core/Src/main.c:330:1: warning: control reaches end of non-void function [-Wreturn-type]
  330 | }
      | ^
../Core/Src/main.c: In function 'motorCont':
../Core/Src/main.c:446:1: warning: control reaches end of non-void function [-Wreturn-type]
  446 | }
      | ^
../Core/Src/main.c: In function 'StartDefaultTask':
../Core/Src/main.c:1125:22: warning: 'Pi cmd: ' directive writing 8 bytes into a region of size 1 [-Wformat-overflow=]
 1125 |   sprintf(checkPi, "Pi cmd: %s\0", aRxBuffer);
      |                     ~^~~~~~~
../Core/Src/main.c:1125:3: note: 'sprintf' output 9 bytes into a destination of size 1
 1125 |   sprintf(checkPi, "Pi cmd: %s\0", aRxBuffer);
      |   ^~~~~~~~~~~~~~~~~~~~~~~~~~~~~~~~~~~~~~~~~~~
arm-none-eabi-gcc -o "MDP_grp13.elf" @"objects.list"   -mcpu=cortex-m4 -T"/Users/le/Documents/GitHub/MDP_grp13_stm32/MDP_grp13/STM32F407VETX_FLASH.ld" --specs=nosys.specs -Wl,-Map="MDP_grp13.map" -Wl,--gc-sections -static --specs=nano.specs -mfpu=fpv4-sp-d16 -mfloat-abi=hard -mthumb -Wl,--start-group -lc -lm -Wl,--end-group
Finished building target: MDP_grp13.elf
 
arm-none-eabi-size   MDP_grp13.elf 
arm-none-eabi-objdump -h -S  MDP_grp13.elf  > "MDP_grp13.list"
arm-none-eabi-objcopy  -O ihex  MDP_grp13.elf  "MDP_grp13.hex"
   text	   data	    bss	    dec	    hex	filename
  48964	    128	  22080	  71172	  11604	MDP_grp13.elf
Finished building: default.size.stdout
 
Finished building: MDP_grp13.hex
 
Finished building: MDP_grp13.list
 
16:03:31 **** Incremental Build of configuration Debug for project MDP_grp13 ****
make -j7 all 
arm-none-eabi-gcc "../Core/Src/main.c" -mcpu=cortex-m4 -std=gnu11 -g3 -DDEBUG -DUSE_HAL_DRIVER -DSTM32F407xx -c -I"/Users/le/Documents/GitHub/MDP_grp13_stm32/MDP_grp13/PeripheralDrivers/inc" -I"/Users/le/Documents/GitHub/MDP_grp13_stm32/MDP_grp13/PeripheralDrivers" -I../Core/Inc -I../Middlewares/Third_Party/FreeRTOS/Source/include -I../Middlewares/Third_Party/FreeRTOS/Source/portable/GCC/ARM_CM4F -I../Drivers/CMSIS/Include -I../Drivers/STM32F4xx_HAL_Driver/Inc -I../Drivers/CMSIS/Device/ST/STM32F4xx/Include -I../Middlewares/Third_Party/FreeRTOS/Source/CMSIS_RTOS_V2 -I../Drivers/STM32F4xx_HAL_Driver/Inc/Legacy -O0 -ffunction-sections -fdata-sections -Wall -fstack-usage -MMD -MP -MF"Core/Src/main.d" -MT"Core/Src/main.o" --specs=nano.specs -mfpu=fpv4-sp-d16 -mfloat-abi=hard -mthumb -o "Core/Src/main.o"
../Core/Src/main.c:113:27: warning: data definition has no type or storage class
  113 | uint16_t uDistCheck1 = 0; uDistCheck2 = 0; uDistFinal = 0;
      |                           ^~~~~~~~~~~
../Core/Src/main.c:113:27: warning: type defaults to 'int' in declaration of 'uDistCheck2' [-Wimplicit-int]
../Core/Src/main.c:113:44: warning: data definition has no type or storage class
  113 | uint16_t uDistCheck1 = 0; uDistCheck2 = 0; uDistFinal = 0;
      |                                            ^~~~~~~~~~
../Core/Src/main.c:113:44: warning: type defaults to 'int' in declaration of 'uDistFinal' [-Wimplicit-int]
../Core/Src/main.c: In function 'motorControl':
../Core/Src/main.c:271:12: warning: implicit declaration of function 'abs' [-Wimplicit-function-declaration]
  271 |    diffl = abs(cntl2);
      |            ^~~
../Core/Src/main.c:275:4: warning: implicit declaration of function 'sprintf' [-Wimplicit-function-declaration]
  275 |    sprintf(display,"Left:%5d\0", diffl/68);
      |    ^~~~~~~
../Core/Src/main.c:275:4: warning: incompatible implicit declaration of built-in function 'sprintf'
../Core/Src/main.c:27:1: note: include '<stdio.h>' or provide a declaration of 'sprintf'
   26 | #include "math.h"
  +++ |+#include <stdio.h>
   27 | /* USER CODE END Includes */
../Core/Src/main.c:275:12: warning: pointer targets in passing argument 1 of 'sprintf' differ in signedness [-Wpointer-sign]
  275 |    sprintf(display,"Left:%5d\0", diffl/68);
      |            ^~~~~~~
      |            |
      |            uint8_t * {aka unsigned char *}
../Core/Src/main.c:275:12: note: expected 'char *' but argument is of type 'uint8_t *' {aka 'unsigned char *'}
../Core/Src/main.c:275:29: warning: embedded '\0' in format [-Wformat-contains-nul]
  275 |    sprintf(display,"Left:%5d\0", diffl/68);
      |                             ^~
../Core/Src/main.c:277:12: warning: pointer targets in passing argument 1 of 'sprintf' differ in signedness [-Wpointer-sign]
  277 |    sprintf(display,"Right:%5d\0", diffr/68);
      |            ^~~~~~~
      |            |
      |            uint8_t * {aka unsigned char *}
../Core/Src/main.c:277:12: note: expected 'char *' but argument is of type 'uint8_t *' {aka 'unsigned char *'}
../Core/Src/main.c:277:30: warning: embedded '\0' in format [-Wformat-contains-nul]
  277 |    sprintf(display,"Right:%5d\0", diffr/68);
      |                              ^~
../Core/Src/main.c: In function 'motorCont':
../Core/Src/main.c:419:4: warning: incompatible implicit declaration of built-in function 'sprintf'
  419 |    sprintf(display,"Left:%5d\0", diffl/68);
      |    ^~~~~~~
../Core/Src/main.c:419:4: note: include '<stdio.h>' or provide a declaration of 'sprintf'
../Core/Src/main.c:419:12: warning: pointer targets in passing argument 1 of 'sprintf' differ in signedness [-Wpointer-sign]
  419 |    sprintf(display,"Left:%5d\0", diffl/68);
      |            ^~~~~~~
      |            |
      |            uint8_t * {aka unsigned char *}
../Core/Src/main.c:419:12: note: expected 'char *' but argument is of type 'uint8_t *' {aka 'unsigned char *'}
../Core/Src/main.c:419:29: warning: embedded '\0' in format [-Wformat-contains-nul]
  419 |    sprintf(display,"Left:%5d\0", diffl/68);
      |                             ^~
../Core/Src/main.c:421:12: warning: pointer targets in passing argument 1 of 'sprintf' differ in signedness [-Wpointer-sign]
  421 |    sprintf(display,"Right:%5d\0", diffr/68);
      |            ^~~~~~~
      |            |
      |            uint8_t * {aka unsigned char *}
../Core/Src/main.c:421:12: note: expected 'char *' but argument is of type 'uint8_t *' {aka 'unsigned char *'}
../Core/Src/main.c:421:30: warning: embedded '\0' in format [-Wformat-contains-nul]
  421 |    sprintf(display,"Right:%5d\0", diffr/68);
      |                              ^~
../Core/Src/main.c: In function 'StartDefaultTask':
../Core/Src/main.c:1124:3: warning: incompatible implicit declaration of built-in function 'sprintf'
 1124 |   sprintf(checkPi, "Pi cmd: %s\0", aRxBuffer);
      |   ^~~~~~~
../Core/Src/main.c:1124:3: note: include '<stdio.h>' or provide a declaration of 'sprintf'
../Core/Src/main.c:1124:11: warning: pointer targets in passing argument 1 of 'sprintf' differ in signedness [-Wpointer-sign]
 1124 |   sprintf(checkPi, "Pi cmd: %s\0", aRxBuffer);
      |           ^~~~~~~
      |           |
      |           uint8_t * {aka unsigned char *}
../Core/Src/main.c:1124:11: note: expected 'char *' but argument is of type 'uint8_t *' {aka 'unsigned char *'}
../Core/Src/main.c:1124:31: warning: embedded '\0' in format [-Wformat-contains-nul]
 1124 |   sprintf(checkPi, "Pi cmd: %s\0", aRxBuffer);
      |                               ^~
../Core/Src/main.c:1129:11: warning: pointer targets in passing argument 1 of 'sprintf' differ in signedness [-Wpointer-sign]
 1129 |   sprintf(ultra, "uDist: %u cm\0", uDistFinal);
      |           ^~~~~
      |           |
      |           uint8_t * {aka unsigned char *}
../Core/Src/main.c:1129:11: note: expected 'char *' but argument is of type 'uint8_t *' {aka 'unsigned char *'}
../Core/Src/main.c:1129:31: warning: embedded '\0' in format [-Wformat-contains-nul]
 1129 |   sprintf(ultra, "uDist: %u cm\0", uDistFinal);
      |                               ^~
../Core/Src/main.c:1134:11: warning: pointer targets in passing argument 1 of 'sprintf' differ in signedness [-Wpointer-sign]
 1134 |   sprintf(ultra, "IR left: %u\0", ir1Dist);
      |           ^~~~~
      |           |
      |           uint8_t * {aka unsigned char *}
../Core/Src/main.c:1134:11: note: expected 'char *' but argument is of type 'uint8_t *' {aka 'unsigned char *'}
../Core/Src/main.c:1134:29: warning: format '%u' expects argument of type 'unsigned int', but argument 3 has type 'uint32_t' {aka 'long unsigned int'} [-Wformat=]
 1134 |   sprintf(ultra, "IR left: %u\0", ir1Dist);
      |                            ~^     ~~~~~~~
      |                             |     |
      |                             |     uint32_t {aka long unsigned int}
      |                             unsigned int
      |                            %lu
../Core/Src/main.c:1134:30: warning: embedded '\0' in format [-Wformat-contains-nul]
 1134 |   sprintf(ultra, "IR left: %u\0", ir1Dist);
      |                              ^~
../Core/Src/main.c:1139:11: warning: pointer targets in passing argument 1 of 'sprintf' differ in signedness [-Wpointer-sign]
 1139 |   sprintf(ultra, "IR right: %u\0", ir2Dist);
      |           ^~~~~
      |           |
      |           uint8_t * {aka unsigned char *}
../Core/Src/main.c:1139:11: note: expected 'char *' but argument is of type 'uint8_t *' {aka 'unsigned char *'}
../Core/Src/main.c:1139:30: warning: format '%u' expects argument of type 'unsigned int', but argument 3 has type 'uint32_t' {aka 'long unsigned int'} [-Wformat=]
 1139 |   sprintf(ultra, "IR right: %u\0", ir2Dist);
      |                             ~^     ~~~~~~~
      |                              |     |
      |                              |     uint32_t {aka long unsigned int}
      |                              unsigned int
      |                             %lu
../Core/Src/main.c:1139:31: warning: embedded '\0' in format [-Wformat-contains-nul]
 1139 |   sprintf(ultra, "IR right: %u\0", ir2Dist);
      |                               ^~
../Core/Src/main.c: In function 'motor':
../Core/Src/main.c:1224:53: warning: implicit declaration of function 'strlen' [-Wimplicit-function-declaration]
 1224 |     HAL_UART_Transmit_IT(&huart3, (uint8_t *)reply, strlen(reply));
      |                                                     ^~~~~~
../Core/Src/main.c:1224:53: warning: incompatible implicit declaration of built-in function 'strlen'
../Core/Src/main.c:27:1: note: include '<string.h>' or provide a declaration of 'strlen'
   26 | #include "math.h"
  +++ |+#include <string.h>
   27 | /* USER CODE END Includes */
../Core/Src/main.c:1163:6: warning: unused variable 'x' [-Wunused-variable]
 1163 |  int x = 0;
      |      ^
../Core/Src/main.c: In function 'motorControl':
../Core/Src/main.c:330:1: warning: control reaches end of non-void function [-Wreturn-type]
  330 | }
      | ^
../Core/Src/main.c: In function 'motorCont':
../Core/Src/main.c:445:1: warning: control reaches end of non-void function [-Wreturn-type]
  445 | }
      | ^
../Core/Src/main.c: In function 'StartDefaultTask':
../Core/Src/main.c:1124:22: warning: 'Pi cmd: ' directive writing 8 bytes into a region of size 1 [-Wformat-overflow=]
 1124 |   sprintf(checkPi, "Pi cmd: %s\0", aRxBuffer);
      |                     ~^~~~~~~
../Core/Src/main.c:1124:3: note: 'sprintf' output 9 bytes into a destination of size 1
 1124 |   sprintf(checkPi, "Pi cmd: %s\0", aRxBuffer);
      |   ^~~~~~~~~~~~~~~~~~~~~~~~~~~~~~~~~~~~~~~~~~~
arm-none-eabi-gcc -o "MDP_grp13.elf" @"objects.list"   -mcpu=cortex-m4 -T"/Users/le/Documents/GitHub/MDP_grp13_stm32/MDP_grp13/STM32F407VETX_FLASH.ld" --specs=nosys.specs -Wl,-Map="MDP_grp13.map" -Wl,--gc-sections -static --specs=nano.specs -mfpu=fpv4-sp-d16 -mfloat-abi=hard -mthumb -Wl,--start-group -lc -lm -Wl,--end-group
Finished building target: MDP_grp13.elf
 
arm-none-eabi-size   MDP_grp13.elf 
arm-none-eabi-objdump -h -S  MDP_grp13.elf  > "MDP_grp13.list"
arm-none-eabi-objcopy  -O ihex  MDP_grp13.elf  "MDP_grp13.hex"
   text	   data	    bss	    dec	    hex	filename
  48948	    128	  22080	  71156	  115f4	MDP_grp13.elf
Finished building: default.size.stdout
 
Finished building: MDP_grp13.hex
 
Finished building: MDP_grp13.list
 
16:03:45 **** Incremental Build of configuration Debug for project MDP_grp13 ****
make -j7 all 
arm-none-eabi-size   MDP_grp13.elf 
   text	   data	    bss	    dec	    hex	filename
  48948	    128	  22080	  71156	  115f4	MDP_grp13.elf
Finished building: default.size.stdout
 
16:08:29 **** Incremental Build of configuration Debug for project MDP_grp13 ****
make -j7 all 
arm-none-eabi-gcc "../Core/Src/main.c" -mcpu=cortex-m4 -std=gnu11 -g3 -DDEBUG -DUSE_HAL_DRIVER -DSTM32F407xx -c -I"/Users/le/Documents/GitHub/MDP_grp13_stm32/MDP_grp13/PeripheralDrivers/inc" -I"/Users/le/Documents/GitHub/MDP_grp13_stm32/MDP_grp13/PeripheralDrivers" -I../Core/Inc -I../Middlewares/Third_Party/FreeRTOS/Source/include -I../Middlewares/Third_Party/FreeRTOS/Source/portable/GCC/ARM_CM4F -I../Drivers/CMSIS/Include -I../Drivers/STM32F4xx_HAL_Driver/Inc -I../Drivers/CMSIS/Device/ST/STM32F4xx/Include -I../Middlewares/Third_Party/FreeRTOS/Source/CMSIS_RTOS_V2 -I../Drivers/STM32F4xx_HAL_Driver/Inc/Legacy -O0 -ffunction-sections -fdata-sections -Wall -fstack-usage -MMD -MP -MF"Core/Src/main.d" -MT"Core/Src/main.o" --specs=nano.specs -mfpu=fpv4-sp-d16 -mfloat-abi=hard -mthumb -o "Core/Src/main.o"
../Core/Src/main.c:113:27: warning: data definition has no type or storage class
  113 | uint16_t uDistCheck1 = 0; uDistCheck2 = 0; uDistFinal = 0;
      |                           ^~~~~~~~~~~
../Core/Src/main.c:113:27: warning: type defaults to 'int' in declaration of 'uDistCheck2' [-Wimplicit-int]
../Core/Src/main.c:113:44: warning: data definition has no type or storage class
  113 | uint16_t uDistCheck1 = 0; uDistCheck2 = 0; uDistFinal = 0;
      |                                            ^~~~~~~~~~
../Core/Src/main.c:113:44: warning: type defaults to 'int' in declaration of 'uDistFinal' [-Wimplicit-int]
../Core/Src/main.c: In function 'motorControl':
../Core/Src/main.c:271:12: warning: implicit declaration of function 'abs' [-Wimplicit-function-declaration]
  271 |    diffl = abs(cntl2);
      |            ^~~
../Core/Src/main.c:275:4: warning: implicit declaration of function 'sprintf' [-Wimplicit-function-declaration]
  275 |    sprintf(display,"Left:%5d\0", diffl/68);
      |    ^~~~~~~
../Core/Src/main.c:275:4: warning: incompatible implicit declaration of built-in function 'sprintf'
../Core/Src/main.c:27:1: note: include '<stdio.h>' or provide a declaration of 'sprintf'
   26 | #include "math.h"
  +++ |+#include <stdio.h>
   27 | /* USER CODE END Includes */
../Core/Src/main.c:275:12: warning: pointer targets in passing argument 1 of 'sprintf' differ in signedness [-Wpointer-sign]
  275 |    sprintf(display,"Left:%5d\0", diffl/68);
      |            ^~~~~~~
      |            |
      |            uint8_t * {aka unsigned char *}
../Core/Src/main.c:275:12: note: expected 'char *' but argument is of type 'uint8_t *' {aka 'unsigned char *'}
../Core/Src/main.c:275:29: warning: embedded '\0' in format [-Wformat-contains-nul]
  275 |    sprintf(display,"Left:%5d\0", diffl/68);
      |                             ^~
../Core/Src/main.c:277:12: warning: pointer targets in passing argument 1 of 'sprintf' differ in signedness [-Wpointer-sign]
  277 |    sprintf(display,"Right:%5d\0", diffr/68);
      |            ^~~~~~~
      |            |
      |            uint8_t * {aka unsigned char *}
../Core/Src/main.c:277:12: note: expected 'char *' but argument is of type 'uint8_t *' {aka 'unsigned char *'}
../Core/Src/main.c:277:30: warning: embedded '\0' in format [-Wformat-contains-nul]
  277 |    sprintf(display,"Right:%5d\0", diffr/68);
      |                              ^~
../Core/Src/main.c: In function 'motorCont':
../Core/Src/main.c:419:4: warning: incompatible implicit declaration of built-in function 'sprintf'
  419 |    sprintf(display,"Left:%5d\0", diffl/68);
      |    ^~~~~~~
../Core/Src/main.c:419:4: note: include '<stdio.h>' or provide a declaration of 'sprintf'
../Core/Src/main.c:419:12: warning: pointer targets in passing argument 1 of 'sprintf' differ in signedness [-Wpointer-sign]
  419 |    sprintf(display,"Left:%5d\0", diffl/68);
      |            ^~~~~~~
      |            |
      |            uint8_t * {aka unsigned char *}
../Core/Src/main.c:419:12: note: expected 'char *' but argument is of type 'uint8_t *' {aka 'unsigned char *'}
../Core/Src/main.c:419:29: warning: embedded '\0' in format [-Wformat-contains-nul]
  419 |    sprintf(display,"Left:%5d\0", diffl/68);
      |                             ^~
../Core/Src/main.c:421:12: warning: pointer targets in passing argument 1 of 'sprintf' differ in signedness [-Wpointer-sign]
  421 |    sprintf(display,"Right:%5d\0", diffr/68);
      |            ^~~~~~~
      |            |
      |            uint8_t * {aka unsigned char *}
../Core/Src/main.c:421:12: note: expected 'char *' but argument is of type 'uint8_t *' {aka 'unsigned char *'}
../Core/Src/main.c:421:30: warning: embedded '\0' in format [-Wformat-contains-nul]
  421 |    sprintf(display,"Right:%5d\0", diffr/68);
      |                              ^~
../Core/Src/main.c: In function 'StartDefaultTask':
../Core/Src/main.c:1124:3: warning: incompatible implicit declaration of built-in function 'sprintf'
 1124 |   sprintf(checkPi, "Pi cmd: %s\0", aRxBuffer);
      |   ^~~~~~~
../Core/Src/main.c:1124:3: note: include '<stdio.h>' or provide a declaration of 'sprintf'
../Core/Src/main.c:1124:11: warning: pointer targets in passing argument 1 of 'sprintf' differ in signedness [-Wpointer-sign]
 1124 |   sprintf(checkPi, "Pi cmd: %s\0", aRxBuffer);
      |           ^~~~~~~
      |           |
      |           uint8_t * {aka unsigned char *}
../Core/Src/main.c:1124:11: note: expected 'char *' but argument is of type 'uint8_t *' {aka 'unsigned char *'}
../Core/Src/main.c:1124:31: warning: embedded '\0' in format [-Wformat-contains-nul]
 1124 |   sprintf(checkPi, "Pi cmd: %s\0", aRxBuffer);
      |                               ^~
../Core/Src/main.c:1129:11: warning: pointer targets in passing argument 1 of 'sprintf' differ in signedness [-Wpointer-sign]
 1129 |   sprintf(ultra, "uDist: %u cm\0", uDistFinal);
      |           ^~~~~
      |           |
      |           uint8_t * {aka unsigned char *}
../Core/Src/main.c:1129:11: note: expected 'char *' but argument is of type 'uint8_t *' {aka 'unsigned char *'}
../Core/Src/main.c:1129:31: warning: embedded '\0' in format [-Wformat-contains-nul]
 1129 |   sprintf(ultra, "uDist: %u cm\0", uDistFinal);
      |                               ^~
../Core/Src/main.c:1134:11: warning: pointer targets in passing argument 1 of 'sprintf' differ in signedness [-Wpointer-sign]
 1134 |   sprintf(ultra, "IR left: %u\0", ir1Dist);
      |           ^~~~~
      |           |
      |           uint8_t * {aka unsigned char *}
../Core/Src/main.c:1134:11: note: expected 'char *' but argument is of type 'uint8_t *' {aka 'unsigned char *'}
../Core/Src/main.c:1134:29: warning: format '%u' expects argument of type 'unsigned int', but argument 3 has type 'uint32_t' {aka 'long unsigned int'} [-Wformat=]
 1134 |   sprintf(ultra, "IR left: %u\0", ir1Dist);
      |                            ~^     ~~~~~~~
      |                             |     |
      |                             |     uint32_t {aka long unsigned int}
      |                             unsigned int
      |                            %lu
../Core/Src/main.c:1134:30: warning: embedded '\0' in format [-Wformat-contains-nul]
 1134 |   sprintf(ultra, "IR left: %u\0", ir1Dist);
      |                              ^~
../Core/Src/main.c:1139:11: warning: pointer targets in passing argument 1 of 'sprintf' differ in signedness [-Wpointer-sign]
 1139 |   sprintf(ultra, "IR right: %u\0", ir2Dist);
      |           ^~~~~
      |           |
      |           uint8_t * {aka unsigned char *}
../Core/Src/main.c:1139:11: note: expected 'char *' but argument is of type 'uint8_t *' {aka 'unsigned char *'}
../Core/Src/main.c:1139:30: warning: format '%u' expects argument of type 'unsigned int', but argument 3 has type 'uint32_t' {aka 'long unsigned int'} [-Wformat=]
 1139 |   sprintf(ultra, "IR right: %u\0", ir2Dist);
      |                             ~^     ~~~~~~~
      |                              |     |
      |                              |     uint32_t {aka long unsigned int}
      |                              unsigned int
      |                             %lu
../Core/Src/main.c:1139:31: warning: embedded '\0' in format [-Wformat-contains-nul]
 1139 |   sprintf(ultra, "IR right: %u\0", ir2Dist);
      |                               ^~
../Core/Src/main.c: In function 'motor':
../Core/Src/main.c:1224:53: warning: implicit declaration of function 'strlen' [-Wimplicit-function-declaration]
 1224 |     HAL_UART_Transmit_IT(&huart3, (uint8_t *)reply, strlen(reply));
      |                                                     ^~~~~~
../Core/Src/main.c:1224:53: warning: incompatible implicit declaration of built-in function 'strlen'
../Core/Src/main.c:27:1: note: include '<string.h>' or provide a declaration of 'strlen'
   26 | #include "math.h"
  +++ |+#include <string.h>
   27 | /* USER CODE END Includes */
../Core/Src/main.c:1163:6: warning: unused variable 'x' [-Wunused-variable]
 1163 |  int x = 0;
      |      ^
../Core/Src/main.c: In function 'motorControl':
../Core/Src/main.c:330:1: warning: control reaches end of non-void function [-Wreturn-type]
  330 | }
      | ^
../Core/Src/main.c: In function 'motorCont':
../Core/Src/main.c:445:1: warning: control reaches end of non-void function [-Wreturn-type]
  445 | }
      | ^
../Core/Src/main.c: In function 'StartDefaultTask':
../Core/Src/main.c:1124:22: warning: 'Pi cmd: ' directive writing 8 bytes into a region of size 1 [-Wformat-overflow=]
 1124 |   sprintf(checkPi, "Pi cmd: %s\0", aRxBuffer);
      |                     ~^~~~~~~
../Core/Src/main.c:1124:3: note: 'sprintf' output 9 bytes into a destination of size 1
 1124 |   sprintf(checkPi, "Pi cmd: %s\0", aRxBuffer);
      |   ^~~~~~~~~~~~~~~~~~~~~~~~~~~~~~~~~~~~~~~~~~~
arm-none-eabi-gcc -o "MDP_grp13.elf" @"objects.list"   -mcpu=cortex-m4 -T"/Users/le/Documents/GitHub/MDP_grp13_stm32/MDP_grp13/STM32F407VETX_FLASH.ld" --specs=nosys.specs -Wl,-Map="MDP_grp13.map" -Wl,--gc-sections -static --specs=nano.specs -mfpu=fpv4-sp-d16 -mfloat-abi=hard -mthumb -Wl,--start-group -lc -lm -Wl,--end-group
Finished building target: MDP_grp13.elf
 
arm-none-eabi-size   MDP_grp13.elf 
arm-none-eabi-objdump -h -S  MDP_grp13.elf  > "MDP_grp13.list"
arm-none-eabi-objcopy  -O ihex  MDP_grp13.elf  "MDP_grp13.hex"
   text	   data	    bss	    dec	    hex	filename
  48948	    128	  22080	  71156	  115f4	MDP_grp13.elf
Finished building: default.size.stdout
 
Finished building: MDP_grp13.hex
 
Finished building: MDP_grp13.list
 
16:25:09 **** Incremental Build of configuration Debug for project MDP_grp13 ****
make -j7 all 
arm-none-eabi-size   MDP_grp13.elf 
   text	   data	    bss	    dec	    hex	filename
  48948	    128	  22080	  71156	  115f4	MDP_grp13.elf
Finished building: default.size.stdout
 
16:59:18 **** Incremental Build of configuration Debug for project MDP_grp13 ****
make -j7 all 
arm-none-eabi-size   MDP_grp13.elf 
   text	   data	    bss	    dec	    hex	filename
  48948	    128	  22080	  71156	  115f4	MDP_grp13.elf
Finished building: default.size.stdout
 
16:59:53 **** Incremental Build of configuration Debug for project MDP_grp13 ****
make -j7 all 
arm-none-eabi-size   MDP_grp13.elf 
   text	   data	    bss	    dec	    hex	filename
  48948	    128	  22080	  71156	  115f4	MDP_grp13.elf
Finished building: default.size.stdout
 
17:03:25 **** Incremental Build of configuration Debug for project MDP_grp13 ****
make -j7 all 
arm-none-eabi-size   MDP_grp13.elf 
   text	   data	    bss	    dec	    hex	filename
  48948	    128	  22080	  71156	  115f4	MDP_grp13.elf
Finished building: default.size.stdout
 
17:03:38 **** Incremental Build of configuration Debug for project MDP_grp13 ****
make -j7 all 
arm-none-eabi-size   MDP_grp13.elf 
   text	   data	    bss	    dec	    hex	filename
  48948	    128	  22080	  71156	  115f4	MDP_grp13.elf
Finished building: default.size.stdout
 
17:03:48 **** Incremental Build of configuration Debug for project MDP_grp13 ****
make -j7 all 
arm-none-eabi-size   MDP_grp13.elf 
   text	   data	    bss	    dec	    hex	filename
  48948	    128	  22080	  71156	  115f4	MDP_grp13.elf
Finished building: default.size.stdout
 
17:08:05 **** Incremental Build of configuration Debug for project MDP_grp13 ****
make -j7 all 
arm-none-eabi-gcc "../Core/Src/main.c" -mcpu=cortex-m4 -std=gnu11 -g3 -DDEBUG -DUSE_HAL_DRIVER -DSTM32F407xx -c -I"/Users/le/Documents/GitHub/MDP_grp13_stm32/MDP_grp13/PeripheralDrivers/inc" -I"/Users/le/Documents/GitHub/MDP_grp13_stm32/MDP_grp13/PeripheralDrivers" -I../Core/Inc -I../Middlewares/Third_Party/FreeRTOS/Source/include -I../Middlewares/Third_Party/FreeRTOS/Source/portable/GCC/ARM_CM4F -I../Drivers/CMSIS/Include -I../Drivers/STM32F4xx_HAL_Driver/Inc -I../Drivers/CMSIS/Device/ST/STM32F4xx/Include -I../Middlewares/Third_Party/FreeRTOS/Source/CMSIS_RTOS_V2 -I../Drivers/STM32F4xx_HAL_Driver/Inc/Legacy -O0 -ffunction-sections -fdata-sections -Wall -fstack-usage -MMD -MP -MF"Core/Src/main.d" -MT"Core/Src/main.o" --specs=nano.specs -mfpu=fpv4-sp-d16 -mfloat-abi=hard -mthumb -o "Core/Src/main.o"
../Core/Src/main.c:113:27: warning: data definition has no type or storage class
  113 | uint16_t uDistCheck1 = 0; uDistCheck2 = 0; uDistFinal = 0;
      |                           ^~~~~~~~~~~
../Core/Src/main.c:113:27: warning: type defaults to 'int' in declaration of 'uDistCheck2' [-Wimplicit-int]
../Core/Src/main.c:113:44: warning: data definition has no type or storage class
  113 | uint16_t uDistCheck1 = 0; uDistCheck2 = 0; uDistFinal = 0;
      |                                            ^~~~~~~~~~
../Core/Src/main.c:113:44: warning: type defaults to 'int' in declaration of 'uDistFinal' [-Wimplicit-int]
../Core/Src/main.c: In function 'motorControl':
../Core/Src/main.c:271:12: warning: implicit declaration of function 'abs' [-Wimplicit-function-declaration]
  271 |    diffl = abs(cntl2);
      |            ^~~
../Core/Src/main.c:275:4: warning: implicit declaration of function 'sprintf' [-Wimplicit-function-declaration]
  275 |    sprintf(display,"Left:%5d\0", diffl/68);
      |    ^~~~~~~
../Core/Src/main.c:275:4: warning: incompatible implicit declaration of built-in function 'sprintf'
../Core/Src/main.c:27:1: note: include '<stdio.h>' or provide a declaration of 'sprintf'
   26 | #include "math.h"
  +++ |+#include <stdio.h>
   27 | /* USER CODE END Includes */
../Core/Src/main.c:275:12: warning: pointer targets in passing argument 1 of 'sprintf' differ in signedness [-Wpointer-sign]
  275 |    sprintf(display,"Left:%5d\0", diffl/68);
      |            ^~~~~~~
      |            |
      |            uint8_t * {aka unsigned char *}
../Core/Src/main.c:275:12: note: expected 'char *' but argument is of type 'uint8_t *' {aka 'unsigned char *'}
../Core/Src/main.c:275:29: warning: embedded '\0' in format [-Wformat-contains-nul]
  275 |    sprintf(display,"Left:%5d\0", diffl/68);
      |                             ^~
../Core/Src/main.c:277:12: warning: pointer targets in passing argument 1 of 'sprintf' differ in signedness [-Wpointer-sign]
  277 |    sprintf(display,"Right:%5d\0", diffr/68);
      |            ^~~~~~~
      |            |
      |            uint8_t * {aka unsigned char *}
../Core/Src/main.c:277:12: note: expected 'char *' but argument is of type 'uint8_t *' {aka 'unsigned char *'}
../Core/Src/main.c:277:30: warning: embedded '\0' in format [-Wformat-contains-nul]
  277 |    sprintf(display,"Right:%5d\0", diffr/68);
      |                              ^~
../Core/Src/main.c: In function 'motorCont':
../Core/Src/main.c:419:4: warning: incompatible implicit declaration of built-in function 'sprintf'
  419 |    sprintf(display,"Left:%5d\0", diffl/68);
      |    ^~~~~~~
../Core/Src/main.c:419:4: note: include '<stdio.h>' or provide a declaration of 'sprintf'
../Core/Src/main.c:419:12: warning: pointer targets in passing argument 1 of 'sprintf' differ in signedness [-Wpointer-sign]
  419 |    sprintf(display,"Left:%5d\0", diffl/68);
      |            ^~~~~~~
      |            |
      |            uint8_t * {aka unsigned char *}
../Core/Src/main.c:419:12: note: expected 'char *' but argument is of type 'uint8_t *' {aka 'unsigned char *'}
../Core/Src/main.c:419:29: warning: embedded '\0' in format [-Wformat-contains-nul]
  419 |    sprintf(display,"Left:%5d\0", diffl/68);
      |                             ^~
../Core/Src/main.c:421:12: warning: pointer targets in passing argument 1 of 'sprintf' differ in signedness [-Wpointer-sign]
  421 |    sprintf(display,"Right:%5d\0", diffr/68);
      |            ^~~~~~~
      |            |
      |            uint8_t * {aka unsigned char *}
../Core/Src/main.c:421:12: note: expected 'char *' but argument is of type 'uint8_t *' {aka 'unsigned char *'}
../Core/Src/main.c:421:30: warning: embedded '\0' in format [-Wformat-contains-nul]
  421 |    sprintf(display,"Right:%5d\0", diffr/68);
      |                              ^~
../Core/Src/main.c: In function 'StartDefaultTask':
../Core/Src/main.c:1124:3: warning: incompatible implicit declaration of built-in function 'sprintf'
 1124 |   sprintf(checkPi, "Pi cmd: %s\0", aRxBuffer);
      |   ^~~~~~~
../Core/Src/main.c:1124:3: note: include '<stdio.h>' or provide a declaration of 'sprintf'
../Core/Src/main.c:1124:11: warning: pointer targets in passing argument 1 of 'sprintf' differ in signedness [-Wpointer-sign]
 1124 |   sprintf(checkPi, "Pi cmd: %s\0", aRxBuffer);
      |           ^~~~~~~
      |           |
      |           uint8_t * {aka unsigned char *}
../Core/Src/main.c:1124:11: note: expected 'char *' but argument is of type 'uint8_t *' {aka 'unsigned char *'}
../Core/Src/main.c:1124:31: warning: embedded '\0' in format [-Wformat-contains-nul]
 1124 |   sprintf(checkPi, "Pi cmd: %s\0", aRxBuffer);
      |                               ^~
../Core/Src/main.c:1129:11: warning: pointer targets in passing argument 1 of 'sprintf' differ in signedness [-Wpointer-sign]
 1129 |   sprintf(ultra, "uDist: %u cm\0", uDistFinal);
      |           ^~~~~
      |           |
      |           uint8_t * {aka unsigned char *}
../Core/Src/main.c:1129:11: note: expected 'char *' but argument is of type 'uint8_t *' {aka 'unsigned char *'}
../Core/Src/main.c:1129:31: warning: embedded '\0' in format [-Wformat-contains-nul]
 1129 |   sprintf(ultra, "uDist: %u cm\0", uDistFinal);
      |                               ^~
../Core/Src/main.c:1134:11: warning: pointer targets in passing argument 1 of 'sprintf' differ in signedness [-Wpointer-sign]
 1134 |   sprintf(ultra, "IR left: %u\0", ir1Dist);
      |           ^~~~~
      |           |
      |           uint8_t * {aka unsigned char *}
../Core/Src/main.c:1134:11: note: expected 'char *' but argument is of type 'uint8_t *' {aka 'unsigned char *'}
../Core/Src/main.c:1134:29: warning: format '%u' expects argument of type 'unsigned int', but argument 3 has type 'uint32_t' {aka 'long unsigned int'} [-Wformat=]
 1134 |   sprintf(ultra, "IR left: %u\0", ir1Dist);
      |                            ~^     ~~~~~~~
      |                             |     |
      |                             |     uint32_t {aka long unsigned int}
      |                             unsigned int
      |                            %lu
../Core/Src/main.c:1134:30: warning: embedded '\0' in format [-Wformat-contains-nul]
 1134 |   sprintf(ultra, "IR left: %u\0", ir1Dist);
      |                              ^~
../Core/Src/main.c:1139:11: warning: pointer targets in passing argument 1 of 'sprintf' differ in signedness [-Wpointer-sign]
 1139 |   sprintf(ultra, "IR right: %u\0", ir2Dist);
      |           ^~~~~
      |           |
      |           uint8_t * {aka unsigned char *}
../Core/Src/main.c:1139:11: note: expected 'char *' but argument is of type 'uint8_t *' {aka 'unsigned char *'}
../Core/Src/main.c:1139:30: warning: format '%u' expects argument of type 'unsigned int', but argument 3 has type 'uint32_t' {aka 'long unsigned int'} [-Wformat=]
 1139 |   sprintf(ultra, "IR right: %u\0", ir2Dist);
      |                             ~^     ~~~~~~~
      |                              |     |
      |                              |     uint32_t {aka long unsigned int}
      |                              unsigned int
      |                             %lu
../Core/Src/main.c:1139:31: warning: embedded '\0' in format [-Wformat-contains-nul]
 1139 |   sprintf(ultra, "IR right: %u\0", ir2Dist);
      |                               ^~
../Core/Src/main.c: In function 'motor':
../Core/Src/main.c:1224:53: warning: implicit declaration of function 'strlen' [-Wimplicit-function-declaration]
 1224 |     HAL_UART_Transmit_IT(&huart3, (uint8_t *)reply, strlen(reply));
      |                                                     ^~~~~~
../Core/Src/main.c:1224:53: warning: incompatible implicit declaration of built-in function 'strlen'
../Core/Src/main.c:27:1: note: include '<string.h>' or provide a declaration of 'strlen'
   26 | #include "math.h"
  +++ |+#include <string.h>
   27 | /* USER CODE END Includes */
../Core/Src/main.c:1163:6: warning: unused variable 'x' [-Wunused-variable]
 1163 |  int x = 0;
      |      ^
../Core/Src/main.c: In function 'motorControl':
../Core/Src/main.c:330:1: warning: control reaches end of non-void function [-Wreturn-type]
  330 | }
      | ^
../Core/Src/main.c: In function 'motorCont':
../Core/Src/main.c:445:1: warning: control reaches end of non-void function [-Wreturn-type]
  445 | }
      | ^
../Core/Src/main.c: In function 'StartDefaultTask':
../Core/Src/main.c:1124:22: warning: 'Pi cmd: ' directive writing 8 bytes into a region of size 1 [-Wformat-overflow=]
 1124 |   sprintf(checkPi, "Pi cmd: %s\0", aRxBuffer);
      |                     ~^~~~~~~
../Core/Src/main.c:1124:3: note: 'sprintf' output 9 bytes into a destination of size 1
 1124 |   sprintf(checkPi, "Pi cmd: %s\0", aRxBuffer);
      |   ^~~~~~~~~~~~~~~~~~~~~~~~~~~~~~~~~~~~~~~~~~~
arm-none-eabi-gcc -o "MDP_grp13.elf" @"objects.list"   -mcpu=cortex-m4 -T"/Users/le/Documents/GitHub/MDP_grp13_stm32/MDP_grp13/STM32F407VETX_FLASH.ld" --specs=nosys.specs -Wl,-Map="MDP_grp13.map" -Wl,--gc-sections -static --specs=nano.specs -mfpu=fpv4-sp-d16 -mfloat-abi=hard -mthumb -Wl,--start-group -lc -lm -Wl,--end-group
Finished building target: MDP_grp13.elf
 
arm-none-eabi-size   MDP_grp13.elf 
arm-none-eabi-objdump -h -S  MDP_grp13.elf  > "MDP_grp13.list"
arm-none-eabi-objcopy  -O ihex  MDP_grp13.elf  "MDP_grp13.hex"
   text	   data	    bss	    dec	    hex	filename
  48948	    128	  22080	  71156	  115f4	MDP_grp13.elf
Finished building: default.size.stdout
 
Finished building: MDP_grp13.hex
 
Finished building: MDP_grp13.list
 
17:14:36 **** Incremental Build of configuration Debug for project MDP_grp13 ****
make -j7 all 
arm-none-eabi-gcc "../Core/Src/main.c" -mcpu=cortex-m4 -std=gnu11 -g3 -DDEBUG -DUSE_HAL_DRIVER -DSTM32F407xx -c -I"/Users/le/Documents/GitHub/MDP_grp13_stm32/MDP_grp13/PeripheralDrivers/inc" -I"/Users/le/Documents/GitHub/MDP_grp13_stm32/MDP_grp13/PeripheralDrivers" -I../Core/Inc -I../Middlewares/Third_Party/FreeRTOS/Source/include -I../Middlewares/Third_Party/FreeRTOS/Source/portable/GCC/ARM_CM4F -I../Drivers/CMSIS/Include -I../Drivers/STM32F4xx_HAL_Driver/Inc -I../Drivers/CMSIS/Device/ST/STM32F4xx/Include -I../Middlewares/Third_Party/FreeRTOS/Source/CMSIS_RTOS_V2 -I../Drivers/STM32F4xx_HAL_Driver/Inc/Legacy -O0 -ffunction-sections -fdata-sections -Wall -fstack-usage -MMD -MP -MF"Core/Src/main.d" -MT"Core/Src/main.o" --specs=nano.specs -mfpu=fpv4-sp-d16 -mfloat-abi=hard -mthumb -o "Core/Src/main.o"
../Core/Src/main.c:113:27: warning: data definition has no type or storage class
  113 | uint16_t uDistCheck1 = 0; uDistCheck2 = 0; uDistFinal = 0;
      |                           ^~~~~~~~~~~
../Core/Src/main.c:113:27: warning: type defaults to 'int' in declaration of 'uDistCheck2' [-Wimplicit-int]
../Core/Src/main.c:113:44: warning: data definition has no type or storage class
  113 | uint16_t uDistCheck1 = 0; uDistCheck2 = 0; uDistFinal = 0;
      |                                            ^~~~~~~~~~
../Core/Src/main.c:113:44: warning: type defaults to 'int' in declaration of 'uDistFinal' [-Wimplicit-int]
../Core/Src/main.c: In function 'motorControl':
../Core/Src/main.c:271:12: warning: implicit declaration of function 'abs' [-Wimplicit-function-declaration]
  271 |    diffl = abs(cntl2);
      |            ^~~
../Core/Src/main.c:275:4: warning: implicit declaration of function 'sprintf' [-Wimplicit-function-declaration]
  275 |    sprintf(display,"Left:%5d\0", diffl/68);
      |    ^~~~~~~
../Core/Src/main.c:275:4: warning: incompatible implicit declaration of built-in function 'sprintf'
../Core/Src/main.c:27:1: note: include '<stdio.h>' or provide a declaration of 'sprintf'
   26 | #include "math.h"
  +++ |+#include <stdio.h>
   27 | /* USER CODE END Includes */
../Core/Src/main.c:275:12: warning: pointer targets in passing argument 1 of 'sprintf' differ in signedness [-Wpointer-sign]
  275 |    sprintf(display,"Left:%5d\0", diffl/68);
      |            ^~~~~~~
      |            |
      |            uint8_t * {aka unsigned char *}
../Core/Src/main.c:275:12: note: expected 'char *' but argument is of type 'uint8_t *' {aka 'unsigned char *'}
../Core/Src/main.c:275:29: warning: embedded '\0' in format [-Wformat-contains-nul]
  275 |    sprintf(display,"Left:%5d\0", diffl/68);
      |                             ^~
../Core/Src/main.c:277:12: warning: pointer targets in passing argument 1 of 'sprintf' differ in signedness [-Wpointer-sign]
  277 |    sprintf(display,"Right:%5d\0", diffr/68);
      |            ^~~~~~~
      |            |
      |            uint8_t * {aka unsigned char *}
../Core/Src/main.c:277:12: note: expected 'char *' but argument is of type 'uint8_t *' {aka 'unsigned char *'}
../Core/Src/main.c:277:30: warning: embedded '\0' in format [-Wformat-contains-nul]
  277 |    sprintf(display,"Right:%5d\0", diffr/68);
      |                              ^~
../Core/Src/main.c: In function 'motorCont':
../Core/Src/main.c:419:4: warning: incompatible implicit declaration of built-in function 'sprintf'
  419 |    sprintf(display,"Left:%5d\0", diffl/68);
      |    ^~~~~~~
../Core/Src/main.c:419:4: note: include '<stdio.h>' or provide a declaration of 'sprintf'
../Core/Src/main.c:419:12: warning: pointer targets in passing argument 1 of 'sprintf' differ in signedness [-Wpointer-sign]
  419 |    sprintf(display,"Left:%5d\0", diffl/68);
      |            ^~~~~~~
      |            |
      |            uint8_t * {aka unsigned char *}
../Core/Src/main.c:419:12: note: expected 'char *' but argument is of type 'uint8_t *' {aka 'unsigned char *'}
../Core/Src/main.c:419:29: warning: embedded '\0' in format [-Wformat-contains-nul]
  419 |    sprintf(display,"Left:%5d\0", diffl/68);
      |                             ^~
../Core/Src/main.c:421:12: warning: pointer targets in passing argument 1 of 'sprintf' differ in signedness [-Wpointer-sign]
  421 |    sprintf(display,"Right:%5d\0", diffr/68);
      |            ^~~~~~~
      |            |
      |            uint8_t * {aka unsigned char *}
[...]
  44844	    124	  22068	  67036	  105dc	MDP_grp13.elf
Finished building: default.size.stdout
 
Finished building: MDP_grp13.hex
 
Finished building: MDP_grp13.list
 
23:34:28 **** Incremental Build of configuration Debug for project MDP_grp13 ****
make -j7 all 
arm-none-eabi-size   MDP_grp13.elf 
   text	   data	    bss	    dec	    hex	filename
  44844	    124	  22068	  67036	  105dc	MDP_grp13.elf
Finished building: default.size.stdout
 
23:38:30 **** Incremental Build of configuration Debug for project MDP_grp13 ****
make -j7 all 
arm-none-eabi-size   MDP_grp13.elf 
   text	   data	    bss	    dec	    hex	filename
  44844	    124	  22068	  67036	  105dc	MDP_grp13.elf
Finished building: default.size.stdout
 
23:45:25 **** Incremental Build of configuration Debug for project MDP_grp13 ****
make -j7 all 
arm-none-eabi-size   MDP_grp13.elf 
   text	   data	    bss	    dec	    hex	filename
  44844	    124	  22068	  67036	  105dc	MDP_grp13.elf
Finished building: default.size.stdout
 
23:46:52 **** Incremental Build of configuration Debug for project MDP_grp13 ****
make -j7 all 
arm-none-eabi-size   MDP_grp13.elf 
   text	   data	    bss	    dec	    hex	filename
  44844	    124	  22068	  67036	  105dc	MDP_grp13.elf
Finished building: default.size.stdout
 
23:49:44 **** Incremental Build of configuration Debug for project MDP_grp13 ****
make -j7 all 
arm-none-eabi-size   MDP_grp13.elf 
   text	   data	    bss	    dec	    hex	filename
  44844	    124	  22068	  67036	  105dc	MDP_grp13.elf
Finished building: default.size.stdout
 
23:50:05 **** Incremental Build of configuration Debug for project MDP_grp13 ****
make -j7 all 
arm-none-eabi-size   MDP_grp13.elf 
   text	   data	    bss	    dec	    hex	filename
  44844	    124	  22068	  67036	  105dc	MDP_grp13.elf
Finished building: default.size.stdout
 
23:50:19 **** Incremental Build of configuration Debug for project MDP_grp13 ****
make -j7 all 
arm-none-eabi-size   MDP_grp13.elf 
   text	   data	    bss	    dec	    hex	filename
  44844	    124	  22068	  67036	  105dc	MDP_grp13.elf
Finished building: default.size.stdout
 
23:53:56 **** Incremental Build of configuration Debug for project MDP_grp13 ****
make -j7 all 
arm-none-eabi-size   MDP_grp13.elf 
   text	   data	    bss	    dec	    hex	filename
  44844	    124	  22068	  67036	  105dc	MDP_grp13.elf
Finished building: default.size.stdout
 
00:46:46 **** Incremental Build of configuration Debug for project MDP_grp13 ****
make -j7 all 
arm-none-eabi-gcc "../Core/Src/main.c" -mcpu=cortex-m4 -std=gnu11 -g3 -DDEBUG -DUSE_HAL_DRIVER -DSTM32F407xx -c -I"/Users/le/Documents/GitHub/MDP_grp13_stm32/MDP_grp13/PeripheralDrivers/inc" -I"/Users/le/Documents/GitHub/MDP_grp13_stm32/MDP_grp13/PeripheralDrivers" -I../Core/Inc -I../Middlewares/Third_Party/FreeRTOS/Source/include -I../Middlewares/Third_Party/FreeRTOS/Source/portable/GCC/ARM_CM4F -I../Drivers/CMSIS/Include -I../Drivers/STM32F4xx_HAL_Driver/Inc -I../Drivers/CMSIS/Device/ST/STM32F4xx/Include -I../Middlewares/Third_Party/FreeRTOS/Source/CMSIS_RTOS_V2 -I../Drivers/STM32F4xx_HAL_Driver/Inc/Legacy -O0 -ffunction-sections -fdata-sections -Wall -fstack-usage -MMD -MP -MF"Core/Src/main.d" -MT"Core/Src/main.o" --specs=nano.specs -mfpu=fpv4-sp-d16 -mfloat-abi=hard -mthumb -o "Core/Src/main.o"
../Core/Src/main.c:114:27: warning: data definition has no type or storage class
  114 | uint16_t uDistCheck1 = 0; uDistCheck2 = 0; uDistFinal = 0;
      |                           ^~~~~~~~~~~
../Core/Src/main.c:114:27: warning: type defaults to 'int' in declaration of 'uDistCheck2' [-Wimplicit-int]
../Core/Src/main.c:114:44: warning: data definition has no type or storage class
  114 | uint16_t uDistCheck1 = 0; uDistCheck2 = 0; uDistFinal = 0;
      |                                            ^~~~~~~~~~
../Core/Src/main.c:114:44: warning: type defaults to 'int' in declaration of 'uDistFinal' [-Wimplicit-int]
../Core/Src/main.c: In function 'motorControl':
../Core/Src/main.c:269:12: warning: implicit declaration of function 'abs' [-Wimplicit-function-declaration]
  269 |    diffl = abs(cntl2);
      |            ^~~
../Core/Src/main.c:273:4: warning: implicit declaration of function 'sprintf' [-Wimplicit-function-declaration]
  273 |    sprintf(display,"Left:%5d\0", diffl/68);
      |    ^~~~~~~
../Core/Src/main.c:273:4: warning: incompatible implicit declaration of built-in function 'sprintf'
../Core/Src/main.c:28:1: note: include '<stdio.h>' or provide a declaration of 'sprintf'
   27 | #include "math.h"
  +++ |+#include <stdio.h>
   28 | /* USER CODE END Includes */
../Core/Src/main.c:273:12: warning: pointer targets in passing argument 1 of 'sprintf' differ in signedness [-Wpointer-sign]
  273 |    sprintf(display,"Left:%5d\0", diffl/68);
      |            ^~~~~~~
      |            |
      |            uint8_t * {aka unsigned char *}
../Core/Src/main.c:273:12: note: expected 'char *' but argument is of type 'uint8_t *' {aka 'unsigned char *'}
../Core/Src/main.c:273:29: warning: embedded '\0' in format [-Wformat-contains-nul]
  273 |    sprintf(display,"Left:%5d\0", diffl/68);
      |                             ^~
../Core/Src/main.c:275:12: warning: pointer targets in passing argument 1 of 'sprintf' differ in signedness [-Wpointer-sign]
  275 |    sprintf(display,"Right:%5d\0", diffr/68);
      |            ^~~~~~~
      |            |
      |            uint8_t * {aka unsigned char *}
../Core/Src/main.c:275:12: note: expected 'char *' but argument is of type 'uint8_t *' {aka 'unsigned char *'}
../Core/Src/main.c:275:30: warning: embedded '\0' in format [-Wformat-contains-nul]
  275 |    sprintf(display,"Right:%5d\0", diffr/68);
      |                              ^~
../Core/Src/main.c: In function 'motorCont':
../Core/Src/main.c:417:4: warning: incompatible implicit declaration of built-in function 'sprintf'
  417 |    sprintf(display,"Left:%5d\0", diffl/68);
      |    ^~~~~~~
../Core/Src/main.c:417:4: note: include '<stdio.h>' or provide a declaration of 'sprintf'
../Core/Src/main.c:417:12: warning: pointer targets in passing argument 1 of 'sprintf' differ in signedness [-Wpointer-sign]
  417 |    sprintf(display,"Left:%5d\0", diffl/68);
      |            ^~~~~~~
      |            |
      |            uint8_t * {aka unsigned char *}
../Core/Src/main.c:417:12: note: expected 'char *' but argument is of type 'uint8_t *' {aka 'unsigned char *'}
../Core/Src/main.c:417:29: warning: embedded '\0' in format [-Wformat-contains-nul]
  417 |    sprintf(display,"Left:%5d\0", diffl/68);
      |                             ^~
../Core/Src/main.c:419:12: warning: pointer targets in passing argument 1 of 'sprintf' differ in signedness [-Wpointer-sign]
  419 |    sprintf(display,"Right:%5d\0", diffr/68);
      |            ^~~~~~~
      |            |
      |            uint8_t * {aka unsigned char *}
../Core/Src/main.c:419:12: note: expected 'char *' but argument is of type 'uint8_t *' {aka 'unsigned char *'}
../Core/Src/main.c:419:30: warning: embedded '\0' in format [-Wformat-contains-nul]
  419 |    sprintf(display,"Right:%5d\0", diffr/68);
      |                              ^~
../Core/Src/main.c: In function 'StartDefaultTask':
../Core/Src/main.c:1164:3: warning: incompatible implicit declaration of built-in function 'sprintf'
 1164 |   sprintf(ultra, "uDistF: %u\0", uDistFinal);
      |   ^~~~~~~
../Core/Src/main.c:1164:3: note: include '<stdio.h>' or provide a declaration of 'sprintf'
../Core/Src/main.c:1164:11: warning: pointer targets in passing argument 1 of 'sprintf' differ in signedness [-Wpointer-sign]
 1164 |   sprintf(ultra, "uDistF: %u\0", uDistFinal);
      |           ^~~~~
      |           |
      |           uint8_t * {aka unsigned char *}
../Core/Src/main.c:1164:11: note: expected 'char *' but argument is of type 'uint8_t *' {aka 'unsigned char *'}
../Core/Src/main.c:1164:29: warning: embedded '\0' in format [-Wformat-contains-nul]
 1164 |   sprintf(ultra, "uDistF: %u\0", uDistFinal);
      |                             ^~
../Core/Src/main.c:1167:11: warning: pointer targets in passing argument 1 of 'sprintf' differ in signedness [-Wpointer-sign]
 1167 |   sprintf(ultra, "uDist1: %u\0", uDistCheck1);
      |           ^~~~~
      |           |
      |           uint8_t * {aka unsigned char *}
../Core/Src/main.c:1167:11: note: expected 'char *' but argument is of type 'uint8_t *' {aka 'unsigned char *'}
../Core/Src/main.c:1167:29: warning: embedded '\0' in format [-Wformat-contains-nul]
 1167 |   sprintf(ultra, "uDist1: %u\0", uDistCheck1);
      |                             ^~
../Core/Src/main.c:1170:11: warning: pointer targets in passing argument 1 of 'sprintf' differ in signedness [-Wpointer-sign]
 1170 |   sprintf(ultra, "uDist2: %u\0", uDistCheck2);
      |           ^~~~~
      |           |
      |           uint8_t * {aka unsigned char *}
../Core/Src/main.c:1170:11: note: expected 'char *' but argument is of type 'uint8_t *' {aka 'unsigned char *'}
../Core/Src/main.c:1170:29: warning: embedded '\0' in format [-Wformat-contains-nul]
 1170 |   sprintf(ultra, "uDist2: %u\0", uDistCheck2);
      |                             ^~
../Core/Src/main.c:1152:10: warning: unused variable 'checkPi' [-Wunused-variable]
 1152 |  uint8_t checkPi[1];
      |          ^~~~~~~
../Core/Src/main.c: In function 'motor':
../Core/Src/main.c:1286:53: warning: implicit declaration of function 'strlen' [-Wimplicit-function-declaration]
 1286 |     HAL_UART_Transmit_IT(&huart3, (uint8_t *)reply, strlen(reply));
      |                                                     ^~~~~~
../Core/Src/main.c:1286:53: warning: incompatible implicit declaration of built-in function 'strlen'
../Core/Src/main.c:28:1: note: include '<string.h>' or provide a declaration of 'strlen'
   27 | #include "math.h"
  +++ |+#include <string.h>
   28 | /* USER CODE END Includes */
../Core/Src/main.c:1204:6: warning: unused variable 'x' [-Wunused-variable]
 1204 |  int x = 0;
      |      ^
../Core/Src/main.c: In function 'motorControl':
../Core/Src/main.c:328:1: warning: control reaches end of non-void function [-Wreturn-type]
  328 | }
      | ^
../Core/Src/main.c: In function 'motorCont':
../Core/Src/main.c:444:1: warning: control reaches end of non-void function [-Wreturn-type]
  444 | }
      | ^
arm-none-eabi-gcc -o "MDP_grp13.elf" @"objects.list"   -mcpu=cortex-m4 -T"/Users/le/Documents/GitHub/MDP_grp13_stm32/MDP_grp13/STM32F407VETX_FLASH.ld" --specs=nosys.specs -Wl,-Map="MDP_grp13.map" -Wl,--gc-sections -static --specs=nano.specs -mfpu=fpv4-sp-d16 -mfloat-abi=hard -mthumb -Wl,--start-group -lc -lm -Wl,--end-group
Finished building target: MDP_grp13.elf
 
arm-none-eabi-size   MDP_grp13.elf 
arm-none-eabi-objdump -h -S  MDP_grp13.elf  > "MDP_grp13.list"
arm-none-eabi-objcopy  -O ihex  MDP_grp13.elf  "MDP_grp13.hex"
   text	   data	    bss	    dec	    hex	filename
  44844	    124	  22068	  67036	  105dc	MDP_grp13.elf
Finished building: default.size.stdout
 
Finished building: MDP_grp13.hex
 
Finished building: MDP_grp13.list
 
00:47:23 **** Incremental Build of configuration Debug for project MDP_grp13 ****
make -j7 all 
arm-none-eabi-gcc "../Core/Src/main.c" -mcpu=cortex-m4 -std=gnu11 -g3 -DDEBUG -DUSE_HAL_DRIVER -DSTM32F407xx -c -I"/Users/le/Documents/GitHub/MDP_grp13_stm32/MDP_grp13/PeripheralDrivers/inc" -I"/Users/le/Documents/GitHub/MDP_grp13_stm32/MDP_grp13/PeripheralDrivers" -I../Core/Inc -I../Middlewares/Third_Party/FreeRTOS/Source/include -I../Middlewares/Third_Party/FreeRTOS/Source/portable/GCC/ARM_CM4F -I../Drivers/CMSIS/Include -I../Drivers/STM32F4xx_HAL_Driver/Inc -I../Drivers/CMSIS/Device/ST/STM32F4xx/Include -I../Middlewares/Third_Party/FreeRTOS/Source/CMSIS_RTOS_V2 -I../Drivers/STM32F4xx_HAL_Driver/Inc/Legacy -O0 -ffunction-sections -fdata-sections -Wall -fstack-usage -MMD -MP -MF"Core/Src/main.d" -MT"Core/Src/main.o" --specs=nano.specs -mfpu=fpv4-sp-d16 -mfloat-abi=hard -mthumb -o "Core/Src/main.o"
../Core/Src/main.c:114:27: warning: data definition has no type or storage class
  114 | uint16_t uDistCheck1 = 0; uDistCheck2 = 0; uDistFinal = 0;
      |                           ^~~~~~~~~~~
../Core/Src/main.c:114:27: warning: type defaults to 'int' in declaration of 'uDistCheck2' [-Wimplicit-int]
../Core/Src/main.c:114:44: warning: data definition has no type or storage class
  114 | uint16_t uDistCheck1 = 0; uDistCheck2 = 0; uDistFinal = 0;
      |                                            ^~~~~~~~~~
../Core/Src/main.c:114:44: warning: type defaults to 'int' in declaration of 'uDistFinal' [-Wimplicit-int]
../Core/Src/main.c: In function 'motorControl':
../Core/Src/main.c:269:12: warning: implicit declaration of function 'abs' [-Wimplicit-function-declaration]
  269 |    diffl = abs(cntl2);
      |            ^~~
../Core/Src/main.c:273:4: warning: implicit declaration of function 'sprintf' [-Wimplicit-function-declaration]
  273 |    sprintf(display,"Left:%5d\0", diffl/68);
      |    ^~~~~~~
../Core/Src/main.c:273:4: warning: incompatible implicit declaration of built-in function 'sprintf'
../Core/Src/main.c:28:1: note: include '<stdio.h>' or provide a declaration of 'sprintf'
   27 | #include "math.h"
  +++ |+#include <stdio.h>
   28 | /* USER CODE END Includes */
../Core/Src/main.c:273:12: warning: pointer targets in passing argument 1 of 'sprintf' differ in signedness [-Wpointer-sign]
  273 |    sprintf(display,"Left:%5d\0", diffl/68);
      |            ^~~~~~~
      |            |
      |            uint8_t * {aka unsigned char *}
../Core/Src/main.c:273:12: note: expected 'char *' but argument is of type 'uint8_t *' {aka 'unsigned char *'}
../Core/Src/main.c:273:29: warning: embedded '\0' in format [-Wformat-contains-nul]
  273 |    sprintf(display,"Left:%5d\0", diffl/68);
      |                             ^~
../Core/Src/main.c:275:12: warning: pointer targets in passing argument 1 of 'sprintf' differ in signedness [-Wpointer-sign]
  275 |    sprintf(display,"Right:%5d\0", diffr/68);
      |            ^~~~~~~
      |            |
      |            uint8_t * {aka unsigned char *}
../Core/Src/main.c:275:12: note: expected 'char *' but argument is of type 'uint8_t *' {aka 'unsigned char *'}
../Core/Src/main.c:275:30: warning: embedded '\0' in format [-Wformat-contains-nul]
  275 |    sprintf(display,"Right:%5d\0", diffr/68);
      |                              ^~
../Core/Src/main.c: In function 'motorCont':
../Core/Src/main.c:417:4: warning: incompatible implicit declaration of built-in function 'sprintf'
  417 |    sprintf(display,"Left:%5d\0", diffl/68);
      |    ^~~~~~~
../Core/Src/main.c:417:4: note: include '<stdio.h>' or provide a declaration of 'sprintf'
../Core/Src/main.c:417:12: warning: pointer targets in passing argument 1 of 'sprintf' differ in signedness [-Wpointer-sign]
  417 |    sprintf(display,"Left:%5d\0", diffl/68);
      |            ^~~~~~~
      |            |
      |            uint8_t * {aka unsigned char *}
../Core/Src/main.c:417:12: note: expected 'char *' but argument is of type 'uint8_t *' {aka 'unsigned char *'}
../Core/Src/main.c:417:29: warning: embedded '\0' in format [-Wformat-contains-nul]
  417 |    sprintf(display,"Left:%5d\0", diffl/68);
      |                             ^~
../Core/Src/main.c:419:12: warning: pointer targets in passing argument 1 of 'sprintf' differ in signedness [-Wpointer-sign]
  419 |    sprintf(display,"Right:%5d\0", diffr/68);
      |            ^~~~~~~
      |            |
      |            uint8_t * {aka unsigned char *}
../Core/Src/main.c:419:12: note: expected 'char *' but argument is of type 'uint8_t *' {aka 'unsigned char *'}
../Core/Src/main.c:419:30: warning: embedded '\0' in format [-Wformat-contains-nul]
  419 |    sprintf(display,"Right:%5d\0", diffr/68);
      |                              ^~
../Core/Src/main.c: In function 'StartDefaultTask':
../Core/Src/main.c:1164:3: warning: incompatible implicit declaration of built-in function 'sprintf'
 1164 |   sprintf(ultra, "uDistF: %u\0", uDistFinal);
      |   ^~~~~~~
../Core/Src/main.c:1164:3: note: include '<stdio.h>' or provide a declaration of 'sprintf'
../Core/Src/main.c:1164:11: warning: pointer targets in passing argument 1 of 'sprintf' differ in signedness [-Wpointer-sign]
 1164 |   sprintf(ultra, "uDistF: %u\0", uDistFinal);
      |           ^~~~~
      |           |
      |           uint8_t * {aka unsigned char *}
../Core/Src/main.c:1164:11: note: expected 'char *' but argument is of type 'uint8_t *' {aka 'unsigned char *'}
../Core/Src/main.c:1164:29: warning: embedded '\0' in format [-Wformat-contains-nul]
 1164 |   sprintf(ultra, "uDistF: %u\0", uDistFinal);
      |                             ^~
../Core/Src/main.c:1167:11: warning: pointer targets in passing argument 1 of 'sprintf' differ in signedness [-Wpointer-sign]
 1167 |   sprintf(ultra, "uDist1: %u\0", uDistCheck1);
      |           ^~~~~
      |           |
      |           uint8_t * {aka unsigned char *}
../Core/Src/main.c:1167:11: note: expected 'char *' but argument is of type 'uint8_t *' {aka 'unsigned char *'}
../Core/Src/main.c:1167:29: warning: embedded '\0' in format [-Wformat-contains-nul]
 1167 |   sprintf(ultra, "uDist1: %u\0", uDistCheck1);
      |                             ^~
../Core/Src/main.c:1170:11: warning: pointer targets in passing argument 1 of 'sprintf' differ in signedness [-Wpointer-sign]
 1170 |   sprintf(ultra, "uDist2: %u\0", uDistCheck2);
      |           ^~~~~
      |           |
      |           uint8_t * {aka unsigned char *}
../Core/Src/main.c:1170:11: note: expected 'char *' but argument is of type 'uint8_t *' {aka 'unsigned char *'}
../Core/Src/main.c:1170:29: warning: embedded '\0' in format [-Wformat-contains-nul]
 1170 |   sprintf(ultra, "uDist2: %u\0", uDistCheck2);
      |                             ^~
../Core/Src/main.c:1152:10: warning: unused variable 'checkPi' [-Wunused-variable]
 1152 |  uint8_t checkPi[1];
      |          ^~~~~~~
../Core/Src/main.c: In function 'motor':
../Core/Src/main.c:1286:53: warning: implicit declaration of function 'strlen' [-Wimplicit-function-declaration]
 1286 |     HAL_UART_Transmit_IT(&huart3, (uint8_t *)reply, strlen(reply));
      |                                                     ^~~~~~
../Core/Src/main.c:1286:53: warning: incompatible implicit declaration of built-in function 'strlen'
../Core/Src/main.c:28:1: note: include '<string.h>' or provide a declaration of 'strlen'
   27 | #include "math.h"
  +++ |+#include <string.h>
   28 | /* USER CODE END Includes */
../Core/Src/main.c:1204:6: warning: unused variable 'x' [-Wunused-variable]
 1204 |  int x = 0;
      |      ^
../Core/Src/main.c: In function 'motorControl':
../Core/Src/main.c:328:1: warning: control reaches end of non-void function [-Wreturn-type]
  328 | }
      | ^
../Core/Src/main.c: In function 'motorCont':
../Core/Src/main.c:444:1: warning: control reaches end of non-void function [-Wreturn-type]
  444 | }
      | ^
arm-none-eabi-gcc -o "MDP_grp13.elf" @"objects.list"   -mcpu=cortex-m4 -T"/Users/le/Documents/GitHub/MDP_grp13_stm32/MDP_grp13/STM32F407VETX_FLASH.ld" --specs=nosys.specs -Wl,-Map="MDP_grp13.map" -Wl,--gc-sections -static --specs=nano.specs -mfpu=fpv4-sp-d16 -mfloat-abi=hard -mthumb -Wl,--start-group -lc -lm -Wl,--end-group
Finished building target: MDP_grp13.elf
 
arm-none-eabi-size   MDP_grp13.elf 
arm-none-eabi-objdump -h -S  MDP_grp13.elf  > "MDP_grp13.list"
arm-none-eabi-objcopy  -O ihex  MDP_grp13.elf  "MDP_grp13.hex"
   text	   data	    bss	    dec	    hex	filename
  44844	    124	  22068	  67036	  105dc	MDP_grp13.elf
Finished building: default.size.stdout
 
Finished building: MDP_grp13.hex
 
Finished building: MDP_grp13.list
 
00:53:53 **** Incremental Build of configuration Debug for project MDP_grp13 ****
make -j7 all 
arm-none-eabi-size   MDP_grp13.elf 
   text	   data	    bss	    dec	    hex	filename
  44844	    124	  22068	  67036	  105dc	MDP_grp13.elf
Finished building: default.size.stdout
 
