11:39:24 **** Incremental Build of configuration Debug for project MDP_grp13 ****
make -j7 all 
arm-none-eabi-gcc "../Core/Src/PID.c" -mcpu=cortex-m4 -std=gnu11 -g3 -DDEBUG -DUSE_HAL_DRIVER -DSTM32F407xx -c -I"/Users/le/Documents/GitHub/MDP_grp13_stm32/MDP_grp13/PeripheralDrivers/inc" -I"/Users/le/Documents/GitHub/MDP_grp13_stm32/MDP_grp13/PeripheralDrivers" -I../Core/Inc -I../Middlewares/Third_Party/FreeRTOS/Source/include -I../Middlewares/Third_Party/FreeRTOS/Source/portable/GCC/ARM_CM4F -I../Drivers/CMSIS/Include -I../Drivers/STM32F4xx_HAL_Driver/Inc -I../Drivers/CMSIS/Device/ST/STM32F4xx/Include -I../Middlewares/Third_Party/FreeRTOS/Source/CMSIS_RTOS_V2 -I../Drivers/STM32F4xx_HAL_Driver/Inc/Legacy -I/Users/le/Documents/GitHub/MDP_grp13_stm32/MDP_grp13/PIDController -I/MDP_grp13/PIDController/Inc -O0 -ffunction-sections -fdata-sections -Wall -fstack-usage -MMD -MP -MF"Core/Src/PID.d" -MT"Core/Src/PID.o" --specs=nano.specs -mfpu=fpv4-sp-d16 -mfloat-abi=hard -mthumb -o "Core/Src/PID.o"
arm-none-eabi-gcc -o "MDP_grp13.elf" @"objects.list"   -mcpu=cortex-m4 -T"/Users/le/Documents/GitHub/MDP_grp13_stm32/MDP_grp13/STM32F407VETX_FLASH.ld" --specs=nosys.specs -Wl,-Map="MDP_grp13.map" -Wl,--gc-sections -static --specs=nano.specs -mfpu=fpv4-sp-d16 -mfloat-abi=hard -mthumb -Wl,--start-group -lc -lm -Wl,--end-group
Finished building target: MDP_grp13.elf
 
arm-none-eabi-size   MDP_grp13.elf 
arm-none-eabi-objdump -h -S  MDP_grp13.elf  > "MDP_grp13.list"
arm-none-eabi-objcopy  -O ihex  MDP_grp13.elf  "MDP_grp13.hex"
   text	   data	    bss	    dec	    hex	filename
  45628	    124	  22060	  67812	  108e4	MDP_grp13.elf
Finished building: default.size.stdout
 
Finished building: MDP_grp13.hex
 
Finished building: MDP_grp13.list
 
11:39:28 **** Incremental Build of configuration Debug for project MDP_grp13 ****
make -j7 all 
arm-none-eabi-size   MDP_grp13.elf 
   text	   data	    bss	    dec	    hex	filename
  45628	    124	  22060	  67812	  108e4	MDP_grp13.elf
Finished building: default.size.stdout
 
11:40:13 **** Incremental Build of configuration Debug for project MDP_grp13 ****
make -j7 all 
arm-none-eabi-gcc "../Core/Src/main.c" -mcpu=cortex-m4 -std=gnu11 -g3 -DDEBUG -DUSE_HAL_DRIVER -DSTM32F407xx -c -I"/Users/le/Documents/GitHub/MDP_grp13_stm32/MDP_grp13/PeripheralDrivers/inc" -I"/Users/le/Documents/GitHub/MDP_grp13_stm32/MDP_grp13/PeripheralDrivers" -I../Core/Inc -I../Middlewares/Third_Party/FreeRTOS/Source/include -I../Middlewares/Third_Party/FreeRTOS/Source/portable/GCC/ARM_CM4F -I../Drivers/CMSIS/Include -I../Drivers/STM32F4xx_HAL_Driver/Inc -I../Drivers/CMSIS/Device/ST/STM32F4xx/Include -I../Middlewares/Third_Party/FreeRTOS/Source/CMSIS_RTOS_V2 -I../Drivers/STM32F4xx_HAL_Driver/Inc/Legacy -I/Users/le/Documents/GitHub/MDP_grp13_stm32/MDP_grp13/PIDController -I/MDP_grp13/PIDController/Inc -O0 -ffunction-sections -fdata-sections -Wall -fstack-usage -MMD -MP -MF"Core/Src/main.d" -MT"Core/Src/main.o" --specs=nano.specs -mfpu=fpv4-sp-d16 -mfloat-abi=hard -mthumb -o "Core/Src/main.o"
../Core/Src/main.c:116:27: warning: data definition has no type or storage class
  116 | uint16_t uDistCheck1 = 0; uDistCheck2 = 0; uDistFinal = 0;
      |                           ^~~~~~~~~~~
../Core/Src/main.c:116:27: warning: type defaults to 'int' in declaration of 'uDistCheck2' [-Wimplicit-int]
../Core/Src/main.c:116:44: warning: data definition has no type or storage class
  116 | uint16_t uDistCheck1 = 0; uDistCheck2 = 0; uDistFinal = 0;
      |                                            ^~~~~~~~~~
../Core/Src/main.c:116:44: warning: type defaults to 'int' in declaration of 'uDistFinal' [-Wimplicit-int]
../Core/Src/main.c: In function 'ultraDistCheck':
../Core/Src/main.c:180:9: warning: implicit declaration of function 'abs' [-Wimplicit-function-declaration]
  180 |  while (abs(uDistCheck1 - uDistCheck2) >= 5) { // || uDistCheck2 - uDistCheck1 >= 5) {
      |         ^~~
../Core/Src/main.c: In function 'fastestCar':
../Core/Src/main.c:252:6: warning: unused variable 'x' [-Wunused-variable]
  252 |  int x=0;
      |      ^
../Core/Src/main.c: In function 'PIDmotor':
../Core/Src/main.c:317:9: warning: unused variable 'a' [-Wunused-variable]
  317 |   float a = 0;
      |         ^
../Core/Src/main.c: In function 'motorCont':
../Core/Src/main.c:383:4: warning: implicit declaration of function 'sprintf' [-Wimplicit-function-declaration]
  383 |    sprintf(display,"Left:%5d\0", diffl/68);
      |    ^~~~~~~
../Core/Src/main.c:383:4: warning: incompatible implicit declaration of built-in function 'sprintf'
../Core/Src/main.c:29:1: note: include '<stdio.h>' or provide a declaration of 'sprintf'
   28 | #include "PID.h"
  +++ |+#include <stdio.h>
   29 | /* USER CODE END Includes */
../Core/Src/main.c:383:12: warning: pointer targets in passing argument 1 of 'sprintf' differ in signedness [-Wpointer-sign]
  383 |    sprintf(display,"Left:%5d\0", diffl/68);
      |            ^~~~~~~
      |            |
      |            uint8_t * {aka unsigned char *}
../Core/Src/main.c:383:12: note: expected 'char *' but argument is of type 'uint8_t *' {aka 'unsigned char *'}
../Core/Src/main.c:383:29: warning: embedded '\0' in format [-Wformat-contains-nul]
  383 |    sprintf(display,"Left:%5d\0", diffl/68);
      |                             ^~
../Core/Src/main.c:385:12: warning: pointer targets in passing argument 1 of 'sprintf' differ in signedness [-Wpointer-sign]
  385 |    sprintf(display,"Right:%5d\0", diffr/68);
      |            ^~~~~~~
      |            |
      |            uint8_t * {aka unsigned char *}
../Core/Src/main.c:385:12: note: expected 'char *' but argument is of type 'uint8_t *' {aka 'unsigned char *'}
../Core/Src/main.c:385:30: warning: embedded '\0' in format [-Wformat-contains-nul]
  385 |    sprintf(display,"Right:%5d\0", diffr/68);
      |                              ^~
../Core/Src/main.c: In function 'StartDefaultTask':
../Core/Src/main.c:1157:3: warning: incompatible implicit declaration of built-in function 'sprintf'
 1157 |   sprintf(ultra, "uDistF: %u\0", uDistFinal);
      |   ^~~~~~~
../Core/Src/main.c:1157:3: note: include '<stdio.h>' or provide a declaration of 'sprintf'
../Core/Src/main.c:1157:11: warning: pointer targets in passing argument 1 of 'sprintf' differ in signedness [-Wpointer-sign]
 1157 |   sprintf(ultra, "uDistF: %u\0", uDistFinal);
      |           ^~~~~
      |           |
      |           uint8_t * {aka unsigned char *}
../Core/Src/main.c:1157:11: note: expected 'char *' but argument is of type 'uint8_t *' {aka 'unsigned char *'}
../Core/Src/main.c:1157:29: warning: embedded '\0' in format [-Wformat-contains-nul]
 1157 |   sprintf(ultra, "uDistF: %u\0", uDistFinal);
      |                             ^~
../Core/Src/main.c:1160:11: warning: pointer targets in passing argument 1 of 'sprintf' differ in signedness [-Wpointer-sign]
 1160 |   sprintf(ultra, "uDist1: %u\0", uDistCheck1);
      |           ^~~~~
      |           |
      |           uint8_t * {aka unsigned char *}
../Core/Src/main.c:1160:11: note: expected 'char *' but argument is of type 'uint8_t *' {aka 'unsigned char *'}
../Core/Src/main.c:1160:29: warning: embedded '\0' in format [-Wformat-contains-nul]
 1160 |   sprintf(ultra, "uDist1: %u\0", uDistCheck1);
      |                             ^~
../Core/Src/main.c:1163:11: warning: pointer targets in passing argument 1 of 'sprintf' differ in signedness [-Wpointer-sign]
 1163 |   sprintf(ultra, "uDist2: %u\0", uDistCheck2);
      |           ^~~~~
      |           |
      |           uint8_t * {aka unsigned char *}
../Core/Src/main.c:1163:11: note: expected 'char *' but argument is of type 'uint8_t *' {aka 'unsigned char *'}
../Core/Src/main.c:1163:29: warning: embedded '\0' in format [-Wformat-contains-nul]
 1163 |   sprintf(ultra, "uDist2: %u\0", uDistCheck2);
      |                             ^~
../Core/Src/main.c:1145:10: warning: unused variable 'checkPi' [-Wunused-variable]
 1145 |  uint8_t checkPi[1];
      |          ^~~~~~~
../Core/Src/main.c: In function 'motor':
../Core/Src/main.c:1279:53: warning: implicit declaration of function 'strlen' [-Wimplicit-function-declaration]
 1279 |     HAL_UART_Transmit_IT(&huart3, (uint8_t *)reply, strlen(reply));
      |                                                     ^~~~~~
../Core/Src/main.c:1279:53: warning: incompatible implicit declaration of built-in function 'strlen'
../Core/Src/main.c:29:1: note: include '<string.h>' or provide a declaration of 'strlen'
   28 | #include "PID.h"
  +++ |+#include <string.h>
   29 | /* USER CODE END Includes */
../Core/Src/main.c: In function 'motorCont':
../Core/Src/main.c:410:1: warning: control reaches end of non-void function [-Wreturn-type]
  410 | }
      | ^
arm-none-eabi-gcc -o "MDP_grp13.elf" @"objects.list"   -mcpu=cortex-m4 -T"/Users/le/Documents/GitHub/MDP_grp13_stm32/MDP_grp13/STM32F407VETX_FLASH.ld" --specs=nosys.specs -Wl,-Map="MDP_grp13.map" -Wl,--gc-sections -static --specs=nano.specs -mfpu=fpv4-sp-d16 -mfloat-abi=hard -mthumb -Wl,--start-group -lc -lm -Wl,--end-group
Finished building target: MDP_grp13.elf
 
arm-none-eabi-size   MDP_grp13.elf 
arm-none-eabi-objdump -h -S  MDP_grp13.elf  > "MDP_grp13.list"
arm-none-eabi-objcopy  -O ihex  MDP_grp13.elf  "MDP_grp13.hex"
   text	   data	    bss	    dec	    hex	filename
  45628	    124	  22060	  67812	  108e4	MDP_grp13.elf
Finished building: default.size.stdout
 
Finished building: MDP_grp13.hex
 
Finished building: MDP_grp13.list
 
11:41:10 **** Incremental Build of configuration Debug for project MDP_grp13 ****
make -j7 all 
arm-none-eabi-size   MDP_grp13.elf 
   text	   data	    bss	    dec	    hex	filename
  45628	    124	  22060	  67812	  108e4	MDP_grp13.elf
Finished building: default.size.stdout
 
11:44:38 **** Incremental Build of configuration Debug for project MDP_grp13 ****
make -j7 all 
arm-none-eabi-gcc "../Core/Src/main.c" -mcpu=cortex-m4 -std=gnu11 -g3 -DDEBUG -DUSE_HAL_DRIVER -DSTM32F407xx -c -I"/Users/le/Documents/GitHub/MDP_grp13_stm32/MDP_grp13/PeripheralDrivers/inc" -I"/Users/le/Documents/GitHub/MDP_grp13_stm32/MDP_grp13/PeripheralDrivers" -I../Core/Inc -I../Middlewares/Third_Party/FreeRTOS/Source/include -I../Middlewares/Third_Party/FreeRTOS/Source/portable/GCC/ARM_CM4F -I../Drivers/CMSIS/Include -I../Drivers/STM32F4xx_HAL_Driver/Inc -I../Drivers/CMSIS/Device/ST/STM32F4xx/Include -I../Middlewares/Third_Party/FreeRTOS/Source/CMSIS_RTOS_V2 -I../Drivers/STM32F4xx_HAL_Driver/Inc/Legacy -I/Users/le/Documents/GitHub/MDP_grp13_stm32/MDP_grp13/PIDController -I/MDP_grp13/PIDController/Inc -O0 -ffunction-sections -fdata-sections -Wall -fstack-usage -MMD -MP -MF"Core/Src/main.d" -MT"Core/Src/main.o" --specs=nano.specs -mfpu=fpv4-sp-d16 -mfloat-abi=hard -mthumb -o "Core/Src/main.o"
../Core/Src/main.c:116:27: warning: data definition has no type or storage class
  116 | uint16_t uDistCheck1 = 0; uDistCheck2 = 0; uDistFinal = 0;
      |                           ^~~~~~~~~~~
../Core/Src/main.c:116:27: warning: type defaults to 'int' in declaration of 'uDistCheck2' [-Wimplicit-int]
../Core/Src/main.c:116:44: warning: data definition has no type or storage class
  116 | uint16_t uDistCheck1 = 0; uDistCheck2 = 0; uDistFinal = 0;
      |                                            ^~~~~~~~~~
../Core/Src/main.c:116:44: warning: type defaults to 'int' in declaration of 'uDistFinal' [-Wimplicit-int]
../Core/Src/main.c: In function 'ultraDistCheck':
../Core/Src/main.c:180:9: warning: implicit declaration of function 'abs' [-Wimplicit-function-declaration]
  180 |  while (abs(uDistCheck1 - uDistCheck2) >= 5) { // || uDistCheck2 - uDistCheck1 >= 5) {
      |         ^~~
../Core/Src/main.c: In function 'fastestCar':
../Core/Src/main.c:252:6: warning: unused variable 'x' [-Wunused-variable]
  252 |  int x=0;
      |      ^
../Core/Src/main.c: In function 'motorCont':
../Core/Src/main.c:384:4: warning: implicit declaration of function 'sprintf' [-Wimplicit-function-declaration]
  384 |    sprintf(display,"Left:%5d\0", diffl/68);
      |    ^~~~~~~
../Core/Src/main.c:384:4: warning: incompatible implicit declaration of built-in function 'sprintf'
../Core/Src/main.c:29:1: note: include '<stdio.h>' or provide a declaration of 'sprintf'
   28 | #include "PID.h"
  +++ |+#include <stdio.h>
   29 | /* USER CODE END Includes */
../Core/Src/main.c:384:12: warning: pointer targets in passing argument 1 of 'sprintf' differ in signedness [-Wpointer-sign]
  384 |    sprintf(display,"Left:%5d\0", diffl/68);
      |            ^~~~~~~
      |            |
      |            uint8_t * {aka unsigned char *}
../Core/Src/main.c:384:12: note: expected 'char *' but argument is of type 'uint8_t *' {aka 'unsigned char *'}
../Core/Src/main.c:384:29: warning: embedded '\0' in format [-Wformat-contains-nul]
  384 |    sprintf(display,"Left:%5d\0", diffl/68);
      |                             ^~
../Core/Src/main.c:386:12: warning: pointer targets in passing argument 1 of 'sprintf' differ in signedness [-Wpointer-sign]
  386 |    sprintf(display,"Right:%5d\0", diffr/68);
      |            ^~~~~~~
      |            |
      |            uint8_t * {aka unsigned char *}
../Core/Src/main.c:386:12: note: expected 'char *' but argument is of type 'uint8_t *' {aka 'unsigned char *'}
../Core/Src/main.c:386:30: warning: embedded '\0' in format [-Wformat-contains-nul]
  386 |    sprintf(display,"Right:%5d\0", diffr/68);
      |                              ^~
../Core/Src/main.c: In function 'StartDefaultTask':
../Core/Src/main.c:1158:3: warning: incompatible implicit declaration of built-in function 'sprintf'
 1158 |   sprintf(ultra, "uDistF: %u\0", uDistFinal);
      |   ^~~~~~~
../Core/Src/main.c:1158:3: note: include '<stdio.h>' or provide a declaration of 'sprintf'
../Core/Src/main.c:1158:11: warning: pointer targets in passing argument 1 of 'sprintf' differ in signedness [-Wpointer-sign]
 1158 |   sprintf(ultra, "uDistF: %u\0", uDistFinal);
      |           ^~~~~
      |           |
      |           uint8_t * {aka unsigned char *}
../Core/Src/main.c:1158:11: note: expected 'char *' but argument is of type 'uint8_t *' {aka 'unsigned char *'}
../Core/Src/main.c:1158:29: warning: embedded '\0' in format [-Wformat-contains-nul]
 1158 |   sprintf(ultra, "uDistF: %u\0", uDistFinal);
      |                             ^~
../Core/Src/main.c:1161:11: warning: pointer targets in passing argument 1 of 'sprintf' differ in signedness [-Wpointer-sign]
 1161 |   sprintf(ultra, "uDist1: %u\0", uDistCheck1);
      |           ^~~~~
      |           |
      |           uint8_t * {aka unsigned char *}
../Core/Src/main.c:1161:11: note: expected 'char *' but argument is of type 'uint8_t *' {aka 'unsigned char *'}
../Core/Src/main.c:1161:29: warning: embedded '\0' in format [-Wformat-contains-nul]
 1161 |   sprintf(ultra, "uDist1: %u\0", uDistCheck1);
      |                             ^~
../Core/Src/main.c:1164:11: warning: pointer targets in passing argument 1 of 'sprintf' differ in signedness [-Wpointer-sign]
 1164 |   sprintf(ultra, "uDist2: %u\0", uDistCheck2);
      |           ^~~~~
      |           |
      |           uint8_t * {aka unsigned char *}
../Core/Src/main.c:1164:11: note: expected 'char *' but argument is of type 'uint8_t *' {aka 'unsigned char *'}
../Core/Src/main.c:1164:29: warning: embedded '\0' in format [-Wformat-contains-nul]
 1164 |   sprintf(ultra, "uDist2: %u\0", uDistCheck2);
      |                             ^~
../Core/Src/main.c:1146:10: warning: unused variable 'checkPi' [-Wunused-variable]
 1146 |  uint8_t checkPi[1];
      |          ^~~~~~~
../Core/Src/main.c: In function 'motor':
../Core/Src/main.c:1280:53: warning: implicit declaration of function 'strlen' [-Wimplicit-function-declaration]
 1280 |     HAL_UART_Transmit_IT(&huart3, (uint8_t *)reply, strlen(reply));
      |                                                     ^~~~~~
../Core/Src/main.c:1280:53: warning: incompatible implicit declaration of built-in function 'strlen'
../Core/Src/main.c:29:1: note: include '<string.h>' or provide a declaration of 'strlen'
   28 | #include "PID.h"
  +++ |+#include <string.h>
   29 | /* USER CODE END Includes */
../Core/Src/main.c: In function 'motorCont':
../Core/Src/main.c:411:1: warning: control reaches end of non-void function [-Wreturn-type]
  411 | }
      | ^
arm-none-eabi-gcc -o "MDP_grp13.elf" @"objects.list"   -mcpu=cortex-m4 -T"/Users/le/Documents/GitHub/MDP_grp13_stm32/MDP_grp13/STM32F407VETX_FLASH.ld" --specs=nosys.specs -Wl,-Map="MDP_grp13.map" -Wl,--gc-sections -static --specs=nano.specs -mfpu=fpv4-sp-d16 -mfloat-abi=hard -mthumb -Wl,--start-group -lc -lm -Wl,--end-group
Finished building target: MDP_grp13.elf
 
arm-none-eabi-size   MDP_grp13.elf 
arm-none-eabi-objdump -h -S  MDP_grp13.elf  > "MDP_grp13.list"
arm-none-eabi-objcopy  -O ihex  MDP_grp13.elf  "MDP_grp13.hex"
   text	   data	    bss	    dec	    hex	filename
  45644	    124	  22060	  67828	  108f4	MDP_grp13.elf
Finished building: default.size.stdout
 
Finished building: MDP_grp13.hex
 
Finished building: MDP_grp13.list
 
11:45:29 **** Incremental Build of configuration Debug for project MDP_grp13 ****
make -j7 all 
arm-none-eabi-gcc "../Core/Src/main.c" -mcpu=cortex-m4 -std=gnu11 -g3 -DDEBUG -DUSE_HAL_DRIVER -DSTM32F407xx -c -I"/Users/le/Documents/GitHub/MDP_grp13_stm32/MDP_grp13/PeripheralDrivers/inc" -I"/Users/le/Documents/GitHub/MDP_grp13_stm32/MDP_grp13/PeripheralDrivers" -I../Core/Inc -I../Middlewares/Third_Party/FreeRTOS/Source/include -I../Middlewares/Third_Party/FreeRTOS/Source/portable/GCC/ARM_CM4F -I../Drivers/CMSIS/Include -I../Drivers/STM32F4xx_HAL_Driver/Inc -I../Drivers/CMSIS/Device/ST/STM32F4xx/Include -I../Middlewares/Third_Party/FreeRTOS/Source/CMSIS_RTOS_V2 -I../Drivers/STM32F4xx_HAL_Driver/Inc/Legacy -I/Users/le/Documents/GitHub/MDP_grp13_stm32/MDP_grp13/PIDController -I/MDP_grp13/PIDController/Inc -O0 -ffunction-sections -fdata-sections -Wall -fstack-usage -MMD -MP -MF"Core/Src/main.d" -MT"Core/Src/main.o" --specs=nano.specs -mfpu=fpv4-sp-d16 -mfloat-abi=hard -mthumb -o "Core/Src/main.o"
../Core/Src/main.c:116:27: warning: data definition has no type or storage class
  116 | uint16_t uDistCheck1 = 0; uDistCheck2 = 0; uDistFinal = 0;
      |                           ^~~~~~~~~~~
../Core/Src/main.c:116:27: warning: type defaults to 'int' in declaration of 'uDistCheck2' [-Wimplicit-int]
../Core/Src/main.c:116:44: warning: data definition has no type or storage class
  116 | uint16_t uDistCheck1 = 0; uDistCheck2 = 0; uDistFinal = 0;
      |                                            ^~~~~~~~~~
../Core/Src/main.c:116:44: warning: type defaults to 'int' in declaration of 'uDistFinal' [-Wimplicit-int]
../Core/Src/main.c: In function 'ultraDistCheck':
../Core/Src/main.c:182:9: warning: implicit declaration of function 'abs' [-Wimplicit-function-declaration]
  182 |  while (abs(uDistCheck1 - uDistCheck2) >= 5) { // || uDistCheck2 - uDistCheck1 >= 5) {
      |         ^~~
../Core/Src/main.c: In function 'fastestCar':
../Core/Src/main.c:254:6: warning: unused variable 'x' [-Wunused-variable]
  254 |  int x=0;
      |      ^
../Core/Src/main.c: In function 'motorCont':
../Core/Src/main.c:384:4: warning: implicit declaration of function 'sprintf' [-Wimplicit-function-declaration]
  384 |    sprintf(display,"Left:%5d\0", diffl/68);
      |    ^~~~~~~
../Core/Src/main.c:384:4: warning: incompatible implicit declaration of built-in function 'sprintf'
../Core/Src/main.c:29:1: note: include '<stdio.h>' or provide a declaration of 'sprintf'
   28 | #include "PID.h"
  +++ |+#include <stdio.h>
   29 | /* USER CODE END Includes */
../Core/Src/main.c:384:12: warning: pointer targets in passing argument 1 of 'sprintf' differ in signedness [-Wpointer-sign]
  384 |    sprintf(display,"Left:%5d\0", diffl/68);
      |            ^~~~~~~
      |            |
      |            uint8_t * {aka unsigned char *}
../Core/Src/main.c:384:12: note: expected 'char *' but argument is of type 'uint8_t *' {aka 'unsigned char *'}
../Core/Src/main.c:384:29: warning: embedded '\0' in format [-Wformat-contains-nul]
  384 |    sprintf(display,"Left:%5d\0", diffl/68);
      |                             ^~
../Core/Src/main.c:386:12: warning: pointer targets in passing argument 1 of 'sprintf' differ in signedness [-Wpointer-sign]
  386 |    sprintf(display,"Right:%5d\0", diffr/68);
      |            ^~~~~~~
      |            |
      |            uint8_t * {aka unsigned char *}
../Core/Src/main.c:386:12: note: expected 'char *' but argument is of type 'uint8_t *' {aka 'unsigned char *'}
../Core/Src/main.c:386:30: warning: embedded '\0' in format [-Wformat-contains-nul]
  386 |    sprintf(display,"Right:%5d\0", diffr/68);
      |                              ^~
../Core/Src/main.c: In function 'StartDefaultTask':
../Core/Src/main.c:1158:3: warning: incompatible implicit declaration of built-in function 'sprintf'
 1158 |   sprintf(ultra, "uDistF: %u\0", uDistFinal);
      |   ^~~~~~~
../Core/Src/main.c:1158:3: note: include '<stdio.h>' or provide a declaration of 'sprintf'
../Core/Src/main.c:1158:11: warning: pointer targets in passing argument 1 of 'sprintf' differ in signedness [-Wpointer-sign]
 1158 |   sprintf(ultra, "uDistF: %u\0", uDistFinal);
      |           ^~~~~
      |           |
      |           uint8_t * {aka unsigned char *}
../Core/Src/main.c:1158:11: note: expected 'char *' but argument is of type 'uint8_t *' {aka 'unsigned char *'}
../Core/Src/main.c:1158:29: warning: embedded '\0' in format [-Wformat-contains-nul]
 1158 |   sprintf(ultra, "uDistF: %u\0", uDistFinal);
      |                             ^~
../Core/Src/main.c:1161:11: warning: pointer targets in passing argument 1 of 'sprintf' differ in signedness [-Wpointer-sign]
 1161 |   sprintf(ultra, "uDist1: %u\0", uDistCheck1);
      |           ^~~~~
      |           |
      |           uint8_t * {aka unsigned char *}
../Core/Src/main.c:1161:11: note: expected 'char *' but argument is of type 'uint8_t *' {aka 'unsigned char *'}
../Core/Src/main.c:1161:29: warning: embedded '\0' in format [-Wformat-contains-nul]
 1161 |   sprintf(ultra, "uDist1: %u\0", uDistCheck1);
      |                             ^~
../Core/Src/main.c:1164:11: warning: pointer targets in passing argument 1 of 'sprintf' differ in signedness [-Wpointer-sign]
 1164 |   sprintf(ultra, "uDist2: %u\0", uDistCheck2);
      |           ^~~~~
      |           |
      |           uint8_t * {aka unsigned char *}
../Core/Src/main.c:1164:11: note: expected 'char *' but argument is of type 'uint8_t *' {aka 'unsigned char *'}
../Core/Src/main.c:1164:29: warning: embedded '\0' in format [-Wformat-contains-nul]
 1164 |   sprintf(ultra, "uDist2: %u\0", uDistCheck2);
      |                             ^~
../Core/Src/main.c:1146:10: warning: unused variable 'checkPi' [-Wunused-variable]
 1146 |  uint8_t checkPi[1];
      |          ^~~~~~~
../Core/Src/main.c: In function 'motor':
../Core/Src/main.c:1280:53: warning: implicit declaration of function 'strlen' [-Wimplicit-function-declaration]
 1280 |     HAL_UART_Transmit_IT(&huart3, (uint8_t *)reply, strlen(reply));
      |                                                     ^~~~~~
../Core/Src/main.c:1280:53: warning: incompatible implicit declaration of built-in function 'strlen'
../Core/Src/main.c:29:1: note: include '<string.h>' or provide a declaration of 'strlen'
   28 | #include "PID.h"
  +++ |+#include <string.h>
   29 | /* USER CODE END Includes */
../Core/Src/main.c: In function 'motorCont':
../Core/Src/main.c:411:1: warning: control reaches end of non-void function [-Wreturn-type]
  411 | }
      | ^
arm-none-eabi-gcc -o "MDP_grp13.elf" @"objects.list"   -mcpu=cortex-m4 -T"/Users/le/Documents/GitHub/MDP_grp13_stm32/MDP_grp13/STM32F407VETX_FLASH.ld" --specs=nosys.specs -Wl,-Map="MDP_grp13.map" -Wl,--gc-sections -static --specs=nano.specs -mfpu=fpv4-sp-d16 -mfloat-abi=hard -mthumb -Wl,--start-group -lc -lm -Wl,--end-group
Finished building target: MDP_grp13.elf
 
arm-none-eabi-size   MDP_grp13.elf 
arm-none-eabi-objdump -h -S  MDP_grp13.elf  > "MDP_grp13.list"
arm-none-eabi-objcopy  -O ihex  MDP_grp13.elf  "MDP_grp13.hex"
   text	   data	    bss	    dec	    hex	filename
  45660	    124	  22068	  67852	  1090c	MDP_grp13.elf
Finished building: default.size.stdout
 
Finished building: MDP_grp13.hex
 
Finished building: MDP_grp13.list
 
11:48:25 **** Incremental Build of configuration Debug for project MDP_grp13 ****
make -j7 all 
arm-none-eabi-gcc "../Core/Src/main.c" -mcpu=cortex-m4 -std=gnu11 -g3 -DDEBUG -DUSE_HAL_DRIVER -DSTM32F407xx -c -I"/Users/le/Documents/GitHub/MDP_grp13_stm32/MDP_grp13/PeripheralDrivers/inc" -I"/Users/le/Documents/GitHub/MDP_grp13_stm32/MDP_grp13/PeripheralDrivers" -I../Core/Inc -I../Middlewares/Third_Party/FreeRTOS/Source/include -I../Middlewares/Third_Party/FreeRTOS/Source/portable/GCC/ARM_CM4F -I../Drivers/CMSIS/Include -I../Drivers/STM32F4xx_HAL_Driver/Inc -I../Drivers/CMSIS/Device/ST/STM32F4xx/Include -I../Middlewares/Third_Party/FreeRTOS/Source/CMSIS_RTOS_V2 -I../Drivers/STM32F4xx_HAL_Driver/Inc/Legacy -I/Users/le/Documents/GitHub/MDP_grp13_stm32/MDP_grp13/PIDController -I/MDP_grp13/PIDController/Inc -O0 -ffunction-sections -fdata-sections -Wall -fstack-usage -MMD -MP -MF"Core/Src/main.d" -MT"Core/Src/main.o" --specs=nano.specs -mfpu=fpv4-sp-d16 -mfloat-abi=hard -mthumb -o "Core/Src/main.o"
../Core/Src/main.c:116:27: warning: data definition has no type or storage class
  116 | uint16_t uDistCheck1 = 0; uDistCheck2 = 0; uDistFinal = 0;
      |                           ^~~~~~~~~~~
../Core/Src/main.c:116:27: warning: type defaults to 'int' in declaration of 'uDistCheck2' [-Wimplicit-int]
../Core/Src/main.c:116:44: warning: data definition has no type or storage class
  116 | uint16_t uDistCheck1 = 0; uDistCheck2 = 0; uDistFinal = 0;
      |                                            ^~~~~~~~~~
../Core/Src/main.c:116:44: warning: type defaults to 'int' in declaration of 'uDistFinal' [-Wimplicit-int]
../Core/Src/main.c: In function 'ultraDistCheck':
../Core/Src/main.c:183:9: warning: implicit declaration of function 'abs' [-Wimplicit-function-declaration]
  183 |  while (abs(uDistCheck1 - uDistCheck2) >= 5) { // || uDistCheck2 - uDistCheck1 >= 5) {
      |         ^~~
../Core/Src/main.c: In function 'fastestCar':
../Core/Src/main.c:255:6: warning: unused variable 'x' [-Wunused-variable]
  255 |  int x=0;
      |      ^
../Core/Src/main.c: In function 'PIDmotor':
../Core/Src/main.c:327:18: error: invalid type argument of '->' (have 'PIDController' {aka 'struct <anonymous>'})
  327 |   error = pidLeft->prevError;
      |                  ^~
../Core/Src/main.c: In function 'motorCont':
../Core/Src/main.c:385:4: warning: implicit declaration of function 'sprintf' [-Wimplicit-function-declaration]
  385 |    sprintf(display,"Left:%5d\0", diffl/68);
      |    ^~~~~~~
../Core/Src/main.c:385:4: warning: incompatible implicit declaration of built-in function 'sprintf'
../Core/Src/main.c:29:1: note: include '<stdio.h>' or provide a declaration of 'sprintf'
   28 | #include "PID.h"
  +++ |+#include <stdio.h>
   29 | /* USER CODE END Includes */
../Core/Src/main.c:385:12: warning: pointer targets in passing argument 1 of 'sprintf' differ in signedness [-Wpointer-sign]
  385 |    sprintf(display,"Left:%5d\0", diffl/68);
      |            ^~~~~~~
      |            |
      |            uint8_t * {aka unsigned char *}
../Core/Src/main.c:385:12: note: expected 'char *' but argument is of type 'uint8_t *' {aka 'unsigned char *'}
../Core/Src/main.c:385:29: warning: embedded '\0' in format [-Wformat-contains-nul]
  385 |    sprintf(display,"Left:%5d\0", diffl/68);
      |                             ^~
../Core/Src/main.c:387:12: warning: pointer targets in passing argument 1 of 'sprintf' differ in signedness [-Wpointer-sign]
  387 |    sprintf(display,"Right:%5d\0", diffr/68);
      |            ^~~~~~~
      |            |
      |            uint8_t * {aka unsigned char *}
../Core/Src/main.c:387:12: note: expected 'char *' but argument is of type 'uint8_t *' {aka 'unsigned char *'}
../Core/Src/main.c:387:30: warning: embedded '\0' in format [-Wformat-contains-nul]
  387 |    sprintf(display,"Right:%5d\0", diffr/68);
      |                              ^~
../Core/Src/main.c: In function 'StartDefaultTask':
../Core/Src/main.c:1159:3: warning: incompatible implicit declaration of built-in function 'sprintf'
 1159 |   sprintf(ultra, "uDistF: %u\0", uDistFinal);
      |   ^~~~~~~
../Core/Src/main.c:1159:3: note: include '<stdio.h>' or provide a declaration of 'sprintf'
../Core/Src/main.c:1159:11: warning: pointer targets in passing argument 1 of 'sprintf' differ in signedness [-Wpointer-sign]
 1159 |   sprintf(ultra, "uDistF: %u\0", uDistFinal);
      |           ^~~~~
      |           |
      |           uint8_t * {aka unsigned char *}
../Core/Src/main.c:1159:11: note: expected 'char *' but argument is of type 'uint8_t *' {aka 'unsigned char *'}
../Core/Src/main.c:1159:29: warning: embedded '\0' in format [-Wformat-contains-nul]
 1159 |   sprintf(ultra, "uDistF: %u\0", uDistFinal);
      |                             ^~
../Core/Src/main.c:1162:11: warning: pointer targets in passing argument 1 of 'sprintf' differ in signedness [-Wpointer-sign]
 1162 |   sprintf(ultra, "uDist1: %u\0", uDistCheck1);
      |           ^~~~~
      |           |
      |           uint8_t * {aka unsigned char *}
../Core/Src/main.c:1162:11: note: expected 'char *' but argument is of type 'uint8_t *' {aka 'unsigned char *'}
../Core/Src/main.c:1162:29: warning: embedded '\0' in format [-Wformat-contains-nul]
 1162 |   sprintf(ultra, "uDist1: %u\0", uDistCheck1);
      |                             ^~
../Core/Src/main.c:1165:11: warning: pointer targets in passing argument 1 of 'sprintf' differ in signedness [-Wpointer-sign]
 1165 |   sprintf(ultra, "uDist2: %u\0", uDistCheck2);
      |           ^~~~~
      |           |
      |           uint8_t * {aka unsigned char *}
../Core/Src/main.c:1165:11: note: expected 'char *' but argument is of type 'uint8_t *' {aka 'unsigned char *'}
../Core/Src/main.c:1165:29: warning: embedded '\0' in format [-Wformat-contains-nul]
 1165 |   sprintf(ultra, "uDist2: %u\0", uDistCheck2);
      |                             ^~
../Core/Src/main.c:1147:10: warning: unused variable 'checkPi' [-Wunused-variable]
 1147 |  uint8_t checkPi[1];
      |          ^~~~~~~
../Core/Src/main.c: In function 'motor':
../Core/Src/main.c:1281:53: warning: implicit declaration of function 'strlen' [-Wimplicit-function-declaration]
 1281 |     HAL_UART_Transmit_IT(&huart3, (uint8_t *)reply, strlen(reply));
      |                                                     ^~~~~~
../Core/Src/main.c:1281:53: warning: incompatible implicit declaration of built-in function 'strlen'
../Core/Src/main.c:29:1: note: include '<string.h>' or provide a declaration of 'strlen'
   28 | #include "PID.h"
  +++ |+#include <string.h>
   29 | /* USER CODE END Includes */
../Core/Src/main.c: In function 'motorCont':
../Core/Src/main.c:412:1: warning: control reaches end of non-void function [-Wreturn-type]
  412 | }
      | ^
make: *** [Core/Src/subdir.mk:42: Core/Src/main.o] Error 1
"make -j7 all" terminated with exit code 2. Build might be incomplete.
11:48:59 **** Incremental Build of configuration Debug for project MDP_grp13 ****
make -j7 all 
arm-none-eabi-gcc "../Core/Src/main.c" -mcpu=cortex-m4 -std=gnu11 -g3 -DDEBUG -DUSE_HAL_DRIVER -DSTM32F407xx -c -I"/Users/le/Documents/GitHub/MDP_grp13_stm32/MDP_grp13/PeripheralDrivers/inc" -I"/Users/le/Documents/GitHub/MDP_grp13_stm32/MDP_grp13/PeripheralDrivers" -I../Core/Inc -I../Middlewares/Third_Party/FreeRTOS/Source/include -I../Middlewares/Third_Party/FreeRTOS/Source/portable/GCC/ARM_CM4F -I../Drivers/CMSIS/Include -I../Drivers/STM32F4xx_HAL_Driver/Inc -I../Drivers/CMSIS/Device/ST/STM32F4xx/Include -I../Middlewares/Third_Party/FreeRTOS/Source/CMSIS_RTOS_V2 -I../Drivers/STM32F4xx_HAL_Driver/Inc/Legacy -I/Users/le/Documents/GitHub/MDP_grp13_stm32/MDP_grp13/PIDController -I/MDP_grp13/PIDController/Inc -O0 -ffunction-sections -fdata-sections -Wall -fstack-usage -MMD -MP -MF"Core/Src/main.d" -MT"Core/Src/main.o" --specs=nano.specs -mfpu=fpv4-sp-d16 -mfloat-abi=hard -mthumb -o "Core/Src/main.o"
../Core/Src/main.c:116:27: warning: data definition has no type or storage class
  116 | uint16_t uDistCheck1 = 0; uDistCheck2 = 0; uDistFinal = 0;
      |                           ^~~~~~~~~~~
../Core/Src/main.c:116:27: warning: type defaults to 'int' in declaration of 'uDistCheck2' [-Wimplicit-int]
../Core/Src/main.c:116:44: warning: data definition has no type or storage class
  116 | uint16_t uDistCheck1 = 0; uDistCheck2 = 0; uDistFinal = 0;
      |                                            ^~~~~~~~~~
../Core/Src/main.c:116:44: warning: type defaults to 'int' in declaration of 'uDistFinal' [-Wimplicit-int]
../Core/Src/main.c: In function 'ultraDistCheck':
../Core/Src/main.c:183:9: warning: implicit declaration of function 'abs' [-Wimplicit-function-declaration]
  183 |  while (abs(uDistCheck1 - uDistCheck2) >= 5) { // || uDistCheck2 - uDistCheck1 >= 5) {
      |         ^~~
../Core/Src/main.c: In function 'fastestCar':
../Core/Src/main.c:255:6: warning: unused variable 'x' [-Wunused-variable]
  255 |  int x=0;
      |      ^
../Core/Src/main.c: In function 'motorCont':
../Core/Src/main.c:385:4: warning: implicit declaration of function 'sprintf' [-Wimplicit-function-declaration]
  385 |    sprintf(display,"Left:%5d\0", diffl/68);
      |    ^~~~~~~
../Core/Src/main.c:385:4: warning: incompatible implicit declaration of built-in function 'sprintf'
../Core/Src/main.c:29:1: note: include '<stdio.h>' or provide a declaration of 'sprintf'
   28 | #include "PID.h"
  +++ |+#include <stdio.h>
   29 | /* USER CODE END Includes */
../Core/Src/main.c:385:12: warning: pointer targets in passing argument 1 of 'sprintf' differ in signedness [-Wpointer-sign]
  385 |    sprintf(display,"Left:%5d\0", diffl/68);
      |            ^~~~~~~
      |            |
      |            uint8_t * {aka unsigned char *}
../Core/Src/main.c:385:12: note: expected 'char *' but argument is of type 'uint8_t *' {aka 'unsigned char *'}
../Core/Src/main.c:385:29: warning: embedded '\0' in format [-Wformat-contains-nul]
  385 |    sprintf(display,"Left:%5d\0", diffl/68);
      |                             ^~
../Core/Src/main.c:387:12: warning: pointer targets in passing argument 1 of 'sprintf' differ in signedness [-Wpointer-sign]
  387 |    sprintf(display,"Right:%5d\0", diffr/68);
      |            ^~~~~~~
      |            |
      |            uint8_t * {aka unsigned char *}
../Core/Src/main.c:387:12: note: expected 'char *' but argument is of type 'uint8_t *' {aka 'unsigned char *'}
../Core/Src/main.c:387:30: warning: embedded '\0' in format [-Wformat-contains-nul]
  387 |    sprintf(display,"Right:%5d\0", diffr/68);
      |                              ^~
../Core/Src/main.c: In function 'StartDefaultTask':
../Core/Src/main.c:1159:3: warning: incompatible implicit declaration of built-in function 'sprintf'
 1159 |   sprintf(ultra, "uDistF: %u\0", uDistFinal);
      |   ^~~~~~~
../Core/Src/main.c:1159:3: note: include '<stdio.h>' or provide a declaration of 'sprintf'
../Core/Src/main.c:1159:11: warning: pointer targets in passing argument 1 of 'sprintf' differ in signedness [-Wpointer-sign]
 1159 |   sprintf(ultra, "uDistF: %u\0", uDistFinal);
      |           ^~~~~
      |           |
      |           uint8_t * {aka unsigned char *}
../Core/Src/main.c:1159:11: note: expected 'char *' but argument is of type 'uint8_t *' {aka 'unsigned char *'}
../Core/Src/main.c:1159:29: warning: embedded '\0' in format [-Wformat-contains-nul]
 1159 |   sprintf(ultra, "uDistF: %u\0", uDistFinal);
      |                             ^~
../Core/Src/main.c:1162:11: warning: pointer targets in passing argument 1 of 'sprintf' differ in signedness [-Wpointer-sign]
 1162 |   sprintf(ultra, "uDist1: %u\0", uDistCheck1);
      |           ^~~~~
      |           |
      |           uint8_t * {aka unsigned char *}
../Core/Src/main.c:1162:11: note: expected 'char *' but argument is of type 'uint8_t *' {aka 'unsigned char *'}
../Core/Src/main.c:1162:29: warning: embedded '\0' in format [-Wformat-contains-nul]
 1162 |   sprintf(ultra, "uDist1: %u\0", uDistCheck1);
      |                             ^~
../Core/Src/main.c:1165:11: warning: pointer targets in passing argument 1 of 'sprintf' differ in signedness [-Wpointer-sign]
 1165 |   sprintf(ultra, "uDist2: %u\0", uDistCheck2);
      |           ^~~~~
      |           |
      |           uint8_t * {aka unsigned char *}
../Core/Src/main.c:1165:11: note: expected 'char *' but argument is of type 'uint8_t *' {aka 'unsigned char *'}
../Core/Src/main.c:1165:29: warning: embedded '\0' in format [-Wformat-contains-nul]
 1165 |   sprintf(ultra, "uDist2: %u\0", uDistCheck2);
      |                             ^~
../Core/Src/main.c:1147:10: warning: unused variable 'checkPi' [-Wunused-variable]
 1147 |  uint8_t checkPi[1];
      |          ^~~~~~~
../Core/Src/main.c: In function 'motor':
../Core/Src/main.c:1281:53: warning: implicit declaration of function 'strlen' [-Wimplicit-function-declaration]
 1281 |     HAL_UART_Transmit_IT(&huart3, (uint8_t *)reply, strlen(reply));
      |                                                     ^~~~~~
../Core/Src/main.c:1281:53: warning: incompatible implicit declaration of built-in function 'strlen'
../Core/Src/main.c:29:1: note: include '<string.h>' or provide a declaration of 'strlen'
   28 | #include "PID.h"
  +++ |+#include <string.h>
   29 | /* USER CODE END Includes */
../Core/Src/main.c: In function 'motorCont':
../Core/Src/main.c:412:1: warning: control reaches end of non-void function [-Wreturn-type]
  412 | }
      | ^
arm-none-eabi-gcc -o "MDP_grp13.elf" @"objects.list"   -mcpu=cortex-m4 -T"/Users/le/Documents/GitHub/MDP_grp13_stm32/MDP_grp13/STM32F407VETX_FLASH.ld" --specs=nosys.specs -Wl,-Map="MDP_grp13.map" -Wl,--gc-sections -static --specs=nano.specs -mfpu=fpv4-sp-d16 -mfloat-abi=hard -mthumb -Wl,--start-group -lc -lm -Wl,--end-group
Finished building target: MDP_grp13.elf
 
arm-none-eabi-size   MDP_grp13.elf 
arm-none-eabi-objdump -h -S  MDP_grp13.elf  > "MDP_grp13.list"
arm-none-eabi-objcopy  -O ihex  MDP_grp13.elf  "MDP_grp13.hex"
   text	   data	    bss	    dec	    hex	filename
  45676	    124	  22076	  67876	  10924	MDP_grp13.elf
Finished building: default.size.stdout
 
Finished building: MDP_grp13.hex
 
Finished building: MDP_grp13.list
 
11:50:45 **** Incremental Build of configuration Debug for project MDP_grp13 ****
make -j7 all 
arm-none-eabi-gcc "../Core/Src/main.c" -mcpu=cortex-m4 -std=gnu11 -g3 -DDEBUG -DUSE_HAL_DRIVER -DSTM32F407xx -c -I"/Users/le/Documents/GitHub/MDP_grp13_stm32/MDP_grp13/PeripheralDrivers/inc" -I"/Users/le/Documents/GitHub/MDP_grp13_stm32/MDP_grp13/PeripheralDrivers" -I../Core/Inc -I../Middlewares/Third_Party/FreeRTOS/Source/include -I../Middlewares/Third_Party/FreeRTOS/Source/portable/GCC/ARM_CM4F -I../Drivers/CMSIS/Include -I../Drivers/STM32F4xx_HAL_Driver/Inc -I../Drivers/CMSIS/Device/ST/STM32F4xx/Include -I../Middlewares/Third_Party/FreeRTOS/Source/CMSIS_RTOS_V2 -I../Drivers/STM32F4xx_HAL_Driver/Inc/Legacy -I/Users/le/Documents/GitHub/MDP_grp13_stm32/MDP_grp13/PIDController -I/MDP_grp13/PIDController/Inc -O0 -ffunction-sections -fdata-sections -Wall -fstack-usage -MMD -MP -MF"Core/Src/main.d" -MT"Core/Src/main.o" --specs=nano.specs -mfpu=fpv4-sp-d16 -mfloat-abi=hard -mthumb -o "Core/Src/main.o"
../Core/Src/main.c:116:27: warning: data definition has no type or storage class
  116 | uint16_t uDistCheck1 = 0; uDistCheck2 = 0; uDistFinal = 0;
      |                           ^~~~~~~~~~~
../Core/Src/main.c:116:27: warning: type defaults to 'int' in declaration of 'uDistCheck2' [-Wimplicit-int]
../Core/Src/main.c:116:44: warning: data definition has no type or storage class
  116 | uint16_t uDistCheck1 = 0; uDistCheck2 = 0; uDistFinal = 0;
      |                                            ^~~~~~~~~~
../Core/Src/main.c:116:44: warning: type defaults to 'int' in declaration of 'uDistFinal' [-Wimplicit-int]
../Core/Src/main.c: In function 'ultraDistCheck':
../Core/Src/main.c:183:9: warning: implicit declaration of function 'abs' [-Wimplicit-function-declaration]
  183 |  while (abs(uDistCheck1 - uDistCheck2) >= 5) { // || uDistCheck2 - uDistCheck1 >= 5) {
      |         ^~~
../Core/Src/main.c: In function 'fastestCar':
../Core/Src/main.c:255:6: warning: unused variable 'x' [-Wunused-variable]
  255 |  int x=0;
      |      ^
../Core/Src/main.c: In function 'motorCont':
../Core/Src/main.c:385:4: warning: implicit declaration of function 'sprintf' [-Wimplicit-function-declaration]
  385 |    sprintf(display,"Left:%5d\0", diffl/68);
      |    ^~~~~~~
../Core/Src/main.c:385:4: warning: incompatible implicit declaration of built-in function 'sprintf'
../Core/Src/main.c:29:1: note: include '<stdio.h>' or provide a declaration of 'sprintf'
   28 | #include "PID.h"
  +++ |+#include <stdio.h>
   29 | /* USER CODE END Includes */
../Core/Src/main.c:385:12: warning: pointer targets in passing argument 1 of 'sprintf' differ in signedness [-Wpointer-sign]
  385 |    sprintf(display,"Left:%5d\0", diffl/68);
      |            ^~~~~~~
      |            |
      |            uint8_t * {aka unsigned char *}
../Core/Src/main.c:385:12: note: expected 'char *' but argument is of type 'uint8_t *' {aka 'unsigned char *'}
../Core/Src/main.c:385:29: warning: embedded '\0' in format [-Wformat-contains-nul]
  385 |    sprintf(display,"Left:%5d\0", diffl/68);
      |                             ^~
../Core/Src/main.c:387:12: warning: pointer targets in passing argument 1 of 'sprintf' differ in signedness [-Wpointer-sign]
  387 |    sprintf(display,"Right:%5d\0", diffr/68);
      |            ^~~~~~~
      |            |
      |            uint8_t * {aka unsigned char *}
../Core/Src/main.c:387:12: note: expected 'char *' but argument is of type 'uint8_t *' {aka 'unsigned char *'}
../Core/Src/main.c:387:30: warning: embedded '\0' in format [-Wformat-contains-nul]
  387 |    sprintf(display,"Right:%5d\0", diffr/68);
      |                              ^~
../Core/Src/main.c: In function 'StartDefaultTask':
../Core/Src/main.c:1159:3: warning: incompatible implicit declaration of built-in function 'sprintf'
 1159 |   sprintf(ultra, "uDistF: %u\0", uDistFinal);
      |   ^~~~~~~
../Core/Src/main.c:1159:3: note: include '<stdio.h>' or provide a declaration of 'sprintf'
../Core/Src/main.c:1159:11: warning: pointer targets in passing argument 1 of 'sprintf' differ in signedness [-Wpointer-sign]
 1159 |   sprintf(ultra, "uDistF: %u\0", uDistFinal);
      |           ^~~~~
      |           |
      |           uint8_t * {aka unsigned char *}
../Core/Src/main.c:1159:11: note: expected 'char *' but argument is of type 'uint8_t *' {aka 'unsigned char *'}
../Core/Src/main.c:1159:29: warning: embedded '\0' in format [-Wformat-contains-nul]
 1159 |   sprintf(ultra, "uDistF: %u\0", uDistFinal);
      |                             ^~
../Core/Src/main.c:1162:11: warning: pointer targets in passing argument 1 of 'sprintf' differ in signedness [-Wpointer-sign]
 1162 |   sprintf(ultra, "uDist1: %u\0", uDistCheck1);
      |           ^~~~~
      |           |
      |           uint8_t * {aka unsigned char *}
../Core/Src/main.c:1162:11: note: expected 'char *' but argument is of type 'uint8_t *' {aka 'unsigned char *'}
../Core/Src/main.c:1162:29: warning: embedded '\0' in format [-Wformat-contains-nul]
 1162 |   sprintf(ultra, "uDist1: %u\0", uDistCheck1);
      |                             ^~
../Core/Src/main.c:1165:11: warning: pointer targets in passing argument 1 of 'sprintf' differ in signedness [-Wpointer-sign]
 1165 |   sprintf(ultra, "uDist2: %u\0", uDistCheck2);
      |           ^~~~~
      |           |
      |           uint8_t * {aka unsigned char *}
../Core/Src/main.c:1165:11: note: expected 'char *' but argument is of type 'uint8_t *' {aka 'unsigned char *'}
../Core/Src/main.c:1165:29: warning: embedded '\0' in format [-Wformat-contains-nul]
 1165 |   sprintf(ultra, "uDist2: %u\0", uDistCheck2);
      |                             ^~
../Core/Src/main.c:1147:10: warning: unused variable 'checkPi' [-Wunused-variable]
 1147 |  uint8_t checkPi[1];
      |          ^~~~~~~
../Core/Src/main.c: In function 'motor':
../Core/Src/main.c:1281:53: warning: implicit declaration of function 'strlen' [-Wimplicit-function-declaration]
 1281 |     HAL_UART_Transmit_IT(&huart3, (uint8_t *)reply, strlen(reply));
      |                                                     ^~~~~~
../Core/Src/main.c:1281:53: warning: incompatible implicit declaration of built-in function 'strlen'
../Core/Src/main.c:29:1: note: include '<string.h>' or provide a declaration of 'strlen'
   28 | #include "PID.h"
  +++ |+#include <string.h>
   29 | /* USER CODE END Includes */
../Core/Src/main.c: In function 'motorCont':
../Core/Src/main.c:412:1: warning: control reaches end of non-void function [-Wreturn-type]
  412 | }
      | ^
arm-none-eabi-gcc -o "MDP_grp13.elf" @"objects.list"   -mcpu=cortex-m4 -T"/Users/le/Documents/GitHub/MDP_grp13_stm32/MDP_grp13/STM32F407VETX_FLASH.ld" --specs=nosys.specs -Wl,-Map="MDP_grp13.map" -Wl,--gc-sections -static --specs=nano.specs -mfpu=fpv4-sp-d16 -mfloat-abi=hard -mthumb -Wl,--start-group -lc -lm -Wl,--end-group
Finished building target: MDP_grp13.elf
 
arm-none-eabi-size   MDP_grp13.elf 
arm-none-eabi-objdump -h -S  MDP_grp13.elf  > "MDP_grp13.list"
arm-none-eabi-objcopy  -O ihex  MDP_grp13.elf  "MDP_grp13.hex"
   text	   data	    bss	    dec	    hex	filename
  45676	    124	  22076	  67876	  10924	MDP_grp13.elf
Finished building: default.size.stdout
 
Finished building: MDP_grp13.hex
 
Finished building: MDP_grp13.list
 
11:51:58 **** Incremental Build of configuration Debug for project MDP_grp13 ****
make -j7 all 
arm-none-eabi-gcc "../Core/Src/main.c" -mcpu=cortex-m4 -std=gnu11 -g3 -DDEBUG -DUSE_HAL_DRIVER -DSTM32F407xx -c -I"/Users/le/Documents/GitHub/MDP_grp13_stm32/MDP_grp13/PeripheralDrivers/inc" -I"/Users/le/Documents/GitHub/MDP_grp13_stm32/MDP_grp13/PeripheralDrivers" -I../Core/Inc -I../Middlewares/Third_Party/FreeRTOS/Source/include -I../Middlewares/Third_Party/FreeRTOS/Source/portable/GCC/ARM_CM4F -I../Drivers/CMSIS/Include -I../Drivers/STM32F4xx_HAL_Driver/Inc -I../Drivers/CMSIS/Device/ST/STM32F4xx/Include -I../Middlewares/Third_Party/FreeRTOS/Source/CMSIS_RTOS_V2 -I../Drivers/STM32F4xx_HAL_Driver/Inc/Legacy -I/Users/le/Documents/GitHub/MDP_grp13_stm32/MDP_grp13/PIDController -I/MDP_grp13/PIDController/Inc -O0 -ffunction-sections -fdata-sections -Wall -fstack-usage -MMD -MP -MF"Core/Src/main.d" -MT"Core/Src/main.o" --specs=nano.specs -mfpu=fpv4-sp-d16 -mfloat-abi=hard -mthumb -o "Core/Src/main.o"
../Core/Src/main.c:116:27: warning: data definition has no type or storage class
  116 | uint16_t uDistCheck1 = 0; uDistCheck2 = 0; uDistFinal = 0;
      |                           ^~~~~~~~~~~
../Core/Src/main.c:116:27: warning: type defaults to 'int' in declaration of 'uDistCheck2' [-Wimplicit-int]
../Core/Src/main.c:116:44: warning: data definition has no type or storage class
  116 | uint16_t uDistCheck1 = 0; uDistCheck2 = 0; uDistFinal = 0;
      |                                            ^~~~~~~~~~
../Core/Src/main.c:116:44: warning: type defaults to 'int' in declaration of 'uDistFinal' [-Wimplicit-int]
../Core/Src/main.c: In function 'ultraDistCheck':
../Core/Src/main.c:183:9: warning: implicit declaration of function 'abs' [-Wimplicit-function-declaration]
  183 |  while (abs(uDistCheck1 - uDistCheck2) >= 5) { // || uDistCheck2 - uDistCheck1 >= 5) {
      |         ^~~
../Core/Src/main.c: In function 'fastestCar':
../Core/Src/main.c:255:6: warning: unused variable 'x' [-Wunused-variable]
  255 |  int x=0;
      |      ^
../Core/Src/main.c: In function 'motorCont':
../Core/Src/main.c:385:4: warning: implicit declaration of function 'sprintf' [-Wimplicit-function-declaration]
  385 |    sprintf(display,"Left:%5d\0", diffl/68);
      |    ^~~~~~~
../Core/Src/main.c:385:4: warning: incompatible implicit declaration of built-in function 'sprintf'
../Core/Src/main.c:29:1: note: include '<stdio.h>' or provide a declaration of 'sprintf'
   28 | #include "PID.h"
  +++ |+#include <stdio.h>
   29 | /* USER CODE END Includes */
../Core/Src/main.c:385:12: warning: pointer targets in passing argument 1 of 'sprintf' differ in signedness [-Wpointer-sign]
  385 |    sprintf(display,"Left:%5d\0", diffl/68);
      |            ^~~~~~~
      |            |
      |            uint8_t * {aka unsigned char *}
../Core/Src/main.c:385:12: note: expected 'char *' but argument is of type 'uint8_t *' {aka 'unsigned char *'}
../Core/Src/main.c:385:29: warning: embedded '\0' in format [-Wformat-contains-nul]
  385 |    sprintf(display,"Left:%5d\0", diffl/68);
      |                             ^~
../Core/Src/main.c:387:12: warning: pointer targets in passing argument 1 of 'sprintf' differ in signedness [-Wpointer-sign]
  387 |    sprintf(display,"Right:%5d\0", diffr/68);
      |            ^~~~~~~
      |            |
      |            uint8_t * {aka unsigned char *}
../Core/Src/main.c:387:12: note: expected 'char *' but argument is of type 'uint8_t *' {aka 'unsigned char *'}
../Core/Src/main.c:387:30: warning: embedded '\0' in format [-Wformat-contains-nul]
  387 |    sprintf(display,"Right:%5d\0", diffr/68);
      |                              ^~
../Core/Src/main.c: In function 'StartDefaultTask':
../Core/Src/main.c:1159:3: warning: incompatible implicit declaration of built-in function 'sprintf'
 1159 |   sprintf(ultra, "uDistF: %u\0", uDistFinal);
      |   ^~~~~~~
../Core/Src/main.c:1159:3: note: include '<stdio.h>' or provide a declaration of 'sprintf'
../Core/Src/main.c:1159:11: warning: pointer targets in passing argument 1 of 'sprintf' differ in signedness [-Wpointer-sign]
 1159 |   sprintf(ultra, "uDistF: %u\0", uDistFinal);
      |           ^~~~~
      |           |
      |           uint8_t * {aka unsigned char *}
../Core/Src/main.c:1159:11: note: expected 'char *' but argument is of type 'uint8_t *' {aka 'unsigned char *'}
../Core/Src/main.c:1159:29: warning: embedded '\0' in format [-Wformat-contains-nul]
 1159 |   sprintf(ultra, "uDistF: %u\0", uDistFinal);
      |                             ^~
../Core/Src/main.c:1162:11: warning: pointer targets in passing argument 1 of 'sprintf' differ in signedness [-Wpointer-sign]
 1162 |   sprintf(ultra, "uDist1: %u\0", uDistCheck1);
      |           ^~~~~
      |           |
      |           uint8_t * {aka unsigned char *}
../Core/Src/main.c:1162:11: note: expected 'char *' but argument is of type 'uint8_t *' {aka 'unsigned char *'}
../Core/Src/main.c:1162:29: warning: embedded '\0' in format [-Wformat-contains-nul]
 1162 |   sprintf(ultra, "uDist1: %u\0", uDistCheck1);
      |                             ^~
../Core/Src/main.c:1165:11: warning: pointer targets in passing argument 1 of 'sprintf' differ in signedness [-Wpointer-sign]
 1165 |   sprintf(ultra, "uDist2: %u\0", uDistCheck2);
      |           ^~~~~
      |           |
      |           uint8_t * {aka unsigned char *}
../Core/Src/main.c:1165:11: note: expected 'char *' but argument is of type 'uint8_t *' {aka 'unsigned char *'}
../Core/Src/main.c:1165:29: warning: embedded '\0' in format [-Wformat-contains-nul]
 1165 |   sprintf(ultra, "uDist2: %u\0", uDistCheck2);
      |                             ^~
../Core/Src/main.c:1147:10: warning: unused variable 'checkPi' [-Wunused-variable]
 1147 |  uint8_t checkPi[1];
      |          ^~~~~~~
../Core/Src/main.c: In function 'motor':
../Core/Src/main.c:1281:53: warning: implicit declaration of function 'strlen' [-Wimplicit-function-declaration]
 1281 |     HAL_UART_Transmit_IT(&huart3, (uint8_t *)reply, strlen(reply));
      |                                                     ^~~~~~
../Core/Src/main.c:1281:53: warning: incompatible implicit declaration of built-in function 'strlen'
../Core/Src/main.c:29:1: note: include '<string.h>' or provide a declaration of 'strlen'
   28 | #include "PID.h"
  +++ |+#include <string.h>
   29 | /* USER CODE END Includes */
../Core/Src/main.c: In function 'motorCont':
../Core/Src/main.c:412:1: warning: control reaches end of non-void function [-Wreturn-type]
  412 | }
      | ^
arm-none-eabi-gcc -o "MDP_grp13.elf" @"objects.list"   -mcpu=cortex-m4 -T"/Users/le/Documents/GitHub/MDP_grp13_stm32/MDP_grp13/STM32F407VETX_FLASH.ld" --specs=nosys.specs -Wl,-Map="MDP_grp13.map" -Wl,--gc-sections -static --specs=nano.specs -mfpu=fpv4-sp-d16 -mfloat-abi=hard -mthumb -Wl,--start-group -lc -lm -Wl,--end-group
Finished building target: MDP_grp13.elf
 
arm-none-eabi-size   MDP_grp13.elf 
arm-none-eabi-objdump -h -S  MDP_grp13.elf  > "MDP_grp13.list"
arm-none-eabi-objcopy  -O ihex  MDP_grp13.elf  "MDP_grp13.hex"
   text	   data	    bss	    dec	    hex	filename
  45676	    124	  22076	  67876	  10924	MDP_grp13.elf
Finished building: default.size.stdout
 
Finished building: MDP_grp13.hex
 
Finished building: MDP_grp13.list
 
11:52:35 **** Incremental Build of configuration Debug for project MDP_grp13 ****
make -j7 all 
arm-none-eabi-size   MDP_grp13.elf 
   text	   data	    bss	    dec	    hex	filename
  45676	    124	  22076	  67876	  10924	MDP_grp13.elf
Finished building: default.size.stdout
 
12:01:25 **** Incremental Build of configuration Debug for project MDP_grp13 ****
make -j7 all 
arm-none-eabi-gcc "../Core/Src/main.c" -mcpu=cortex-m4 -std=gnu11 -g3 -DDEBUG -DUSE_HAL_DRIVER -DSTM32F407xx -c -I"/Users/le/Documents/GitHub/MDP_grp13_stm32/MDP_grp13/PeripheralDrivers/inc" -I"/Users/le/Documents/GitHub/MDP_grp13_stm32/MDP_grp13/PeripheralDrivers" -I../Core/Inc -I../Middlewares/Third_Party/FreeRTOS/Source/include -I../Middlewares/Third_Party/FreeRTOS/Source/portable/GCC/ARM_CM4F -I../Drivers/CMSIS/Include -I../Drivers/STM32F4xx_HAL_Driver/Inc -I../Drivers/CMSIS/Device/ST/STM32F4xx/Include -I../Middlewares/Third_Party/FreeRTOS/Source/CMSIS_RTOS_V2 -I../Drivers/STM32F4xx_HAL_Driver/Inc/Legacy -I/Users/le/Documents/GitHub/MDP_grp13_stm32/MDP_grp13/PIDController -I/MDP_grp13/PIDController/Inc -O0 -ffunction-sections -fdata-sections -Wall -fstack-usage -MMD -MP -MF"Core/Src/main.d" -MT"Core/Src/main.o" --specs=nano.specs -mfpu=fpv4-sp-d16 -mfloat-abi=hard -mthumb -o "Core/Src/main.o"
../Core/Src/main.c:116:27: warning: data definition has no type or storage class
  116 | uint16_t uDistCheck1 = 0; uDistCheck2 = 0; uDistFinal = 0;
      |                           ^~~~~~~~~~~
../Core/Src/main.c:116:27: warning: type defaults to 'int' in declaration of 'uDistCheck2' [-Wimplicit-int]
../Core/Src/main.c:116:44: warning: data definition has no type or storage class
  116 | uint16_t uDistCheck1 = 0; uDistCheck2 = 0; uDistFinal = 0;
      |                                            ^~~~~~~~~~
../Core/Src/main.c:116:44: warning: type defaults to 'int' in declaration of 'uDistFinal' [-Wimplicit-int]
../Core/Src/main.c: In function 'ultraDistCheck':
../Core/Src/main.c:183:9: warning: implicit declaration of function 'abs' [-Wimplicit-function-declaration]
  183 |  while (abs(uDistCheck1 - uDistCheck2) >= 5) { // || uDistCheck2 - uDistCheck1 >= 5) {
      |         ^~~
../Core/Src/main.c: In function 'fastestCar':
../Core/Src/main.c:255:6: warning: unused variable 'x' [-Wunused-variable]
  255 |  int x=0;
      |      ^
../Core/Src/main.c: In function 'motorCont':
../Core/Src/main.c:385:4: warning: implicit declaration of function 'sprintf' [-Wimplicit-function-declaration]
  385 |    sprintf(display,"Left:%5d\0", diffl/68);
      |    ^~~~~~~
../Core/Src/main.c:385:4: warning: incompatible implicit declaration of built-in function 'sprintf'
../Core/Src/main.c:29:1: note: include '<stdio.h>' or provide a declaration of 'sprintf'
   28 | #include "PID.h"
  +++ |+#include <stdio.h>
   29 | /* USER CODE END Includes */
../Core/Src/main.c:385:12: warning: pointer targets in passing argument 1 of 'sprintf' differ in signedness [-Wpointer-sign]
  385 |    sprintf(display,"Left:%5d\0", diffl/68);
      |            ^~~~~~~
      |            |
      |            uint8_t * {aka unsigned char *}
../Core/Src/main.c:385:12: note: expected 'char *' but argument is of type 'uint8_t *' {aka 'unsigned char *'}
../Core/Src/main.c:385:29: warning: embedded '\0' in format [-Wformat-contains-nul]
  385 |    sprintf(display,"Left:%5d\0", diffl/68);
      |                             ^~
../Core/Src/main.c:387:12: warning: pointer targets in passing argument 1 of 'sprintf' differ in signedness [-Wpointer-sign]
  387 |    sprintf(display,"Right:%5d\0", diffr/68);
      |            ^~~~~~~
      |            |
      |            uint8_t * {aka unsigned char *}
../Core/Src/main.c:387:12: note: expected 'char *' but argument is of type 'uint8_t *' {aka 'unsigned char *'}
../Core/Src/main.c:387:30: warning: embedded '\0' in format [-Wformat-contains-nul]
  387 |    sprintf(display,"Right:%5d\0", diffr/68);
      |                              ^~
../Core/Src/main.c: In function 'StartDefaultTask':
../Core/Src/main.c:1159:3: warning: incompatible implicit declaration of built-in function 'sprintf'
 1159 |   sprintf(ultra, "uDistF: %u\0", uDistFinal);
      |   ^~~~~~~
../Core/Src/main.c:1159:3: note: include '<stdio.h>' or provide a declaration of 'sprintf'
../Core/Src/main.c:1159:11: warning: pointer targets in passing argument 1 of 'sprintf' differ in signedness [-Wpointer-sign]
 1159 |   sprintf(ultra, "uDistF: %u\0", uDistFinal);
      |           ^~~~~
      |           |
      |           uint8_t * {aka unsigned char *}
../Core/Src/main.c:1159:11: note: expected 'char *' but argument is of type 'uint8_t *' {aka 'unsigned char *'}
../Core/Src/main.c:1159:29: warning: embedded '\0' in format [-Wformat-contains-nul]
 1159 |   sprintf(ultra, "uDistF: %u\0", uDistFinal);
      |                             ^~
../Core/Src/main.c:1162:11: warning: pointer targets in passing argument 1 of 'sprintf' differ in signedness [-Wpointer-sign]
 1162 |   sprintf(ultra, "uDist1: %u\0", uDistCheck1);
      |           ^~~~~
      |           |
      |           uint8_t * {aka unsigned char *}
../Core/Src/main.c:1162:11: note: expected 'char *' but argument is of type 'uint8_t *' {aka 'unsigned char *'}
../Core/Src/main.c:1162:29: warning: embedded '\0' in format [-Wformat-contains-nul]
 1162 |   sprintf(ultra, "uDist1: %u\0", uDistCheck1);
      |                             ^~
../Core/Src/main.c:1165:11: warning: pointer targets in passing argument 1 of 'sprintf' differ in signedness [-Wpointer-sign]
 1165 |   sprintf(ultra, "uDist2: %u\0", uDistCheck2);
      |           ^~~~~
      |           |
      |           uint8_t * {aka unsigned char *}
../Core/Src/main.c:1165:11: note: expected 'char *' but argument is of type 'uint8_t *' {aka 'unsigned char *'}
../Core/Src/main.c:1165:29: warning: embedded '\0' in format [-Wformat-contains-nul]
 1165 |   sprintf(ultra, "uDist2: %u\0", uDistCheck2);
      |                             ^~
../Core/Src/main.c:1147:10: warning: unused variable 'checkPi' [-Wunused-variable]
 1147 |  uint8_t checkPi[1];
      |          ^~~~~~~
../Core/Src/main.c: In function 'motor':
../Core/Src/main.c:1281:53: warning: implicit declaration of function 'strlen' [-Wimplicit-function-declaration]
 1281 |     HAL_UART_Transmit_IT(&huart3, (uint8_t *)reply, strlen(reply));
      |                                                     ^~~~~~
../Core/Src/main.c:1281:53: warning: incompatible implicit declaration of built-in function 'strlen'
../Core/Src/main.c:29:1: note: include '<string.h>' or provide a declaration of 'strlen'
   28 | #include "PID.h"
  +++ |+#include <string.h>
   29 | /* USER CODE END Includes */
../Core/Src/main.c: In function 'motorCont':
../Core/Src/main.c:412:1: warning: control reaches end of non-void function [-Wreturn-type]
  412 | }
      | ^
arm-none-eabi-gcc -o "MDP_grp13.elf" @"objects.list"   -mcpu=cortex-m4 -T"/Users/le/Documents/GitHub/MDP_grp13_stm32/MDP_grp13/STM32F407VETX_FLASH.ld" --specs=nosys.specs -Wl,-Map="MDP_grp13.map" -Wl,--gc-sections -static --specs=nano.specs -mfpu=fpv4-sp-d16 -mfloat-abi=hard -mthumb -Wl,--start-group -lc -lm -Wl,--end-group
Finished building target: MDP_grp13.elf
 
arm-none-eabi-size   MDP_grp13.elf 
arm-none-eabi-objdump -h -S  MDP_grp13.elf  > "MDP_grp13.list"
arm-none-eabi-objcopy  -O ihex  MDP_grp13.elf  "MDP_grp13.hex"
   text	   data	    bss	    dec	    hex	filename
  45676	    124	  22076	  67876	  10924	MDP_grp13.elf
Finished building: default.size.stdout
 
Finished building: MDP_grp13.hex
 
Finished building: MDP_grp13.list
 
12:02:22 **** Incremental Build of configuration Debug for project MDP_grp13 ****
make -j7 all 
arm-none-eabi-gcc "../Core/Src/main.c" -mcpu=cortex-m4 -std=gnu11 -g3 -DDEBUG -DUSE_HAL_DRIVER -DSTM32F407xx -c -I"/Users/le/Documents/GitHub/MDP_grp13_stm32/MDP_grp13/PeripheralDrivers/inc" -I"/Users/le/Documents/GitHub/MDP_grp13_stm32/MDP_grp13/PeripheralDrivers" -I../Core/Inc -I../Middlewares/Third_Party/FreeRTOS/Source/include -I../Middlewares/Third_Party/FreeRTOS/Source/portable/GCC/ARM_CM4F -I../Drivers/CMSIS/Include -I../Drivers/STM32F4xx_HAL_Driver/Inc -I../Drivers/CMSIS/Device/ST/STM32F4xx/Include -I../Middlewares/Third_Party/FreeRTOS/Source/CMSIS_RTOS_V2 -I../Drivers/STM32F4xx_HAL_Driver/Inc/Legacy -I/Users/le/Documents/GitHub/MDP_grp13_stm32/MDP_grp13/PIDController -I/MDP_grp13/PIDController/Inc -O0 -ffunction-sections -fdata-sections -Wall -fstack-usage -MMD -MP -MF"Core/Src/main.d" -MT"Core/Src/main.o" --specs=nano.specs -mfpu=fpv4-sp-d16 -mfloat-abi=hard -mthumb -o "Core/Src/main.o"
../Core/Src/main.c:116:27: warning: data definition has no type or storage class
  116 | uint16_t uDistCheck1 = 0; uDistCheck2 = 0; uDistFinal = 0;
      |                           ^~~~~~~~~~~
../Core/Src/main.c:116:27: warning: type defaults to 'int' in declaration of 'uDistCheck2' [-Wimplicit-int]
../Core/Src/main.c:116:44: warning: data definition has no type or storage class
  116 | uint16_t uDistCheck1 = 0; uDistCheck2 = 0; uDistFinal = 0;
      |                                            ^~~~~~~~~~
../Core/Src/main.c:116:44: warning: type defaults to 'int' in declaration of 'uDistFinal' [-Wimplicit-int]
../Core/Src/main.c: In function 'ultraDistCheck':
../Core/Src/main.c:183:9: warning: implicit declaration of function 'abs' [-Wimplicit-function-declaration]
  183 |  while (abs(uDistCheck1 - uDistCheck2) >= 5) { // || uDistCheck2 - uDistCheck1 >= 5) {
      |         ^~~
../Core/Src/main.c: In function 'fastestCar':
../Core/Src/main.c:255:6: warning: unused variable 'x' [-Wunused-variable]
  255 |  int x=0;
      |      ^
../Core/Src/main.c: In function 'motorCont':
../Core/Src/main.c:385:4: warning: implicit declaration of function 'sprintf' [-Wimplicit-function-declaration]
  385 |    sprintf(display,"Left:%5d\0", diffl/68);
      |    ^~~~~~~
../Core/Src/main.c:385:4: warning: incompatible implicit declaration of built-in function 'sprintf'
../Core/Src/main.c:29:1: note: include '<stdio.h>' or provide a declaration of 'sprintf'
   28 | #include "PID.h"
  +++ |+#include <stdio.h>
   29 | /* USER CODE END Includes */
../Core/Src/main.c:385:12: warning: pointer targets in passing argument 1 of 'sprintf' differ in signedness [-Wpointer-sign]
  385 |    sprintf(display,"Left:%5d\0", diffl/68);
      |            ^~~~~~~
      |            |
      |            uint8_t * {aka unsigned char *}
../Core/Src/main.c:385:12: note: expected 'char *' but argument is of type 'uint8_t *' {aka 'unsigned char *'}
../Core/Src/main.c:385:29: warning: embedded '\0' in format [-Wformat-contains-nul]
  385 |    sprintf(display,"Left:%5d\0", diffl/68);
      |                             ^~
../Core/Src/main.c:387:12: warning: pointer targets in passing argument 1 of 'sprintf' differ in signedness [-Wpointer-sign]
  387 |    sprintf(display,"Right:%5d\0", diffr/68);
      |            ^~~~~~~
      |            |
      |            uint8_t * {aka unsigned char *}
../Core/Src/main.c:387:12: note: expected 'char *' but argument is of type 'uint8_t *' {aka 'unsigned char *'}
../Core/Src/main.c:387:30: warning: embedded '\0' in format [-Wformat-contains-nul]
  387 |    sprintf(display,"Right:%5d\0", diffr/68);
      |                              ^~
../Core/Src/main.c: In function 'StartDefaultTask':
../Core/Src/main.c:1159:3: warning: incompatible implicit declaration of built-in function 'sprintf'
 1159 |   sprintf(ultra, "uDistF: %u\0", uDistFinal);
      |   ^~~~~~~
../Core/Src/main.c:1159:3: note: include '<stdio.h>' or provide a declaration of 'sprintf'
../Core/Src/main.c:1159:11: warning: pointer targets in passing argument 1 of 'sprintf' differ in signedness [-Wpointer-sign]
 1159 |   sprintf(ultra, "uDistF: %u\0", uDistFinal);
      |           ^~~~~
      |           |
      |           uint8_t * {aka unsigned char *}
../Core/Src/main.c:1159:11: note: expected 'char *' but argument is of type 'uint8_t *' {aka 'unsigned char *'}
../Core/Src/main.c:1159:29: warning: embedded '\0' in format [-Wformat-contains-nul]
 1159 |   sprintf(ultra, "uDistF: %u\0", uDistFinal);
      |                             ^~
../Core/Src/main.c:1162:11: warning: pointer targets in passing argument 1 of 'sprintf' differ in signedness [-Wpointer-sign]
 1162 |   sprintf(ultra, "uDist1: %u\0", uDistCheck1);
      |           ^~~~~
      |           |
      |           uint8_t * {aka unsigned char *}
../Core/Src/main.c:1162:11: note: expected 'char *' but argument is of type 'uint8_t *' {aka 'unsigned char *'}
../Core/Src/main.c:1162:29: warning: embedded '\0' in format [-Wformat-contains-nul]
 1162 |   sprintf(ultra, "uDist1: %u\0", uDistCheck1);
      |                             ^~
../Core/Src/main.c:1165:11: warning: pointer targets in passing argument 1 of 'sprintf' differ in signedness [-Wpointer-sign]
 1165 |   sprintf(ultra, "uDist2: %u\0", uDistCheck2);
      |           ^~~~~
      |           |
      |           uint8_t * {aka unsigned char *}
../Core/Src/main.c:1165:11: note: expected 'char *' but argument is of type 'uint8_t *' {aka 'unsigned char *'}
../Core/Src/main.c:1165:29: warning: embedded '\0' in format [-Wformat-contains-nul]
 1165 |   sprintf(ultra, "uDist2: %u\0", uDistCheck2);
      |                             ^~
../Core/Src/main.c:1147:10: warning: unused variable 'checkPi' [-Wunused-variable]
 1147 |  uint8_t checkPi[1];
      |          ^~~~~~~
../Core/Src/main.c: In function 'motor':
../Core/Src/main.c:1281:53: warning: implicit declaration of function 'strlen' [-Wimplicit-function-declaration]
 1281 |     HAL_UART_Transmit_IT(&huart3, (uint8_t *)reply, strlen(reply));
      |                                                     ^~~~~~
../Core/Src/main.c:1281:53: warning: incompatible implicit declaration of built-in function 'strlen'
../Core/Src/main.c:29:1: note: include '<string.h>' or provide a declaration of 'strlen'
   28 | #include "PID.h"
  +++ |+#include <string.h>
   29 | /* USER CODE END Includes */
../Core/Src/main.c: In function 'motorCont':
../Core/Src/main.c:412:1: warning: control reaches end of non-void function [-Wreturn-type]
  412 | }
      | ^
arm-none-eabi-gcc -o "MDP_grp13.elf" @"objects.list"   -mcpu=cortex-m4 -T"/Users/le/Documents/GitHub/MDP_grp13_stm32/MDP_grp13/STM32F407VETX_FLASH.ld" --specs=nosys.specs -Wl,-Map="MDP_grp13.map" -Wl,--gc-sections -static --specs=nano.specs -mfpu=fpv4-sp-d16 -mfloat-abi=hard -mthumb -Wl,--start-group -lc -lm -Wl,--end-group
Finished building target: MDP_grp13.elf
 
arm-none-eabi-size   MDP_grp13.elf 
arm-none-eabi-objdump -h -S  MDP_grp13.elf  > "MDP_grp13.list"
arm-none-eabi-objcopy  -O ihex  MDP_grp13.elf  "MDP_grp13.hex"
   text	   data	    bss	    dec	    hex	filename
  45676	    124	  22076	  67876	  10924	MDP_grp13.elf
Finished building: default.size.stdout
 
Finished building: MDP_grp13.hex
 
Finished building: MDP_grp13.list
 
12:15:58 **** Incremental Build of configuration Debug for project MDP_grp13 ****
make -j7 all 
arm-none-eabi-gcc "../Core/Src/main.c" -mcpu=cortex-m4 -std=gnu11 -g3 -DDEBUG -DUSE_HAL_DRIVER -DSTM32F407xx -c -I"/Users/le/Documents/GitHub/MDP_grp13_stm32/MDP_grp13/PeripheralDrivers/inc" -I"/Users/le/Documents/GitHub/MDP_grp13_stm32/MDP_grp13/PeripheralDrivers" -I../Core/Inc -I../Middlewares/Third_Party/FreeRTOS/Source/include -I../Middlewares/Third_Party/FreeRTOS/Source/portable/GCC/ARM_CM4F -I../Drivers/CMSIS/Include -I../Drivers/STM32F4xx_HAL_Driver/Inc -I../Drivers/CMSIS/Device/ST/STM32F4xx/Include -I../Middlewares/Third_Party/FreeRTOS/Source/CMSIS_RTOS_V2 -I../Drivers/STM32F4xx_HAL_Driver/Inc/Legacy -I/Users/le/Documents/GitHub/MDP_grp13_stm32/MDP_grp13/PIDController -I/MDP_grp13/PIDController/Inc -O0 -ffunction-sections -fdata-sections -Wall -fstack-usage -MMD -MP -MF"Core/Src/main.d" -MT"Core/Src/main.o" --specs=nano.specs -mfpu=fpv4-sp-d16 -mfloat-abi=hard -mthumb -o "Core/Src/main.o"
../Core/Src/main.c:116:27: warning: data definition has no type or storage class
  116 | uint16_t uDistCheck1 = 0; uDistCheck2 = 0; uDistFinal = 0;
      |                           ^~~~~~~~~~~
../Core/Src/main.c:116:27: warning: type defaults to 'int' in declaration of 'uDistCheck2' [-Wimplicit-int]
../Core/Src/main.c:116:44: warning: data definition has no type or storage class
  116 | uint16_t uDistCheck1 = 0; uDistCheck2 = 0; uDistFinal = 0;
      |                                            ^~~~~~~~~~
../Core/Src/main.c:116:44: warning: type defaults to 'int' in declaration of 'uDistFinal' [-Wimplicit-int]
../Core/Src/main.c: In function 'ultraDistCheck':
../Core/Src/main.c:183:9: warning: implicit declaration of function 'abs' [-Wimplicit-function-declaration]
  183 |  while (abs(uDistCheck1 - uDistCheck2) >= 5) { // || uDistCheck2 - uDistCheck1 >= 5) {
      |         ^~~
../Core/Src/main.c: In function 'fastestCar':
../Core/Src/main.c:255:6: warning: unused variable 'x' [-Wunused-variable]
  255 |  int x=0;
      |      ^
../Core/Src/main.c: In function 'motorCont':
../Core/Src/main.c:385:4: warning: implicit declaration of function 'sprintf' [-Wimplicit-function-declaration]
  385 |    sprintf(display,"Left:%5d\0", diffl/68);
      |    ^~~~~~~
../Core/Src/main.c:385:4: warning: incompatible implicit declaration of built-in function 'sprintf'
../Core/Src/main.c:29:1: note: include '<stdio.h>' or provide a declaration of 'sprintf'
   28 | #include "PID.h"
  +++ |+#include <stdio.h>
   29 | /* USER CODE END Includes */
../Core/Src/main.c:385:12: warning: pointer targets in passing argument 1 of 'sprintf' differ in signedness [-Wpointer-sign]
  385 |    sprintf(display,"Left:%5d\0", diffl/68);
      |            ^~~~~~~
      |            |
      |            uint8_t * {aka unsigned char *}
../Core/Src/main.c:385:12: note: expected 'char *' but argument is of type 'uint8_t *' {aka 'unsigned char *'}
../Core/Src/main.c:385:29: warning: embedded '\0' in format [-Wformat-contains-nul]
  385 |    sprintf(display,"Left:%5d\0", diffl/68);
      |                             ^~
../Core/Src/main.c:387:12: warning: pointer targets in passing argument 1 of 'sprintf' differ in signedness [-Wpointer-sign]
  387 |    sprintf(display,"Right:%5d\0", diffr/68);
      |            ^~~~~~~
      |            |
      |            uint8_t * {aka unsigned char *}
../Core/Src/main.c:387:12: note: expected 'char *' but argument is of type 'uint8_t *' {aka 'unsigned char *'}
../Core/Src/main.c:387:30: warning: embedded '\0' in format [-Wformat-contains-nul]
  387 |    sprintf(display,"Right:%5d\0", diffr/68);
      |                              ^~
../Core/Src/main.c: In function 'StartDefaultTask':
../Core/Src/main.c:1159:3: warning: incompatible implicit declaration of built-in function 'sprintf'
 1159 |   sprintf(ultra, "uDistF: %u\0", uDistFinal);
      |   ^~~~~~~
../Core/Src/main.c:1159:3: note: include '<stdio.h>' or provide a declaration of 'sprintf'
../Core/Src/main.c:1159:11: warning: pointer targets in passing argument 1 of 'sprintf' differ in signedness [-Wpointer-sign]
 1159 |   sprintf(ultra, "uDistF: %u\0", uDistFinal);
      |           ^~~~~
      |           |
      |           uint8_t * {aka unsigned char *}
../Core/Src/main.c:1159:11: note: expected 'char *' but argument is of type 'uint8_t *' {aka 'unsigned char *'}
../Core/Src/main.c:1159:29: warning: embedded '\0' in format [-Wformat-contains-nul]
 1159 |   sprintf(ultra, "uDistF: %u\0", uDistFinal);
      |                             ^~
../Core/Src/main.c:1162:11: warning: pointer targets in passing argument 1 of 'sprintf' differ in signedness [-Wpointer-sign]
 1162 |   sprintf(ultra, "uDist1: %u\0", uDistCheck1);
      |           ^~~~~
      |           |
      |           uint8_t * {aka unsigned char *}
../Core/Src/main.c:1162:11: note: expected 'char *' but argument is of type 'uint8_t *' {aka 'unsigned char *'}
../Core/Src/main.c:1162:29: warning: embedded '\0' in format [-Wformat-contains-nul]
 1162 |   sprintf(ultra, "uDist1: %u\0", uDistCheck1);
      |                             ^~
../Core/Src/main.c:1165:11: warning: pointer targets in passing argument 1 of 'sprintf' differ in signedness [-Wpointer-sign]
 1165 |   sprintf(ultra, "uDist2: %u\0", uDistCheck2);
      |           ^~~~~
      |           |
      |           uint8_t * {aka unsigned char *}
../Core/Src/main.c:1165:11: note: expected 'char *' but argument is of type 'uint8_t *' {aka 'unsigned char *'}
../Core/Src/main.c:1165:29: warning: embedded '\0' in format [-Wformat-contains-nul]
 1165 |   sprintf(ultra, "uDist2: %u\0", uDistCheck2);
      |                             ^~
../Core/Src/main.c:1147:10: warning: unused variable 'checkPi' [-Wunused-variable]
 1147 |  uint8_t checkPi[1];
      |          ^~~~~~~
../Core/Src/main.c: In function 'motor':
../Core/Src/main.c:1281:53: warning: implicit declaration of function 'strlen' [-Wimplicit-function-declaration]
 1281 |     HAL_UART_Transmit_IT(&huart3, (uint8_t *)reply, strlen(reply));
      |                                                     ^~~~~~
../Core/Src/main.c:1281:53: warning: incompatible implicit declaration of built-in function 'strlen'
../Core/Src/main.c:29:1: note: include '<string.h>' or provide a declaration of 'strlen'
   28 | #include "PID.h"
  +++ |+#include <string.h>
   29 | /* USER CODE END Includes */
../Core/Src/main.c: In function 'motorCont':
../Core/Src/main.c:412:1: warning: control reaches end of non-void function [-Wreturn-type]
  412 | }
      | ^
arm-none-eabi-gcc -o "MDP_grp13.elf" @"objects.list"   -mcpu=cortex-m4 -T"/Users/le/Documents/GitHub/MDP_grp13_stm32/MDP_grp13/STM32F407VETX_FLASH.ld" --specs=nosys.specs -Wl,-Map="MDP_grp13.map" -Wl,--gc-sections -static --specs=nano.specs -mfpu=fpv4-sp-d16 -mfloat-abi=hard -mthumb -Wl,--start-group -lc -lm -Wl,--end-group
Finished building target: MDP_grp13.elf
 
arm-none-eabi-size   MDP_grp13.elf 
arm-none-eabi-objdump -h -S  MDP_grp13.elf  > "MDP_grp13.list"
arm-none-eabi-objcopy  -O ihex  MDP_grp13.elf  "MDP_grp13.hex"
   text	   data	    bss	    dec	    hex	filename
  45676	    124	  22076	  67876	  10924	MDP_grp13.elf
Finished building: default.size.stdout
 
Finished building: MDP_grp13.hex
 
Finished building: MDP_grp13.list
 
12:16:54 **** Incremental Build of configuration Debug for project MDP_grp13 ****
make -j7 all 
arm-none-eabi-gcc "../Core/Src/main.c" -mcpu=cortex-m4 -std=gnu11 -g3 -DDEBUG -DUSE_HAL_DRIVER -DSTM32F407xx -c -I"/Users/le/Documents/GitHub/MDP_grp13_stm32/MDP_grp13/PeripheralDrivers/inc" -I"/Users/le/Documents/GitHub/MDP_grp13_stm32/MDP_grp13/PeripheralDrivers" -I../Core/Inc -I../Middlewares/Third_Party/FreeRTOS/Source/include -I../Middlewares/Third_Party/FreeRTOS/Source/portable/GCC/ARM_CM4F -I../Drivers/CMSIS/Include -I../Drivers/STM32F4xx_HAL_Driver/Inc -I../Drivers/CMSIS/Device/ST/STM32F4xx/Include -I../Middlewares/Third_Party/FreeRTOS/Source/CMSIS_RTOS_V2 -I../Drivers/STM32F4xx_HAL_Driver/Inc/Legacy -I/Users/le/Documents/GitHub/MDP_grp13_stm32/MDP_grp13/PIDController -I/MDP_grp13/PIDController/Inc -O0 -ffunction-sections -fdata-sections -Wall -fstack-usage -MMD -MP -MF"Core/Src/main.d" -MT"Core/Src/main.o" --specs=nano.specs -mfpu=fpv4-sp-d16 -mfloat-abi=hard -mthumb -o "Core/Src/main.o"
../Core/Src/main.c:116:27: warning: data definition has no type or storage class
  116 | uint16_t uDistCheck1 = 0; uDistCheck2 = 0; uDistFinal = 0;
      |                           ^~~~~~~~~~~
../Core/Src/main.c:116:27: warning: type defaults to 'int' in declaration of 'uDistCheck2' [-Wimplicit-int]
../Core/Src/main.c:116:44: warning: data definition has no type or storage class
  116 | uint16_t uDistCheck1 = 0; uDistCheck2 = 0; uDistFinal = 0;
      |                                            ^~~~~~~~~~
../Core/Src/main.c:116:44: warning: type defaults to 'int' in declaration of 'uDistFinal' [-Wimplicit-int]
../Core/Src/main.c: In function 'ultraDistCheck':
../Core/Src/main.c:183:9: warning: implicit declaration of function 'abs' [-Wimplicit-function-declaration]
  183 |  while (abs(uDistCheck1 - uDistCheck2) >= 5) { // || uDistCheck2 - uDistCheck1 >= 5) {
      |         ^~~
../Core/Src/main.c: In function 'fastestCar':
../Core/Src/main.c:255:6: warning: unused variable 'x' [-Wunused-variable]
  255 |  int x=0;
      |      ^
../Core/Src/main.c: In function 'motorCont':
../Core/Src/main.c:385:4: warning: implicit declaration of function 'sprintf' [-Wimplicit-function-declaration]
  385 |    sprintf(display,"Left:%5d\0", diffl/68);
      |    ^~~~~~~
../Core/Src/main.c:385:4: warning: incompatible implicit declaration of built-in function 'sprintf'
../Core/Src/main.c:29:1: note: include '<stdio.h>' or provide a declaration of 'sprintf'
   28 | #include "PID.h"
  +++ |+#include <stdio.h>
   29 | /* USER CODE END Includes */
../Core/Src/main.c:385:12: warning: pointer targets in passing argument 1 of 'sprintf' differ in signedness [-Wpointer-sign]
  385 |    sprintf(display,"Left:%5d\0", diffl/68);
      |            ^~~~~~~
      |            |
      |            uint8_t * {aka unsigned char *}
../Core/Src/main.c:385:12: note: expected 'char *' but argument is of type 'uint8_t *' {aka 'unsigned char *'}
../Core/Src/main.c:385:29: warning: embedded '\0' in format [-Wformat-contains-nul]
  385 |    sprintf(display,"Left:%5d\0", diffl/68);
      |                             ^~
../Core/Src/main.c:387:12: warning: pointer targets in passing argument 1 of 'sprintf' differ in signedness [-Wpointer-sign]
  387 |    sprintf(display,"Right:%5d\0", diffr/68);
      |            ^~~~~~~
      |            |
      |            uint8_t * {aka unsigned char *}
../Core/Src/main.c:387:12: note: expected 'char *' but argument is of type 'uint8_t *' {aka 'unsigned char *'}
../Core/Src/main.c:387:30: warning: embedded '\0' in format [-Wformat-contains-nul]
  387 |    sprintf(display,"Right:%5d\0", diffr/68);
      |                              ^~
../Core/Src/main.c: In function 'StartDefaultTask':
../Core/Src/main.c:1159:3: warning: incompatible implicit declaration of built-in function 'sprintf'
 1159 |   sprintf(ultra, "uDistF: %u\0", uDistFinal);
      |   ^~~~~~~
../Core/Src/main.c:1159:3: note: include '<stdio.h>' or provide a declaration of 'sprintf'
../Core/Src/main.c:1159:11: warning: pointer targets in passing argument 1 of 'sprintf' differ in signedness [-Wpointer-sign]
 1159 |   sprintf(ultra, "uDistF: %u\0", uDistFinal);
      |           ^~~~~
      |           |
      |           uint8_t * {aka unsigned char *}
../Core/Src/main.c:1159:11: note: expected 'char *' but argument is of type 'uint8_t *' {aka 'unsigned char *'}
../Core/Src/main.c:1159:29: warning: embedded '\0' in format [-Wformat-contains-nul]
 1159 |   sprintf(ultra, "uDistF: %u\0", uDistFinal);
[...]
../Core/Src/main.c:255:6: warning: unused variable 'x' [-Wunused-variable]
  255 |  int x=0;
      |      ^
../Core/Src/main.c: In function 'motorCont':
../Core/Src/main.c:385:4: warning: implicit declaration of function 'sprintf' [-Wimplicit-function-declaration]
  385 |    sprintf(display,"Left:%5d\0", diffl/68);
      |    ^~~~~~~
../Core/Src/main.c:385:4: warning: incompatible implicit declaration of built-in function 'sprintf'
../Core/Src/main.c:29:1: note: include '<stdio.h>' or provide a declaration of 'sprintf'
   28 | #include "PID.h"
  +++ |+#include <stdio.h>
   29 | /* USER CODE END Includes */
../Core/Src/main.c:385:12: warning: pointer targets in passing argument 1 of 'sprintf' differ in signedness [-Wpointer-sign]
  385 |    sprintf(display,"Left:%5d\0", diffl/68);
      |            ^~~~~~~
      |            |
      |            uint8_t * {aka unsigned char *}
../Core/Src/main.c:385:12: note: expected 'char *' but argument is of type 'uint8_t *' {aka 'unsigned char *'}
../Core/Src/main.c:385:29: warning: embedded '\0' in format [-Wformat-contains-nul]
  385 |    sprintf(display,"Left:%5d\0", diffl/68);
      |                             ^~
../Core/Src/main.c:387:12: warning: pointer targets in passing argument 1 of 'sprintf' differ in signedness [-Wpointer-sign]
  387 |    sprintf(display,"Right:%5d\0", diffr/68);
      |            ^~~~~~~
      |            |
      |            uint8_t * {aka unsigned char *}
../Core/Src/main.c:387:12: note: expected 'char *' but argument is of type 'uint8_t *' {aka 'unsigned char *'}
../Core/Src/main.c:387:30: warning: embedded '\0' in format [-Wformat-contains-nul]
  387 |    sprintf(display,"Right:%5d\0", diffr/68);
      |                              ^~
../Core/Src/main.c: In function 'StartDefaultTask':
../Core/Src/main.c:1159:3: warning: incompatible implicit declaration of built-in function 'sprintf'
 1159 |   sprintf(ultra, "uDistF: %u\0", uDistFinal);
      |   ^~~~~~~
../Core/Src/main.c:1159:3: note: include '<stdio.h>' or provide a declaration of 'sprintf'
../Core/Src/main.c:1159:11: warning: pointer targets in passing argument 1 of 'sprintf' differ in signedness [-Wpointer-sign]
 1159 |   sprintf(ultra, "uDistF: %u\0", uDistFinal);
      |           ^~~~~
      |           |
      |           uint8_t * {aka unsigned char *}
../Core/Src/main.c:1159:11: note: expected 'char *' but argument is of type 'uint8_t *' {aka 'unsigned char *'}
../Core/Src/main.c:1159:29: warning: embedded '\0' in format [-Wformat-contains-nul]
 1159 |   sprintf(ultra, "uDistF: %u\0", uDistFinal);
      |                             ^~
../Core/Src/main.c:1162:11: warning: pointer targets in passing argument 1 of 'sprintf' differ in signedness [-Wpointer-sign]
 1162 |   sprintf(ultra, "uDist1: %u\0", uDistCheck1);
      |           ^~~~~
      |           |
      |           uint8_t * {aka unsigned char *}
../Core/Src/main.c:1162:11: note: expected 'char *' but argument is of type 'uint8_t *' {aka 'unsigned char *'}
../Core/Src/main.c:1162:29: warning: embedded '\0' in format [-Wformat-contains-nul]
 1162 |   sprintf(ultra, "uDist1: %u\0", uDistCheck1);
      |                             ^~
../Core/Src/main.c:1165:11: warning: pointer targets in passing argument 1 of 'sprintf' differ in signedness [-Wpointer-sign]
 1165 |   sprintf(ultra, "uDist2: %u\0", uDistCheck2);
      |           ^~~~~
      |           |
      |           uint8_t * {aka unsigned char *}
../Core/Src/main.c:1165:11: note: expected 'char *' but argument is of type 'uint8_t *' {aka 'unsigned char *'}
../Core/Src/main.c:1165:29: warning: embedded '\0' in format [-Wformat-contains-nul]
 1165 |   sprintf(ultra, "uDist2: %u\0", uDistCheck2);
      |                             ^~
../Core/Src/main.c:1147:10: warning: unused variable 'checkPi' [-Wunused-variable]
 1147 |  uint8_t checkPi[1];
      |          ^~~~~~~
../Core/Src/main.c: In function 'motor':
../Core/Src/main.c:1281:53: warning: implicit declaration of function 'strlen' [-Wimplicit-function-declaration]
 1281 |     HAL_UART_Transmit_IT(&huart3, (uint8_t *)reply, strlen(reply));
      |                                                     ^~~~~~
../Core/Src/main.c:1281:53: warning: incompatible implicit declaration of built-in function 'strlen'
../Core/Src/main.c:29:1: note: include '<string.h>' or provide a declaration of 'strlen'
   28 | #include "PID.h"
  +++ |+#include <string.h>
   29 | /* USER CODE END Includes */
../Core/Src/main.c: In function 'motorCont':
../Core/Src/main.c:412:1: warning: control reaches end of non-void function [-Wreturn-type]
  412 | }
      | ^
arm-none-eabi-gcc -o "MDP_grp13.elf" @"objects.list"   -mcpu=cortex-m4 -T"/Users/le/Documents/GitHub/MDP_grp13_stm32/MDP_grp13/STM32F407VETX_FLASH.ld" --specs=nosys.specs -Wl,-Map="MDP_grp13.map" -Wl,--gc-sections -static --specs=nano.specs -mfpu=fpv4-sp-d16 -mfloat-abi=hard -mthumb -Wl,--start-group -lc -lm -Wl,--end-group
Finished building target: MDP_grp13.elf
 
arm-none-eabi-size   MDP_grp13.elf 
arm-none-eabi-objdump -h -S  MDP_grp13.elf  > "MDP_grp13.list"
arm-none-eabi-objcopy  -O ihex  MDP_grp13.elf  "MDP_grp13.hex"
   text	   data	    bss	    dec	    hex	filename
  45676	    124	  22076	  67876	  10924	MDP_grp13.elf
Finished building: default.size.stdout
 
Finished building: MDP_grp13.hex
 
Finished building: MDP_grp13.list
 
12:20:21 **** Incremental Build of configuration Debug for project MDP_grp13 ****
make -j7 all 
arm-none-eabi-gcc "../Core/Src/main.c" -mcpu=cortex-m4 -std=gnu11 -g3 -DDEBUG -DUSE_HAL_DRIVER -DSTM32F407xx -c -I"/Users/le/Documents/GitHub/MDP_grp13_stm32/MDP_grp13/PeripheralDrivers/inc" -I"/Users/le/Documents/GitHub/MDP_grp13_stm32/MDP_grp13/PeripheralDrivers" -I../Core/Inc -I../Middlewares/Third_Party/FreeRTOS/Source/include -I../Middlewares/Third_Party/FreeRTOS/Source/portable/GCC/ARM_CM4F -I../Drivers/CMSIS/Include -I../Drivers/STM32F4xx_HAL_Driver/Inc -I../Drivers/CMSIS/Device/ST/STM32F4xx/Include -I../Middlewares/Third_Party/FreeRTOS/Source/CMSIS_RTOS_V2 -I../Drivers/STM32F4xx_HAL_Driver/Inc/Legacy -I/Users/le/Documents/GitHub/MDP_grp13_stm32/MDP_grp13/PIDController -I/MDP_grp13/PIDController/Inc -O0 -ffunction-sections -fdata-sections -Wall -fstack-usage -MMD -MP -MF"Core/Src/main.d" -MT"Core/Src/main.o" --specs=nano.specs -mfpu=fpv4-sp-d16 -mfloat-abi=hard -mthumb -o "Core/Src/main.o"
../Core/Src/main.c:116:27: warning: data definition has no type or storage class
  116 | uint16_t uDistCheck1 = 0; uDistCheck2 = 0; uDistFinal = 0;
      |                           ^~~~~~~~~~~
../Core/Src/main.c:116:27: warning: type defaults to 'int' in declaration of 'uDistCheck2' [-Wimplicit-int]
../Core/Src/main.c:116:44: warning: data definition has no type or storage class
  116 | uint16_t uDistCheck1 = 0; uDistCheck2 = 0; uDistFinal = 0;
      |                                            ^~~~~~~~~~
../Core/Src/main.c:116:44: warning: type defaults to 'int' in declaration of 'uDistFinal' [-Wimplicit-int]
../Core/Src/main.c: In function 'ultraDistCheck':
../Core/Src/main.c:183:9: warning: implicit declaration of function 'abs' [-Wimplicit-function-declaration]
  183 |  while (abs(uDistCheck1 - uDistCheck2) >= 5) { // || uDistCheck2 - uDistCheck1 >= 5) {
      |         ^~~
../Core/Src/main.c: In function 'fastestCar':
../Core/Src/main.c:255:6: warning: unused variable 'x' [-Wunused-variable]
  255 |  int x=0;
      |      ^
../Core/Src/main.c: In function 'motorCont':
../Core/Src/main.c:385:4: warning: implicit declaration of function 'sprintf' [-Wimplicit-function-declaration]
  385 |    sprintf(display,"Left:%5d\0", diffl/68);
      |    ^~~~~~~
../Core/Src/main.c:385:4: warning: incompatible implicit declaration of built-in function 'sprintf'
../Core/Src/main.c:29:1: note: include '<stdio.h>' or provide a declaration of 'sprintf'
   28 | #include "PID.h"
  +++ |+#include <stdio.h>
   29 | /* USER CODE END Includes */
../Core/Src/main.c:385:12: warning: pointer targets in passing argument 1 of 'sprintf' differ in signedness [-Wpointer-sign]
  385 |    sprintf(display,"Left:%5d\0", diffl/68);
      |            ^~~~~~~
      |            |
      |            uint8_t * {aka unsigned char *}
../Core/Src/main.c:385:12: note: expected 'char *' but argument is of type 'uint8_t *' {aka 'unsigned char *'}
../Core/Src/main.c:385:29: warning: embedded '\0' in format [-Wformat-contains-nul]
  385 |    sprintf(display,"Left:%5d\0", diffl/68);
      |                             ^~
../Core/Src/main.c:387:12: warning: pointer targets in passing argument 1 of 'sprintf' differ in signedness [-Wpointer-sign]
  387 |    sprintf(display,"Right:%5d\0", diffr/68);
      |            ^~~~~~~
      |            |
      |            uint8_t * {aka unsigned char *}
../Core/Src/main.c:387:12: note: expected 'char *' but argument is of type 'uint8_t *' {aka 'unsigned char *'}
../Core/Src/main.c:387:30: warning: embedded '\0' in format [-Wformat-contains-nul]
  387 |    sprintf(display,"Right:%5d\0", diffr/68);
      |                              ^~
../Core/Src/main.c: In function 'StartDefaultTask':
../Core/Src/main.c:1159:3: warning: incompatible implicit declaration of built-in function 'sprintf'
 1159 |   sprintf(ultra, "uDistF: %u\0", uDistFinal);
      |   ^~~~~~~
../Core/Src/main.c:1159:3: note: include '<stdio.h>' or provide a declaration of 'sprintf'
../Core/Src/main.c:1159:11: warning: pointer targets in passing argument 1 of 'sprintf' differ in signedness [-Wpointer-sign]
 1159 |   sprintf(ultra, "uDistF: %u\0", uDistFinal);
      |           ^~~~~
      |           |
      |           uint8_t * {aka unsigned char *}
../Core/Src/main.c:1159:11: note: expected 'char *' but argument is of type 'uint8_t *' {aka 'unsigned char *'}
../Core/Src/main.c:1159:29: warning: embedded '\0' in format [-Wformat-contains-nul]
 1159 |   sprintf(ultra, "uDistF: %u\0", uDistFinal);
      |                             ^~
../Core/Src/main.c:1162:11: warning: pointer targets in passing argument 1 of 'sprintf' differ in signedness [-Wpointer-sign]
 1162 |   sprintf(ultra, "uDist1: %u\0", uDistCheck1);
      |           ^~~~~
      |           |
      |           uint8_t * {aka unsigned char *}
../Core/Src/main.c:1162:11: note: expected 'char *' but argument is of type 'uint8_t *' {aka 'unsigned char *'}
../Core/Src/main.c:1162:29: warning: embedded '\0' in format [-Wformat-contains-nul]
 1162 |   sprintf(ultra, "uDist1: %u\0", uDistCheck1);
      |                             ^~
../Core/Src/main.c:1165:11: warning: pointer targets in passing argument 1 of 'sprintf' differ in signedness [-Wpointer-sign]
 1165 |   sprintf(ultra, "uDist2: %u\0", uDistCheck2);
      |           ^~~~~
      |           |
      |           uint8_t * {aka unsigned char *}
../Core/Src/main.c:1165:11: note: expected 'char *' but argument is of type 'uint8_t *' {aka 'unsigned char *'}
../Core/Src/main.c:1165:29: warning: embedded '\0' in format [-Wformat-contains-nul]
 1165 |   sprintf(ultra, "uDist2: %u\0", uDistCheck2);
      |                             ^~
../Core/Src/main.c:1147:10: warning: unused variable 'checkPi' [-Wunused-variable]
 1147 |  uint8_t checkPi[1];
      |          ^~~~~~~
../Core/Src/main.c: In function 'motor':
../Core/Src/main.c:1281:53: warning: implicit declaration of function 'strlen' [-Wimplicit-function-declaration]
 1281 |     HAL_UART_Transmit_IT(&huart3, (uint8_t *)reply, strlen(reply));
      |                                                     ^~~~~~
../Core/Src/main.c:1281:53: warning: incompatible implicit declaration of built-in function 'strlen'
../Core/Src/main.c:29:1: note: include '<string.h>' or provide a declaration of 'strlen'
   28 | #include "PID.h"
  +++ |+#include <string.h>
   29 | /* USER CODE END Includes */
../Core/Src/main.c: In function 'motorCont':
../Core/Src/main.c:412:1: warning: control reaches end of non-void function [-Wreturn-type]
  412 | }
      | ^
arm-none-eabi-gcc -o "MDP_grp13.elf" @"objects.list"   -mcpu=cortex-m4 -T"/Users/le/Documents/GitHub/MDP_grp13_stm32/MDP_grp13/STM32F407VETX_FLASH.ld" --specs=nosys.specs -Wl,-Map="MDP_grp13.map" -Wl,--gc-sections -static --specs=nano.specs -mfpu=fpv4-sp-d16 -mfloat-abi=hard -mthumb -Wl,--start-group -lc -lm -Wl,--end-group
Finished building target: MDP_grp13.elf
 
arm-none-eabi-size   MDP_grp13.elf 
arm-none-eabi-objdump -h -S  MDP_grp13.elf  > "MDP_grp13.list"
arm-none-eabi-objcopy  -O ihex  MDP_grp13.elf  "MDP_grp13.hex"
   text	   data	    bss	    dec	    hex	filename
  45676	    124	  22076	  67876	  10924	MDP_grp13.elf
Finished building: default.size.stdout
 
Finished building: MDP_grp13.hex
 
Finished building: MDP_grp13.list
 
12:21:02 **** Incremental Build of configuration Debug for project MDP_grp13 ****
make -j7 all 
arm-none-eabi-gcc "../Core/Src/main.c" -mcpu=cortex-m4 -std=gnu11 -g3 -DDEBUG -DUSE_HAL_DRIVER -DSTM32F407xx -c -I"/Users/le/Documents/GitHub/MDP_grp13_stm32/MDP_grp13/PeripheralDrivers/inc" -I"/Users/le/Documents/GitHub/MDP_grp13_stm32/MDP_grp13/PeripheralDrivers" -I../Core/Inc -I../Middlewares/Third_Party/FreeRTOS/Source/include -I../Middlewares/Third_Party/FreeRTOS/Source/portable/GCC/ARM_CM4F -I../Drivers/CMSIS/Include -I../Drivers/STM32F4xx_HAL_Driver/Inc -I../Drivers/CMSIS/Device/ST/STM32F4xx/Include -I../Middlewares/Third_Party/FreeRTOS/Source/CMSIS_RTOS_V2 -I../Drivers/STM32F4xx_HAL_Driver/Inc/Legacy -I/Users/le/Documents/GitHub/MDP_grp13_stm32/MDP_grp13/PIDController -I/MDP_grp13/PIDController/Inc -O0 -ffunction-sections -fdata-sections -Wall -fstack-usage -MMD -MP -MF"Core/Src/main.d" -MT"Core/Src/main.o" --specs=nano.specs -mfpu=fpv4-sp-d16 -mfloat-abi=hard -mthumb -o "Core/Src/main.o"
../Core/Src/main.c:116:27: warning: data definition has no type or storage class
  116 | uint16_t uDistCheck1 = 0; uDistCheck2 = 0; uDistFinal = 0;
      |                           ^~~~~~~~~~~
../Core/Src/main.c:116:27: warning: type defaults to 'int' in declaration of 'uDistCheck2' [-Wimplicit-int]
../Core/Src/main.c:116:44: warning: data definition has no type or storage class
  116 | uint16_t uDistCheck1 = 0; uDistCheck2 = 0; uDistFinal = 0;
      |                                            ^~~~~~~~~~
../Core/Src/main.c:116:44: warning: type defaults to 'int' in declaration of 'uDistFinal' [-Wimplicit-int]
../Core/Src/main.c: In function 'ultraDistCheck':
../Core/Src/main.c:183:9: warning: implicit declaration of function 'abs' [-Wimplicit-function-declaration]
  183 |  while (abs(uDistCheck1 - uDistCheck2) >= 5) { // || uDistCheck2 - uDistCheck1 >= 5) {
      |         ^~~
../Core/Src/main.c: In function 'fastestCar':
../Core/Src/main.c:255:6: warning: unused variable 'x' [-Wunused-variable]
  255 |  int x=0;
      |      ^
../Core/Src/main.c: In function 'motorCont':
../Core/Src/main.c:385:4: warning: implicit declaration of function 'sprintf' [-Wimplicit-function-declaration]
  385 |    sprintf(display,"Left:%5d\0", diffl/68);
      |    ^~~~~~~
../Core/Src/main.c:385:4: warning: incompatible implicit declaration of built-in function 'sprintf'
../Core/Src/main.c:29:1: note: include '<stdio.h>' or provide a declaration of 'sprintf'
   28 | #include "PID.h"
  +++ |+#include <stdio.h>
   29 | /* USER CODE END Includes */
../Core/Src/main.c:385:12: warning: pointer targets in passing argument 1 of 'sprintf' differ in signedness [-Wpointer-sign]
  385 |    sprintf(display,"Left:%5d\0", diffl/68);
      |            ^~~~~~~
      |            |
      |            uint8_t * {aka unsigned char *}
../Core/Src/main.c:385:12: note: expected 'char *' but argument is of type 'uint8_t *' {aka 'unsigned char *'}
../Core/Src/main.c:385:29: warning: embedded '\0' in format [-Wformat-contains-nul]
  385 |    sprintf(display,"Left:%5d\0", diffl/68);
      |                             ^~
../Core/Src/main.c:387:12: warning: pointer targets in passing argument 1 of 'sprintf' differ in signedness [-Wpointer-sign]
  387 |    sprintf(display,"Right:%5d\0", diffr/68);
      |            ^~~~~~~
      |            |
      |            uint8_t * {aka unsigned char *}
../Core/Src/main.c:387:12: note: expected 'char *' but argument is of type 'uint8_t *' {aka 'unsigned char *'}
../Core/Src/main.c:387:30: warning: embedded '\0' in format [-Wformat-contains-nul]
  387 |    sprintf(display,"Right:%5d\0", diffr/68);
      |                              ^~
../Core/Src/main.c: In function 'StartDefaultTask':
../Core/Src/main.c:1159:3: warning: incompatible implicit declaration of built-in function 'sprintf'
 1159 |   sprintf(ultra, "uDistF: %u\0", uDistFinal);
      |   ^~~~~~~
../Core/Src/main.c:1159:3: note: include '<stdio.h>' or provide a declaration of 'sprintf'
../Core/Src/main.c:1159:11: warning: pointer targets in passing argument 1 of 'sprintf' differ in signedness [-Wpointer-sign]
 1159 |   sprintf(ultra, "uDistF: %u\0", uDistFinal);
      |           ^~~~~
      |           |
      |           uint8_t * {aka unsigned char *}
../Core/Src/main.c:1159:11: note: expected 'char *' but argument is of type 'uint8_t *' {aka 'unsigned char *'}
../Core/Src/main.c:1159:29: warning: embedded '\0' in format [-Wformat-contains-nul]
 1159 |   sprintf(ultra, "uDistF: %u\0", uDistFinal);
      |                             ^~
../Core/Src/main.c:1162:11: warning: pointer targets in passing argument 1 of 'sprintf' differ in signedness [-Wpointer-sign]
 1162 |   sprintf(ultra, "uDist1: %u\0", uDistCheck1);
      |           ^~~~~
      |           |
      |           uint8_t * {aka unsigned char *}
../Core/Src/main.c:1162:11: note: expected 'char *' but argument is of type 'uint8_t *' {aka 'unsigned char *'}
../Core/Src/main.c:1162:29: warning: embedded '\0' in format [-Wformat-contains-nul]
 1162 |   sprintf(ultra, "uDist1: %u\0", uDistCheck1);
      |                             ^~
../Core/Src/main.c:1165:11: warning: pointer targets in passing argument 1 of 'sprintf' differ in signedness [-Wpointer-sign]
 1165 |   sprintf(ultra, "uDist2: %u\0", uDistCheck2);
      |           ^~~~~
      |           |
      |           uint8_t * {aka unsigned char *}
../Core/Src/main.c:1165:11: note: expected 'char *' but argument is of type 'uint8_t *' {aka 'unsigned char *'}
../Core/Src/main.c:1165:29: warning: embedded '\0' in format [-Wformat-contains-nul]
 1165 |   sprintf(ultra, "uDist2: %u\0", uDistCheck2);
      |                             ^~
../Core/Src/main.c:1147:10: warning: unused variable 'checkPi' [-Wunused-variable]
 1147 |  uint8_t checkPi[1];
      |          ^~~~~~~
../Core/Src/main.c: In function 'motor':
../Core/Src/main.c:1281:53: warning: implicit declaration of function 'strlen' [-Wimplicit-function-declaration]
 1281 |     HAL_UART_Transmit_IT(&huart3, (uint8_t *)reply, strlen(reply));
      |                                                     ^~~~~~
../Core/Src/main.c:1281:53: warning: incompatible implicit declaration of built-in function 'strlen'
../Core/Src/main.c:29:1: note: include '<string.h>' or provide a declaration of 'strlen'
   28 | #include "PID.h"
  +++ |+#include <string.h>
   29 | /* USER CODE END Includes */
../Core/Src/main.c: In function 'motorCont':
../Core/Src/main.c:412:1: warning: control reaches end of non-void function [-Wreturn-type]
  412 | }
      | ^
arm-none-eabi-gcc -o "MDP_grp13.elf" @"objects.list"   -mcpu=cortex-m4 -T"/Users/le/Documents/GitHub/MDP_grp13_stm32/MDP_grp13/STM32F407VETX_FLASH.ld" --specs=nosys.specs -Wl,-Map="MDP_grp13.map" -Wl,--gc-sections -static --specs=nano.specs -mfpu=fpv4-sp-d16 -mfloat-abi=hard -mthumb -Wl,--start-group -lc -lm -Wl,--end-group
Finished building target: MDP_grp13.elf
 
arm-none-eabi-size   MDP_grp13.elf 
arm-none-eabi-objdump -h -S  MDP_grp13.elf  > "MDP_grp13.list"
arm-none-eabi-objcopy  -O ihex  MDP_grp13.elf  "MDP_grp13.hex"
   text	   data	    bss	    dec	    hex	filename
  45676	    124	  22076	  67876	  10924	MDP_grp13.elf
Finished building: default.size.stdout
 
Finished building: MDP_grp13.hex
 
Finished building: MDP_grp13.list
 
