23:00:20 **** Incremental Build of configuration Debug for project MDP_grp13 ****
make -j8 all 
arm-none-eabi-gcc "../Core/Src/main.c" -mcpu=cortex-m4 -std=gnu11 -g3 -DDEBUG -DUSE_HAL_DRIVER -DSTM32F407xx -c -I"C:/Users/limke/OneDrive/Desktop/MDP/MDP_grp13/PeripheralDrivers/inc" -I"C:/Users/limke/OneDrive/Desktop/MDP/MDP_grp13/PeripheralDrivers" -I../Core/Inc -I../Middlewares/Third_Party/FreeRTOS/Source/include -I../Middlewares/Third_Party/FreeRTOS/Source/portable/GCC/ARM_CM4F -I../Drivers/CMSIS/Include -I../Drivers/STM32F4xx_HAL_Driver/Inc -I../Drivers/CMSIS/Device/ST/STM32F4xx/Include -I../Middlewares/Third_Party/FreeRTOS/Source/CMSIS_RTOS_V2 -I../Drivers/STM32F4xx_HAL_Driver/Inc/Legacy -O0 -ffunction-sections -fdata-sections -Wall -fstack-usage -MMD -MP -MF"Core/Src/main.d" -MT"Core/Src/main.o" --specs=nano.specs -mfpu=fpv4-sp-d16 -mfloat-abi=hard -mthumb -o "Core/Src/main.o"
../Core/Src/main.c:105:27: warning: data definition has no type or storage class
  105 | uint16_t uDistCheck1 = 0; uDistCheck2 = 0; uDistFinal = 0;
      |                           ^~~~~~~~~~~
../Core/Src/main.c:105:27: warning: type defaults to 'int' in declaration of 'uDistCheck2' [-Wimplicit-int]
../Core/Src/main.c:105:44: warning: data definition has no type or storage class
  105 | uint16_t uDistCheck1 = 0; uDistCheck2 = 0; uDistFinal = 0;
      |                                            ^~~~~~~~~~
../Core/Src/main.c:105:44: warning: type defaults to 'int' in declaration of 'uDistFinal' [-Wimplicit-int]
../Core/Src/main.c: In function 'motorControl':
../Core/Src/main.c:233:12: warning: implicit declaration of function 'abs' [-Wimplicit-function-declaration]
  233 |    diffl = abs(cntl2);
      |            ^~~
../Core/Src/main.c:237:4: warning: implicit declaration of function 'sprintf' [-Wimplicit-function-declaration]
  237 |    sprintf(display,"Left:%5d\0", diffl/68);
      |    ^~~~~~~
../Core/Src/main.c:237:4: warning: incompatible implicit declaration of built-in function 'sprintf'
../Core/Src/main.c:27:1: note: include '<stdio.h>' or provide a declaration of 'sprintf'
   26 | #include "math.h"
  +++ |+#include <stdio.h>
   27 | /* USER CODE END Includes */
../Core/Src/main.c:237:12: warning: pointer targets in passing argument 1 of 'sprintf' differ in signedness [-Wpointer-sign]
  237 |    sprintf(display,"Left:%5d\0", diffl/68);
      |            ^~~~~~~
      |            |
      |            uint8_t * {aka unsigned char *}
../Core/Src/main.c:237:12: note: expected 'char *' but argument is of type 'uint8_t *' {aka 'unsigned char *'}
../Core/Src/main.c:237:29: warning: embedded '\0' in format [-Wformat-contains-nul]
  237 |    sprintf(display,"Left:%5d\0", diffl/68);
      |                             ^~
../Core/Src/main.c:239:12: warning: pointer targets in passing argument 1 of 'sprintf' differ in signedness [-Wpointer-sign]
  239 |    sprintf(display,"Right:%5d\0", diffr/68);
      |            ^~~~~~~
      |            |
      |            uint8_t * {aka unsigned char *}
../Core/Src/main.c:239:12: note: expected 'char *' but argument is of type 'uint8_t *' {aka 'unsigned char *'}
../Core/Src/main.c:239:30: warning: embedded '\0' in format [-Wformat-contains-nul]
  239 |    sprintf(display,"Right:%5d\0", diffr/68);
      |                              ^~
../Core/Src/main.c: In function 'StartDefaultTask':
../Core/Src/main.c:868:3: warning: incompatible implicit declaration of built-in function 'sprintf'
  868 |   sprintf(checkPi, "Pi cmd: %s\0", aRxBuffer);
      |   ^~~~~~~
../Core/Src/main.c:868:3: note: include '<stdio.h>' or provide a declaration of 'sprintf'
../Core/Src/main.c:868:11: warning: pointer targets in passing argument 1 of 'sprintf' differ in signedness [-Wpointer-sign]
  868 |   sprintf(checkPi, "Pi cmd: %s\0", aRxBuffer);
      |           ^~~~~~~
      |           |
      |           uint8_t * {aka unsigned char *}
../Core/Src/main.c:868:11: note: expected 'char *' but argument is of type 'uint8_t *' {aka 'unsigned char *'}
../Core/Src/main.c:868:31: warning: embedded '\0' in format [-Wformat-contains-nul]
  868 |   sprintf(checkPi, "Pi cmd: %s\0", aRxBuffer);
      |                               ^~
../Core/Src/main.c: In function 'motor':
../Core/Src/main.c:944:53: warning: implicit declaration of function 'strlen' [-Wimplicit-function-declaration]
  944 |     HAL_UART_Transmit_IT(&huart3, (uint8_t *)reply, strlen(reply));
      |                                                     ^~~~~~
../Core/Src/main.c:944:53: warning: incompatible implicit declaration of built-in function 'strlen'
../Core/Src/main.c:27:1: note: include '<string.h>' or provide a declaration of 'strlen'
   26 | #include "math.h"
  +++ |+#include <string.h>
   27 | /* USER CODE END Includes */
../Core/Src/main.c:905:6: warning: unused variable 'x' [-Wunused-variable]
  905 |  int x = 0;
      |      ^
../Core/Src/main.c: In function 'motorControl':
../Core/Src/main.c:291:1: warning: control reaches end of non-void function [-Wreturn-type]
  291 | }
      | ^
../Core/Src/main.c: In function 'StartDefaultTask':
../Core/Src/main.c:868:22: warning: 'Pi cmd: ' directive writing 8 bytes into a region of size 1 [-Wformat-overflow=]
  868 |   sprintf(checkPi, "Pi cmd: %s\0", aRxBuffer);
      |                     ~^~~~~~~
../Core/Src/main.c:868:3: note: 'sprintf' output 9 bytes into a destination of size 1
  868 |   sprintf(checkPi, "Pi cmd: %s\0", aRxBuffer);
      |   ^~~~~~~~~~~~~~~~~~~~~~~~~~~~~~~~~~~~~~~~~~~
arm-none-eabi-gcc -o "MDP_grp13.elf" @"objects.list"   -mcpu=cortex-m4 -T"C:\Users\limke\OneDrive\Desktop\MDP\MDP_grp13\STM32F407VETX_FLASH.ld" --specs=nosys.specs -Wl,-Map="MDP_grp13.map" -Wl,--gc-sections -static --specs=nano.specs -mfpu=fpv4-sp-d16 -mfloat-abi=hard -mthumb -Wl,--start-group -lc -lm -Wl,--end-group
Finished building target: MDP_grp13.elf
 
arm-none-eabi-size   MDP_grp13.elf 
arm-none-eabi-objdump -h -S  MDP_grp13.elf  > "MDP_grp13.list"
arm-none-eabi-objcopy  -O ihex  MDP_grp13.elf  "MDP_grp13.hex"
   text	   data	    bss	    dec	    hex	filename
  46380	    128	  21928	  68436	  10b54	MDP_grp13.elf
Finished building: default.size.stdout
 
Finished building: MDP_grp13.hex
 
Finished building: MDP_grp13.list
 

23:00:23 Build Finished. 0 errors, 19 warnings. (took 3s.534ms)

